sim matrices in 1s
== cp13: nested 0.4534 | capped 0.4534
   LOFO[cp] {"cpridge": {"nested_macro": 0.4482, "gain_free": 0.0051, "gain_vs_capped": 0.0051}}
   conc[cp]  {"cpridge": {"mean": 0.225, "max": 0.5}, "emb": {"mean": 0.046, "max": 0.167}, "ft_admchm": {"mean": 0.067, "max": 0.167}, "ft_admmed": {"mean": 0.054, "max": 0.167}, "ft_d2d6": {"mean": 0.083, "max": 0.25}, "ft_ext": {"mean": 0.013, "max": 0.167}, "ft_frozen": {"mean": 0.017, "max": 0.083}, "ft_pre": {"mean": 0.008, "max": 0.083}, "ft_umtmL2": {"mean": 0.338, "max": 0.583}, "ft_unimol": {"mean": 0.008, "max": 0.083}, "gbm": {"mean": 0.142, "max": 0.25}}
   LOFO[frozen] {"ridge": {"nested_macro": 0.4488, "gain_free": 0.0046, "gain_vs_capped": 0.0046}}
   conc[frozen]  {"emb": {"mean": 0.046, "max": 0.167}, "ft_admchm": {"mean": 0.067, "max": 0.167}, "ft_admmed": {"mean": 0.054, "max": 0.167}, "ft_d2d6": {"mean": 0.083, "max": 0.25}, "ft_ext": {"mean": 0.013, "max": 0.167}, "ft_frozen": {"mean": 0.017, "max": 0.083}, "ft_pre": {"mean": 0.008, "max": 0.083}, "ft_umtmL2": {"mean": 0.338, "max": 0.583}, "ft_unimol": {"mean": 0.008, "max": 0.083}, "gbm": {"mean": 0.142, "max": 0.25}, "ridge": {"mean": 0.225, "max": 0.5}}
   LOFO[chem] {"chemeleon": {"nested_macro": 0.4526, "gain_free": 0.0008, "gain_vs_capped": 0.0008}}
   conc[chem]  {"chemeleon": {"mean": 0.062, "max": 0.167}, "ft_admchm": {"mean": 0.067, "max": 0.167}, "ft_admmed": {"mean": 0.054, "max": 0.167}, "ft_cpchm": {"mean": 0.013, "max": 0.083}, "ft_cpmed": {"mean": 0.212, "max": 0.5}, "ft_d2d6": {"mean": 0.083, "max": 0.25}, "ft_ext": {"mean": 0.013, "max": 0.167}, "ft_pre": {"mean": 0.008, "max": 0.083}, "ft_umtmL2": {"mean": 0.338, "max": 0.583}, "ft_unimol": {"mean": 0.008, "max": 0.083}, "gbm": {"mean": 0.142, "max": 0.25}}
   LOFO[mpnn] {"dmpnn": {"nested_macro": 0.4509, "gain_free": 0.0024, "gain_vs_capped": 0.0024}}
   conc[mpnn]  {"dmpnn": {"mean": 0.083, "max": 0.25}, "emb": {"mean": 0.046, "max": 0.167}, "ft_admchm": {"mean": 0.067, "max": 0.167}, "ft_admmed": {"mean": 0.054, "max": 0.167}, "ft_cpchm": {"mean": 0.013, "max": 0.083}, "ft_cpmed": {"mean": 0.212, "max": 0.5}, "ft_ext": {"mean": 0.013, "max": 0.167}, "ft_frozen": {"mean": 0.017, "max": 0.083}, "ft_pre": {"mean": 0.008, "max": 0.083}, "ft_umtmL2": {"mean": 0.338, "max": 0.583}, "ft_unimol": {"mean": 0.008, "max": 0.083}, "gbm": {"mean": 0.142, "max": 0.25}}
   LOFO[adm_split] {"cpridge": {"nested_macro": 0.4482, "gain_free": 0.0051, "gain_vs_capped": 0.0051}}
   conc[adm_split]  {"admchm": {"mean": 0.067, "max": 0.167}, "admmed": {"mean": 0.054, "max": 0.167}, "cpridge": {"mean": 0.225, "max": 0.5}, "emb": {"mean": 0.046, "max": 0.167}, "ft_d2d6": {"mean": 0.083, "max": 0.25}, "ft_ext": {"mean": 0.013, "max": 0.167}, "ft_frozen": {"mean": 0.017, "max": 0.083}, "ft_pre": {"mean": 0.008, "max": 0.083}, "ft_umtmL2": {"mean": 0.338, "max": 0.583}, "ft_unimol": {"mean": 0.008, "max": 0.083}, "gbm": {"mean": 0.142, "max": 0.25}}
   LOFO[adm_merged] {"admecd": {"nested_macro": 0.4541, "gain_free": -0.0007, "gain_vs_capped": -0.0007}, "cpridge": {"nested_macro": 0.4482, "gain_free": 0.0051, "gain_vs_capped": 0.0051}}
   conc[adm_merged]  {"admecd": {"mean": 0.121, "max": 0.25}, "cpridge": {"mean": 0.225, "max": 0.5}, "emb": {"mean": 0.046, "max": 0.167}, "ft_d2d6": {"mean": 0.083, "max": 0.25}, "ft_ext": {"mean": 0.013, "max": 0.167}, "ft_frozen": {"mean": 0.017, "max": 0.083}, "ft_pre": {"mean": 0.008, "max": 0.083}, "ft_umtmL2": {"mean": 0.338, "max": 0.583}, "ft_unimol": {"mean": 0.008, "max": 0.083}, "gbm": {"mean": 0.142, "max": 0.25}}
   LOFO[adm_cpall] {"cpall": {"nested_macro": 0.4483, "gain_free": 0.0051, "gain_vs_capped": 0.0051}}
   conc[adm_cpall]  {"cpall": {"mean": 0.346, "max": 0.667}, "emb": {"mean": 0.046, "max": 0.167}, "ft_d2d6": {"mean": 0.083, "max": 0.25}, "ft_ext": {"mean": 0.013, "max": 0.167}, "ft_frozen": {"mean": 0.017, "max": 0.083}, "ft_pre": {"mean": 0.008, "max": 0.083}, "ft_umtmL2": {"mean": 0.338, "max": 0.583}, "ft_unimol": {"mean": 0.008, "max": 0.083}, "gbm": {"mean": 0.142, "max": 0.25}}
   LOFO[umtm_vs_adm] {"admecd": {"nested_macro": 0.4393, "gain_free": 0.0141, "gain_vs_capped": 0.0141}}
   conc[umtm_vs_adm]  {"admecd": {"mean": 0.458, "max": 0.667}, "emb": {"mean": 0.046, "max": 0.167}, "ft_cpchm": {"mean": 0.013, "max": 0.083}, "ft_cpmed": {"mean": 0.212, "max": 0.5}, "ft_d2d6": {"mean": 0.083, "max": 0.25}, "ft_ext": {"mean": 0.013, "max": 0.167}, "ft_frozen": {"mean": 0.017, "max": 0.083}, "ft_pre": {"mean": 0.008, "max": 0.083}, "ft_unimol": {"mean": 0.008, "max": 0.083}, "gbm": {"mean": 0.142, "max": 0.25}}
   LOFO[umtm_paranoid] {"admecd": {"nested_macro": 0.4541, "gain_free": -0.0007, "gain_vs_capped": -0.0007}, "cpridge": {"nested_macro": 0.4482, "gain_free": 0.0051, "gain_vs_capped": 0.0051}, "dmpnn": {"nested_macro": 0.4509, "gain_free": 0.0024, "gain_vs_capped": 0.0024}}
   conc[umtm_paranoid]  {"admecd": {"mean": 0.121, "max": 0.25}, "cpridge": {"mean": 0.225, "max": 0.5}, "dmpnn": {"mean": 0.083, "max": 0.25}, "emb": {"mean": 0.046, "max": 0.167}, "ft_frozen": {"mean": 0.017, "max": 0.083}, "ft_pre": {"mean": 0.008, "max": 0.083}, "ft_unimol": {"mean": 0.008, "max": 0.083}, "fullft": {"mean": 0.013, "max": 0.167}, "gbm": {"mean": 0.142, "max": 0.25}, "umtm": {"mean": 0.338, "max": 0.583}}
== cp14: nested 0.4552 | capped 0.4552
   LOFO[cp] {"cpridge": {"nested_macro": 0.4502, "gain_free": 0.0051, "gain_vs_capped": 0.0051}}
   conc[cp]  {"cpridge": {"mean": 0.225, "max": 0.5}, "emb": {"mean": 0.046, "max": 0.167}, "ft_admchm": {"mean": 0.062, "max": 0.167}, "ft_admmed": {"mean": 0.046, "max": 0.167}, "ft_d2d6": {"mean": 0.083, "max": 0.25}, "ft_frozen": {"mean": 0.004, "max": 0.083}, "ft_pre": {"mean": 0.008, "max": 0.083}, "ft_umtmL1": {"mean": 0.079, "max": 0.333}, "ft_umtmL2": {"mean": 0.3, "max": 0.583}, "ft_unimol": {"mean": 0.008, "max": 0.083}, "gbm": {"mean": 0.137, "max": 0.25}}
   LOFO[frozen] {"ridge": {"nested_macro": 0.4507, "gain_free": 0.0045, "gain_vs_capped": 0.0045}}
   conc[frozen]  {"emb": {"mean": 0.046, "max": 0.167}, "ft_admchm": {"mean": 0.062, "max": 0.167}, "ft_admmed": {"mean": 0.046, "max": 0.167}, "ft_d2d6": {"mean": 0.083, "max": 0.25}, "ft_frozen": {"mean": 0.004, "max": 0.083}, "ft_pre": {"mean": 0.008, "max": 0.083}, "ft_umtmL1": {"mean": 0.079, "max": 0.333}, "ft_umtmL2": {"mean": 0.3, "max": 0.583}, "ft_unimol": {"mean": 0.008, "max": 0.083}, "gbm": {"mean": 0.137, "max": 0.25}, "ridge": {"mean": 0.225, "max": 0.5}}
   LOFO[chem] {"chemeleon": {"nested_macro": 0.4548, "gain_free": 0.0005, "gain_vs_capped": 0.0005}}
   conc[chem]  {"chemeleon": {"mean": 0.05, "max": 0.167}, "ft_admchm": {"mean": 0.062, "max": 0.167}, "ft_admmed": {"mean": 0.046, "max": 0.167}, "ft_cpchm": {"mean": 0.013, "max": 0.083}, "ft_cpmed": {"mean": 0.212, "max": 0.5}, "ft_d2d6": {"mean": 0.083, "max": 0.25}, "ft_pre": {"mean": 0.008, "max": 0.083}, "ft_umtmL1": {"mean": 0.079, "max": 0.333}, "ft_umtmL2": {"mean": 0.3, "max": 0.583}, "ft_unimol": {"mean": 0.008, "max": 0.083}, "gbm": {"mean": 0.137, "max": 0.25}}
   LOFO[mpnn] {"dmpnn": {"nested_macro": 0.4531, "gain_free": 0.0021, "gain_vs_capped": 0.0021}}
   conc[mpnn]  {"dmpnn": {"mean": 0.083, "max": 0.25}, "emb": {"mean": 0.046, "max": 0.167}, "ft_admchm": {"mean": 0.062, "max": 0.167}, "ft_admmed": {"mean": 0.046, "max": 0.167}, "ft_cpchm": {"mean": 0.013, "max": 0.083}, "ft_cpmed": {"mean": 0.212, "max": 0.5}, "ft_frozen": {"mean": 0.004, "max": 0.083}, "ft_pre": {"mean": 0.008, "max": 0.083}, "ft_umtmL1": {"mean": 0.079, "max": 0.333}, "ft_umtmL2": {"mean": 0.3, "max": 0.583}, "ft_unimol": {"mean": 0.008, "max": 0.083}, "gbm": {"mean": 0.137, "max": 0.25}}
   LOFO[adm_split] {"cpridge": {"nested_macro": 0.4502, "gain_free": 0.0051, "gain_vs_capped": 0.0051}}
   conc[adm_split]  {"admchm": {"mean": 0.062, "max": 0.167}, "admmed": {"mean": 0.046, "max": 0.167}, "cpridge": {"mean": 0.225, "max": 0.5}, "emb": {"mean": 0.046, "max": 0.167}, "ft_d2d6": {"mean": 0.083, "max": 0.25}, "ft_frozen": {"mean": 0.004, "max": 0.083}, "ft_pre": {"mean": 0.008, "max": 0.083}, "ft_umtmL1": {"mean": 0.079, "max": 0.333}, "ft_umtmL2": {"mean": 0.3, "max": 0.583}, "ft_unimol": {"mean": 0.008, "max": 0.083}, "gbm": {"mean": 0.137, "max": 0.25}}
   LOFO[adm_merged] {"admecd": {"nested_macro": 0.4559, "gain_free": -0.0006, "gain_vs_capped": -0.0006}, "cpridge": {"nested_macro": 0.4502, "gain_free": 0.0051, "gain_vs_capped": 0.0051}}
   conc[adm_merged]  {"admecd": {"mean": 0.108, "max": 0.25}, "cpridge": {"mean": 0.225, "max": 0.5}, "emb": {"mean": 0.046, "max": 0.167}, "ft_d2d6": {"mean": 0.083, "max": 0.25}, "ft_frozen": {"mean": 0.004, "max": 0.083}, "ft_pre": {"mean": 0.008, "max": 0.083}, "ft_umtmL1": {"mean": 0.079, "max": 0.333}, "ft_umtmL2": {"mean": 0.3, "max": 0.583}, "ft_unimol": {"mean": 0.008, "max": 0.083}, "gbm": {"mean": 0.137, "max": 0.25}}
   LOFO[adm_cpall] {"cpall": {"nested_macro": 0.45, "gain_free": 0.0052, "gain_vs_capped": 0.0052}}
   conc[adm_cpall]  {"cpall": {"mean": 0.333, "max": 0.583}, "emb": {"mean": 0.046, "max": 0.167}, "ft_d2d6": {"mean": 0.083, "max": 0.25}, "ft_frozen": {"mean": 0.004, "max": 0.083}, "ft_pre": {"mean": 0.008, "max": 0.083}, "ft_umtmL1": {"mean": 0.079, "max": 0.333}, "ft_umtmL2": {"mean": 0.3, "max": 0.583}, "ft_unimol": {"mean": 0.008, "max": 0.083}, "gbm": {"mean": 0.137, "max": 0.25}}
   LOFO[umtm_vs_adm] {"admecd": {"nested_macro": 0.4458, "gain_free": 0.0094, "gain_vs_capped": 0.0094}}
   conc[umtm_vs_adm]  {"admecd": {"mean": 0.408, "max": 0.667}, "emb": {"mean": 0.046, "max": 0.167}, "ft_cpchm": {"mean": 0.013, "max": 0.083}, "ft_cpmed": {"mean": 0.212, "max": 0.5}, "ft_d2d6": {"mean": 0.083, "max": 0.25}, "ft_frozen": {"mean": 0.004, "max": 0.083}, "ft_pre": {"mean": 0.008, "max": 0.083}, "ft_umtmL1": {"mean": 0.079, "max": 0.333}, "ft_unimol": {"mean": 0.008, "max": 0.083}, "gbm": {"mean": 0.137, "max": 0.25}}
   LOFO[umtm_paranoid] {"admecd": {"nested_macro": 0.4559, "gain_free": -0.0006, "gain_vs_capped": -0.0006}, "cpridge": {"nested_macro": 0.4502, "gain_free": 0.0051, "gain_vs_capped": 0.0051}, "dmpnn": {"nested_macro": 0.4531, "gain_free": 0.0021, "gain_vs_capped": 0.0021}}
   conc[umtm_paranoid]  {"admecd": {"mean": 0.108, "max": 0.25}, "chemeleon": {"mean": 0.079, "max": 0.333}, "cpridge": {"mean": 0.225, "max": 0.5}, "dmpnn": {"mean": 0.083, "max": 0.25}, "emb": {"mean": 0.046, "max": 0.167}, "ft_frozen": {"mean": 0.004, "max": 0.083}, "ft_pre": {"mean": 0.008, "max": 0.083}, "ft_unimol": {"mean": 0.008, "max": 0.083}, "gbm": {"mean": 0.137, "max": 0.25}, "umtm": {"mean": 0.3, "max": 0.583}}
saved /home/jackson/cyp-challenge/src/../cache/regression_family_block_audit.json
