embedding 6895 SMILES with seyonec/ChemBERTa-zinc-base-v1...
Warning: You are sending unauthenticated requests to the HF Hub. Please set a HF_TOKEN to enable higher rate limits and faster downloads.
Loading weights:   0%|          | 0/103 [00:00<?, ?it/s]Loading weights: 100%|██████████| 103/103 [00:00<00:00, 32570.36it/s]
[transformers] [1mRobertaModel LOAD REPORT[0m from: seyonec/ChemBERTa-zinc-base-v1
Key                       | Status     |  | 
--------------------------+------------+--+-
lm_head.dense.weight      | UNEXPECTED |  | 
lm_head.decoder.weight    | UNEXPECTED |  | 
lm_head.dense.bias        | UNEXPECTED |  | 
lm_head.layer_norm.weight | UNEXPECTED |  | 
lm_head.decoder.bias      | UNEXPECTED |  | 
lm_head.layer_norm.bias   | UNEXPECTED |  | 
lm_head.bias              | UNEXPECTED |  | 

Notes:
- UNEXPECTED:	can be ignored when loading from different task/architecture; not ok if you expect identical arch.
device: cuda
  0/6895 0s
  1280/6895 1s
  2560/6895 2s
  3840/6895 2s
  5120/6895 3s
  6400/6895 4s
saved emb_smiles_all.parquet (6895, 769)
DONE 4.41966438293457
