[L3] rows: challenge 6145; fold col fold_reg; weights=plan
[L3 fold0] trainable 6.4M
GPU available: True (cuda), used: True
TPU available: False, using: 0 TPU cores
💡 Tip: For seamless cloud logging and experiment tracking, try installing [litlogger](https://pypi.org/project/litlogger/) to enable LitLogger, which logs metrics and artifacts automatically to the Lightning Experiments platform.
Seed set to 0
LOCAL_RANK: 0 - CUDA_VISIBLE_DEVICES: [0]
Loading `train_dataloader` to estimate number of stepping batches.
ep1 train_mse=0.0000 val=0.4415 CYP1A2_direct=1.0879 CYP2C9_direct=0.9691 CYP2D6_direct=1.0598 CYP3A4_direct=1.0531 CYP1A2_tdic=1.1707 CYP2C9_tdic=1.0476 CYP2D6_tdic=1.1295 CYP3A4_tdic=1.1011 is_TDI_2D6=0.2766 is_TDI_3A4=0.2035 CYP1A2_log2fc=0.7898 CYP2C9_log2fc=1.1430 CYP2D6_log2fc=0.9880 CYP3A4_log2fc=0.9794
ep1 train_mse=0.4504 val=0.3269 CYP1A2_direct=0.7272 CYP2C9_direct=1.0522 CYP2D6_direct=0.9010 CYP3A4_direct=0.4732 CYP1A2_tdic=0.7810 CYP2C9_tdic=0.9792 CYP2D6_tdic=0.8650 CYP3A4_tdic=0.4828 is_TDI_2D6=0.2749 is_TDI_3A4=0.2375 CYP1A2_log2fc=0.5670 CYP2C9_log2fc=0.5752 CYP2D6_log2fc=0.7579 CYP3A4_log2fc=0.5165
ep2 train_mse=0.3750 val=0.3262 CYP1A2_direct=0.7543 CYP2C9_direct=1.1178 CYP2D6_direct=0.8271 CYP3A4_direct=0.5332 CYP1A2_tdic=0.7885 CYP2C9_tdic=1.0713 CYP2D6_tdic=0.7570 CYP3A4_tdic=0.5016 is_TDI_2D6=0.2785 is_TDI_3A4=0.2311 CYP1A2_log2fc=0.5901 CYP2C9_log2fc=0.6352 CYP2D6_log2fc=0.6629 CYP3A4_log2fc=0.5554
ep3 train_mse=0.3427 val=0.3041 CYP1A2_direct=0.6922 CYP2C9_direct=0.8860 CYP2D6_direct=0.8748 CYP3A4_direct=0.4846 CYP1A2_tdic=0.7283 CYP2C9_tdic=0.8054 CYP2D6_tdic=0.8444 CYP3A4_tdic=0.4952 is_TDI_2D6=0.2620 is_TDI_3A4=0.2157 CYP1A2_log2fc=0.5467 CYP2C9_log2fc=0.5863 CYP2D6_log2fc=0.7614 CYP3A4_log2fc=0.5280
ep4 train_mse=0.2992 val=0.3094 CYP1A2_direct=0.6970 CYP2C9_direct=1.0669 CYP2D6_direct=0.9274 CYP3A4_direct=0.4624 CYP1A2_tdic=0.7131 CYP2C9_tdic=0.8878 CYP2D6_tdic=0.9477 CYP3A4_tdic=0.4529 is_TDI_2D6=0.2696 is_TDI_3A4=0.2235 CYP1A2_log2fc=0.5261 CYP2C9_log2fc=0.5597 CYP2D6_log2fc=0.8364 CYP3A4_log2fc=0.4892
ep5 train_mse=0.2582 val=0.2947 CYP1A2_direct=0.7183 CYP2C9_direct=0.9273 CYP2D6_direct=0.8767 CYP3A4_direct=0.4226 CYP1A2_tdic=0.7550 CYP2C9_tdic=0.7977 CYP2D6_tdic=0.8377 CYP3A4_tdic=0.4285 is_TDI_2D6=0.2708 is_TDI_3A4=0.2238 CYP1A2_log2fc=0.5568 CYP2C9_log2fc=0.5499 CYP2D6_log2fc=0.6510 CYP3A4_log2fc=0.4640
ep6 train_mse=0.2252 val=0.3037 CYP1A2_direct=0.6672 CYP2C9_direct=1.0244 CYP2D6_direct=0.9083 CYP3A4_direct=0.4087 CYP1A2_tdic=0.6960 CYP2C9_tdic=0.8798 CYP2D6_tdic=0.8324 CYP3A4_tdic=0.3989 is_TDI_2D6=0.2636 is_TDI_3A4=0.2188 CYP1A2_log2fc=0.5480 CYP2C9_log2fc=0.4840 CYP2D6_log2fc=0.5767 CYP3A4_log2fc=0.4370
ep7 train_mse=0.1950 val=0.3177 CYP1A2_direct=0.7814 CYP2C9_direct=0.9102 CYP2D6_direct=0.9263 CYP3A4_direct=0.3817 CYP1A2_tdic=0.7893 CYP2C9_tdic=0.7965 CYP2D6_tdic=0.8396 CYP3A4_tdic=0.4451 is_TDI_2D6=0.2718 is_TDI_3A4=0.2286 CYP1A2_log2fc=0.5982 CYP2C9_log2fc=0.4699 CYP2D6_log2fc=0.5957 CYP3A4_log2fc=0.4639
ep8 train_mse=0.1790 val=0.3521 CYP1A2_direct=0.8044 CYP2C9_direct=1.1131 CYP2D6_direct=0.9675 CYP3A4_direct=0.4229 CYP1A2_tdic=0.8100 CYP2C9_tdic=1.0063 CYP2D6_tdic=0.8805 CYP3A4_tdic=0.4278 is_TDI_2D6=0.2665 is_TDI_3A4=0.2242 CYP1A2_log2fc=0.5850 CYP2C9_log2fc=0.4966 CYP2D6_log2fc=0.5933 CYP3A4_log2fc=0.4743
ep9 train_mse=0.1545 val=0.3606 CYP1A2_direct=0.7742 CYP2C9_direct=0.9407 CYP2D6_direct=0.9236 CYP3A4_direct=0.4285 CYP1A2_tdic=0.8045 CYP2C9_tdic=0.8430 CYP2D6_tdic=0.8699 CYP3A4_tdic=0.4451 is_TDI_2D6=0.2637 is_TDI_3A4=0.2213 CYP1A2_log2fc=0.5882 CYP2C9_log2fc=0.5098 CYP2D6_log2fc=0.6629 CYP3A4_log2fc=0.4747
ep10 train_mse=0.1480 val=0.3779 CYP1A2_direct=0.8007 CYP2C9_direct=0.9400 CYP2D6_direct=1.0120 CYP3A4_direct=0.4166 CYP1A2_tdic=0.8341 CYP2C9_tdic=0.8164 CYP2D6_tdic=0.9130 CYP3A4_tdic=0.3822 is_TDI_2D6=0.2634 is_TDI_3A4=0.2247 CYP1A2_log2fc=0.6006 CYP2C9_log2fc=0.4782 CYP2D6_log2fc=0.6101 CYP3A4_log2fc=0.4370
ep11 train_mse=0.1319 val=0.4143 CYP1A2_direct=0.8681 CYP2C9_direct=1.1137 CYP2D6_direct=0.9964 CYP3A4_direct=0.4064 CYP1A2_tdic=0.8475 CYP2C9_tdic=0.9563 CYP2D6_tdic=0.8932 CYP3A4_tdic=0.4052 is_TDI_2D6=0.2638 is_TDI_3A4=0.2257 CYP1A2_log2fc=0.5764 CYP2C9_log2fc=0.5021 CYP2D6_log2fc=0.5710 CYP3A4_log2fc=0.4317
ep12 train_mse=0.1182 val=0.4049 CYP1A2_direct=0.7650 CYP2C9_direct=0.9391 CYP2D6_direct=0.9848 CYP3A4_direct=0.3942 CYP1A2_tdic=0.7854 CYP2C9_tdic=0.7997 CYP2D6_tdic=0.9250 CYP3A4_tdic=0.3930 is_TDI_2D6=0.2650 is_TDI_3A4=0.2271 CYP1A2_log2fc=0.5676 CYP2C9_log2fc=0.4365 CYP2D6_log2fc=0.5833 CYP3A4_log2fc=0.4037
ep13 train_mse=0.1062 val=0.4212 CYP1A2_direct=0.8017 CYP2C9_direct=0.9257 CYP2D6_direct=0.9501 CYP3A4_direct=0.3889 CYP1A2_tdic=0.8057 CYP2C9_tdic=0.8346 CYP2D6_tdic=0.8645 CYP3A4_tdic=0.3812 is_TDI_2D6=0.2695 is_TDI_3A4=0.2270 CYP1A2_log2fc=0.5748 CYP2C9_log2fc=0.4340 CYP2D6_log2fc=0.5765 CYP3A4_log2fc=0.3998
[L3] fold 0 done 99s
[L3 fold1] trainable 6.4M
GPU available: True (cuda), used: True
TPU available: False, using: 0 TPU cores
💡 Tip: For seamless cloud logging and experiment tracking, try installing [litlogger](https://pypi.org/project/litlogger/) to enable LitLogger, which logs metrics and artifacts automatically to the Lightning Experiments platform.
Seed set to 0
LOCAL_RANK: 0 - CUDA_VISIBLE_DEVICES: [0]
Loading `train_dataloader` to estimate number of stepping batches.
ep1 train_mse=0.0000 val=0.4562 CYP1A2_direct=1.1652 CYP2C9_direct=1.2292 CYP2D6_direct=0.5870 CYP3A4_direct=1.1151 CYP1A2_tdic=1.1450 CYP2C9_tdic=1.1916 CYP2D6_tdic=0.6770 CYP3A4_tdic=0.9743 is_TDI_2D6=0.2484 is_TDI_3A4=0.1783 CYP1A2_log2fc=1.3400 CYP2C9_log2fc=1.0272 CYP2D6_log2fc=1.1713 CYP3A4_log2fc=1.0722
ep1 train_mse=0.4488 val=0.3515 CYP1A2_direct=0.8342 CYP2C9_direct=1.1901 CYP2D6_direct=0.7243 CYP3A4_direct=0.5200 CYP1A2_tdic=0.8347 CYP2C9_tdic=1.1505 CYP2D6_tdic=0.7092 CYP3A4_tdic=0.5161 is_TDI_2D6=0.3089 is_TDI_3A4=0.1921 CYP1A2_log2fc=0.9446 CYP2C9_log2fc=0.7344 CYP2D6_log2fc=0.8772 CYP3A4_log2fc=0.7358
ep2 train_mse=0.3681 val=0.3067 CYP1A2_direct=0.8213 CYP2C9_direct=0.8001 CYP2D6_direct=0.5740 CYP3A4_direct=0.4227 CYP1A2_tdic=0.8089 CYP2C9_tdic=0.8181 CYP2D6_tdic=0.6757 CYP3A4_tdic=0.4261 is_TDI_2D6=0.2787 is_TDI_3A4=0.2108 CYP1A2_log2fc=0.8951 CYP2C9_log2fc=0.6634 CYP2D6_log2fc=0.7845 CYP3A4_log2fc=0.6661
ep3 train_mse=0.3397 val=0.2905 CYP1A2_direct=0.8769 CYP2C9_direct=0.6469 CYP2D6_direct=0.4825 CYP3A4_direct=0.3625 CYP1A2_tdic=0.8749 CYP2C9_tdic=0.5986 CYP2D6_tdic=0.6552 CYP3A4_tdic=0.4178 is_TDI_2D6=0.2946 is_TDI_3A4=0.2055 CYP1A2_log2fc=0.8889 CYP2C9_log2fc=0.5483 CYP2D6_log2fc=0.8564 CYP3A4_log2fc=0.5677
ep4 train_mse=0.2875 val=0.3140 CYP1A2_direct=0.7220 CYP2C9_direct=1.1405 CYP2D6_direct=0.6575 CYP3A4_direct=0.3322 CYP1A2_tdic=0.7212 CYP2C9_tdic=0.9322 CYP2D6_tdic=0.8164 CYP3A4_tdic=0.4004 is_TDI_2D6=0.2848 is_TDI_3A4=0.2122 CYP1A2_log2fc=0.8563 CYP2C9_log2fc=0.5459 CYP2D6_log2fc=0.7709 CYP3A4_log2fc=0.5343
ep5 train_mse=0.2555 val=0.3111 CYP1A2_direct=0.7297 CYP2C9_direct=0.8092 CYP2D6_direct=0.7148 CYP3A4_direct=0.3904 CYP1A2_tdic=0.7345 CYP2C9_tdic=0.6710 CYP2D6_tdic=0.7727 CYP3A4_tdic=0.4169 is_TDI_2D6=0.2888 is_TDI_3A4=0.2147 CYP1A2_log2fc=0.8601 CYP2C9_log2fc=0.5679 CYP2D6_log2fc=0.7374 CYP3A4_log2fc=0.5777
ep6 train_mse=0.2218 val=0.3207 CYP1A2_direct=0.9385 CYP2C9_direct=0.8808 CYP2D6_direct=0.6336 CYP3A4_direct=0.4042 CYP1A2_tdic=0.8614 CYP2C9_tdic=0.7135 CYP2D6_tdic=0.7232 CYP3A4_tdic=0.4200 is_TDI_2D6=0.2827 is_TDI_3A4=0.2106 CYP1A2_log2fc=0.9098 CYP2C9_log2fc=0.5332 CYP2D6_log2fc=0.7530 CYP3A4_log2fc=0.6143
ep7 train_mse=0.1937 val=0.3294 CYP1A2_direct=0.8065 CYP2C9_direct=0.6914 CYP2D6_direct=0.6733 CYP3A4_direct=0.5293 CYP1A2_tdic=0.7683 CYP2C9_tdic=0.6162 CYP2D6_tdic=0.7061 CYP3A4_tdic=0.4410 is_TDI_2D6=0.2817 is_TDI_3A4=0.2092 CYP1A2_log2fc=0.8675 CYP2C9_log2fc=0.5374 CYP2D6_log2fc=0.7432 CYP3A4_log2fc=0.6156
ep8 train_mse=0.1683 val=0.3491 CYP1A2_direct=0.7322 CYP2C9_direct=0.9477 CYP2D6_direct=0.5906 CYP3A4_direct=0.3846 CYP1A2_tdic=0.7117 CYP2C9_tdic=0.7887 CYP2D6_tdic=0.7522 CYP3A4_tdic=0.4128 is_TDI_2D6=0.2889 is_TDI_3A4=0.2141 CYP1A2_log2fc=0.8729 CYP2C9_log2fc=0.4977 CYP2D6_log2fc=0.7528 CYP3A4_log2fc=0.5413
ep9 train_mse=0.1475 val=0.3720 CYP1A2_direct=0.8821 CYP2C9_direct=0.7961 CYP2D6_direct=0.5960 CYP3A4_direct=0.5080 CYP1A2_tdic=0.8172 CYP2C9_tdic=0.7001 CYP2D6_tdic=0.7014 CYP3A4_tdic=0.4312 is_TDI_2D6=0.2883 is_TDI_3A4=0.2095 CYP1A2_log2fc=0.8933 CYP2C9_log2fc=0.5188 CYP2D6_log2fc=0.7097 CYP3A4_log2fc=0.5985
ep10 train_mse=0.1377 val=0.3826 CYP1A2_direct=0.6710 CYP2C9_direct=0.6744 CYP2D6_direct=0.7241 CYP3A4_direct=0.4120 CYP1A2_tdic=0.6687 CYP2C9_tdic=0.5322 CYP2D6_tdic=0.7349 CYP3A4_tdic=0.3800 is_TDI_2D6=0.2877 is_TDI_3A4=0.2130 CYP1A2_log2fc=0.8724 CYP2C9_log2fc=0.5458 CYP2D6_log2fc=0.7346 CYP3A4_log2fc=0.5534
ep11 train_mse=0.1245 val=0.3839 CYP1A2_direct=0.7784 CYP2C9_direct=0.5350 CYP2D6_direct=0.6453 CYP3A4_direct=0.4084 CYP1A2_tdic=0.7420 CYP2C9_tdic=0.4495 CYP2D6_tdic=0.7389 CYP3A4_tdic=0.3897 is_TDI_2D6=0.2828 is_TDI_3A4=0.2117 CYP1A2_log2fc=0.8866 CYP2C9_log2fc=0.4937 CYP2D6_log2fc=0.6857 CYP3A4_log2fc=0.5266
[L3] fold 1 done 184s
[L3 fold2] trainable 6.4M
GPU available: True (cuda), used: True
TPU available: False, using: 0 TPU cores
💡 Tip: For seamless cloud logging and experiment tracking, try installing [litlogger](https://pypi.org/project/litlogger/) to enable LitLogger, which logs metrics and artifacts automatically to the Lightning Experiments platform.
Seed set to 0
LOCAL_RANK: 0 - CUDA_VISIBLE_DEVICES: [0]
Loading `train_dataloader` to estimate number of stepping batches.
ep1 train_mse=0.0000 val=0.4558 CYP1A2_direct=1.3115 CYP2C9_direct=0.6947 CYP2D6_direct=1.1608 CYP3A4_direct=1.0585 CYP1A2_tdic=1.1460 CYP2C9_tdic=0.7643 CYP2D6_tdic=1.0162 CYP3A4_tdic=1.0482 is_TDI_2D6=0.1555 is_TDI_3A4=0.2237 CYP1A2_log2fc=0.9726 CYP2C9_log2fc=0.9721 CYP2D6_log2fc=1.1210 CYP3A4_log2fc=0.9913
ep1 train_mse=0.4519 val=0.3096 CYP1A2_direct=0.7797 CYP2C9_direct=0.4864 CYP2D6_direct=1.1694 CYP3A4_direct=0.4562 CYP1A2_tdic=0.8045 CYP2C9_tdic=0.5503 CYP2D6_tdic=1.0576 CYP3A4_tdic=0.5060 is_TDI_2D6=0.1820 is_TDI_3A4=0.2367 CYP1A2_log2fc=0.6746 CYP2C9_log2fc=0.5275 CYP2D6_log2fc=0.7707 CYP3A4_log2fc=0.5662
ep2 train_mse=0.3715 val=0.2918 CYP1A2_direct=0.6556 CYP2C9_direct=0.3903 CYP2D6_direct=1.1613 CYP3A4_direct=0.4733 CYP1A2_tdic=0.6958 CYP2C9_tdic=0.4300 CYP2D6_tdic=0.9944 CYP3A4_tdic=0.5006 is_TDI_2D6=0.1814 is_TDI_3A4=0.2155 CYP1A2_log2fc=0.7040 CYP2C9_log2fc=0.4532 CYP2D6_log2fc=0.7945 CYP3A4_log2fc=0.5493
ep3 train_mse=0.3421 val=0.2943 CYP1A2_direct=0.7289 CYP2C9_direct=0.4900 CYP2D6_direct=1.1553 CYP3A4_direct=0.4514 CYP1A2_tdic=0.7547 CYP2C9_tdic=0.5434 CYP2D6_tdic=0.9942 CYP3A4_tdic=0.4625 is_TDI_2D6=0.1748 is_TDI_3A4=0.2201 CYP1A2_log2fc=0.7875 CYP2C9_log2fc=0.4795 CYP2D6_log2fc=0.7734 CYP3A4_log2fc=0.5261
ep4 train_mse=0.2950 val=0.2807 CYP1A2_direct=0.6414 CYP2C9_direct=0.4604 CYP2D6_direct=1.1446 CYP3A4_direct=0.4308 CYP1A2_tdic=0.6590 CYP2C9_tdic=0.5044 CYP2D6_tdic=0.9875 CYP3A4_tdic=0.4613 is_TDI_2D6=0.1709 is_TDI_3A4=0.2119 CYP1A2_log2fc=0.6613 CYP2C9_log2fc=0.4499 CYP2D6_log2fc=0.8515 CYP3A4_log2fc=0.5165
ep5 train_mse=0.2589 val=0.2740 CYP1A2_direct=0.5732 CYP2C9_direct=0.4490 CYP2D6_direct=1.1200 CYP3A4_direct=0.3929 CYP1A2_tdic=0.6111 CYP2C9_tdic=0.4966 CYP2D6_tdic=0.9530 CYP3A4_tdic=0.4150 is_TDI_2D6=0.1719 is_TDI_3A4=0.2193 CYP1A2_log2fc=0.5941 CYP2C9_log2fc=0.4367 CYP2D6_log2fc=0.7986 CYP3A4_log2fc=0.4833
ep6 train_mse=0.2207 val=0.3123 CYP1A2_direct=0.6995 CYP2C9_direct=0.4417 CYP2D6_direct=1.3583 CYP3A4_direct=0.4589 CYP1A2_tdic=0.7121 CYP2C9_tdic=0.5199 CYP2D6_tdic=1.0767 CYP3A4_tdic=0.5035 is_TDI_2D6=0.1754 is_TDI_3A4=0.2238 CYP1A2_log2fc=0.6237 CYP2C9_log2fc=0.4176 CYP2D6_log2fc=0.7486 CYP3A4_log2fc=0.4973
ep7 train_mse=0.1981 val=0.3185 CYP1A2_direct=0.6638 CYP2C9_direct=0.4617 CYP2D6_direct=1.1828 CYP3A4_direct=0.5344 CYP1A2_tdic=0.6833 CYP2C9_tdic=0.5436 CYP2D6_tdic=0.9932 CYP3A4_tdic=0.5304 is_TDI_2D6=0.1706 is_TDI_3A4=0.2138 CYP1A2_log2fc=0.6125 CYP2C9_log2fc=0.4855 CYP2D6_log2fc=0.7760 CYP3A4_log2fc=0.5876
ep8 train_mse=0.1813 val=0.3136 CYP1A2_direct=0.7023 CYP2C9_direct=0.4647 CYP2D6_direct=1.2691 CYP3A4_direct=0.4247 CYP1A2_tdic=0.7152 CYP2C9_tdic=0.5367 CYP2D6_tdic=1.1134 CYP3A4_tdic=0.4447 is_TDI_2D6=0.1711 is_TDI_3A4=0.2197 CYP1A2_log2fc=0.6388 CYP2C9_log2fc=0.3992 CYP2D6_log2fc=0.8547 CYP3A4_log2fc=0.4411
ep9 train_mse=0.1536 val=0.3383 CYP1A2_direct=0.7252 CYP2C9_direct=0.4487 CYP2D6_direct=1.2217 CYP3A4_direct=0.4501 CYP1A2_tdic=0.7235 CYP2C9_tdic=0.5085 CYP2D6_tdic=1.0915 CYP3A4_tdic=0.4831 is_TDI_2D6=0.1724 is_TDI_3A4=0.2224 CYP1A2_log2fc=0.5944 CYP2C9_log2fc=0.4277 CYP2D6_log2fc=0.7694 CYP3A4_log2fc=0.4597
ep10 train_mse=0.1382 val=0.3383 CYP1A2_direct=0.6785 CYP2C9_direct=0.4285 CYP2D6_direct=1.1317 CYP3A4_direct=0.4094 CYP1A2_tdic=0.6793 CYP2C9_tdic=0.4818 CYP2D6_tdic=1.0213 CYP3A4_tdic=0.4279 is_TDI_2D6=0.1677 is_TDI_3A4=0.2217 CYP1A2_log2fc=0.5728 CYP2C9_log2fc=0.3831 CYP2D6_log2fc=0.7202 CYP3A4_log2fc=0.4180
ep11 train_mse=0.1261 val=0.3524 CYP1A2_direct=0.7403 CYP2C9_direct=0.4532 CYP2D6_direct=1.2157 CYP3A4_direct=0.4038 CYP1A2_tdic=0.7339 CYP2C9_tdic=0.5181 CYP2D6_tdic=1.0627 CYP3A4_tdic=0.4222 is_TDI_2D6=0.1676 is_TDI_3A4=0.2219 CYP1A2_log2fc=0.6180 CYP2C9_log2fc=0.3796 CYP2D6_log2fc=0.7257 CYP3A4_log2fc=0.4309
ep12 train_mse=0.1112 val=0.3760 CYP1A2_direct=0.7126 CYP2C9_direct=0.4411 CYP2D6_direct=1.3235 CYP3A4_direct=0.4091 CYP1A2_tdic=0.7051 CYP2C9_tdic=0.4908 CYP2D6_tdic=1.0854 CYP3A4_tdic=0.4347 is_TDI_2D6=0.1685 is_TDI_3A4=0.2255 CYP1A2_log2fc=0.5955 CYP2C9_log2fc=0.3817 CYP2D6_log2fc=0.7304 CYP3A4_log2fc=0.4362
ep13 train_mse=0.1009 val=0.3804 CYP1A2_direct=0.6956 CYP2C9_direct=0.4398 CYP2D6_direct=1.1815 CYP3A4_direct=0.4099 CYP1A2_tdic=0.7099 CYP2C9_tdic=0.5026 CYP2D6_tdic=1.0202 CYP3A4_tdic=0.4231 is_TDI_2D6=0.1687 is_TDI_3A4=0.2228 CYP1A2_log2fc=0.6122 CYP2C9_log2fc=0.3745 CYP2D6_log2fc=0.7544 CYP3A4_log2fc=0.4159
[L3] fold 2 done 282s
[L3 fold3] trainable 6.4M
GPU available: True (cuda), used: True
TPU available: False, using: 0 TPU cores
💡 Tip: For seamless cloud logging and experiment tracking, try installing [litlogger](https://pypi.org/project/litlogger/) to enable LitLogger, which logs metrics and artifacts automatically to the Lightning Experiments platform.
Seed set to 0
LOCAL_RANK: 0 - CUDA_VISIBLE_DEVICES: [0]
Loading `train_dataloader` to estimate number of stepping batches.
ep1 train_mse=0.0000 val=0.3841 CYP1A2_direct=0.8127 CYP2C9_direct=0.4911 CYP2D6_direct=0.5943 CYP3A4_direct=1.0440 CYP1A2_tdic=0.7231 CYP2C9_tdic=0.5006 CYP2D6_tdic=0.6329 CYP3A4_tdic=1.0089 is_TDI_2D6=0.2074 is_TDI_3A4=0.2600 CYP1A2_log2fc=1.0122 CYP2C9_log2fc=0.9432 CYP2D6_log2fc=1.2206 CYP3A4_log2fc=0.9430
ep1 train_mse=0.4543 val=0.2886 CYP1A2_direct=0.6134 CYP2C9_direct=0.5266 CYP2D6_direct=0.6254 CYP3A4_direct=0.5149 CYP1A2_tdic=0.6009 CYP2C9_tdic=0.5331 CYP2D6_tdic=0.7317 CYP3A4_tdic=0.5595 is_TDI_2D6=0.2526 is_TDI_3A4=0.2378 CYP1A2_log2fc=0.7840 CYP2C9_log2fc=0.5540 CYP2D6_log2fc=0.7485 CYP3A4_log2fc=0.6212
ep2 train_mse=0.3834 val=0.2876 CYP1A2_direct=0.6272 CYP2C9_direct=0.5775 CYP2D6_direct=0.6464 CYP3A4_direct=0.5447 CYP1A2_tdic=0.6154 CYP2C9_tdic=0.5323 CYP2D6_tdic=0.7383 CYP3A4_tdic=0.5731 is_TDI_2D6=0.2304 is_TDI_3A4=0.2278 CYP1A2_log2fc=0.7857 CYP2C9_log2fc=0.5472 CYP2D6_log2fc=0.8688 CYP3A4_log2fc=0.6251
ep3 train_mse=0.3462 val=0.2755 CYP1A2_direct=0.5919 CYP2C9_direct=0.5821 CYP2D6_direct=0.7181 CYP3A4_direct=0.4639 CYP1A2_tdic=0.5842 CYP2C9_tdic=0.5323 CYP2D6_tdic=0.8603 CYP3A4_tdic=0.5145 is_TDI_2D6=0.2226 is_TDI_3A4=0.2393 CYP1A2_log2fc=0.7219 CYP2C9_log2fc=0.5247 CYP2D6_log2fc=0.8488 CYP3A4_log2fc=0.5711
ep4 train_mse=0.2987 val=0.2766 CYP1A2_direct=0.7255 CYP2C9_direct=0.6342 CYP2D6_direct=0.6733 CYP3A4_direct=0.4661 CYP1A2_tdic=0.7026 CYP2C9_tdic=0.5789 CYP2D6_tdic=0.7933 CYP3A4_tdic=0.5230 is_TDI_2D6=0.2310 is_TDI_3A4=0.2336 CYP1A2_log2fc=0.7037 CYP2C9_log2fc=0.5054 CYP2D6_log2fc=0.7728 CYP3A4_log2fc=0.5495
ep5 train_mse=0.2628 val=0.2818 CYP1A2_direct=0.6409 CYP2C9_direct=0.6064 CYP2D6_direct=0.8366 CYP3A4_direct=0.4558 CYP1A2_tdic=0.6379 CYP2C9_tdic=0.5983 CYP2D6_tdic=0.9185 CYP3A4_tdic=0.5536 is_TDI_2D6=0.2336 is_TDI_3A4=0.2334 CYP1A2_log2fc=0.6607 CYP2C9_log2fc=0.5000 CYP2D6_log2fc=0.8574 CYP3A4_log2fc=0.5513
ep6 train_mse=0.2273 val=0.2959 CYP1A2_direct=0.7505 CYP2C9_direct=0.5843 CYP2D6_direct=0.7643 CYP3A4_direct=0.4714 CYP1A2_tdic=0.7547 CYP2C9_tdic=0.5614 CYP2D6_tdic=0.8687 CYP3A4_tdic=0.5266 is_TDI_2D6=0.2288 is_TDI_3A4=0.2336 CYP1A2_log2fc=0.7254 CYP2C9_log2fc=0.5062 CYP2D6_log2fc=0.7757 CYP3A4_log2fc=0.5654
ep7 train_mse=0.1933 val=0.2942 CYP1A2_direct=0.7339 CYP2C9_direct=0.5924 CYP2D6_direct=0.7493 CYP3A4_direct=0.5040 CYP1A2_tdic=0.7293 CYP2C9_tdic=0.5352 CYP2D6_tdic=0.8369 CYP3A4_tdic=0.5407 is_TDI_2D6=0.2326 is_TDI_3A4=0.2350 CYP1A2_log2fc=0.7159 CYP2C9_log2fc=0.5450 CYP2D6_log2fc=0.7473 CYP3A4_log2fc=0.5373
ep8 train_mse=0.1789 val=0.2950 CYP1A2_direct=0.7468 CYP2C9_direct=0.6044 CYP2D6_direct=0.7310 CYP3A4_direct=0.4966 CYP1A2_tdic=0.7286 CYP2C9_tdic=0.5601 CYP2D6_tdic=0.8197 CYP3A4_tdic=0.5545 is_TDI_2D6=0.2340 is_TDI_3A4=0.2357 CYP1A2_log2fc=0.7332 CYP2C9_log2fc=0.4938 CYP2D6_log2fc=0.7589 CYP3A4_log2fc=0.5615
ep9 train_mse=0.1618 val=0.3542 CYP1A2_direct=0.7746 CYP2C9_direct=0.7615 CYP2D6_direct=0.8176 CYP3A4_direct=0.5169 CYP1A2_tdic=0.7736 CYP2C9_tdic=0.7024 CYP2D6_tdic=0.8729 CYP3A4_tdic=0.5470 is_TDI_2D6=0.2347 is_TDI_3A4=0.2288 CYP1A2_log2fc=0.7049 CYP2C9_log2fc=0.5264 CYP2D6_log2fc=0.7275 CYP3A4_log2fc=0.5472
ep10 train_mse=0.1426 val=0.3441 CYP1A2_direct=0.7987 CYP2C9_direct=0.6110 CYP2D6_direct=0.7337 CYP3A4_direct=0.5391 CYP1A2_tdic=0.7829 CYP2C9_tdic=0.5714 CYP2D6_tdic=0.7983 CYP3A4_tdic=0.5295 is_TDI_2D6=0.2386 is_TDI_3A4=0.2341 CYP1A2_log2fc=0.7380 CYP2C9_log2fc=0.4957 CYP2D6_log2fc=0.7070 CYP3A4_log2fc=0.5299
ep11 train_mse=0.1270 val=0.3683 CYP1A2_direct=0.8107 CYP2C9_direct=0.6480 CYP2D6_direct=0.6809 CYP3A4_direct=0.5275 CYP1A2_tdic=0.8053 CYP2C9_tdic=0.6175 CYP2D6_tdic=0.7581 CYP3A4_tdic=0.5248 is_TDI_2D6=0.2323 is_TDI_3A4=0.2365 CYP1A2_log2fc=0.7519 CYP2C9_log2fc=0.5072 CYP2D6_log2fc=0.6897 CYP3A4_log2fc=0.5168
[L3] fold 3 done 367s
[L3 fold4] trainable 6.4M
GPU available: True (cuda), used: True
TPU available: False, using: 0 TPU cores
💡 Tip: For seamless cloud logging and experiment tracking, try installing [litlogger](https://pypi.org/project/litlogger/) to enable LitLogger, which logs metrics and artifacts automatically to the Lightning Experiments platform.
Seed set to 0
LOCAL_RANK: 0 - CUDA_VISIBLE_DEVICES: [0]
Loading `train_dataloader` to estimate number of stepping batches.
ep1 train_mse=0.0000 val=0.4209 CYP1A2_direct=0.5301 CYP2C9_direct=0.7295 CYP2D6_direct=1.3777 CYP3A4_direct=1.0093 CYP1A2_tdic=0.5564 CYP2C9_tdic=0.9220 CYP2D6_tdic=1.2199 CYP3A4_tdic=0.8733 is_TDI_2D6=0.1443 is_TDI_3A4=0.2159 CYP1A2_log2fc=0.8159 CYP2C9_log2fc=0.9689 CYP2D6_log2fc=1.0538 CYP3A4_log2fc=0.9603
ep1 train_mse=0.4489 val=0.2897 CYP1A2_direct=0.5558 CYP2C9_direct=0.6067 CYP2D6_direct=0.9443 CYP3A4_direct=0.4382 CYP1A2_tdic=0.6240 CYP2C9_tdic=0.6817 CYP2D6_tdic=0.9359 CYP3A4_tdic=0.4943 is_TDI_2D6=0.2073 is_TDI_3A4=0.2003 CYP1A2_log2fc=0.7398 CYP2C9_log2fc=0.5376 CYP2D6_log2fc=0.7528 CYP3A4_log2fc=0.5976
ep2 train_mse=0.3727 val=0.2841 CYP1A2_direct=0.5045 CYP2C9_direct=0.6507 CYP2D6_direct=0.9757 CYP3A4_direct=0.4265 CYP1A2_tdic=0.5499 CYP2C9_tdic=0.6854 CYP2D6_tdic=0.9503 CYP3A4_tdic=0.4216 is_TDI_2D6=0.2125 is_TDI_3A4=0.2014 CYP1A2_log2fc=0.7683 CYP2C9_log2fc=0.4950 CYP2D6_log2fc=0.8149 CYP3A4_log2fc=0.5549
ep3 train_mse=0.3399 val=0.2784 CYP1A2_direct=0.5031 CYP2C9_direct=0.6207 CYP2D6_direct=0.9171 CYP3A4_direct=0.4990 CYP1A2_tdic=0.5507 CYP2C9_tdic=0.6704 CYP2D6_tdic=0.9273 CYP3A4_tdic=0.4884 is_TDI_2D6=0.1968 is_TDI_3A4=0.2084 CYP1A2_log2fc=0.6964 CYP2C9_log2fc=0.5410 CYP2D6_log2fc=0.8016 CYP3A4_log2fc=0.6349
ep4 train_mse=0.2989 val=0.2656 CYP1A2_direct=0.5485 CYP2C9_direct=0.6181 CYP2D6_direct=0.8621 CYP3A4_direct=0.3800 CYP1A2_tdic=0.5804 CYP2C9_tdic=0.6253 CYP2D6_tdic=0.8415 CYP3A4_tdic=0.4025 is_TDI_2D6=0.1975 is_TDI_3A4=0.2119 CYP1A2_log2fc=0.7025 CYP2C9_log2fc=0.4696 CYP2D6_log2fc=0.7595 CYP3A4_log2fc=0.5347
ep5 train_mse=0.2587 val=0.2583 CYP1A2_direct=0.5309 CYP2C9_direct=0.5684 CYP2D6_direct=0.8974 CYP3A4_direct=0.3515 CYP1A2_tdic=0.5555 CYP2C9_tdic=0.5724 CYP2D6_tdic=0.8842 CYP3A4_tdic=0.3666 is_TDI_2D6=0.1865 is_TDI_3A4=0.2000 CYP1A2_log2fc=0.7020 CYP2C9_log2fc=0.4969 CYP2D6_log2fc=0.6824 CYP3A4_log2fc=0.5282
ep6 train_mse=0.2257 val=0.2692 CYP1A2_direct=0.4992 CYP2C9_direct=0.5723 CYP2D6_direct=0.9201 CYP3A4_direct=0.3892 CYP1A2_tdic=0.5420 CYP2C9_tdic=0.5803 CYP2D6_tdic=0.8315 CYP3A4_tdic=0.3774 is_TDI_2D6=0.1888 is_TDI_3A4=0.2057 CYP1A2_log2fc=0.6838 CYP2C9_log2fc=0.4712 CYP2D6_log2fc=0.6759 CYP3A4_log2fc=0.5496
ep7 train_mse=0.1972 val=0.2742 CYP1A2_direct=0.5932 CYP2C9_direct=0.5638 CYP2D6_direct=0.9274 CYP3A4_direct=0.3908 CYP1A2_tdic=0.6172 CYP2C9_tdic=0.5992 CYP2D6_tdic=0.8727 CYP3A4_tdic=0.3793 is_TDI_2D6=0.1917 is_TDI_3A4=0.2146 CYP1A2_log2fc=0.7588 CYP2C9_log2fc=0.4525 CYP2D6_log2fc=0.6639 CYP3A4_log2fc=0.5315
ep8 train_mse=0.1766 val=0.2931 CYP1A2_direct=0.5932 CYP2C9_direct=0.6288 CYP2D6_direct=1.0122 CYP3A4_direct=0.3246 CYP1A2_tdic=0.6392 CYP2C9_tdic=0.6011 CYP2D6_tdic=0.9622 CYP3A4_tdic=0.3190 is_TDI_2D6=0.1940 is_TDI_3A4=0.2068 CYP1A2_log2fc=0.7105 CYP2C9_log2fc=0.4321 CYP2D6_log2fc=0.7039 CYP3A4_log2fc=0.4850
ep9 train_mse=0.1563 val=0.2897 CYP1A2_direct=0.5876 CYP2C9_direct=0.4924 CYP2D6_direct=0.8500 CYP3A4_direct=0.3536 CYP1A2_tdic=0.6097 CYP2C9_tdic=0.5304 CYP2D6_tdic=0.7695 CYP3A4_tdic=0.3424 is_TDI_2D6=0.1936 is_TDI_3A4=0.2046 CYP1A2_log2fc=0.6880 CYP2C9_log2fc=0.4366 CYP2D6_log2fc=0.6545 CYP3A4_log2fc=0.5165
ep10 train_mse=0.1391 val=0.3016 CYP1A2_direct=0.5683 CYP2C9_direct=0.5926 CYP2D6_direct=0.8510 CYP3A4_direct=0.3463 CYP1A2_tdic=0.6004 CYP2C9_tdic=0.5835 CYP2D6_tdic=0.7837 CYP3A4_tdic=0.3491 is_TDI_2D6=0.1952 is_TDI_3A4=0.2036 CYP1A2_log2fc=0.7146 CYP2C9_log2fc=0.4476 CYP2D6_log2fc=0.6432 CYP3A4_log2fc=0.5051
ep11 train_mse=0.1279 val=0.3028 CYP1A2_direct=0.5915 CYP2C9_direct=0.6534 CYP2D6_direct=0.7632 CYP3A4_direct=0.3602 CYP1A2_tdic=0.6010 CYP2C9_tdic=0.6514 CYP2D6_tdic=0.7384 CYP3A4_tdic=0.3266 is_TDI_2D6=0.1959 is_TDI_3A4=0.2015 CYP1A2_log2fc=0.6900 CYP2C9_log2fc=0.4374 CYP2D6_log2fc=0.6329 CYP3A4_log2fc=0.4913
ep12 train_mse=0.1152 val=0.3155 CYP1A2_direct=0.5690 CYP2C9_direct=0.5917 CYP2D6_direct=0.8297 CYP3A4_direct=0.3457 CYP1A2_tdic=0.6193 CYP2C9_tdic=0.6071 CYP2D6_tdic=0.7521 CYP3A4_tdic=0.3082 is_TDI_2D6=0.2002 is_TDI_3A4=0.2040 CYP1A2_log2fc=0.7075 CYP2C9_log2fc=0.4490 CYP2D6_log2fc=0.6439 CYP3A4_log2fc=0.4767
ep13 train_mse=0.1026 val=0.3305 CYP1A2_direct=0.5684 CYP2C9_direct=0.5616 CYP2D6_direct=0.8720 CYP3A4_direct=0.3519 CYP1A2_tdic=0.6007 CYP2C9_tdic=0.5885 CYP2D6_tdic=0.7968 CYP3A4_tdic=0.3084 is_TDI_2D6=0.2028 is_TDI_3A4=0.2075 CYP1A2_log2fc=0.7251 CYP2C9_log2fc=0.4899 CYP2D6_log2fc=0.6236 CYP3A4_log2fc=0.5006
[L3] fold 4 done 467s
[L3 all] trainable 6.4M
GPU available: True (cuda), used: True
TPU available: False, using: 0 TPU cores
💡 Tip: For seamless cloud logging and experiment tracking, try installing [litlogger](https://pypi.org/project/litlogger/) to enable LitLogger, which logs metrics and artifacts automatically to the Lightning Experiments platform.
Seed set to 0
LOCAL_RANK: 0 - CUDA_VISIBLE_DEVICES: [0]
Loading `train_dataloader` to estimate number of stepping batches.
ep1 train_mse=0.0000 val=0.4592 CYP1A2_direct=1.4944 CYP2C9_direct=0.9729 CYP2D6_direct=0.6903 CYP3A4_direct=1.1808 CYP1A2_tdic=1.4968 CYP2C9_tdic=0.9636 CYP2D6_tdic=0.7471 CYP3A4_tdic=1.0968 is_TDI_2D6=0.2085 is_TDI_3A4=0.2452 CYP1A2_log2fc=0.9565 CYP2C9_log2fc=0.9199 CYP2D6_log2fc=0.8922 CYP3A4_log2fc=1.0509
ep1 train_mse=0.4914 val=0.2987 CYP1A2_direct=0.9002 CYP2C9_direct=0.5453 CYP2D6_direct=0.8010 CYP3A4_direct=0.5803 CYP1A2_tdic=0.8929 CYP2C9_tdic=0.5178 CYP2D6_tdic=0.6835 CYP3A4_tdic=0.5163 is_TDI_2D6=0.1796 is_TDI_3A4=0.2315 CYP1A2_log2fc=0.6410 CYP2C9_log2fc=0.5229 CYP2D6_log2fc=0.6873 CYP3A4_log2fc=0.6141
ep2 train_mse=0.4089 val=0.2889 CYP1A2_direct=0.9466 CYP2C9_direct=0.5684 CYP2D6_direct=0.8770 CYP3A4_direct=0.4428 CYP1A2_tdic=0.9396 CYP2C9_tdic=0.4730 CYP2D6_tdic=0.7211 CYP3A4_tdic=0.4660 is_TDI_2D6=0.1705 is_TDI_3A4=0.2150 CYP1A2_log2fc=0.6503 CYP2C9_log2fc=0.5026 CYP2D6_log2fc=0.6542 CYP3A4_log2fc=0.6110
ep3 train_mse=0.3679 val=0.2876 CYP1A2_direct=0.8806 CYP2C9_direct=0.5216 CYP2D6_direct=0.8535 CYP3A4_direct=0.5259 CYP1A2_tdic=0.8720 CYP2C9_tdic=0.4603 CYP2D6_tdic=0.7606 CYP3A4_tdic=0.4825 is_TDI_2D6=0.1679 is_TDI_3A4=0.2185 CYP1A2_log2fc=0.5739 CYP2C9_log2fc=0.5106 CYP2D6_log2fc=0.6876 CYP3A4_log2fc=0.6413
ep4 train_mse=0.3188 val=0.2713 CYP1A2_direct=0.8464 CYP2C9_direct=0.4879 CYP2D6_direct=0.8992 CYP3A4_direct=0.4385 CYP1A2_tdic=0.8365 CYP2C9_tdic=0.4148 CYP2D6_tdic=0.7745 CYP3A4_tdic=0.4461 is_TDI_2D6=0.1683 is_TDI_3A4=0.2284 CYP1A2_log2fc=0.6100 CYP2C9_log2fc=0.4496 CYP2D6_log2fc=0.6162 CYP3A4_log2fc=0.5452
ep5 train_mse=0.2793 val=0.2826 CYP1A2_direct=0.9217 CYP2C9_direct=0.5708 CYP2D6_direct=1.0223 CYP3A4_direct=0.4223 CYP1A2_tdic=0.9102 CYP2C9_tdic=0.4851 CYP2D6_tdic=0.9309 CYP3A4_tdic=0.4197 is_TDI_2D6=0.1769 is_TDI_3A4=0.2239 CYP1A2_log2fc=0.6703 CYP2C9_log2fc=0.4872 CYP2D6_log2fc=0.6949 CYP3A4_log2fc=0.5422
ep6 train_mse=0.2499 val=0.2795 CYP1A2_direct=0.8633 CYP2C9_direct=0.5492 CYP2D6_direct=0.9549 CYP3A4_direct=0.4311 CYP1A2_tdic=0.8797 CYP2C9_tdic=0.5090 CYP2D6_tdic=0.8992 CYP3A4_tdic=0.4252 is_TDI_2D6=0.1743 is_TDI_3A4=0.2204 CYP1A2_log2fc=0.5882 CYP2C9_log2fc=0.4685 CYP2D6_log2fc=0.5987 CYP3A4_log2fc=0.5109
ep7 train_mse=0.2152 val=0.2866 CYP1A2_direct=0.8801 CYP2C9_direct=0.5480 CYP2D6_direct=1.0641 CYP3A4_direct=0.4338 CYP1A2_tdic=0.8692 CYP2C9_tdic=0.4569 CYP2D6_tdic=1.0530 CYP3A4_tdic=0.4185 is_TDI_2D6=0.1725 is_TDI_3A4=0.2243 CYP1A2_log2fc=0.6044 CYP2C9_log2fc=0.4522 CYP2D6_log2fc=0.6109 CYP3A4_log2fc=0.5024
ep8 train_mse=0.1934 val=0.2866 CYP1A2_direct=0.8642 CYP2C9_direct=0.5076 CYP2D6_direct=0.8500 CYP3A4_direct=0.4601 CYP1A2_tdic=0.8644 CYP2C9_tdic=0.4338 CYP2D6_tdic=0.7804 CYP3A4_tdic=0.4461 is_TDI_2D6=0.1669 is_TDI_3A4=0.2163 CYP1A2_log2fc=0.5863 CYP2C9_log2fc=0.4434 CYP2D6_log2fc=0.5695 CYP3A4_log2fc=0.5114
ep9 train_mse=0.1674 val=0.2964 CYP1A2_direct=0.8410 CYP2C9_direct=0.5329 CYP2D6_direct=0.9562 CYP3A4_direct=0.4320 CYP1A2_tdic=0.8468 CYP2C9_tdic=0.4567 CYP2D6_tdic=0.8308 CYP3A4_tdic=0.4260 is_TDI_2D6=0.1703 is_TDI_3A4=0.2162 CYP1A2_log2fc=0.6027 CYP2C9_log2fc=0.4549 CYP2D6_log2fc=0.5620 CYP3A4_log2fc=0.5055
ep10 train_mse=0.1535 val=0.3255 CYP1A2_direct=0.8123 CYP2C9_direct=0.5640 CYP2D6_direct=1.0547 CYP3A4_direct=0.5299 CYP1A2_tdic=0.8241 CYP2C9_tdic=0.4811 CYP2D6_tdic=0.9485 CYP3A4_tdic=0.5157 is_TDI_2D6=0.1694 is_TDI_3A4=0.2161 CYP1A2_log2fc=0.5863 CYP2C9_log2fc=0.4620 CYP2D6_log2fc=0.6682 CYP3A4_log2fc=0.5659
ep11 train_mse=0.1362 val=0.3214 CYP1A2_direct=0.7765 CYP2C9_direct=0.5275 CYP2D6_direct=0.9027 CYP3A4_direct=0.4311 CYP1A2_tdic=0.7886 CYP2C9_tdic=0.4569 CYP2D6_tdic=0.8061 CYP3A4_tdic=0.4216 is_TDI_2D6=0.1683 is_TDI_3A4=0.2151 CYP1A2_log2fc=0.5670 CYP2C9_log2fc=0.4244 CYP2D6_log2fc=0.5858 CYP3A4_log2fc=0.4591
ep12 train_mse=0.1256 val=0.3490 CYP1A2_direct=0.8083 CYP2C9_direct=0.5293 CYP2D6_direct=0.8937 CYP3A4_direct=0.4454 CYP1A2_tdic=0.8041 CYP2C9_tdic=0.4800 CYP2D6_tdic=0.7900 CYP3A4_tdic=0.4238 is_TDI_2D6=0.1731 is_TDI_3A4=0.2193 CYP1A2_log2fc=0.5788 CYP2C9_log2fc=0.4365 CYP2D6_log2fc=0.5900 CYP3A4_log2fc=0.4652
DONE L3 567s
