[L4_s3] rows: challenge 6145; fold col fold_reg; weights=plan
[L4_s3 fold0] trainable 5.2M
GPU available: True (cuda), used: True
TPU available: False, using: 0 TPU cores
💡 Tip: For seamless cloud logging and experiment tracking, try installing [litlogger](https://pypi.org/project/litlogger/) to enable LitLogger, which logs metrics and artifacts automatically to the Lightning Experiments platform.
Seed set to 3
LOCAL_RANK: 0 - CUDA_VISIBLE_DEVICES: [0]
Loading `train_dataloader` to estimate number of stepping batches.
ep1 train_mse=0.0000 val=0.4571 CYP1A2_direct=1.3034 CYP2C9_direct=0.5513 CYP2D6_direct=1.4698 CYP3A4_direct=0.9895 CYP1A2_tdic=1.2646 CYP2C9_tdic=0.5335 CYP2D6_tdic=1.3812 CYP3A4_tdic=1.0974 is_TDI_2D6=0.1617 is_TDI_3A4=0.2461 CYP1A2_log2fc=1.0066 CYP2C9_log2fc=0.9189 CYP2D6_log2fc=0.8973 CYP3A4_log2fc=0.9805
ep1 train_mse=0.5506 val=0.3528 CYP1A2_direct=0.7375 CYP2C9_direct=0.6398 CYP2D6_direct=1.2194 CYP3A4_direct=0.7792 CYP1A2_tdic=0.7533 CYP2C9_tdic=0.5984 CYP2D6_tdic=1.0624 CYP3A4_tdic=0.8881 is_TDI_2D6=0.1603 is_TDI_3A4=0.2155 CYP1A2_log2fc=0.8615 CYP2C9_log2fc=0.7841 CYP2D6_log2fc=0.9828 CYP3A4_log2fc=0.8279
ep2 train_mse=0.5285 val=0.3406 CYP1A2_direct=0.7369 CYP2C9_direct=0.5188 CYP2D6_direct=1.2200 CYP3A4_direct=0.7289 CYP1A2_tdic=0.7109 CYP2C9_tdic=0.5316 CYP2D6_tdic=1.0661 CYP3A4_tdic=0.8767 is_TDI_2D6=0.1605 is_TDI_3A4=0.2210 CYP1A2_log2fc=0.7643 CYP2C9_log2fc=0.7089 CYP2D6_log2fc=0.9298 CYP3A4_log2fc=0.7744
ep3 train_mse=0.4947 val=0.3288 CYP1A2_direct=0.6638 CYP2C9_direct=0.5442 CYP2D6_direct=1.1884 CYP3A4_direct=0.6066 CYP1A2_tdic=0.6625 CYP2C9_tdic=0.5547 CYP2D6_tdic=1.0458 CYP3A4_tdic=0.8287 is_TDI_2D6=0.1636 is_TDI_3A4=0.2200 CYP1A2_log2fc=0.7500 CYP2C9_log2fc=0.6801 CYP2D6_log2fc=0.8396 CYP3A4_log2fc=0.7548
ep4 train_mse=0.4664 val=0.3293 CYP1A2_direct=0.7807 CYP2C9_direct=0.5192 CYP2D6_direct=1.1562 CYP3A4_direct=0.5591 CYP1A2_tdic=0.7732 CYP2C9_tdic=0.5383 CYP2D6_tdic=1.0014 CYP3A4_tdic=0.7304 is_TDI_2D6=0.1637 is_TDI_3A4=0.2172 CYP1A2_log2fc=0.8395 CYP2C9_log2fc=0.6844 CYP2D6_log2fc=0.7507 CYP3A4_log2fc=0.7539
ep5 train_mse=0.4368 val=0.3231 CYP1A2_direct=0.6528 CYP2C9_direct=0.5556 CYP2D6_direct=1.1410 CYP3A4_direct=0.5943 CYP1A2_tdic=0.6528 CYP2C9_tdic=0.6076 CYP2D6_tdic=0.9847 CYP3A4_tdic=0.7442 is_TDI_2D6=0.1555 is_TDI_3A4=0.2028 CYP1A2_log2fc=0.7803 CYP2C9_log2fc=0.7539 CYP2D6_log2fc=0.7051 CYP3A4_log2fc=0.8232
ep6 train_mse=0.4347 val=0.3071 CYP1A2_direct=0.6444 CYP2C9_direct=0.4906 CYP2D6_direct=1.1184 CYP3A4_direct=0.4938 CYP1A2_tdic=0.6444 CYP2C9_tdic=0.5125 CYP2D6_tdic=0.9597 CYP3A4_tdic=0.6623 is_TDI_2D6=0.1655 is_TDI_3A4=0.2069 CYP1A2_log2fc=0.7455 CYP2C9_log2fc=0.5990 CYP2D6_log2fc=0.6904 CYP3A4_log2fc=0.6722
ep7 train_mse=0.4232 val=0.3085 CYP1A2_direct=0.6829 CYP2C9_direct=0.4643 CYP2D6_direct=1.1252 CYP3A4_direct=0.4922 CYP1A2_tdic=0.6805 CYP2C9_tdic=0.4853 CYP2D6_tdic=0.9520 CYP3A4_tdic=0.6582 is_TDI_2D6=0.1690 is_TDI_3A4=0.2117 CYP1A2_log2fc=0.7506 CYP2C9_log2fc=0.5914 CYP2D6_log2fc=0.7254 CYP3A4_log2fc=0.6764
ep8 train_mse=0.4104 val=0.3038 CYP1A2_direct=0.6978 CYP2C9_direct=0.4498 CYP2D6_direct=1.1160 CYP3A4_direct=0.4612 CYP1A2_tdic=0.6928 CYP2C9_tdic=0.4748 CYP2D6_tdic=0.9579 CYP3A4_tdic=0.6195 is_TDI_2D6=0.1685 is_TDI_3A4=0.2123 CYP1A2_log2fc=0.7693 CYP2C9_log2fc=0.5808 CYP2D6_log2fc=0.6961 CYP3A4_log2fc=0.6540
ep9 train_mse=0.4017 val=0.2970 CYP1A2_direct=0.6221 CYP2C9_direct=0.4752 CYP2D6_direct=1.0600 CYP3A4_direct=0.4768 CYP1A2_tdic=0.6258 CYP2C9_tdic=0.4931 CYP2D6_tdic=0.8861 CYP3A4_tdic=0.6211 is_TDI_2D6=0.1652 is_TDI_3A4=0.2078 CYP1A2_log2fc=0.7155 CYP2C9_log2fc=0.5966 CYP2D6_log2fc=0.6537 CYP3A4_log2fc=0.6755
ep10 train_mse=0.3903 val=0.3077 CYP1A2_direct=0.6331 CYP2C9_direct=0.5037 CYP2D6_direct=1.0473 CYP3A4_direct=0.5825 CYP1A2_tdic=0.6359 CYP2C9_tdic=0.5426 CYP2D6_tdic=0.8789 CYP3A4_tdic=0.6603 is_TDI_2D6=0.1630 is_TDI_3A4=0.2062 CYP1A2_log2fc=0.7390 CYP2C9_log2fc=0.5746 CYP2D6_log2fc=0.7294 CYP3A4_log2fc=0.6708
ep11 train_mse=0.3798 val=0.2990 CYP1A2_direct=0.6051 CYP2C9_direct=0.5076 CYP2D6_direct=1.0159 CYP3A4_direct=0.5074 CYP1A2_tdic=0.6089 CYP2C9_tdic=0.5349 CYP2D6_tdic=0.8593 CYP3A4_tdic=0.6178 is_TDI_2D6=0.1660 is_TDI_3A4=0.2075 CYP1A2_log2fc=0.7112 CYP2C9_log2fc=0.5722 CYP2D6_log2fc=0.7159 CYP3A4_log2fc=0.6544
ep12 train_mse=0.3756 val=0.2988 CYP1A2_direct=0.6693 CYP2C9_direct=0.4769 CYP2D6_direct=1.0050 CYP3A4_direct=0.4991 CYP1A2_tdic=0.6749 CYP2C9_tdic=0.5146 CYP2D6_tdic=0.8366 CYP3A4_tdic=0.6004 is_TDI_2D6=0.1674 is_TDI_3A4=0.2107 CYP1A2_log2fc=0.7424 CYP2C9_log2fc=0.5543 CYP2D6_log2fc=0.6732 CYP3A4_log2fc=0.6686
ep13 train_mse=0.3686 val=0.2937 CYP1A2_direct=0.6217 CYP2C9_direct=0.4953 CYP2D6_direct=0.9963 CYP3A4_direct=0.4633 CYP1A2_tdic=0.6277 CYP2C9_tdic=0.5339 CYP2D6_tdic=0.8491 CYP3A4_tdic=0.5758 is_TDI_2D6=0.1681 is_TDI_3A4=0.2110 CYP1A2_log2fc=0.7112 CYP2C9_log2fc=0.5430 CYP2D6_log2fc=0.6776 CYP3A4_log2fc=0.6463
ep14 train_mse=0.3584 val=0.2921 CYP1A2_direct=0.6545 CYP2C9_direct=0.4983 CYP2D6_direct=0.9979 CYP3A4_direct=0.4514 CYP1A2_tdic=0.6582 CYP2C9_tdic=0.5300 CYP2D6_tdic=0.8340 CYP3A4_tdic=0.5630 is_TDI_2D6=0.1690 is_TDI_3A4=0.2086 CYP1A2_log2fc=0.7073 CYP2C9_log2fc=0.5325 CYP2D6_log2fc=0.6623 CYP3A4_log2fc=0.6531
ep15 train_mse=0.3575 val=0.2868 CYP1A2_direct=0.6137 CYP2C9_direct=0.4756 CYP2D6_direct=0.9879 CYP3A4_direct=0.4392 CYP1A2_tdic=0.6258 CYP2C9_tdic=0.4982 CYP2D6_tdic=0.8398 CYP3A4_tdic=0.5629 is_TDI_2D6=0.1655 is_TDI_3A4=0.2078 CYP1A2_log2fc=0.6996 CYP2C9_log2fc=0.5191 CYP2D6_log2fc=0.6898 CYP3A4_log2fc=0.6330
ep16 train_mse=0.3461 val=0.2946 CYP1A2_direct=0.6465 CYP2C9_direct=0.5318 CYP2D6_direct=0.9844 CYP3A4_direct=0.4581 CYP1A2_tdic=0.6595 CYP2C9_tdic=0.5570 CYP2D6_tdic=0.8368 CYP3A4_tdic=0.5677 is_TDI_2D6=0.1648 is_TDI_3A4=0.2110 CYP1A2_log2fc=0.7079 CYP2C9_log2fc=0.5306 CYP2D6_log2fc=0.7019 CYP3A4_log2fc=0.6812
ep17 train_mse=0.3436 val=0.2867 CYP1A2_direct=0.6032 CYP2C9_direct=0.4695 CYP2D6_direct=0.9794 CYP3A4_direct=0.4601 CYP1A2_tdic=0.6139 CYP2C9_tdic=0.4938 CYP2D6_tdic=0.8314 CYP3A4_tdic=0.5651 is_TDI_2D6=0.1639 is_TDI_3A4=0.2086 CYP1A2_log2fc=0.6875 CYP2C9_log2fc=0.5123 CYP2D6_log2fc=0.6863 CYP3A4_log2fc=0.6376
ep18 train_mse=0.3361 val=0.2860 CYP1A2_direct=0.5789 CYP2C9_direct=0.4666 CYP2D6_direct=1.0009 CYP3A4_direct=0.4538 CYP1A2_tdic=0.5897 CYP2C9_tdic=0.4956 CYP2D6_tdic=0.8477 CYP3A4_tdic=0.5529 is_TDI_2D6=0.1656 is_TDI_3A4=0.2087 CYP1A2_log2fc=0.6878 CYP2C9_log2fc=0.5052 CYP2D6_log2fc=0.6847 CYP3A4_log2fc=0.6160
ep19 train_mse=0.3307 val=0.2861 CYP1A2_direct=0.5878 CYP2C9_direct=0.5249 CYP2D6_direct=0.9622 CYP3A4_direct=0.4447 CYP1A2_tdic=0.5969 CYP2C9_tdic=0.5339 CYP2D6_tdic=0.8028 CYP3A4_tdic=0.5516 is_TDI_2D6=0.1635 is_TDI_3A4=0.2058 CYP1A2_log2fc=0.6893 CYP2C9_log2fc=0.5414 CYP2D6_log2fc=0.6807 CYP3A4_log2fc=0.6988
ep20 train_mse=0.3237 val=0.2911 CYP1A2_direct=0.6677 CYP2C9_direct=0.4700 CYP2D6_direct=1.0128 CYP3A4_direct=0.4550 CYP1A2_tdic=0.6754 CYP2C9_tdic=0.4923 CYP2D6_tdic=0.8568 CYP3A4_tdic=0.5447 is_TDI_2D6=0.1670 is_TDI_3A4=0.2090 CYP1A2_log2fc=0.7008 CYP2C9_log2fc=0.4865 CYP2D6_log2fc=0.7014 CYP3A4_log2fc=0.6304
ep21 train_mse=0.3180 val=0.2909 CYP1A2_direct=0.5575 CYP2C9_direct=0.5129 CYP2D6_direct=0.9760 CYP3A4_direct=0.5132 CYP1A2_tdic=0.5704 CYP2C9_tdic=0.5319 CYP2D6_tdic=0.8048 CYP3A4_tdic=0.5851 is_TDI_2D6=0.1644 is_TDI_3A4=0.2067 CYP1A2_log2fc=0.6903 CYP2C9_log2fc=0.5049 CYP2D6_log2fc=0.6990 CYP3A4_log2fc=0.6409
ep22 train_mse=0.3126 val=0.2848 CYP1A2_direct=0.6095 CYP2C9_direct=0.4553 CYP2D6_direct=0.9869 CYP3A4_direct=0.4351 CYP1A2_tdic=0.6185 CYP2C9_tdic=0.4680 CYP2D6_tdic=0.8266 CYP3A4_tdic=0.5374 is_TDI_2D6=0.1656 is_TDI_3A4=0.2081 CYP1A2_log2fc=0.6855 CYP2C9_log2fc=0.4905 CYP2D6_log2fc=0.6937 CYP3A4_log2fc=0.6091
ep23 train_mse=0.3081 val=0.2835 CYP1A2_direct=0.6155 CYP2C9_direct=0.4615 CYP2D6_direct=0.9841 CYP3A4_direct=0.4432 CYP1A2_tdic=0.6271 CYP2C9_tdic=0.4832 CYP2D6_tdic=0.8302 CYP3A4_tdic=0.5499 is_TDI_2D6=0.1652 is_TDI_3A4=0.2080 CYP1A2_log2fc=0.6851 CYP2C9_log2fc=0.4790 CYP2D6_log2fc=0.7008 CYP3A4_log2fc=0.5840
ep24 train_mse=0.3018 val=0.2917 CYP1A2_direct=0.6136 CYP2C9_direct=0.5109 CYP2D6_direct=1.0299 CYP3A4_direct=0.4634 CYP1A2_tdic=0.6276 CYP2C9_tdic=0.5186 CYP2D6_tdic=0.8646 CYP3A4_tdic=0.5515 is_TDI_2D6=0.1648 is_TDI_3A4=0.2086 CYP1A2_log2fc=0.6840 CYP2C9_log2fc=0.5041 CYP2D6_log2fc=0.6959 CYP3A4_log2fc=0.6445
ep25 train_mse=0.2964 val=0.2839 CYP1A2_direct=0.5696 CYP2C9_direct=0.5206 CYP2D6_direct=1.0115 CYP3A4_direct=0.4454 CYP1A2_tdic=0.5873 CYP2C9_tdic=0.5308 CYP2D6_tdic=0.8536 CYP3A4_tdic=0.5433 is_TDI_2D6=0.1633 is_TDI_3A4=0.2082 CYP1A2_log2fc=0.6789 CYP2C9_log2fc=0.5250 CYP2D6_log2fc=0.6745 CYP3A4_log2fc=0.6419
ep26 train_mse=0.2896 val=0.2873 CYP1A2_direct=0.6200 CYP2C9_direct=0.4979 CYP2D6_direct=1.0184 CYP3A4_direct=0.4497 CYP1A2_tdic=0.6261 CYP2C9_tdic=0.5230 CYP2D6_tdic=0.8582 CYP3A4_tdic=0.5359 is_TDI_2D6=0.1650 is_TDI_3A4=0.2101 CYP1A2_log2fc=0.6729 CYP2C9_log2fc=0.4802 CYP2D6_log2fc=0.6771 CYP3A4_log2fc=0.5801
ep27 train_mse=0.2833 val=0.2869 CYP1A2_direct=0.5927 CYP2C9_direct=0.4942 CYP2D6_direct=1.0155 CYP3A4_direct=0.4540 CYP1A2_tdic=0.6116 CYP2C9_tdic=0.5088 CYP2D6_tdic=0.8443 CYP3A4_tdic=0.5341 is_TDI_2D6=0.1655 is_TDI_3A4=0.2082 CYP1A2_log2fc=0.6866 CYP2C9_log2fc=0.4996 CYP2D6_log2fc=0.6799 CYP3A4_log2fc=0.6041
ep28 train_mse=0.2813 val=0.2823 CYP1A2_direct=0.6070 CYP2C9_direct=0.4822 CYP2D6_direct=1.0094 CYP3A4_direct=0.4244 CYP1A2_tdic=0.6132 CYP2C9_tdic=0.4916 CYP2D6_tdic=0.8556 CYP3A4_tdic=0.5268 is_TDI_2D6=0.1651 is_TDI_3A4=0.2111 CYP1A2_log2fc=0.6884 CYP2C9_log2fc=0.4923 CYP2D6_log2fc=0.6792 CYP3A4_log2fc=0.5916
ep29 train_mse=0.2724 val=0.2851 CYP1A2_direct=0.6126 CYP2C9_direct=0.4837 CYP2D6_direct=1.0083 CYP3A4_direct=0.4463 CYP1A2_tdic=0.6229 CYP2C9_tdic=0.4986 CYP2D6_tdic=0.8236 CYP3A4_tdic=0.5442 is_TDI_2D6=0.1662 is_TDI_3A4=0.2089 CYP1A2_log2fc=0.6826 CYP2C9_log2fc=0.4779 CYP2D6_log2fc=0.6691 CYP3A4_log2fc=0.5677
ep30 train_mse=0.2681 val=0.2948 CYP1A2_direct=0.6681 CYP2C9_direct=0.5173 CYP2D6_direct=1.0271 CYP3A4_direct=0.4755 CYP1A2_tdic=0.6766 CYP2C9_tdic=0.5360 CYP2D6_tdic=0.8617 CYP3A4_tdic=0.5566 is_TDI_2D6=0.1650 is_TDI_3A4=0.2099 CYP1A2_log2fc=0.6985 CYP2C9_log2fc=0.4856 CYP2D6_log2fc=0.6702 CYP3A4_log2fc=0.5673
ep31 train_mse=0.2651 val=0.2948 CYP1A2_direct=0.6257 CYP2C9_direct=0.5144 CYP2D6_direct=1.0568 CYP3A4_direct=0.4690 CYP1A2_tdic=0.6369 CYP2C9_tdic=0.5265 CYP2D6_tdic=0.8963 CYP3A4_tdic=0.5439 is_TDI_2D6=0.1642 is_TDI_3A4=0.2100 CYP1A2_log2fc=0.6800 CYP2C9_log2fc=0.4791 CYP2D6_log2fc=0.6831 CYP3A4_log2fc=0.5618
ep32 train_mse=0.2577 val=0.2895 CYP1A2_direct=0.6078 CYP2C9_direct=0.4916 CYP2D6_direct=1.0208 CYP3A4_direct=0.4578 CYP1A2_tdic=0.6212 CYP2C9_tdic=0.5107 CYP2D6_tdic=0.8441 CYP3A4_tdic=0.5366 is_TDI_2D6=0.1651 is_TDI_3A4=0.2109 CYP1A2_log2fc=0.6805 CYP2C9_log2fc=0.4829 CYP2D6_log2fc=0.6746 CYP3A4_log2fc=0.5706
ep33 train_mse=0.2509 val=0.2872 CYP1A2_direct=0.5871 CYP2C9_direct=0.5281 CYP2D6_direct=1.0482 CYP3A4_direct=0.4383 CYP1A2_tdic=0.5958 CYP2C9_tdic=0.5333 CYP2D6_tdic=0.8603 CYP3A4_tdic=0.5254 is_TDI_2D6=0.1643 is_TDI_3A4=0.2088 CYP1A2_log2fc=0.6819 CYP2C9_log2fc=0.4937 CYP2D6_log2fc=0.6694 CYP3A4_log2fc=0.5783
ep34 train_mse=0.2487 val=0.2939 CYP1A2_direct=0.6510 CYP2C9_direct=0.5132 CYP2D6_direct=1.0198 CYP3A4_direct=0.4630 CYP1A2_tdic=0.6535 CYP2C9_tdic=0.5350 CYP2D6_tdic=0.8490 CYP3A4_tdic=0.5517 is_TDI_2D6=0.1655 is_TDI_3A4=0.2122 CYP1A2_log2fc=0.6867 CYP2C9_log2fc=0.4870 CYP2D6_log2fc=0.6665 CYP3A4_log2fc=0.5439
ep35 train_mse=0.2442 val=0.2923 CYP1A2_direct=0.6321 CYP2C9_direct=0.5452 CYP2D6_direct=1.0739 CYP3A4_direct=0.4418 CYP1A2_tdic=0.6341 CYP2C9_tdic=0.5461 CYP2D6_tdic=0.8931 CYP3A4_tdic=0.5385 is_TDI_2D6=0.1653 is_TDI_3A4=0.2132 CYP1A2_log2fc=0.6763 CYP2C9_log2fc=0.5020 CYP2D6_log2fc=0.6658 CYP3A4_log2fc=0.6161
ep36 train_mse=0.2395 val=0.2942 CYP1A2_direct=0.6196 CYP2C9_direct=0.5567 CYP2D6_direct=1.0305 CYP3A4_direct=0.4712 CYP1A2_tdic=0.6242 CYP2C9_tdic=0.5731 CYP2D6_tdic=0.8544 CYP3A4_tdic=0.5507 is_TDI_2D6=0.1648 is_TDI_3A4=0.2126 CYP1A2_log2fc=0.6896 CYP2C9_log2fc=0.4849 CYP2D6_log2fc=0.6638 CYP3A4_log2fc=0.5535
[L4_s3] fold 0 done 237s
[L4_s3 fold1] trainable 5.2M
GPU available: True (cuda), used: True
TPU available: False, using: 0 TPU cores
💡 Tip: For seamless cloud logging and experiment tracking, try installing [litlogger](https://pypi.org/project/litlogger/) to enable LitLogger, which logs metrics and artifacts automatically to the Lightning Experiments platform.
Seed set to 3
LOCAL_RANK: 0 - CUDA_VISIBLE_DEVICES: [0]
Loading `train_dataloader` to estimate number of stepping batches.
ep1 train_mse=0.0000 val=0.3699 CYP1A2_direct=0.8172 CYP2C9_direct=0.6688 CYP2D6_direct=0.4244 CYP3A4_direct=0.9212 CYP1A2_tdic=0.8095 CYP2C9_tdic=0.5862 CYP2D6_tdic=0.4068 CYP3A4_tdic=1.0600 is_TDI_2D6=0.1293 is_TDI_3A4=0.1918 CYP1A2_log2fc=0.9849 CYP2C9_log2fc=0.9272 CYP2D6_log2fc=0.9070 CYP3A4_log2fc=0.9032
ep1 train_mse=0.5421 val=0.3891 CYP1A2_direct=1.1056 CYP2C9_direct=0.9396 CYP2D6_direct=0.8848 CYP3A4_direct=0.9336 CYP1A2_tdic=1.0028 CYP2C9_tdic=0.8875 CYP2D6_tdic=1.1018 CYP3A4_tdic=0.9780 is_TDI_2D6=0.1643 is_TDI_3A4=0.2113 CYP1A2_log2fc=0.9157 CYP2C9_log2fc=0.9084 CYP2D6_log2fc=0.9479 CYP3A4_log2fc=0.9382
ep2 train_mse=0.5124 val=0.3469 CYP1A2_direct=0.9722 CYP2C9_direct=0.7614 CYP2D6_direct=0.8608 CYP3A4_direct=0.6710 CYP1A2_tdic=0.8763 CYP2C9_tdic=0.7419 CYP2D6_tdic=1.1023 CYP3A4_tdic=0.7650 is_TDI_2D6=0.1669 is_TDI_3A4=0.2138 CYP1A2_log2fc=0.7905 CYP2C9_log2fc=0.7257 CYP2D6_log2fc=0.8661 CYP3A4_log2fc=0.7753
ep3 train_mse=0.4914 val=0.3381 CYP1A2_direct=0.9930 CYP2C9_direct=0.6703 CYP2D6_direct=0.8471 CYP3A4_direct=0.5877 CYP1A2_tdic=0.8895 CYP2C9_tdic=0.6623 CYP2D6_tdic=1.0767 CYP3A4_tdic=0.6927 is_TDI_2D6=0.1647 is_TDI_3A4=0.2125 CYP1A2_log2fc=0.7981 CYP2C9_log2fc=0.6871 CYP2D6_log2fc=0.8266 CYP3A4_log2fc=0.7778
ep4 train_mse=0.4578 val=0.3240 CYP1A2_direct=0.9416 CYP2C9_direct=0.6573 CYP2D6_direct=0.7658 CYP3A4_direct=0.5662 CYP1A2_tdic=0.8405 CYP2C9_tdic=0.6526 CYP2D6_tdic=0.9873 CYP3A4_tdic=0.6291 is_TDI_2D6=0.1675 is_TDI_3A4=0.2168 CYP1A2_log2fc=0.7536 CYP2C9_log2fc=0.6385 CYP2D6_log2fc=0.7542 CYP3A4_log2fc=0.6868
ep5 train_mse=0.4405 val=0.3317 CYP1A2_direct=1.0385 CYP2C9_direct=0.6885 CYP2D6_direct=0.7209 CYP3A4_direct=0.6078 CYP1A2_tdic=0.9212 CYP2C9_tdic=0.6849 CYP2D6_tdic=0.9473 CYP3A4_tdic=0.6773 is_TDI_2D6=0.1653 is_TDI_3A4=0.2245 CYP1A2_log2fc=0.7884 CYP2C9_log2fc=0.6783 CYP2D6_log2fc=0.7318 CYP3A4_log2fc=0.7517
ep6 train_mse=0.4275 val=0.3088 CYP1A2_direct=0.8868 CYP2C9_direct=0.6477 CYP2D6_direct=0.7009 CYP3A4_direct=0.5010 CYP1A2_tdic=0.7989 CYP2C9_tdic=0.6753 CYP2D6_tdic=0.9161 CYP3A4_tdic=0.5754 is_TDI_2D6=0.1679 is_TDI_3A4=0.2212 CYP1A2_log2fc=0.7518 CYP2C9_log2fc=0.5946 CYP2D6_log2fc=0.6980 CYP3A4_log2fc=0.6361
ep7 train_mse=0.4219 val=0.3121 CYP1A2_direct=0.8951 CYP2C9_direct=0.7549 CYP2D6_direct=0.7002 CYP3A4_direct=0.4756 CYP1A2_tdic=0.8130 CYP2C9_tdic=0.7716 CYP2D6_tdic=0.9108 CYP3A4_tdic=0.5426 is_TDI_2D6=0.1677 is_TDI_3A4=0.2256 CYP1A2_log2fc=0.7652 CYP2C9_log2fc=0.6103 CYP2D6_log2fc=0.6601 CYP3A4_log2fc=0.6379
ep8 train_mse=0.4052 val=0.3014 CYP1A2_direct=0.8702 CYP2C9_direct=0.6806 CYP2D6_direct=0.6619 CYP3A4_direct=0.4283 CYP1A2_tdic=0.7771 CYP2C9_tdic=0.7131 CYP2D6_tdic=0.8856 CYP3A4_tdic=0.5150 is_TDI_2D6=0.1618 is_TDI_3A4=0.2256 CYP1A2_log2fc=0.7166 CYP2C9_log2fc=0.5582 CYP2D6_log2fc=0.6307 CYP3A4_log2fc=0.6088
ep9 train_mse=0.3999 val=0.3043 CYP1A2_direct=0.8654 CYP2C9_direct=0.7517 CYP2D6_direct=0.6709 CYP3A4_direct=0.4583 CYP1A2_tdic=0.7714 CYP2C9_tdic=0.7933 CYP2D6_tdic=0.8882 CYP3A4_tdic=0.5363 is_TDI_2D6=0.1632 is_TDI_3A4=0.2265 CYP1A2_log2fc=0.6981 CYP2C9_log2fc=0.5604 CYP2D6_log2fc=0.6516 CYP3A4_log2fc=0.6000
ep10 train_mse=0.3878 val=0.2980 CYP1A2_direct=0.8844 CYP2C9_direct=0.6819 CYP2D6_direct=0.6402 CYP3A4_direct=0.4754 CYP1A2_tdic=0.7821 CYP2C9_tdic=0.6886 CYP2D6_tdic=0.8456 CYP3A4_tdic=0.5419 is_TDI_2D6=0.1628 is_TDI_3A4=0.2294 CYP1A2_log2fc=0.6892 CYP2C9_log2fc=0.5782 CYP2D6_log2fc=0.6316 CYP3A4_log2fc=0.6273
ep11 train_mse=0.3783 val=0.2958 CYP1A2_direct=0.8671 CYP2C9_direct=0.6521 CYP2D6_direct=0.6460 CYP3A4_direct=0.4883 CYP1A2_tdic=0.7684 CYP2C9_tdic=0.6852 CYP2D6_tdic=0.8755 CYP3A4_tdic=0.5194 is_TDI_2D6=0.1604 is_TDI_3A4=0.2317 CYP1A2_log2fc=0.6883 CYP2C9_log2fc=0.5663 CYP2D6_log2fc=0.6337 CYP3A4_log2fc=0.6230
ep12 train_mse=0.3712 val=0.2907 CYP1A2_direct=0.7997 CYP2C9_direct=0.6700 CYP2D6_direct=0.6363 CYP3A4_direct=0.4323 CYP1A2_tdic=0.7183 CYP2C9_tdic=0.7144 CYP2D6_tdic=0.8886 CYP3A4_tdic=0.5112 is_TDI_2D6=0.1611 is_TDI_3A4=0.2259 CYP1A2_log2fc=0.6833 CYP2C9_log2fc=0.5577 CYP2D6_log2fc=0.6456 CYP3A4_log2fc=0.5809
ep13 train_mse=0.3618 val=0.2881 CYP1A2_direct=0.8047 CYP2C9_direct=0.7144 CYP2D6_direct=0.6394 CYP3A4_direct=0.4052 CYP1A2_tdic=0.7154 CYP2C9_tdic=0.7329 CYP2D6_tdic=0.8713 CYP3A4_tdic=0.4575 is_TDI_2D6=0.1592 is_TDI_3A4=0.2314 CYP1A2_log2fc=0.6790 CYP2C9_log2fc=0.5725 CYP2D6_log2fc=0.6420 CYP3A4_log2fc=0.5747
ep14 train_mse=0.3543 val=0.2814 CYP1A2_direct=0.8201 CYP2C9_direct=0.6455 CYP2D6_direct=0.6455 CYP3A4_direct=0.3776 CYP1A2_tdic=0.7222 CYP2C9_tdic=0.6692 CYP2D6_tdic=0.9068 CYP3A4_tdic=0.4455 is_TDI_2D6=0.1600 is_TDI_3A4=0.2328 CYP1A2_log2fc=0.6818 CYP2C9_log2fc=0.5417 CYP2D6_log2fc=0.6506 CYP3A4_log2fc=0.5590
ep15 train_mse=0.3502 val=0.2826 CYP1A2_direct=0.7973 CYP2C9_direct=0.6706 CYP2D6_direct=0.6201 CYP3A4_direct=0.3960 CYP1A2_tdic=0.7175 CYP2C9_tdic=0.7016 CYP2D6_tdic=0.8710 CYP3A4_tdic=0.4543 is_TDI_2D6=0.1593 is_TDI_3A4=0.2334 CYP1A2_log2fc=0.6610 CYP2C9_log2fc=0.5196 CYP2D6_log2fc=0.6402 CYP3A4_log2fc=0.5562
ep16 train_mse=0.3435 val=0.2880 CYP1A2_direct=0.8310 CYP2C9_direct=0.6953 CYP2D6_direct=0.6540 CYP3A4_direct=0.4125 CYP1A2_tdic=0.7355 CYP2C9_tdic=0.7276 CYP2D6_tdic=0.9113 CYP3A4_tdic=0.4644 is_TDI_2D6=0.1588 is_TDI_3A4=0.2314 CYP1A2_log2fc=0.6695 CYP2C9_log2fc=0.5464 CYP2D6_log2fc=0.6315 CYP3A4_log2fc=0.5641
ep17 train_mse=0.3329 val=0.2905 CYP1A2_direct=0.8917 CYP2C9_direct=0.7156 CYP2D6_direct=0.6404 CYP3A4_direct=0.3790 CYP1A2_tdic=0.7895 CYP2C9_tdic=0.7444 CYP2D6_tdic=0.8352 CYP3A4_tdic=0.4234 is_TDI_2D6=0.1586 is_TDI_3A4=0.2346 CYP1A2_log2fc=0.6994 CYP2C9_log2fc=0.5325 CYP2D6_log2fc=0.6323 CYP3A4_log2fc=0.5305
ep18 train_mse=0.3284 val=0.2812 CYP1A2_direct=0.8036 CYP2C9_direct=0.7031 CYP2D6_direct=0.6081 CYP3A4_direct=0.3973 CYP1A2_tdic=0.7054 CYP2C9_tdic=0.7367 CYP2D6_tdic=0.8489 CYP3A4_tdic=0.4329 is_TDI_2D6=0.1569 is_TDI_3A4=0.2326 CYP1A2_log2fc=0.6507 CYP2C9_log2fc=0.5286 CYP2D6_log2fc=0.6251 CYP3A4_log2fc=0.5655
ep19 train_mse=0.3225 val=0.2837 CYP1A2_direct=0.7945 CYP2C9_direct=0.7326 CYP2D6_direct=0.6430 CYP3A4_direct=0.3676 CYP1A2_tdic=0.7029 CYP2C9_tdic=0.7654 CYP2D6_tdic=0.8991 CYP3A4_tdic=0.4200 is_TDI_2D6=0.1568 is_TDI_3A4=0.2341 CYP1A2_log2fc=0.6550 CYP2C9_log2fc=0.5335 CYP2D6_log2fc=0.6218 CYP3A4_log2fc=0.5283
ep20 train_mse=0.3184 val=0.2833 CYP1A2_direct=0.8663 CYP2C9_direct=0.6429 CYP2D6_direct=0.6288 CYP3A4_direct=0.3843 CYP1A2_tdic=0.7632 CYP2C9_tdic=0.6591 CYP2D6_tdic=0.8955 CYP3A4_tdic=0.4409 is_TDI_2D6=0.1589 is_TDI_3A4=0.2319 CYP1A2_log2fc=0.6550 CYP2C9_log2fc=0.5149 CYP2D6_log2fc=0.6220 CYP3A4_log2fc=0.5565
ep21 train_mse=0.3147 val=0.2843 CYP1A2_direct=0.8344 CYP2C9_direct=0.7031 CYP2D6_direct=0.6253 CYP3A4_direct=0.4037 CYP1A2_tdic=0.7396 CYP2C9_tdic=0.7237 CYP2D6_tdic=0.8573 CYP3A4_tdic=0.4433 is_TDI_2D6=0.1575 is_TDI_3A4=0.2315 CYP1A2_log2fc=0.6503 CYP2C9_log2fc=0.5357 CYP2D6_log2fc=0.6167 CYP3A4_log2fc=0.5670
ep22 train_mse=0.3041 val=0.2826 CYP1A2_direct=0.7992 CYP2C9_direct=0.6852 CYP2D6_direct=0.6377 CYP3A4_direct=0.3746 CYP1A2_tdic=0.7057 CYP2C9_tdic=0.7247 CYP2D6_tdic=0.8764 CYP3A4_tdic=0.4332 is_TDI_2D6=0.1575 is_TDI_3A4=0.2313 CYP1A2_log2fc=0.6430 CYP2C9_log2fc=0.5345 CYP2D6_log2fc=0.6099 CYP3A4_log2fc=0.5366
ep23 train_mse=0.2985 val=0.2871 CYP1A2_direct=0.8199 CYP2C9_direct=0.7075 CYP2D6_direct=0.6501 CYP3A4_direct=0.4024 CYP1A2_tdic=0.7356 CYP2C9_tdic=0.7317 CYP2D6_tdic=0.8777 CYP3A4_tdic=0.4405 is_TDI_2D6=0.1578 is_TDI_3A4=0.2290 CYP1A2_log2fc=0.6530 CYP2C9_log2fc=0.5345 CYP2D6_log2fc=0.6366 CYP3A4_log2fc=0.5639
ep24 train_mse=0.2949 val=0.2824 CYP1A2_direct=0.8071 CYP2C9_direct=0.7012 CYP2D6_direct=0.6309 CYP3A4_direct=0.3812 CYP1A2_tdic=0.7117 CYP2C9_tdic=0.7183 CYP2D6_tdic=0.8428 CYP3A4_tdic=0.4398 is_TDI_2D6=0.1592 is_TDI_3A4=0.2286 CYP1A2_log2fc=0.6600 CYP2C9_log2fc=0.5288 CYP2D6_log2fc=0.6182 CYP3A4_log2fc=0.5337
ep25 train_mse=0.2870 val=0.2829 CYP1A2_direct=0.8352 CYP2C9_direct=0.6690 CYP2D6_direct=0.6500 CYP3A4_direct=0.3699 CYP1A2_tdic=0.7396 CYP2C9_tdic=0.6848 CYP2D6_tdic=0.8703 CYP3A4_tdic=0.4385 is_TDI_2D6=0.1572 is_TDI_3A4=0.2301 CYP1A2_log2fc=0.6703 CYP2C9_log2fc=0.5171 CYP2D6_log2fc=0.6090 CYP3A4_log2fc=0.5235
ep26 train_mse=0.2828 val=0.2873 CYP1A2_direct=0.8393 CYP2C9_direct=0.7185 CYP2D6_direct=0.6502 CYP3A4_direct=0.3876 CYP1A2_tdic=0.7481 CYP2C9_tdic=0.7299 CYP2D6_tdic=0.8551 CYP3A4_tdic=0.4353 is_TDI_2D6=0.1570 is_TDI_3A4=0.2263 CYP1A2_log2fc=0.6732 CYP2C9_log2fc=0.5318 CYP2D6_log2fc=0.6206 CYP3A4_log2fc=0.5445
[L4_s3] fold 1 done 410s
[L4_s3 fold2] trainable 5.2M
GPU available: True (cuda), used: True
TPU available: False, using: 0 TPU cores
💡 Tip: For seamless cloud logging and experiment tracking, try installing [litlogger](https://pypi.org/project/litlogger/) to enable LitLogger, which logs metrics and artifacts automatically to the Lightning Experiments platform.
Seed set to 3
LOCAL_RANK: 0 - CUDA_VISIBLE_DEVICES: [0]
Loading `train_dataloader` to estimate number of stepping batches.
ep1 train_mse=0.0000 val=0.4535 CYP1A2_direct=1.0497 CYP2C9_direct=0.8395 CYP2D6_direct=1.2839 CYP3A4_direct=1.1280 CYP1A2_tdic=0.9640 CYP2C9_tdic=0.9492 CYP2D6_tdic=0.8208 CYP3A4_tdic=1.0747 is_TDI_2D6=0.2583 is_TDI_3A4=0.2286 CYP1A2_log2fc=0.9509 CYP2C9_log2fc=1.0072 CYP2D6_log2fc=1.0043 CYP3A4_log2fc=1.1876
ep1 train_mse=0.5457 val=0.3875 CYP1A2_direct=0.9840 CYP2C9_direct=0.7818 CYP2D6_direct=1.0144 CYP3A4_direct=1.0639 CYP1A2_tdic=0.9958 CYP2C9_tdic=0.8554 CYP2D6_tdic=0.7649 CYP3A4_tdic=1.0253 is_TDI_2D6=0.1934 is_TDI_3A4=0.2446 CYP1A2_log2fc=0.8220 CYP2C9_log2fc=0.8836 CYP2D6_log2fc=1.0118 CYP3A4_log2fc=1.0588
ep2 train_mse=0.5210 val=0.3733 CYP1A2_direct=0.9292 CYP2C9_direct=0.7875 CYP2D6_direct=1.0354 CYP3A4_direct=0.9263 CYP1A2_tdic=0.9130 CYP2C9_tdic=0.8292 CYP2D6_tdic=0.7709 CYP3A4_tdic=0.9311 is_TDI_2D6=0.1957 is_TDI_3A4=0.2354 CYP1A2_log2fc=0.7471 CYP2C9_log2fc=0.7656 CYP2D6_log2fc=0.9723 CYP3A4_log2fc=0.9263
ep3 train_mse=0.4921 val=0.3554 CYP1A2_direct=0.9454 CYP2C9_direct=0.6457 CYP2D6_direct=1.0459 CYP3A4_direct=0.7193 CYP1A2_tdic=0.9300 CYP2C9_tdic=0.6923 CYP2D6_tdic=0.7773 CYP3A4_tdic=0.7515 is_TDI_2D6=0.1913 is_TDI_3A4=0.2372 CYP1A2_log2fc=0.7074 CYP2C9_log2fc=0.7099 CYP2D6_log2fc=0.9008 CYP3A4_log2fc=0.8531
ep4 train_mse=0.4696 val=0.3728 CYP1A2_direct=0.9802 CYP2C9_direct=0.7674 CYP2D6_direct=1.0225 CYP3A4_direct=0.8875 CYP1A2_tdic=0.9606 CYP2C9_tdic=0.8143 CYP2D6_tdic=0.7731 CYP3A4_tdic=0.8865 is_TDI_2D6=0.1967 is_TDI_3A4=0.2382 CYP1A2_log2fc=0.7928 CYP2C9_log2fc=0.8225 CYP2D6_log2fc=0.9019 CYP3A4_log2fc=0.9499
ep5 train_mse=0.4575 val=0.3716 CYP1A2_direct=1.0073 CYP2C9_direct=0.7810 CYP2D6_direct=0.9185 CYP3A4_direct=0.9462 CYP1A2_tdic=0.9926 CYP2C9_tdic=0.7957 CYP2D6_tdic=0.7140 CYP3A4_tdic=0.8901 is_TDI_2D6=0.1955 is_TDI_3A4=0.2397 CYP1A2_log2fc=0.7820 CYP2C9_log2fc=0.8127 CYP2D6_log2fc=0.8402 CYP3A4_log2fc=1.0260
ep6 train_mse=0.4348 val=0.3335 CYP1A2_direct=0.9616 CYP2C9_direct=0.5490 CYP2D6_direct=0.8884 CYP3A4_direct=0.7327 CYP1A2_tdic=0.9508 CYP2C9_tdic=0.6147 CYP2D6_tdic=0.6721 CYP3A4_tdic=0.6819 is_TDI_2D6=0.1958 is_TDI_3A4=0.2412 CYP1A2_log2fc=0.6815 CYP2C9_log2fc=0.6232 CYP2D6_log2fc=0.7006 CYP3A4_log2fc=0.7270
ep7 train_mse=0.4207 val=0.3135 CYP1A2_direct=0.9363 CYP2C9_direct=0.5130 CYP2D6_direct=0.9236 CYP3A4_direct=0.5545 CYP1A2_tdic=0.9322 CYP2C9_tdic=0.5834 CYP2D6_tdic=0.6794 CYP3A4_tdic=0.5776 is_TDI_2D6=0.1958 is_TDI_3A4=0.2441 CYP1A2_log2fc=0.7156 CYP2C9_log2fc=0.5989 CYP2D6_log2fc=0.7060 CYP3A4_log2fc=0.6777
ep8 train_mse=0.4073 val=0.3185 CYP1A2_direct=0.9357 CYP2C9_direct=0.4802 CYP2D6_direct=0.8722 CYP3A4_direct=0.6564 CYP1A2_tdic=0.9210 CYP2C9_tdic=0.5347 CYP2D6_tdic=0.6596 CYP3A4_tdic=0.6298 is_TDI_2D6=0.2016 is_TDI_3A4=0.2439 CYP1A2_log2fc=0.6500 CYP2C9_log2fc=0.6049 CYP2D6_log2fc=0.6882 CYP3A4_log2fc=0.7121
ep9 train_mse=0.3990 val=0.3101 CYP1A2_direct=0.9297 CYP2C9_direct=0.5280 CYP2D6_direct=0.8744 CYP3A4_direct=0.5543 CYP1A2_tdic=0.9217 CYP2C9_tdic=0.5996 CYP2D6_tdic=0.6519 CYP3A4_tdic=0.5598 is_TDI_2D6=0.1960 is_TDI_3A4=0.2472 CYP1A2_log2fc=0.6844 CYP2C9_log2fc=0.6068 CYP2D6_log2fc=0.6468 CYP3A4_log2fc=0.6875
ep10 train_mse=0.3874 val=0.3042 CYP1A2_direct=0.8944 CYP2C9_direct=0.4618 CYP2D6_direct=0.8848 CYP3A4_direct=0.5246 CYP1A2_tdic=0.8762 CYP2C9_tdic=0.5155 CYP2D6_tdic=0.6807 CYP3A4_tdic=0.5341 is_TDI_2D6=0.1927 is_TDI_3A4=0.2441 CYP1A2_log2fc=0.6552 CYP2C9_log2fc=0.5415 CYP2D6_log2fc=0.7146 CYP3A4_log2fc=0.6554
ep11 train_mse=0.3814 val=0.3000 CYP1A2_direct=0.8720 CYP2C9_direct=0.4885 CYP2D6_direct=0.8507 CYP3A4_direct=0.5467 CYP1A2_tdic=0.8596 CYP2C9_tdic=0.5431 CYP2D6_tdic=0.6442 CYP3A4_tdic=0.5835 is_TDI_2D6=0.1948 is_TDI_3A4=0.2485 CYP1A2_log2fc=0.6456 CYP2C9_log2fc=0.5756 CYP2D6_log2fc=0.6475 CYP3A4_log2fc=0.6809
ep12 train_mse=0.3747 val=0.2921 CYP1A2_direct=0.8431 CYP2C9_direct=0.4577 CYP2D6_direct=0.8332 CYP3A4_direct=0.5170 CYP1A2_tdic=0.8316 CYP2C9_tdic=0.5275 CYP2D6_tdic=0.6498 CYP3A4_tdic=0.5355 is_TDI_2D6=0.2004 is_TDI_3A4=0.2483 CYP1A2_log2fc=0.6431 CYP2C9_log2fc=0.5649 CYP2D6_log2fc=0.6336 CYP3A4_log2fc=0.6499
ep13 train_mse=0.3628 val=0.2983 CYP1A2_direct=0.8521 CYP2C9_direct=0.4818 CYP2D6_direct=0.8409 CYP3A4_direct=0.5304 CYP1A2_tdic=0.8404 CYP2C9_tdic=0.5141 CYP2D6_tdic=0.6486 CYP3A4_tdic=0.5408 is_TDI_2D6=0.2005 is_TDI_3A4=0.2438 CYP1A2_log2fc=0.6405 CYP2C9_log2fc=0.5649 CYP2D6_log2fc=0.6349 CYP3A4_log2fc=0.6788
ep14 train_mse=0.3593 val=0.3124 CYP1A2_direct=0.8899 CYP2C9_direct=0.4886 CYP2D6_direct=0.8347 CYP3A4_direct=0.5920 CYP1A2_tdic=0.8616 CYP2C9_tdic=0.5310 CYP2D6_tdic=0.6516 CYP3A4_tdic=0.5457 is_TDI_2D6=0.1997 is_TDI_3A4=0.2459 CYP1A2_log2fc=0.6280 CYP2C9_log2fc=0.5487 CYP2D6_log2fc=0.6771 CYP3A4_log2fc=0.7064
ep15 train_mse=0.3534 val=0.3059 CYP1A2_direct=0.8444 CYP2C9_direct=0.4669 CYP2D6_direct=0.8633 CYP3A4_direct=0.5352 CYP1A2_tdic=0.8350 CYP2C9_tdic=0.4983 CYP2D6_tdic=0.6785 CYP3A4_tdic=0.5180 is_TDI_2D6=0.2014 is_TDI_3A4=0.2448 CYP1A2_log2fc=0.6390 CYP2C9_log2fc=0.5420 CYP2D6_log2fc=0.6192 CYP3A4_log2fc=0.6597
ep16 train_mse=0.3437 val=0.2926 CYP1A2_direct=0.8276 CYP2C9_direct=0.4395 CYP2D6_direct=0.8268 CYP3A4_direct=0.5232 CYP1A2_tdic=0.8144 CYP2C9_tdic=0.4648 CYP2D6_tdic=0.6429 CYP3A4_tdic=0.5141 is_TDI_2D6=0.1955 is_TDI_3A4=0.2472 CYP1A2_log2fc=0.6323 CYP2C9_log2fc=0.5447 CYP2D6_log2fc=0.6724 CYP3A4_log2fc=0.6596
ep17 train_mse=0.3454 val=0.2849 CYP1A2_direct=0.8135 CYP2C9_direct=0.4428 CYP2D6_direct=0.8206 CYP3A4_direct=0.4788 CYP1A2_tdic=0.8024 CYP2C9_tdic=0.4779 CYP2D6_tdic=0.6325 CYP3A4_tdic=0.4863 is_TDI_2D6=0.2024 is_TDI_3A4=0.2482 CYP1A2_log2fc=0.6198 CYP2C9_log2fc=0.5050 CYP2D6_log2fc=0.6221 CYP3A4_log2fc=0.6061
ep18 train_mse=0.3337 val=0.2895 CYP1A2_direct=0.8541 CYP2C9_direct=0.4427 CYP2D6_direct=0.8113 CYP3A4_direct=0.4988 CYP1A2_tdic=0.8403 CYP2C9_tdic=0.4654 CYP2D6_tdic=0.6324 CYP3A4_tdic=0.5262 is_TDI_2D6=0.1941 is_TDI_3A4=0.2484 CYP1A2_log2fc=0.6429 CYP2C9_log2fc=0.5198 CYP2D6_log2fc=0.6263 CYP3A4_log2fc=0.6076
ep19 train_mse=0.3281 val=0.2863 CYP1A2_direct=0.8048 CYP2C9_direct=0.4227 CYP2D6_direct=0.8235 CYP3A4_direct=0.4844 CYP1A2_tdic=0.7890 CYP2C9_tdic=0.4518 CYP2D6_tdic=0.6407 CYP3A4_tdic=0.4873 is_TDI_2D6=0.1981 is_TDI_3A4=0.2498 CYP1A2_log2fc=0.6180 CYP2C9_log2fc=0.4984 CYP2D6_log2fc=0.6398 CYP3A4_log2fc=0.6001
ep20 train_mse=0.3247 val=0.3060 CYP1A2_direct=0.8649 CYP2C9_direct=0.5766 CYP2D6_direct=0.8329 CYP3A4_direct=0.5882 CYP1A2_tdic=0.8371 CYP2C9_tdic=0.5812 CYP2D6_tdic=0.6538 CYP3A4_tdic=0.5693 is_TDI_2D6=0.2040 is_TDI_3A4=0.2419 CYP1A2_log2fc=0.6329 CYP2C9_log2fc=0.6059 CYP2D6_log2fc=0.6435 CYP3A4_log2fc=0.6672
ep21 train_mse=0.3161 val=0.2908 CYP1A2_direct=0.8068 CYP2C9_direct=0.4570 CYP2D6_direct=0.8047 CYP3A4_direct=0.5110 CYP1A2_tdic=0.8034 CYP2C9_tdic=0.4856 CYP2D6_tdic=0.6316 CYP3A4_tdic=0.5294 is_TDI_2D6=0.1981 is_TDI_3A4=0.2439 CYP1A2_log2fc=0.6104 CYP2C9_log2fc=0.5073 CYP2D6_log2fc=0.6408 CYP3A4_log2fc=0.6304
ep22 train_mse=0.3115 val=0.2847 CYP1A2_direct=0.7988 CYP2C9_direct=0.4274 CYP2D6_direct=0.8638 CYP3A4_direct=0.4722 CYP1A2_tdic=0.7854 CYP2C9_tdic=0.4530 CYP2D6_tdic=0.6900 CYP3A4_tdic=0.4893 is_TDI_2D6=0.1999 is_TDI_3A4=0.2474 CYP1A2_log2fc=0.6132 CYP2C9_log2fc=0.4869 CYP2D6_log2fc=0.6486 CYP3A4_log2fc=0.5808
ep23 train_mse=0.3060 val=0.2816 CYP1A2_direct=0.7986 CYP2C9_direct=0.4247 CYP2D6_direct=0.8708 CYP3A4_direct=0.4622 CYP1A2_tdic=0.7878 CYP2C9_tdic=0.4516 CYP2D6_tdic=0.6877 CYP3A4_tdic=0.4836 is_TDI_2D6=0.1988 is_TDI_3A4=0.2496 CYP1A2_log2fc=0.6156 CYP2C9_log2fc=0.4805 CYP2D6_log2fc=0.6329 CYP3A4_log2fc=0.5687
ep24 train_mse=0.3014 val=0.3049 CYP1A2_direct=0.8735 CYP2C9_direct=0.5167 CYP2D6_direct=0.8159 CYP3A4_direct=0.5557 CYP1A2_tdic=0.8490 CYP2C9_tdic=0.5202 CYP2D6_tdic=0.6646 CYP3A4_tdic=0.5283 is_TDI_2D6=0.2017 is_TDI_3A4=0.2444 CYP1A2_log2fc=0.6163 CYP2C9_log2fc=0.5473 CYP2D6_log2fc=0.6512 CYP3A4_log2fc=0.6318
ep25 train_mse=0.2971 val=0.2884 CYP1A2_direct=0.8171 CYP2C9_direct=0.4145 CYP2D6_direct=0.8694 CYP3A4_direct=0.4729 CYP1A2_tdic=0.7898 CYP2C9_tdic=0.4379 CYP2D6_tdic=0.6862 CYP3A4_tdic=0.4840 is_TDI_2D6=0.2021 is_TDI_3A4=0.2480 CYP1A2_log2fc=0.6120 CYP2C9_log2fc=0.4742 CYP2D6_log2fc=0.6447 CYP3A4_log2fc=0.5620
ep26 train_mse=0.2900 val=0.2877 CYP1A2_direct=0.8421 CYP2C9_direct=0.4331 CYP2D6_direct=0.8405 CYP3A4_direct=0.4785 CYP1A2_tdic=0.8259 CYP2C9_tdic=0.4555 CYP2D6_tdic=0.6820 CYP3A4_tdic=0.4853 is_TDI_2D6=0.1967 is_TDI_3A4=0.2478 CYP1A2_log2fc=0.6261 CYP2C9_log2fc=0.4927 CYP2D6_log2fc=0.6337 CYP3A4_log2fc=0.5622
ep27 train_mse=0.2862 val=0.2889 CYP1A2_direct=0.8717 CYP2C9_direct=0.4342 CYP2D6_direct=0.8287 CYP3A4_direct=0.4664 CYP1A2_tdic=0.8376 CYP2C9_tdic=0.4523 CYP2D6_tdic=0.6570 CYP3A4_tdic=0.4755 is_TDI_2D6=0.1990 is_TDI_3A4=0.2494 CYP1A2_log2fc=0.6191 CYP2C9_log2fc=0.5017 CYP2D6_log2fc=0.6519 CYP3A4_log2fc=0.5570
ep28 train_mse=0.2774 val=0.2917 CYP1A2_direct=0.9234 CYP2C9_direct=0.4257 CYP2D6_direct=0.9344 CYP3A4_direct=0.4353 CYP1A2_tdic=0.9072 CYP2C9_tdic=0.4510 CYP2D6_tdic=0.7722 CYP3A4_tdic=0.4613 is_TDI_2D6=0.1966 is_TDI_3A4=0.2479 CYP1A2_log2fc=0.6328 CYP2C9_log2fc=0.4810 CYP2D6_log2fc=0.6301 CYP3A4_log2fc=0.5261
ep29 train_mse=0.2741 val=0.2888 CYP1A2_direct=0.9053 CYP2C9_direct=0.4322 CYP2D6_direct=0.8324 CYP3A4_direct=0.4565 CYP1A2_tdic=0.8731 CYP2C9_tdic=0.4524 CYP2D6_tdic=0.6965 CYP3A4_tdic=0.4742 is_TDI_2D6=0.1954 is_TDI_3A4=0.2498 CYP1A2_log2fc=0.6296 CYP2C9_log2fc=0.5077 CYP2D6_log2fc=0.6314 CYP3A4_log2fc=0.5486
ep30 train_mse=0.2696 val=0.2907 CYP1A2_direct=0.8731 CYP2C9_direct=0.4417 CYP2D6_direct=0.8496 CYP3A4_direct=0.4916 CYP1A2_tdic=0.8419 CYP2C9_tdic=0.4571 CYP2D6_tdic=0.6779 CYP3A4_tdic=0.4986 is_TDI_2D6=0.1949 is_TDI_3A4=0.2446 CYP1A2_log2fc=0.6221 CYP2C9_log2fc=0.4915 CYP2D6_log2fc=0.6311 CYP3A4_log2fc=0.5676
ep31 train_mse=0.2644 val=0.2870 CYP1A2_direct=0.8979 CYP2C9_direct=0.4378 CYP2D6_direct=0.8628 CYP3A4_direct=0.4524 CYP1A2_tdic=0.8726 CYP2C9_tdic=0.4662 CYP2D6_tdic=0.7248 CYP3A4_tdic=0.4727 is_TDI_2D6=0.2017 is_TDI_3A4=0.2499 CYP1A2_log2fc=0.6228 CYP2C9_log2fc=0.4877 CYP2D6_log2fc=0.6540 CYP3A4_log2fc=0.5356
[L4_s3] fold 2 done 614s
[L4_s3 fold3] trainable 5.2M
GPU available: True (cuda), used: True
TPU available: False, using: 0 TPU cores
💡 Tip: For seamless cloud logging and experiment tracking, try installing [litlogger](https://pypi.org/project/litlogger/) to enable LitLogger, which logs metrics and artifacts automatically to the Lightning Experiments platform.
Seed set to 3
LOCAL_RANK: 0 - CUDA_VISIBLE_DEVICES: [0]
Loading `train_dataloader` to estimate number of stepping batches.
ep1 train_mse=0.0000 val=0.4353 CYP1A2_direct=1.1252 CYP2C9_direct=1.0864 CYP2D6_direct=0.7604 CYP3A4_direct=0.9569 CYP1A2_tdic=1.2593 CYP2C9_tdic=1.0811 CYP2D6_tdic=0.5903 CYP3A4_tdic=0.9623 is_TDI_2D6=0.2497 is_TDI_3A4=0.2168 CYP1A2_log2fc=1.0083 CYP2C9_log2fc=1.0713 CYP2D6_log2fc=0.8122 CYP3A4_log2fc=1.0182
ep1 train_mse=0.5535 val=0.3753 CYP1A2_direct=0.9808 CYP2C9_direct=0.8997 CYP2D6_direct=0.7789 CYP3A4_direct=0.9739 CYP1A2_tdic=0.9356 CYP2C9_tdic=0.8456 CYP2D6_tdic=0.7579 CYP3A4_tdic=0.9992 is_TDI_2D6=0.2376 is_TDI_3A4=0.1994 CYP1A2_log2fc=0.8969 CYP2C9_log2fc=0.8498 CYP2D6_log2fc=0.8658 CYP3A4_log2fc=0.9141
ep2 train_mse=0.5285 val=0.3498 CYP1A2_direct=0.8533 CYP2C9_direct=0.7974 CYP2D6_direct=0.8467 CYP3A4_direct=0.7389 CYP1A2_tdic=0.8534 CYP2C9_tdic=0.7509 CYP2D6_tdic=0.8328 CYP3A4_tdic=0.8471 is_TDI_2D6=0.2391 is_TDI_3A4=0.2044 CYP1A2_log2fc=0.8175 CYP2C9_log2fc=0.7604 CYP2D6_log2fc=0.8519 CYP3A4_log2fc=0.8068
ep3 train_mse=0.4993 val=0.3300 CYP1A2_direct=0.8101 CYP2C9_direct=0.6647 CYP2D6_direct=0.7999 CYP3A4_direct=0.6648 CYP1A2_tdic=0.8144 CYP2C9_tdic=0.6433 CYP2D6_tdic=0.7873 CYP3A4_tdic=0.8097 is_TDI_2D6=0.2435 is_TDI_3A4=0.2060 CYP1A2_log2fc=0.8310 CYP2C9_log2fc=0.7550 CYP2D6_log2fc=0.7766 CYP3A4_log2fc=0.7670
ep4 train_mse=0.4819 val=0.3105 CYP1A2_direct=0.7222 CYP2C9_direct=0.6072 CYP2D6_direct=0.7874 CYP3A4_direct=0.5631 CYP1A2_tdic=0.7301 CYP2C9_tdic=0.5832 CYP2D6_tdic=0.7896 CYP3A4_tdic=0.7152 is_TDI_2D6=0.2438 is_TDI_3A4=0.2042 CYP1A2_log2fc=0.7381 CYP2C9_log2fc=0.6679 CYP2D6_log2fc=0.7935 CYP3A4_log2fc=0.6691
ep5 train_mse=0.4575 val=0.3135 CYP1A2_direct=0.7608 CYP2C9_direct=0.7691 CYP2D6_direct=0.7566 CYP3A4_direct=0.4823 CYP1A2_tdic=0.7790 CYP2C9_tdic=0.7947 CYP2D6_tdic=0.7675 CYP3A4_tdic=0.6434 is_TDI_2D6=0.2389 is_TDI_3A4=0.2044 CYP1A2_log2fc=0.7579 CYP2C9_log2fc=0.6716 CYP2D6_log2fc=0.7837 CYP3A4_log2fc=0.6537
ep6 train_mse=0.4516 val=0.3029 CYP1A2_direct=0.7134 CYP2C9_direct=0.6249 CYP2D6_direct=0.7876 CYP3A4_direct=0.5197 CYP1A2_tdic=0.7235 CYP2C9_tdic=0.6047 CYP2D6_tdic=0.8078 CYP3A4_tdic=0.6758 is_TDI_2D6=0.2473 is_TDI_3A4=0.2048 CYP1A2_log2fc=0.7300 CYP2C9_log2fc=0.6446 CYP2D6_log2fc=0.6613 CYP3A4_log2fc=0.6353
ep7 train_mse=0.4284 val=0.2900 CYP1A2_direct=0.6915 CYP2C9_direct=0.5914 CYP2D6_direct=0.7400 CYP3A4_direct=0.4328 CYP1A2_tdic=0.7035 CYP2C9_tdic=0.5823 CYP2D6_tdic=0.7622 CYP3A4_tdic=0.6174 is_TDI_2D6=0.2479 is_TDI_3A4=0.2054 CYP1A2_log2fc=0.7168 CYP2C9_log2fc=0.6070 CYP2D6_log2fc=0.6439 CYP3A4_log2fc=0.6019
ep8 train_mse=0.4239 val=0.2816 CYP1A2_direct=0.6474 CYP2C9_direct=0.5675 CYP2D6_direct=0.7417 CYP3A4_direct=0.3986 CYP1A2_tdic=0.6563 CYP2C9_tdic=0.5367 CYP2D6_tdic=0.7674 CYP3A4_tdic=0.5971 is_TDI_2D6=0.2474 is_TDI_3A4=0.2042 CYP1A2_log2fc=0.6803 CYP2C9_log2fc=0.5847 CYP2D6_log2fc=0.6649 CYP3A4_log2fc=0.5886
ep9 train_mse=0.4072 val=0.2943 CYP1A2_direct=0.6316 CYP2C9_direct=0.6169 CYP2D6_direct=0.8371 CYP3A4_direct=0.4378 CYP1A2_tdic=0.6422 CYP2C9_tdic=0.5768 CYP2D6_tdic=0.8831 CYP3A4_tdic=0.6234 is_TDI_2D6=0.2579 is_TDI_3A4=0.2085 CYP1A2_log2fc=0.6730 CYP2C9_log2fc=0.5874 CYP2D6_log2fc=0.8131 CYP3A4_log2fc=0.6018
ep10 train_mse=0.4029 val=0.2802 CYP1A2_direct=0.6210 CYP2C9_direct=0.6416 CYP2D6_direct=0.7721 CYP3A4_direct=0.3857 CYP1A2_tdic=0.6286 CYP2C9_tdic=0.6106 CYP2D6_tdic=0.8009 CYP3A4_tdic=0.5675 is_TDI_2D6=0.2527 is_TDI_3A4=0.2086 CYP1A2_log2fc=0.6656 CYP2C9_log2fc=0.5617 CYP2D6_log2fc=0.6630 CYP3A4_log2fc=0.5570
ep11 train_mse=0.3905 val=0.2870 CYP1A2_direct=0.6345 CYP2C9_direct=0.5950 CYP2D6_direct=0.8314 CYP3A4_direct=0.4004 CYP1A2_tdic=0.6459 CYP2C9_tdic=0.5590 CYP2D6_tdic=0.8435 CYP3A4_tdic=0.5919 is_TDI_2D6=0.2579 is_TDI_3A4=0.2058 CYP1A2_log2fc=0.6864 CYP2C9_log2fc=0.5720 CYP2D6_log2fc=0.7207 CYP3A4_log2fc=0.6028
ep12 train_mse=0.3790 val=0.2835 CYP1A2_direct=0.6323 CYP2C9_direct=0.6590 CYP2D6_direct=0.7729 CYP3A4_direct=0.4063 CYP1A2_tdic=0.6408 CYP2C9_tdic=0.6077 CYP2D6_tdic=0.8119 CYP3A4_tdic=0.5951 is_TDI_2D6=0.2531 is_TDI_3A4=0.2081 CYP1A2_log2fc=0.6716 CYP2C9_log2fc=0.5480 CYP2D6_log2fc=0.6498 CYP3A4_log2fc=0.5594
ep13 train_mse=0.3728 val=0.2868 CYP1A2_direct=0.6220 CYP2C9_direct=0.6479 CYP2D6_direct=0.8188 CYP3A4_direct=0.4163 CYP1A2_tdic=0.6238 CYP2C9_tdic=0.6001 CYP2D6_tdic=0.8529 CYP3A4_tdic=0.5980 is_TDI_2D6=0.2547 is_TDI_3A4=0.2074 CYP1A2_log2fc=0.6739 CYP2C9_log2fc=0.5542 CYP2D6_log2fc=0.6345 CYP3A4_log2fc=0.5788
ep14 train_mse=0.3629 val=0.2816 CYP1A2_direct=0.6168 CYP2C9_direct=0.6102 CYP2D6_direct=0.8085 CYP3A4_direct=0.4042 CYP1A2_tdic=0.6198 CYP2C9_tdic=0.5529 CYP2D6_tdic=0.8259 CYP3A4_tdic=0.5945 is_TDI_2D6=0.2594 is_TDI_3A4=0.2045 CYP1A2_log2fc=0.6467 CYP2C9_log2fc=0.5390 CYP2D6_log2fc=0.6293 CYP3A4_log2fc=0.5863
ep15 train_mse=0.3652 val=0.2893 CYP1A2_direct=0.6193 CYP2C9_direct=0.6873 CYP2D6_direct=0.9354 CYP3A4_direct=0.3899 CYP1A2_tdic=0.6200 CYP2C9_tdic=0.6424 CYP2D6_tdic=0.9849 CYP3A4_tdic=0.5449 is_TDI_2D6=0.2559 is_TDI_3A4=0.2058 CYP1A2_log2fc=0.6552 CYP2C9_log2fc=0.5461 CYP2D6_log2fc=0.6652 CYP3A4_log2fc=0.5425
ep16 train_mse=0.3551 val=0.2812 CYP1A2_direct=0.6037 CYP2C9_direct=0.6224 CYP2D6_direct=0.8899 CYP3A4_direct=0.3788 CYP1A2_tdic=0.6056 CYP2C9_tdic=0.5734 CYP2D6_tdic=0.9127 CYP3A4_tdic=0.5294 is_TDI_2D6=0.2584 is_TDI_3A4=0.2058 CYP1A2_log2fc=0.6320 CYP2C9_log2fc=0.5030 CYP2D6_log2fc=0.6564 CYP3A4_log2fc=0.5216
ep17 train_mse=0.3443 val=0.2789 CYP1A2_direct=0.6173 CYP2C9_direct=0.6466 CYP2D6_direct=0.8666 CYP3A4_direct=0.3439 CYP1A2_tdic=0.6116 CYP2C9_tdic=0.6023 CYP2D6_tdic=0.9015 CYP3A4_tdic=0.4997 is_TDI_2D6=0.2524 is_TDI_3A4=0.2055 CYP1A2_log2fc=0.6343 CYP2C9_log2fc=0.5195 CYP2D6_log2fc=0.6217 CYP3A4_log2fc=0.5093
ep18 train_mse=0.3388 val=0.2799 CYP1A2_direct=0.6348 CYP2C9_direct=0.6728 CYP2D6_direct=0.8339 CYP3A4_direct=0.3731 CYP1A2_tdic=0.6334 CYP2C9_tdic=0.6287 CYP2D6_tdic=0.8659 CYP3A4_tdic=0.5068 is_TDI_2D6=0.2511 is_TDI_3A4=0.2045 CYP1A2_log2fc=0.6466 CYP2C9_log2fc=0.5305 CYP2D6_log2fc=0.6133 CYP3A4_log2fc=0.5292
ep19 train_mse=0.3315 val=0.2791 CYP1A2_direct=0.6194 CYP2C9_direct=0.6789 CYP2D6_direct=0.8603 CYP3A4_direct=0.3586 CYP1A2_tdic=0.6128 CYP2C9_tdic=0.6199 CYP2D6_tdic=0.8832 CYP3A4_tdic=0.4875 is_TDI_2D6=0.2548 is_TDI_3A4=0.2054 CYP1A2_log2fc=0.6271 CYP2C9_log2fc=0.5328 CYP2D6_log2fc=0.6123 CYP3A4_log2fc=0.5114
ep20 train_mse=0.3275 val=0.2837 CYP1A2_direct=0.6146 CYP2C9_direct=0.6661 CYP2D6_direct=0.9262 CYP3A4_direct=0.3843 CYP1A2_tdic=0.6083 CYP2C9_tdic=0.6080 CYP2D6_tdic=0.9556 CYP3A4_tdic=0.5064 is_TDI_2D6=0.2539 is_TDI_3A4=0.2070 CYP1A2_log2fc=0.6233 CYP2C9_log2fc=0.5241 CYP2D6_log2fc=0.6331 CYP3A4_log2fc=0.5258
ep21 train_mse=0.3221 val=0.2772 CYP1A2_direct=0.6053 CYP2C9_direct=0.6318 CYP2D6_direct=0.9273 CYP3A4_direct=0.3363 CYP1A2_tdic=0.5986 CYP2C9_tdic=0.5884 CYP2D6_tdic=0.9432 CYP3A4_tdic=0.4690 is_TDI_2D6=0.2538 is_TDI_3A4=0.2041 CYP1A2_log2fc=0.6209 CYP2C9_log2fc=0.5021 CYP2D6_log2fc=0.6431 CYP3A4_log2fc=0.4934
ep22 train_mse=0.3148 val=0.2890 CYP1A2_direct=0.6279 CYP2C9_direct=0.6992 CYP2D6_direct=0.9990 CYP3A4_direct=0.3699 CYP1A2_tdic=0.6234 CYP2C9_tdic=0.6324 CYP2D6_tdic=1.0239 CYP3A4_tdic=0.4891 is_TDI_2D6=0.2582 is_TDI_3A4=0.2055 CYP1A2_log2fc=0.6196 CYP2C9_log2fc=0.5197 CYP2D6_log2fc=0.7003 CYP3A4_log2fc=0.4995
ep23 train_mse=0.3084 val=0.2815 CYP1A2_direct=0.6576 CYP2C9_direct=0.6604 CYP2D6_direct=0.9514 CYP3A4_direct=0.3396 CYP1A2_tdic=0.6470 CYP2C9_tdic=0.5979 CYP2D6_tdic=0.9852 CYP3A4_tdic=0.4545 is_TDI_2D6=0.2505 is_TDI_3A4=0.2072 CYP1A2_log2fc=0.6169 CYP2C9_log2fc=0.4929 CYP2D6_log2fc=0.6228 CYP3A4_log2fc=0.4804
ep24 train_mse=0.3029 val=0.2785 CYP1A2_direct=0.6496 CYP2C9_direct=0.6515 CYP2D6_direct=0.9104 CYP3A4_direct=0.3418 CYP1A2_tdic=0.6455 CYP2C9_tdic=0.6033 CYP2D6_tdic=0.9416 CYP3A4_tdic=0.4586 is_TDI_2D6=0.2561 is_TDI_3A4=0.2062 CYP1A2_log2fc=0.6303 CYP2C9_log2fc=0.4977 CYP2D6_log2fc=0.6177 CYP3A4_log2fc=0.4718
ep25 train_mse=0.2955 val=0.2796 CYP1A2_direct=0.6444 CYP2C9_direct=0.6435 CYP2D6_direct=0.9246 CYP3A4_direct=0.3448 CYP1A2_tdic=0.6340 CYP2C9_tdic=0.5767 CYP2D6_tdic=0.9386 CYP3A4_tdic=0.4819 is_TDI_2D6=0.2530 is_TDI_3A4=0.2048 CYP1A2_log2fc=0.6037 CYP2C9_log2fc=0.4989 CYP2D6_log2fc=0.6204 CYP3A4_log2fc=0.4946
ep26 train_mse=0.2893 val=0.2934 CYP1A2_direct=0.6281 CYP2C9_direct=0.6946 CYP2D6_direct=1.0460 CYP3A4_direct=0.3933 CYP1A2_tdic=0.6141 CYP2C9_tdic=0.6268 CYP2D6_tdic=1.0634 CYP3A4_tdic=0.5151 is_TDI_2D6=0.2526 is_TDI_3A4=0.2032 CYP1A2_log2fc=0.6207 CYP2C9_log2fc=0.6059 CYP2D6_log2fc=0.6433 CYP3A4_log2fc=0.5742
ep27 train_mse=0.2862 val=0.2845 CYP1A2_direct=0.6082 CYP2C9_direct=0.6458 CYP2D6_direct=1.0676 CYP3A4_direct=0.3296 CYP1A2_tdic=0.5954 CYP2C9_tdic=0.5985 CYP2D6_tdic=1.1074 CYP3A4_tdic=0.4528 is_TDI_2D6=0.2555 is_TDI_3A4=0.2050 CYP1A2_log2fc=0.5964 CYP2C9_log2fc=0.4929 CYP2D6_log2fc=0.6427 CYP3A4_log2fc=0.4646
ep28 train_mse=0.2757 val=0.2830 CYP1A2_direct=0.6287 CYP2C9_direct=0.6529 CYP2D6_direct=1.0582 CYP3A4_direct=0.3359 CYP1A2_tdic=0.6147 CYP2C9_tdic=0.5955 CYP2D6_tdic=1.0834 CYP3A4_tdic=0.4419 is_TDI_2D6=0.2553 is_TDI_3A4=0.2047 CYP1A2_log2fc=0.5861 CYP2C9_log2fc=0.4993 CYP2D6_log2fc=0.6173 CYP3A4_log2fc=0.4689
ep29 train_mse=0.2742 val=0.2820 CYP1A2_direct=0.6168 CYP2C9_direct=0.6719 CYP2D6_direct=1.0378 CYP3A4_direct=0.3341 CYP1A2_tdic=0.6080 CYP2C9_tdic=0.6101 CYP2D6_tdic=1.0727 CYP3A4_tdic=0.4598 is_TDI_2D6=0.2566 is_TDI_3A4=0.2037 CYP1A2_log2fc=0.6010 CYP2C9_log2fc=0.4875 CYP2D6_log2fc=0.6428 CYP3A4_log2fc=0.4658
[L4_s3] fold 3 done 806s
[L4_s3 fold4] trainable 5.2M
GPU available: True (cuda), used: True
TPU available: False, using: 0 TPU cores
💡 Tip: For seamless cloud logging and experiment tracking, try installing [litlogger](https://pypi.org/project/litlogger/) to enable LitLogger, which logs metrics and artifacts automatically to the Lightning Experiments platform.
Seed set to 3
LOCAL_RANK: 0 - CUDA_VISIBLE_DEVICES: [0]
Loading `train_dataloader` to estimate number of stepping batches.
ep1 train_mse=0.0000 val=0.4128 CYP1A2_direct=0.9698 CYP2C9_direct=0.6912 CYP2D6_direct=1.0113 CYP3A4_direct=0.9159 CYP1A2_tdic=0.8700 CYP2C9_tdic=0.6122 CYP2D6_tdic=0.7866 CYP3A4_tdic=0.9736 is_TDI_2D6=0.2822 is_TDI_3A4=0.2230 CYP1A2_log2fc=0.8351 CYP2C9_log2fc=0.9009 CYP2D6_log2fc=1.1258 CYP3A4_log2fc=1.0036
ep1 train_mse=0.5560 val=0.3780 CYP1A2_direct=0.8627 CYP2C9_direct=0.8693 CYP2D6_direct=1.0185 CYP3A4_direct=0.9712 CYP1A2_tdic=0.9010 CYP2C9_tdic=0.8421 CYP2D6_tdic=1.0144 CYP3A4_tdic=0.9564 is_TDI_2D6=0.2238 is_TDI_3A4=0.2220 CYP1A2_log2fc=0.7359 CYP2C9_log2fc=0.8718 CYP2D6_log2fc=1.1097 CYP3A4_log2fc=0.9444
ep2 train_mse=0.5268 val=0.3862 CYP1A2_direct=0.9198 CYP2C9_direct=1.0393 CYP2D6_direct=1.0097 CYP3A4_direct=0.9802 CYP1A2_tdic=0.9426 CYP2C9_tdic=1.0377 CYP2D6_tdic=0.9993 CYP3A4_tdic=0.9854 is_TDI_2D6=0.2159 is_TDI_3A4=0.2217 CYP1A2_log2fc=0.6973 CYP2C9_log2fc=0.8243 CYP2D6_log2fc=1.0896 CYP3A4_log2fc=0.8982
ep3 train_mse=0.5034 val=0.3628 CYP1A2_direct=0.8571 CYP2C9_direct=0.9074 CYP2D6_direct=1.0117 CYP3A4_direct=0.7730 CYP1A2_tdic=0.8906 CYP2C9_tdic=0.8508 CYP2D6_tdic=1.0169 CYP3A4_tdic=0.8447 is_TDI_2D6=0.2218 is_TDI_3A4=0.2226 CYP1A2_log2fc=0.6896 CYP2C9_log2fc=0.7051 CYP2D6_log2fc=1.0545 CYP3A4_log2fc=0.8128
ep4 train_mse=0.4638 val=0.3441 CYP1A2_direct=0.8918 CYP2C9_direct=0.8783 CYP2D6_direct=0.8970 CYP3A4_direct=0.6573 CYP1A2_tdic=0.9269 CYP2C9_tdic=0.7941 CYP2D6_tdic=0.9113 CYP3A4_tdic=0.7282 is_TDI_2D6=0.2184 is_TDI_3A4=0.2276 CYP1A2_log2fc=0.7334 CYP2C9_log2fc=0.6945 CYP2D6_log2fc=0.9214 CYP3A4_log2fc=0.7707
ep5 train_mse=0.4356 val=0.3472 CYP1A2_direct=0.9662 CYP2C9_direct=0.9475 CYP2D6_direct=0.8861 CYP3A4_direct=0.6335 CYP1A2_tdic=0.9839 CYP2C9_tdic=0.8494 CYP2D6_tdic=0.9001 CYP3A4_tdic=0.6630 is_TDI_2D6=0.2127 is_TDI_3A4=0.2305 CYP1A2_log2fc=0.8219 CYP2C9_log2fc=0.6845 CYP2D6_log2fc=0.8759 CYP3A4_log2fc=0.7508
ep6 train_mse=0.4371 val=0.3286 CYP1A2_direct=0.9549 CYP2C9_direct=0.8369 CYP2D6_direct=0.8778 CYP3A4_direct=0.5289 CYP1A2_tdic=0.9847 CYP2C9_tdic=0.7699 CYP2D6_tdic=0.9010 CYP3A4_tdic=0.6116 is_TDI_2D6=0.2138 is_TDI_3A4=0.2277 CYP1A2_log2fc=0.6697 CYP2C9_log2fc=0.5620 CYP2D6_log2fc=0.8497 CYP3A4_log2fc=0.6807
ep7 train_mse=0.4222 val=0.3259 CYP1A2_direct=0.9474 CYP2C9_direct=0.8589 CYP2D6_direct=0.8448 CYP3A4_direct=0.5207 CYP1A2_tdic=0.9779 CYP2C9_tdic=0.8040 CYP2D6_tdic=0.8771 CYP3A4_tdic=0.5998 is_TDI_2D6=0.2162 is_TDI_3A4=0.2264 CYP1A2_log2fc=0.6505 CYP2C9_log2fc=0.5968 CYP2D6_log2fc=0.7822 CYP3A4_log2fc=0.6924
ep8 train_mse=0.4120 val=0.3310 CYP1A2_direct=0.9260 CYP2C9_direct=0.8596 CYP2D6_direct=0.8534 CYP3A4_direct=0.5719 CYP1A2_tdic=0.9344 CYP2C9_tdic=0.7618 CYP2D6_tdic=0.8578 CYP3A4_tdic=0.6012 is_TDI_2D6=0.2283 is_TDI_3A4=0.2246 CYP1A2_log2fc=0.7721 CYP2C9_log2fc=0.6609 CYP2D6_log2fc=0.7993 CYP3A4_log2fc=0.7272
ep9 train_mse=0.3978 val=0.3186 CYP1A2_direct=0.8895 CYP2C9_direct=0.8318 CYP2D6_direct=0.8279 CYP3A4_direct=0.5044 CYP1A2_tdic=0.9060 CYP2C9_tdic=0.7376 CYP2D6_tdic=0.8467 CYP3A4_tdic=0.5774 is_TDI_2D6=0.2274 is_TDI_3A4=0.2249 CYP1A2_log2fc=0.7261 CYP2C9_log2fc=0.5852 CYP2D6_log2fc=0.7969 CYP3A4_log2fc=0.6965
ep10 train_mse=0.3876 val=0.3102 CYP1A2_direct=0.8769 CYP2C9_direct=0.7928 CYP2D6_direct=0.8202 CYP3A4_direct=0.4696 CYP1A2_tdic=0.8850 CYP2C9_tdic=0.7103 CYP2D6_tdic=0.8350 CYP3A4_tdic=0.5334 is_TDI_2D6=0.2253 is_TDI_3A4=0.2298 CYP1A2_log2fc=0.6626 CYP2C9_log2fc=0.5332 CYP2D6_log2fc=0.7776 CYP3A4_log2fc=0.6823
ep11 train_mse=0.3764 val=0.3213 CYP1A2_direct=0.9339 CYP2C9_direct=0.8180 CYP2D6_direct=0.9290 CYP3A4_direct=0.4919 CYP1A2_tdic=0.9524 CYP2C9_tdic=0.7559 CYP2D6_tdic=0.9546 CYP3A4_tdic=0.5259 is_TDI_2D6=0.2217 is_TDI_3A4=0.2258 CYP1A2_log2fc=0.6333 CYP2C9_log2fc=0.5057 CYP2D6_log2fc=0.9163 CYP3A4_log2fc=0.6675
ep12 train_mse=0.3694 val=0.3129 CYP1A2_direct=0.8988 CYP2C9_direct=0.7718 CYP2D6_direct=0.8267 CYP3A4_direct=0.4783 CYP1A2_tdic=0.9174 CYP2C9_tdic=0.7125 CYP2D6_tdic=0.8399 CYP3A4_tdic=0.5227 is_TDI_2D6=0.2222 is_TDI_3A4=0.2304 CYP1A2_log2fc=0.6371 CYP2C9_log2fc=0.5294 CYP2D6_log2fc=0.8091 CYP3A4_log2fc=0.7095
ep13 train_mse=0.3611 val=0.3083 CYP1A2_direct=0.8441 CYP2C9_direct=0.7954 CYP2D6_direct=0.8217 CYP3A4_direct=0.4557 CYP1A2_tdic=0.8522 CYP2C9_tdic=0.7177 CYP2D6_tdic=0.8475 CYP3A4_tdic=0.5009 is_TDI_2D6=0.2255 is_TDI_3A4=0.2297 CYP1A2_log2fc=0.6479 CYP2C9_log2fc=0.5135 CYP2D6_log2fc=0.8076 CYP3A4_log2fc=0.6812
ep14 train_mse=0.3549 val=0.3067 CYP1A2_direct=0.9287 CYP2C9_direct=0.7404 CYP2D6_direct=0.8439 CYP3A4_direct=0.4452 CYP1A2_tdic=0.9403 CYP2C9_tdic=0.6637 CYP2D6_tdic=0.8498 CYP3A4_tdic=0.5132 is_TDI_2D6=0.2256 is_TDI_3A4=0.2281 CYP1A2_log2fc=0.6376 CYP2C9_log2fc=0.4897 CYP2D6_log2fc=0.8452 CYP3A4_log2fc=0.6577
ep15 train_mse=0.3505 val=0.3055 CYP1A2_direct=0.9014 CYP2C9_direct=0.7437 CYP2D6_direct=0.8283 CYP3A4_direct=0.4378 CYP1A2_tdic=0.9104 CYP2C9_tdic=0.6625 CYP2D6_tdic=0.8621 CYP3A4_tdic=0.4917 is_TDI_2D6=0.2261 is_TDI_3A4=0.2336 CYP1A2_log2fc=0.6342 CYP2C9_log2fc=0.5083 CYP2D6_log2fc=0.7578 CYP3A4_log2fc=0.6547
ep16 train_mse=0.3417 val=0.3013 CYP1A2_direct=0.8955 CYP2C9_direct=0.7433 CYP2D6_direct=0.8279 CYP3A4_direct=0.4242 CYP1A2_tdic=0.9052 CYP2C9_tdic=0.6639 CYP2D6_tdic=0.8529 CYP3A4_tdic=0.4886 is_TDI_2D6=0.2263 is_TDI_3A4=0.2330 CYP1A2_log2fc=0.6365 CYP2C9_log2fc=0.4854 CYP2D6_log2fc=0.7588 CYP3A4_log2fc=0.6476
ep17 train_mse=0.3332 val=0.2981 CYP1A2_direct=0.8848 CYP2C9_direct=0.7357 CYP2D6_direct=0.8654 CYP3A4_direct=0.4046 CYP1A2_tdic=0.8925 CYP2C9_tdic=0.6488 CYP2D6_tdic=0.8926 CYP3A4_tdic=0.4773 is_TDI_2D6=0.2279 is_TDI_3A4=0.2298 CYP1A2_log2fc=0.6276 CYP2C9_log2fc=0.4839 CYP2D6_log2fc=0.7688 CYP3A4_log2fc=0.6292
ep18 train_mse=0.3269 val=0.2960 CYP1A2_direct=0.8206 CYP2C9_direct=0.7065 CYP2D6_direct=0.8596 CYP3A4_direct=0.4410 CYP1A2_tdic=0.8328 CYP2C9_tdic=0.6276 CYP2D6_tdic=0.8782 CYP3A4_tdic=0.4892 is_TDI_2D6=0.2276 is_TDI_3A4=0.2331 CYP1A2_log2fc=0.6431 CYP2C9_log2fc=0.5053 CYP2D6_log2fc=0.7615 CYP3A4_log2fc=0.6426
ep19 train_mse=0.3263 val=0.3042 CYP1A2_direct=0.9459 CYP2C9_direct=0.7309 CYP2D6_direct=0.8573 CYP3A4_direct=0.4352 CYP1A2_tdic=0.9660 CYP2C9_tdic=0.6755 CYP2D6_tdic=0.8831 CYP3A4_tdic=0.4848 is_TDI_2D6=0.2220 is_TDI_3A4=0.2299 CYP1A2_log2fc=0.6180 CYP2C9_log2fc=0.4841 CYP2D6_log2fc=0.7948 CYP3A4_log2fc=0.6479
ep20 train_mse=0.3160 val=0.3174 CYP1A2_direct=0.8219 CYP2C9_direct=0.8202 CYP2D6_direct=0.8886 CYP3A4_direct=0.5438 CYP1A2_tdic=0.8381 CYP2C9_tdic=0.7094 CYP2D6_tdic=0.9039 CYP3A4_tdic=0.5396 is_TDI_2D6=0.2299 is_TDI_3A4=0.2351 CYP1A2_log2fc=0.6694 CYP2C9_log2fc=0.5790 CYP2D6_log2fc=0.7603 CYP3A4_log2fc=0.7046
ep21 train_mse=0.3124 val=0.2988 CYP1A2_direct=0.8619 CYP2C9_direct=0.7242 CYP2D6_direct=0.8583 CYP3A4_direct=0.4446 CYP1A2_tdic=0.8719 CYP2C9_tdic=0.6460 CYP2D6_tdic=0.8776 CYP3A4_tdic=0.5008 is_TDI_2D6=0.2275 is_TDI_3A4=0.2344 CYP1A2_log2fc=0.6294 CYP2C9_log2fc=0.4902 CYP2D6_log2fc=0.7499 CYP3A4_log2fc=0.6198
ep22 train_mse=0.3043 val=0.3054 CYP1A2_direct=0.9445 CYP2C9_direct=0.7902 CYP2D6_direct=0.8574 CYP3A4_direct=0.4560 CYP1A2_tdic=0.9591 CYP2C9_tdic=0.7216 CYP2D6_tdic=0.8705 CYP3A4_tdic=0.5101 is_TDI_2D6=0.2247 is_TDI_3A4=0.2314 CYP1A2_log2fc=0.6212 CYP2C9_log2fc=0.5018 CYP2D6_log2fc=0.7869 CYP3A4_log2fc=0.6440
ep23 train_mse=0.2986 val=0.3033 CYP1A2_direct=0.8731 CYP2C9_direct=0.7527 CYP2D6_direct=0.8803 CYP3A4_direct=0.4701 CYP1A2_tdic=0.8849 CYP2C9_tdic=0.6540 CYP2D6_tdic=0.8810 CYP3A4_tdic=0.4926 is_TDI_2D6=0.2281 is_TDI_3A4=0.2328 CYP1A2_log2fc=0.6660 CYP2C9_log2fc=0.5136 CYP2D6_log2fc=0.7410 CYP3A4_log2fc=0.6454
ep24 train_mse=0.2940 val=0.3034 CYP1A2_direct=0.9280 CYP2C9_direct=0.7617 CYP2D6_direct=0.8987 CYP3A4_direct=0.4248 CYP1A2_tdic=0.9371 CYP2C9_tdic=0.6627 CYP2D6_tdic=0.8927 CYP3A4_tdic=0.4702 is_TDI_2D6=0.2268 is_TDI_3A4=0.2327 CYP1A2_log2fc=0.6551 CYP2C9_log2fc=0.4772 CYP2D6_log2fc=0.7298 CYP3A4_log2fc=0.6035
ep25 train_mse=0.2852 val=0.3040 CYP1A2_direct=0.9432 CYP2C9_direct=0.7710 CYP2D6_direct=0.8930 CYP3A4_direct=0.4555 CYP1A2_tdic=0.9511 CYP2C9_tdic=0.6825 CYP2D6_tdic=0.9005 CYP3A4_tdic=0.4932 is_TDI_2D6=0.2285 is_TDI_3A4=0.2337 CYP1A2_log2fc=0.6421 CYP2C9_log2fc=0.4860 CYP2D6_log2fc=0.7433 CYP3A4_log2fc=0.6047
ep26 train_mse=0.2803 val=0.3044 CYP1A2_direct=0.9765 CYP2C9_direct=0.7661 CYP2D6_direct=0.9211 CYP3A4_direct=0.4212 CYP1A2_tdic=0.9884 CYP2C9_tdic=0.6676 CYP2D6_tdic=0.9140 CYP3A4_tdic=0.4658 is_TDI_2D6=0.2290 is_TDI_3A4=0.2315 CYP1A2_log2fc=0.6640 CYP2C9_log2fc=0.4742 CYP2D6_log2fc=0.7642 CYP3A4_log2fc=0.6015
[L4_s3] fold 4 done 979s
[L4_s3 all] trainable 5.2M
GPU available: True (cuda), used: True
TPU available: False, using: 0 TPU cores
💡 Tip: For seamless cloud logging and experiment tracking, try installing [litlogger](https://pypi.org/project/litlogger/) to enable LitLogger, which logs metrics and artifacts automatically to the Lightning Experiments platform.
Seed set to 3
LOCAL_RANK: 0 - CUDA_VISIBLE_DEVICES: [0]
Loading `train_dataloader` to estimate number of stepping batches.
ep1 train_mse=0.0000 val=0.4031 CYP1A2_direct=1.3074 CYP2C9_direct=0.6621 CYP2D6_direct=0.5803 CYP3A4_direct=0.7679 CYP1A2_tdic=1.2094 CYP2C9_tdic=0.5374 CYP2D6_tdic=0.6894 CYP3A4_tdic=0.9861 is_TDI_2D6=0.2565 is_TDI_3A4=0.2404 CYP1A2_log2fc=0.9609 CYP2C9_log2fc=0.8581 CYP2D6_log2fc=0.8325 CYP3A4_log2fc=0.8402
ep1 train_mse=0.6126 val=0.3661 CYP1A2_direct=1.0182 CYP2C9_direct=0.7147 CYP2D6_direct=0.8172 CYP3A4_direct=0.8376 CYP1A2_tdic=1.0458 CYP2C9_tdic=0.6917 CYP2D6_tdic=0.8023 CYP3A4_tdic=0.9440 is_TDI_2D6=0.2397 is_TDI_3A4=0.2222 CYP1A2_log2fc=0.8044 CYP2C9_log2fc=0.7935 CYP2D6_log2fc=0.9273 CYP3A4_log2fc=0.8435
ep2 train_mse=0.5724 val=0.3976 CYP1A2_direct=1.0537 CYP2C9_direct=1.0826 CYP2D6_direct=0.8417 CYP3A4_direct=0.9272 CYP1A2_tdic=1.0617 CYP2C9_tdic=1.0183 CYP2D6_tdic=0.8116 CYP3A4_tdic=0.9921 is_TDI_2D6=0.2348 is_TDI_3A4=0.2575 CYP1A2_log2fc=0.9612 CYP2C9_log2fc=0.9869 CYP2D6_log2fc=1.0093 CYP3A4_log2fc=1.0606
ep3 train_mse=0.5427 val=0.3378 CYP1A2_direct=0.9369 CYP2C9_direct=0.6549 CYP2D6_direct=0.7933 CYP3A4_direct=0.6213 CYP1A2_tdic=0.9342 CYP2C9_tdic=0.6503 CYP2D6_tdic=0.7859 CYP3A4_tdic=0.7762 is_TDI_2D6=0.2520 is_TDI_3A4=0.2356 CYP1A2_log2fc=0.7509 CYP2C9_log2fc=0.6898 CYP2D6_log2fc=0.8607 CYP3A4_log2fc=0.7189
ep4 train_mse=0.5055 val=0.3413 CYP1A2_direct=0.9673 CYP2C9_direct=0.6380 CYP2D6_direct=0.7045 CYP3A4_direct=0.7371 CYP1A2_tdic=0.9741 CYP2C9_tdic=0.6337 CYP2D6_tdic=0.7032 CYP3A4_tdic=0.7935 is_TDI_2D6=0.2538 is_TDI_3A4=0.2381 CYP1A2_log2fc=0.8043 CYP2C9_log2fc=0.7585 CYP2D6_log2fc=0.8195 CYP3A4_log2fc=0.7922
ep5 train_mse=0.4775 val=0.3612 CYP1A2_direct=1.1939 CYP2C9_direct=0.7152 CYP2D6_direct=0.6734 CYP3A4_direct=0.7902 CYP1A2_tdic=1.1966 CYP2C9_tdic=0.7043 CYP2D6_tdic=0.6549 CYP3A4_tdic=0.8131 is_TDI_2D6=0.2542 is_TDI_3A4=0.2206 CYP1A2_log2fc=0.9152 CYP2C9_log2fc=0.7532 CYP2D6_log2fc=0.7833 CYP3A4_log2fc=0.8114
ep6 train_mse=0.4726 val=0.3427 CYP1A2_direct=0.9865 CYP2C9_direct=0.6353 CYP2D6_direct=0.6879 CYP3A4_direct=0.7761 CYP1A2_tdic=0.9822 CYP2C9_tdic=0.6337 CYP2D6_tdic=0.6667 CYP3A4_tdic=0.8139 is_TDI_2D6=0.2551 is_TDI_3A4=0.2229 CYP1A2_log2fc=0.8110 CYP2C9_log2fc=0.6877 CYP2D6_log2fc=0.8032 CYP3A4_log2fc=0.7335
ep7 train_mse=0.4593 val=0.3089 CYP1A2_direct=0.9055 CYP2C9_direct=0.6073 CYP2D6_direct=0.6793 CYP3A4_direct=0.4783 CYP1A2_tdic=0.9092 CYP2C9_tdic=0.5925 CYP2D6_tdic=0.6722 CYP3A4_tdic=0.6062 is_TDI_2D6=0.2511 is_TDI_3A4=0.2253 CYP1A2_log2fc=0.6850 CYP2C9_log2fc=0.5746 CYP2D6_log2fc=0.7449 CYP3A4_log2fc=0.6412
ep8 train_mse=0.4439 val=0.3112 CYP1A2_direct=0.9379 CYP2C9_direct=0.5583 CYP2D6_direct=0.6636 CYP3A4_direct=0.5638 CYP1A2_tdic=0.9350 CYP2C9_tdic=0.5572 CYP2D6_tdic=0.6491 CYP3A4_tdic=0.6247 is_TDI_2D6=0.2592 is_TDI_3A4=0.2271 CYP1A2_log2fc=0.7418 CYP2C9_log2fc=0.5922 CYP2D6_log2fc=0.6732 CYP3A4_log2fc=0.6318
ep9 train_mse=0.4266 val=0.3068 CYP1A2_direct=0.8934 CYP2C9_direct=0.6558 CYP2D6_direct=0.7007 CYP3A4_direct=0.4486 CYP1A2_tdic=0.8979 CYP2C9_tdic=0.6437 CYP2D6_tdic=0.6779 CYP3A4_tdic=0.5616 is_TDI_2D6=0.2585 is_TDI_3A4=0.2282 CYP1A2_log2fc=0.6903 CYP2C9_log2fc=0.5754 CYP2D6_log2fc=0.7277 CYP3A4_log2fc=0.6369
ep10 train_mse=0.4139 val=0.2973 CYP1A2_direct=0.8545 CYP2C9_direct=0.5668 CYP2D6_direct=0.7080 CYP3A4_direct=0.4474 CYP1A2_tdic=0.8632 CYP2C9_tdic=0.5561 CYP2D6_tdic=0.6793 CYP3A4_tdic=0.5506 is_TDI_2D6=0.2549 is_TDI_3A4=0.2274 CYP1A2_log2fc=0.6952 CYP2C9_log2fc=0.5395 CYP2D6_log2fc=0.6732 CYP3A4_log2fc=0.5772
ep11 train_mse=0.4089 val=0.3006 CYP1A2_direct=0.9259 CYP2C9_direct=0.5636 CYP2D6_direct=0.7273 CYP3A4_direct=0.4170 CYP1A2_tdic=0.9248 CYP2C9_tdic=0.5669 CYP2D6_tdic=0.6943 CYP3A4_tdic=0.5383 is_TDI_2D6=0.2559 is_TDI_3A4=0.2305 CYP1A2_log2fc=0.7244 CYP2C9_log2fc=0.5432 CYP2D6_log2fc=0.6857 CYP3A4_log2fc=0.5682
ep12 train_mse=0.3995 val=0.3045 CYP1A2_direct=0.8747 CYP2C9_direct=0.6046 CYP2D6_direct=0.7678 CYP3A4_direct=0.4668 CYP1A2_tdic=0.8843 CYP2C9_tdic=0.5936 CYP2D6_tdic=0.7415 CYP3A4_tdic=0.5676 is_TDI_2D6=0.2543 is_TDI_3A4=0.2358 CYP1A2_log2fc=0.6838 CYP2C9_log2fc=0.5482 CYP2D6_log2fc=0.7027 CYP3A4_log2fc=0.6094
ep13 train_mse=0.3928 val=0.2990 CYP1A2_direct=0.8508 CYP2C9_direct=0.6194 CYP2D6_direct=0.7413 CYP3A4_direct=0.4396 CYP1A2_tdic=0.8568 CYP2C9_tdic=0.6145 CYP2D6_tdic=0.7034 CYP3A4_tdic=0.5389 is_TDI_2D6=0.2567 is_TDI_3A4=0.2334 CYP1A2_log2fc=0.6834 CYP2C9_log2fc=0.5394 CYP2D6_log2fc=0.6586 CYP3A4_log2fc=0.5888
ep14 train_mse=0.3827 val=0.2956 CYP1A2_direct=0.8438 CYP2C9_direct=0.5724 CYP2D6_direct=0.7472 CYP3A4_direct=0.4205 CYP1A2_tdic=0.8470 CYP2C9_tdic=0.5729 CYP2D6_tdic=0.7119 CYP3A4_tdic=0.5213 is_TDI_2D6=0.2570 is_TDI_3A4=0.2313 CYP1A2_log2fc=0.6999 CYP2C9_log2fc=0.5137 CYP2D6_log2fc=0.6640 CYP3A4_log2fc=0.5571
ep15 train_mse=0.3787 val=0.2939 CYP1A2_direct=0.8516 CYP2C9_direct=0.6046 CYP2D6_direct=0.7279 CYP3A4_direct=0.4093 CYP1A2_tdic=0.8603 CYP2C9_tdic=0.5973 CYP2D6_tdic=0.6915 CYP3A4_tdic=0.5199 is_TDI_2D6=0.2559 is_TDI_3A4=0.2337 CYP1A2_log2fc=0.6791 CYP2C9_log2fc=0.4967 CYP2D6_log2fc=0.6645 CYP3A4_log2fc=0.5330
ep16 train_mse=0.3732 val=0.2948 CYP1A2_direct=0.8872 CYP2C9_direct=0.5668 CYP2D6_direct=0.7345 CYP3A4_direct=0.4167 CYP1A2_tdic=0.8889 CYP2C9_tdic=0.5719 CYP2D6_tdic=0.6918 CYP3A4_tdic=0.5124 is_TDI_2D6=0.2597 is_TDI_3A4=0.2331 CYP1A2_log2fc=0.6917 CYP2C9_log2fc=0.4920 CYP2D6_log2fc=0.6572 CYP3A4_log2fc=0.5337
ep17 train_mse=0.3600 val=0.2951 CYP1A2_direct=0.8531 CYP2C9_direct=0.6179 CYP2D6_direct=0.7518 CYP3A4_direct=0.4075 CYP1A2_tdic=0.8538 CYP2C9_tdic=0.6118 CYP2D6_tdic=0.7058 CYP3A4_tdic=0.4819 is_TDI_2D6=0.2583 is_TDI_3A4=0.2285 CYP1A2_log2fc=0.6699 CYP2C9_log2fc=0.5029 CYP2D6_log2fc=0.6656 CYP3A4_log2fc=0.5456
ep18 train_mse=0.3585 val=0.2873 CYP1A2_direct=0.8384 CYP2C9_direct=0.5812 CYP2D6_direct=0.7242 CYP3A4_direct=0.3909 CYP1A2_tdic=0.8396 CYP2C9_tdic=0.5738 CYP2D6_tdic=0.6771 CYP3A4_tdic=0.5036 is_TDI_2D6=0.2559 is_TDI_3A4=0.2301 CYP1A2_log2fc=0.6598 CYP2C9_log2fc=0.4936 CYP2D6_log2fc=0.6380 CYP3A4_log2fc=0.5232
ep19 train_mse=0.3530 val=0.2932 CYP1A2_direct=0.8832 CYP2C9_direct=0.5806 CYP2D6_direct=0.7170 CYP3A4_direct=0.4231 CYP1A2_tdic=0.8780 CYP2C9_tdic=0.5726 CYP2D6_tdic=0.6695 CYP3A4_tdic=0.5251 is_TDI_2D6=0.2580 is_TDI_3A4=0.2253 CYP1A2_log2fc=0.6884 CYP2C9_log2fc=0.4942 CYP2D6_log2fc=0.6580 CYP3A4_log2fc=0.5248
ep20 train_mse=0.3463 val=0.2828 CYP1A2_direct=0.8319 CYP2C9_direct=0.5386 CYP2D6_direct=0.6955 CYP3A4_direct=0.3972 CYP1A2_tdic=0.8380 CYP2C9_tdic=0.5353 CYP2D6_tdic=0.6458 CYP3A4_tdic=0.4893 is_TDI_2D6=0.2553 is_TDI_3A4=0.2276 CYP1A2_log2fc=0.6495 CYP2C9_log2fc=0.4790 CYP2D6_log2fc=0.6396 CYP3A4_log2fc=0.5201
ep21 train_mse=0.3415 val=0.2829 CYP1A2_direct=0.8220 CYP2C9_direct=0.5490 CYP2D6_direct=0.7273 CYP3A4_direct=0.3984 CYP1A2_tdic=0.8240 CYP2C9_tdic=0.5360 CYP2D6_tdic=0.6750 CYP3A4_tdic=0.4962 is_TDI_2D6=0.2546 is_TDI_3A4=0.2258 CYP1A2_log2fc=0.6532 CYP2C9_log2fc=0.4648 CYP2D6_log2fc=0.6342 CYP3A4_log2fc=0.5263
ep22 train_mse=0.3296 val=0.2820 CYP1A2_direct=0.8130 CYP2C9_direct=0.5498 CYP2D6_direct=0.6998 CYP3A4_direct=0.4087 CYP1A2_tdic=0.8177 CYP2C9_tdic=0.5468 CYP2D6_tdic=0.6460 CYP3A4_tdic=0.5103 is_TDI_2D6=0.2557 is_TDI_3A4=0.2232 CYP1A2_log2fc=0.6447 CYP2C9_log2fc=0.4705 CYP2D6_log2fc=0.6308 CYP3A4_log2fc=0.5072
ep23 train_mse=0.3256 val=0.2924 CYP1A2_direct=0.8519 CYP2C9_direct=0.6268 CYP2D6_direct=0.7902 CYP3A4_direct=0.4151 CYP1A2_tdic=0.8492 CYP2C9_tdic=0.6075 CYP2D6_tdic=0.7280 CYP3A4_tdic=0.4922 is_TDI_2D6=0.2553 is_TDI_3A4=0.2298 CYP1A2_log2fc=0.6656 CYP2C9_log2fc=0.4796 CYP2D6_log2fc=0.6780 CYP3A4_log2fc=0.5284
ep24 train_mse=0.3218 val=0.2974 CYP1A2_direct=0.8335 CYP2C9_direct=0.6027 CYP2D6_direct=0.7124 CYP3A4_direct=0.4637 CYP1A2_tdic=0.8381 CYP2C9_tdic=0.5936 CYP2D6_tdic=0.6447 CYP3A4_tdic=0.5340 is_TDI_2D6=0.2561 is_TDI_3A4=0.2220 CYP1A2_log2fc=0.6559 CYP2C9_log2fc=0.4972 CYP2D6_log2fc=0.6469 CYP3A4_log2fc=0.5531
ep25 train_mse=0.3131 val=0.2893 CYP1A2_direct=0.8752 CYP2C9_direct=0.5661 CYP2D6_direct=0.7437 CYP3A4_direct=0.3973 CYP1A2_tdic=0.8699 CYP2C9_tdic=0.5539 CYP2D6_tdic=0.6731 CYP3A4_tdic=0.4822 is_TDI_2D6=0.2570 is_TDI_3A4=0.2278 CYP1A2_log2fc=0.6615 CYP2C9_log2fc=0.4667 CYP2D6_log2fc=0.6298 CYP3A4_log2fc=0.5081
ep26 train_mse=0.3087 val=0.2870 CYP1A2_direct=0.8309 CYP2C9_direct=0.5734 CYP2D6_direct=0.7169 CYP3A4_direct=0.3976 CYP1A2_tdic=0.8320 CYP2C9_tdic=0.5554 CYP2D6_tdic=0.6516 CYP3A4_tdic=0.4890 is_TDI_2D6=0.2549 is_TDI_3A4=0.2266 CYP1A2_log2fc=0.6534 CYP2C9_log2fc=0.4774 CYP2D6_log2fc=0.6411 CYP3A4_log2fc=0.5148
ep27 train_mse=0.2990 val=0.2866 CYP1A2_direct=0.8433 CYP2C9_direct=0.5711 CYP2D6_direct=0.7201 CYP3A4_direct=0.4184 CYP1A2_tdic=0.8367 CYP2C9_tdic=0.5630 CYP2D6_tdic=0.6566 CYP3A4_tdic=0.4869 is_TDI_2D6=0.2554 is_TDI_3A4=0.2244 CYP1A2_log2fc=0.6565 CYP2C9_log2fc=0.4684 CYP2D6_log2fc=0.6303 CYP3A4_log2fc=0.5088
ep28 train_mse=0.2969 val=0.2843 CYP1A2_direct=0.8307 CYP2C9_direct=0.5900 CYP2D6_direct=0.7182 CYP3A4_direct=0.4129 CYP1A2_tdic=0.8345 CYP2C9_tdic=0.5758 CYP2D6_tdic=0.6623 CYP3A4_tdic=0.4876 is_TDI_2D6=0.2539 is_TDI_3A4=0.2286 CYP1A2_log2fc=0.6516 CYP2C9_log2fc=0.4830 CYP2D6_log2fc=0.6266 CYP3A4_log2fc=0.5204
ep29 train_mse=0.2880 val=0.2859 CYP1A2_direct=0.8403 CYP2C9_direct=0.6043 CYP2D6_direct=0.7089 CYP3A4_direct=0.4089 CYP1A2_tdic=0.8433 CYP2C9_tdic=0.5855 CYP2D6_tdic=0.6440 CYP3A4_tdic=0.4848 is_TDI_2D6=0.2560 is_TDI_3A4=0.2275 CYP1A2_log2fc=0.6491 CYP2C9_log2fc=0.4731 CYP2D6_log2fc=0.6238 CYP3A4_log2fc=0.5149
ep30 train_mse=0.2844 val=0.2919 CYP1A2_direct=0.8734 CYP2C9_direct=0.6572 CYP2D6_direct=0.7594 CYP3A4_direct=0.4113 CYP1A2_tdic=0.8715 CYP2C9_tdic=0.6303 CYP2D6_tdic=0.6733 CYP3A4_tdic=0.4963 is_TDI_2D6=0.2564 is_TDI_3A4=0.2300 CYP1A2_log2fc=0.6473 CYP2C9_log2fc=0.4970 CYP2D6_log2fc=0.6295 CYP3A4_log2fc=0.5495
DONE L4_s3 1192s
