[L2_s6] rows: challenge 6145; fold col fold_reg; weights=plan
[L2_s6 fold0] trainable 17.7M
GPU available: True (cuda), used: True
TPU available: False, using: 0 TPU cores
💡 Tip: For seamless cloud logging and experiment tracking, try installing [litlogger](https://pypi.org/project/litlogger/) to enable LitLogger, which logs metrics and artifacts automatically to the Lightning Experiments platform.
Seed set to 6
LOCAL_RANK: 0 - CUDA_VISIBLE_DEVICES: [0]
Loading `train_dataloader` to estimate number of stepping batches.
ep1 train_mse=0.0000 val=0.4674 CYP1A2_direct=0.8503 CYP2C9_direct=1.0764 CYP2D6_direct=1.1662 CYP3A4_direct=1.1645 CYP1A2_tdic=0.8007 CYP2C9_tdic=1.1148 CYP2D6_tdic=1.3025 CYP3A4_tdic=1.1749 is_TDI_2D6=0.2526 is_TDI_3A4=0.1671 CYP1A2_log2fc=0.9550 CYP2C9_log2fc=0.9574 CYP2D6_log2fc=1.0029 CYP3A4_log2fc=1.2581
ep1 train_mse=0.4433 val=0.2744 CYP1A2_direct=0.5208 CYP2C9_direct=0.5885 CYP2D6_direct=0.8961 CYP3A4_direct=0.3374 CYP1A2_tdic=0.5342 CYP2C9_tdic=0.6113 CYP2D6_tdic=1.0376 CYP3A4_tdic=0.4102 is_TDI_2D6=0.2186 is_TDI_3A4=0.1628 CYP1A2_log2fc=0.6289 CYP2C9_log2fc=0.4637 CYP2D6_log2fc=0.7971 CYP3A4_log2fc=0.6168
ep2 train_mse=0.3361 val=0.2826 CYP1A2_direct=0.5749 CYP2C9_direct=0.6887 CYP2D6_direct=1.1201 CYP3A4_direct=0.3035 CYP1A2_tdic=0.5109 CYP2C9_tdic=0.6778 CYP2D6_tdic=1.1499 CYP3A4_tdic=0.4128 is_TDI_2D6=0.2123 is_TDI_3A4=0.1618 CYP1A2_log2fc=0.6173 CYP2C9_log2fc=0.4186 CYP2D6_log2fc=0.7971 CYP3A4_log2fc=0.5239
ep3 train_mse=0.2859 val=0.2802 CYP1A2_direct=0.4712 CYP2C9_direct=0.6593 CYP2D6_direct=1.1757 CYP3A4_direct=0.4098 CYP1A2_tdic=0.4381 CYP2C9_tdic=0.7280 CYP2D6_tdic=1.2323 CYP3A4_tdic=0.4520 is_TDI_2D6=0.2170 is_TDI_3A4=0.1583 CYP1A2_log2fc=0.5817 CYP2C9_log2fc=0.4816 CYP2D6_log2fc=0.8153 CYP3A4_log2fc=0.5676
ep4 train_mse=0.2174 val=0.2662 CYP1A2_direct=0.4802 CYP2C9_direct=0.5413 CYP2D6_direct=1.1130 CYP3A4_direct=0.3031 CYP1A2_tdic=0.4743 CYP2C9_tdic=0.5832 CYP2D6_tdic=1.1774 CYP3A4_tdic=0.3612 is_TDI_2D6=0.2128 is_TDI_3A4=0.1639 CYP1A2_log2fc=0.5747 CYP2C9_log2fc=0.4107 CYP2D6_log2fc=0.6773 CYP3A4_log2fc=0.5312
ep5 train_mse=0.1734 val=0.2702 CYP1A2_direct=0.4734 CYP2C9_direct=0.5151 CYP2D6_direct=0.9693 CYP3A4_direct=0.3448 CYP1A2_tdic=0.4643 CYP2C9_tdic=0.5826 CYP2D6_tdic=1.0997 CYP3A4_tdic=0.4335 is_TDI_2D6=0.2218 is_TDI_3A4=0.1653 CYP1A2_log2fc=0.4947 CYP2C9_log2fc=0.4198 CYP2D6_log2fc=0.6610 CYP3A4_log2fc=0.5489
ep6 train_mse=0.1445 val=0.2801 CYP1A2_direct=0.4540 CYP2C9_direct=0.5293 CYP2D6_direct=0.9271 CYP3A4_direct=0.2945 CYP1A2_tdic=0.4475 CYP2C9_tdic=0.5534 CYP2D6_tdic=1.0366 CYP3A4_tdic=0.3406 is_TDI_2D6=0.2222 is_TDI_3A4=0.1621 CYP1A2_log2fc=0.5368 CYP2C9_log2fc=0.4483 CYP2D6_log2fc=0.6933 CYP3A4_log2fc=0.4464
ep7 train_mse=0.1173 val=0.2940 CYP1A2_direct=0.4327 CYP2C9_direct=0.4899 CYP2D6_direct=0.9831 CYP3A4_direct=0.2793 CYP1A2_tdic=0.4280 CYP2C9_tdic=0.5219 CYP2D6_tdic=1.0913 CYP3A4_tdic=0.3307 is_TDI_2D6=0.2204 is_TDI_3A4=0.1621 CYP1A2_log2fc=0.4877 CYP2C9_log2fc=0.3861 CYP2D6_log2fc=0.7061 CYP3A4_log2fc=0.4428
ep8 train_mse=0.0977 val=0.2987 CYP1A2_direct=0.4505 CYP2C9_direct=0.5061 CYP2D6_direct=0.9441 CYP3A4_direct=0.2834 CYP1A2_tdic=0.4499 CYP2C9_tdic=0.5543 CYP2D6_tdic=1.0708 CYP3A4_tdic=0.3229 is_TDI_2D6=0.2192 is_TDI_3A4=0.1603 CYP1A2_log2fc=0.5499 CYP2C9_log2fc=0.3915 CYP2D6_log2fc=0.6623 CYP3A4_log2fc=0.4346
ep9 train_mse=0.0804 val=0.3107 CYP1A2_direct=0.4567 CYP2C9_direct=0.4924 CYP2D6_direct=0.9151 CYP3A4_direct=0.2799 CYP1A2_tdic=0.4483 CYP2C9_tdic=0.5542 CYP2D6_tdic=1.0440 CYP3A4_tdic=0.3293 is_TDI_2D6=0.2220 is_TDI_3A4=0.1617 CYP1A2_log2fc=0.4956 CYP2C9_log2fc=0.3686 CYP2D6_log2fc=0.6794 CYP3A4_log2fc=0.4207
ep10 train_mse=0.0623 val=0.3108 CYP1A2_direct=0.4176 CYP2C9_direct=0.4727 CYP2D6_direct=0.9289 CYP3A4_direct=0.3076 CYP1A2_tdic=0.4068 CYP2C9_tdic=0.5118 CYP2D6_tdic=1.0557 CYP3A4_tdic=0.3372 is_TDI_2D6=0.2187 is_TDI_3A4=0.1625 CYP1A2_log2fc=0.5561 CYP2C9_log2fc=0.3817 CYP2D6_log2fc=0.6399 CYP3A4_log2fc=0.4265
ep11 train_mse=0.0521 val=0.3124 CYP1A2_direct=0.4618 CYP2C9_direct=0.4953 CYP2D6_direct=0.9095 CYP3A4_direct=0.2967 CYP1A2_tdic=0.4458 CYP2C9_tdic=0.5076 CYP2D6_tdic=1.0788 CYP3A4_tdic=0.3322 is_TDI_2D6=0.2179 is_TDI_3A4=0.1625 CYP1A2_log2fc=0.5414 CYP2C9_log2fc=0.3842 CYP2D6_log2fc=0.6609 CYP3A4_log2fc=0.4156
ep12 train_mse=0.0417 val=0.3145 CYP1A2_direct=0.4342 CYP2C9_direct=0.4887 CYP2D6_direct=0.9414 CYP3A4_direct=0.3160 CYP1A2_tdic=0.4295 CYP2C9_tdic=0.5107 CYP2D6_tdic=1.1720 CYP3A4_tdic=0.3346 is_TDI_2D6=0.2197 is_TDI_3A4=0.1604 CYP1A2_log2fc=0.5536 CYP2C9_log2fc=0.3722 CYP2D6_log2fc=0.6651 CYP3A4_log2fc=0.4124
[L2_s6] fold 0 done 226s
[L2_s6 fold1] trainable 17.7M
GPU available: True (cuda), used: True
TPU available: False, using: 0 TPU cores
💡 Tip: For seamless cloud logging and experiment tracking, try installing [litlogger](https://pypi.org/project/litlogger/) to enable LitLogger, which logs metrics and artifacts automatically to the Lightning Experiments platform.
Seed set to 6
LOCAL_RANK: 0 - CUDA_VISIBLE_DEVICES: [0]
Loading `train_dataloader` to estimate number of stepping batches.
ep1 train_mse=0.0000 val=0.4182 CYP1A2_direct=0.9263 CYP2C9_direct=0.8969 CYP2D6_direct=0.9711 CYP3A4_direct=0.9816 CYP1A2_tdic=1.0463 CYP2C9_tdic=0.8615 CYP2D6_tdic=1.0071 CYP3A4_tdic=1.1386 is_TDI_2D6=0.2348 is_TDI_3A4=0.2100 CYP1A2_log2fc=0.8681 CYP2C9_log2fc=0.9474 CYP2D6_log2fc=0.9167 CYP3A4_log2fc=1.0452
ep1 train_mse=0.4487 val=0.2843 CYP1A2_direct=0.5093 CYP2C9_direct=0.7001 CYP2D6_direct=0.8351 CYP3A4_direct=0.4709 CYP1A2_tdic=0.5703 CYP2C9_tdic=0.8171 CYP2D6_tdic=0.9344 CYP3A4_tdic=0.6532 is_TDI_2D6=0.2220 is_TDI_3A4=0.2055 CYP1A2_log2fc=0.6804 CYP2C9_log2fc=0.5764 CYP2D6_log2fc=0.6039 CYP3A4_log2fc=0.5556
ep2 train_mse=0.3365 val=0.2676 CYP1A2_direct=0.5437 CYP2C9_direct=0.5897 CYP2D6_direct=0.9011 CYP3A4_direct=0.4460 CYP1A2_tdic=0.5666 CYP2C9_tdic=0.6907 CYP2D6_tdic=1.0164 CYP3A4_tdic=0.5257 is_TDI_2D6=0.2090 is_TDI_3A4=0.2124 CYP1A2_log2fc=0.6836 CYP2C9_log2fc=0.5059 CYP2D6_log2fc=0.6772 CYP3A4_log2fc=0.5369
ep3 train_mse=0.2714 val=0.2718 CYP1A2_direct=0.6327 CYP2C9_direct=0.6019 CYP2D6_direct=0.9898 CYP3A4_direct=0.4109 CYP1A2_tdic=0.6739 CYP2C9_tdic=0.6997 CYP2D6_tdic=1.1119 CYP3A4_tdic=0.5110 is_TDI_2D6=0.2171 is_TDI_3A4=0.2249 CYP1A2_log2fc=0.8124 CYP2C9_log2fc=0.4600 CYP2D6_log2fc=0.6028 CYP3A4_log2fc=0.4801
ep4 train_mse=0.2090 val=0.2798 CYP1A2_direct=0.5892 CYP2C9_direct=0.5722 CYP2D6_direct=1.0280 CYP3A4_direct=0.4013 CYP1A2_tdic=0.6202 CYP2C9_tdic=0.6490 CYP2D6_tdic=1.0815 CYP3A4_tdic=0.4871 is_TDI_2D6=0.2142 is_TDI_3A4=0.2093 CYP1A2_log2fc=0.5977 CYP2C9_log2fc=0.4697 CYP2D6_log2fc=0.5429 CYP3A4_log2fc=0.4647
ep5 train_mse=0.1733 val=0.3024 CYP1A2_direct=0.5763 CYP2C9_direct=0.6120 CYP2D6_direct=1.0504 CYP3A4_direct=0.3627 CYP1A2_tdic=0.6307 CYP2C9_tdic=0.6688 CYP2D6_tdic=1.1495 CYP3A4_tdic=0.4813 is_TDI_2D6=0.2163 is_TDI_3A4=0.2109 CYP1A2_log2fc=0.5982 CYP2C9_log2fc=0.4586 CYP2D6_log2fc=0.5989 CYP3A4_log2fc=0.4543
ep6 train_mse=0.1422 val=0.3089 CYP1A2_direct=0.5680 CYP2C9_direct=0.5763 CYP2D6_direct=0.8743 CYP3A4_direct=0.3793 CYP1A2_tdic=0.5923 CYP2C9_tdic=0.6608 CYP2D6_tdic=0.9936 CYP3A4_tdic=0.4817 is_TDI_2D6=0.2161 is_TDI_3A4=0.2233 CYP1A2_log2fc=0.5836 CYP2C9_log2fc=0.4093 CYP2D6_log2fc=0.5866 CYP3A4_log2fc=0.4685
ep7 train_mse=0.1172 val=0.3153 CYP1A2_direct=0.4900 CYP2C9_direct=0.5778 CYP2D6_direct=0.9340 CYP3A4_direct=0.3908 CYP1A2_tdic=0.5252 CYP2C9_tdic=0.6499 CYP2D6_tdic=1.0077 CYP3A4_tdic=0.4601 is_TDI_2D6=0.2167 is_TDI_3A4=0.2124 CYP1A2_log2fc=0.6074 CYP2C9_log2fc=0.4342 CYP2D6_log2fc=0.5628 CYP3A4_log2fc=0.4551
ep8 train_mse=0.0992 val=0.3218 CYP1A2_direct=0.5363 CYP2C9_direct=0.5716 CYP2D6_direct=0.8953 CYP3A4_direct=0.3571 CYP1A2_tdic=0.5581 CYP2C9_tdic=0.6587 CYP2D6_tdic=0.9712 CYP3A4_tdic=0.4427 is_TDI_2D6=0.2180 is_TDI_3A4=0.2234 CYP1A2_log2fc=0.6664 CYP2C9_log2fc=0.4194 CYP2D6_log2fc=0.5808 CYP3A4_log2fc=0.4255
ep9 train_mse=0.0797 val=0.3209 CYP1A2_direct=0.5071 CYP2C9_direct=0.5733 CYP2D6_direct=0.8788 CYP3A4_direct=0.3540 CYP1A2_tdic=0.5232 CYP2C9_tdic=0.6347 CYP2D6_tdic=0.9785 CYP3A4_tdic=0.4387 is_TDI_2D6=0.2190 is_TDI_3A4=0.2206 CYP1A2_log2fc=0.5709 CYP2C9_log2fc=0.4070 CYP2D6_log2fc=0.6084 CYP3A4_log2fc=0.4337
ep10 train_mse=0.0636 val=0.3308 CYP1A2_direct=0.5073 CYP2C9_direct=0.5680 CYP2D6_direct=0.8933 CYP3A4_direct=0.3726 CYP1A2_tdic=0.5466 CYP2C9_tdic=0.6393 CYP2D6_tdic=0.9494 CYP3A4_tdic=0.4355 is_TDI_2D6=0.2166 is_TDI_3A4=0.2287 CYP1A2_log2fc=0.5987 CYP2C9_log2fc=0.4044 CYP2D6_log2fc=0.5786 CYP3A4_log2fc=0.4301
[L2_s6] fold 1 done 417s
[L2_s6 fold2] trainable 17.7M
GPU available: True (cuda), used: True
TPU available: False, using: 0 TPU cores
💡 Tip: For seamless cloud logging and experiment tracking, try installing [litlogger](https://pypi.org/project/litlogger/) to enable LitLogger, which logs metrics and artifacts automatically to the Lightning Experiments platform.
Seed set to 6
LOCAL_RANK: 0 - CUDA_VISIBLE_DEVICES: [0]
Loading `train_dataloader` to estimate number of stepping batches.
ep1 train_mse=0.0000 val=0.4303 CYP1A2_direct=0.8827 CYP2C9_direct=1.1244 CYP2D6_direct=0.7995 CYP3A4_direct=1.0207 CYP1A2_tdic=0.9109 CYP2C9_tdic=1.2106 CYP2D6_tdic=0.5094 CYP3A4_tdic=1.0030 is_TDI_2D6=0.1510 is_TDI_3A4=0.1914 CYP1A2_log2fc=0.9819 CYP2C9_log2fc=0.9451 CYP2D6_log2fc=0.7676 CYP3A4_log2fc=0.8490
ep1 train_mse=0.4415 val=0.2807 CYP1A2_direct=0.7736 CYP2C9_direct=0.4729 CYP2D6_direct=0.6418 CYP3A4_direct=0.4560 CYP1A2_tdic=0.8357 CYP2C9_tdic=0.6084 CYP2D6_tdic=0.4339 CYP3A4_tdic=0.5389 is_TDI_2D6=0.1835 is_TDI_3A4=0.2082 CYP1A2_log2fc=0.6967 CYP2C9_log2fc=0.5329 CYP2D6_log2fc=0.6865 CYP3A4_log2fc=0.5902
ep2 train_mse=0.3396 val=0.2748 CYP1A2_direct=0.8316 CYP2C9_direct=0.4057 CYP2D6_direct=0.7073 CYP3A4_direct=0.3762 CYP1A2_tdic=0.8291 CYP2C9_tdic=0.4951 CYP2D6_tdic=0.4584 CYP3A4_tdic=0.4250 is_TDI_2D6=0.1845 is_TDI_3A4=0.2275 CYP1A2_log2fc=0.7018 CYP2C9_log2fc=0.4692 CYP2D6_log2fc=0.6605 CYP3A4_log2fc=0.5150
ep3 train_mse=0.2727 val=0.2751 CYP1A2_direct=0.7924 CYP2C9_direct=0.4647 CYP2D6_direct=0.5700 CYP3A4_direct=0.5209 CYP1A2_tdic=0.8112 CYP2C9_tdic=0.5676 CYP2D6_tdic=0.4219 CYP3A4_tdic=0.5744 is_TDI_2D6=0.1946 is_TDI_3A4=0.2268 CYP1A2_log2fc=0.6332 CYP2C9_log2fc=0.5326 CYP2D6_log2fc=0.6353 CYP3A4_log2fc=0.5646
ep4 train_mse=0.2041 val=0.2844 CYP1A2_direct=0.8123 CYP2C9_direct=0.3583 CYP2D6_direct=0.7986 CYP3A4_direct=0.3730 CYP1A2_tdic=0.8425 CYP2C9_tdic=0.4514 CYP2D6_tdic=0.5910 CYP3A4_tdic=0.4034 is_TDI_2D6=0.1912 is_TDI_3A4=0.2357 CYP1A2_log2fc=0.6092 CYP2C9_log2fc=0.4363 CYP2D6_log2fc=0.6504 CYP3A4_log2fc=0.4691
ep5 train_mse=0.1714 val=0.3057 CYP1A2_direct=0.8596 CYP2C9_direct=0.3965 CYP2D6_direct=0.7169 CYP3A4_direct=0.3592 CYP1A2_tdic=0.8710 CYP2C9_tdic=0.4993 CYP2D6_tdic=0.4805 CYP3A4_tdic=0.3908 is_TDI_2D6=0.1964 is_TDI_3A4=0.2311 CYP1A2_log2fc=0.6252 CYP2C9_log2fc=0.4938 CYP2D6_log2fc=0.6504 CYP3A4_log2fc=0.4709
ep6 train_mse=0.1434 val=0.3208 CYP1A2_direct=0.8102 CYP2C9_direct=0.3925 CYP2D6_direct=0.7210 CYP3A4_direct=0.3428 CYP1A2_tdic=0.8398 CYP2C9_tdic=0.4905 CYP2D6_tdic=0.4845 CYP3A4_tdic=0.3716 is_TDI_2D6=0.1960 is_TDI_3A4=0.2278 CYP1A2_log2fc=0.5801 CYP2C9_log2fc=0.4220 CYP2D6_log2fc=0.5801 CYP3A4_log2fc=0.4217
ep7 train_mse=0.1188 val=0.3295 CYP1A2_direct=0.7650 CYP2C9_direct=0.3357 CYP2D6_direct=0.7192 CYP3A4_direct=0.3225 CYP1A2_tdic=0.7813 CYP2C9_tdic=0.4201 CYP2D6_tdic=0.4961 CYP3A4_tdic=0.3491 is_TDI_2D6=0.1988 is_TDI_3A4=0.2299 CYP1A2_log2fc=0.6270 CYP2C9_log2fc=0.4118 CYP2D6_log2fc=0.5704 CYP3A4_log2fc=0.4020
ep8 train_mse=0.0975 val=0.3762 CYP1A2_direct=0.7844 CYP2C9_direct=0.3630 CYP2D6_direct=0.7497 CYP3A4_direct=0.3362 CYP1A2_tdic=0.8087 CYP2C9_tdic=0.4678 CYP2D6_tdic=0.5615 CYP3A4_tdic=0.3581 is_TDI_2D6=0.2034 is_TDI_3A4=0.2292 CYP1A2_log2fc=0.5983 CYP2C9_log2fc=0.4326 CYP2D6_log2fc=0.5870 CYP3A4_log2fc=0.4083
ep9 train_mse=0.0801 val=0.3779 CYP1A2_direct=0.7644 CYP2C9_direct=0.3637 CYP2D6_direct=0.6906 CYP3A4_direct=0.3226 CYP1A2_tdic=0.7939 CYP2C9_tdic=0.4813 CYP2D6_tdic=0.4805 CYP3A4_tdic=0.3408 is_TDI_2D6=0.2009 is_TDI_3A4=0.2279 CYP1A2_log2fc=0.6099 CYP2C9_log2fc=0.4308 CYP2D6_log2fc=0.5949 CYP3A4_log2fc=0.4041
ep10 train_mse=0.0650 val=0.3785 CYP1A2_direct=0.7084 CYP2C9_direct=0.3784 CYP2D6_direct=0.6841 CYP3A4_direct=0.3212 CYP1A2_tdic=0.7398 CYP2C9_tdic=0.4692 CYP2D6_tdic=0.5310 CYP3A4_tdic=0.3530 is_TDI_2D6=0.1900 is_TDI_3A4=0.2228 CYP1A2_log2fc=0.5741 CYP2C9_log2fc=0.4492 CYP2D6_log2fc=0.6103 CYP3A4_log2fc=0.3983
[L2_s6] fold 2 done 607s
[L2_s6 fold3] trainable 17.7M
GPU available: True (cuda), used: True
TPU available: False, using: 0 TPU cores
💡 Tip: For seamless cloud logging and experiment tracking, try installing [litlogger](https://pypi.org/project/litlogger/) to enable LitLogger, which logs metrics and artifacts automatically to the Lightning Experiments platform.
Seed set to 6
LOCAL_RANK: 0 - CUDA_VISIBLE_DEVICES: [0]
Loading `train_dataloader` to estimate number of stepping batches.
ep1 train_mse=0.0000 val=0.4480 CYP1A2_direct=1.3723 CYP2C9_direct=0.7167 CYP2D6_direct=1.0289 CYP3A4_direct=0.9332 CYP1A2_tdic=1.4130 CYP2C9_tdic=0.8490 CYP2D6_tdic=0.7964 CYP3A4_tdic=1.0303 is_TDI_2D6=0.2400 is_TDI_3A4=0.1490 CYP1A2_log2fc=1.0495 CYP2C9_log2fc=0.9706 CYP2D6_log2fc=1.0143 CYP3A4_log2fc=0.9029
ep1 train_mse=0.4394 val=0.2995 CYP1A2_direct=0.8831 CYP2C9_direct=0.4914 CYP2D6_direct=0.7372 CYP3A4_direct=0.5911 CYP1A2_tdic=0.9522 CYP2C9_tdic=0.5295 CYP2D6_tdic=0.4932 CYP3A4_tdic=0.5243 is_TDI_2D6=0.2490 is_TDI_3A4=0.1748 CYP1A2_log2fc=0.7993 CYP2C9_log2fc=0.5862 CYP2D6_log2fc=0.7213 CYP3A4_log2fc=0.6309
ep2 train_mse=0.3430 val=0.2835 CYP1A2_direct=0.9099 CYP2C9_direct=0.4784 CYP2D6_direct=0.7051 CYP3A4_direct=0.5000 CYP1A2_tdic=0.9160 CYP2C9_tdic=0.5179 CYP2D6_tdic=0.5631 CYP3A4_tdic=0.5046 is_TDI_2D6=0.2272 is_TDI_3A4=0.1789 CYP1A2_log2fc=0.7910 CYP2C9_log2fc=0.5563 CYP2D6_log2fc=0.7366 CYP3A4_log2fc=0.6029
ep3 train_mse=0.2650 val=0.2843 CYP1A2_direct=0.8612 CYP2C9_direct=0.4467 CYP2D6_direct=0.7879 CYP3A4_direct=0.5086 CYP1A2_tdic=0.8723 CYP2C9_tdic=0.4768 CYP2D6_tdic=0.5181 CYP3A4_tdic=0.5009 is_TDI_2D6=0.2444 is_TDI_3A4=0.1812 CYP1A2_log2fc=0.7531 CYP2C9_log2fc=0.4918 CYP2D6_log2fc=0.8238 CYP3A4_log2fc=0.5638
ep4 train_mse=0.2090 val=0.2980 CYP1A2_direct=0.8514 CYP2C9_direct=0.3796 CYP2D6_direct=0.7974 CYP3A4_direct=0.5488 CYP1A2_tdic=0.8657 CYP2C9_tdic=0.3929 CYP2D6_tdic=0.6226 CYP3A4_tdic=0.5481 is_TDI_2D6=0.2488 is_TDI_3A4=0.1758 CYP1A2_log2fc=0.7281 CYP2C9_log2fc=0.4505 CYP2D6_log2fc=0.7314 CYP3A4_log2fc=0.5908
ep5 train_mse=0.1695 val=0.3245 CYP1A2_direct=0.8637 CYP2C9_direct=0.4132 CYP2D6_direct=0.7853 CYP3A4_direct=0.4924 CYP1A2_tdic=0.8679 CYP2C9_tdic=0.4694 CYP2D6_tdic=0.5808 CYP3A4_tdic=0.4749 is_TDI_2D6=0.2412 is_TDI_3A4=0.1792 CYP1A2_log2fc=0.6493 CYP2C9_log2fc=0.4639 CYP2D6_log2fc=0.6758 CYP3A4_log2fc=0.5110
ep6 train_mse=0.1445 val=0.3599 CYP1A2_direct=0.8797 CYP2C9_direct=0.4330 CYP2D6_direct=0.8837 CYP3A4_direct=0.5615 CYP1A2_tdic=0.9035 CYP2C9_tdic=0.4502 CYP2D6_tdic=0.6346 CYP3A4_tdic=0.5142 is_TDI_2D6=0.2518 is_TDI_3A4=0.1745 CYP1A2_log2fc=0.6505 CYP2C9_log2fc=0.4413 CYP2D6_log2fc=0.6913 CYP3A4_log2fc=0.5195
ep7 train_mse=0.1195 val=0.3761 CYP1A2_direct=0.8565 CYP2C9_direct=0.4450 CYP2D6_direct=0.8703 CYP3A4_direct=0.5197 CYP1A2_tdic=0.8917 CYP2C9_tdic=0.4611 CYP2D6_tdic=0.7150 CYP3A4_tdic=0.4536 is_TDI_2D6=0.2545 is_TDI_3A4=0.1719 CYP1A2_log2fc=0.6649 CYP2C9_log2fc=0.4430 CYP2D6_log2fc=0.6753 CYP3A4_log2fc=0.5142
ep8 train_mse=0.1106 val=0.3870 CYP1A2_direct=0.8411 CYP2C9_direct=0.4047 CYP2D6_direct=0.7711 CYP3A4_direct=0.5247 CYP1A2_tdic=0.8584 CYP2C9_tdic=0.4228 CYP2D6_tdic=0.5716 CYP3A4_tdic=0.4520 is_TDI_2D6=0.2530 is_TDI_3A4=0.1798 CYP1A2_log2fc=0.6416 CYP2C9_log2fc=0.4388 CYP2D6_log2fc=0.6567 CYP3A4_log2fc=0.5420
ep9 train_mse=0.0895 val=0.3999 CYP1A2_direct=0.8578 CYP2C9_direct=0.4623 CYP2D6_direct=0.8689 CYP3A4_direct=0.5272 CYP1A2_tdic=0.8793 CYP2C9_tdic=0.4830 CYP2D6_tdic=0.6972 CYP3A4_tdic=0.4769 is_TDI_2D6=0.2479 is_TDI_3A4=0.1814 CYP1A2_log2fc=0.6272 CYP2C9_log2fc=0.4141 CYP2D6_log2fc=0.6616 CYP3A4_log2fc=0.4994
ep10 train_mse=0.0692 val=0.4113 CYP1A2_direct=0.8341 CYP2C9_direct=0.4310 CYP2D6_direct=0.8274 CYP3A4_direct=0.5199 CYP1A2_tdic=0.8561 CYP2C9_tdic=0.4627 CYP2D6_tdic=0.6247 CYP3A4_tdic=0.4530 is_TDI_2D6=0.2492 is_TDI_3A4=0.1813 CYP1A2_log2fc=0.6291 CYP2C9_log2fc=0.4223 CYP2D6_log2fc=0.6423 CYP3A4_log2fc=0.4969
[L2_s6] fold 3 done 798s
[L2_s6 fold4] trainable 17.7M
GPU available: True (cuda), used: True
TPU available: False, using: 0 TPU cores
💡 Tip: For seamless cloud logging and experiment tracking, try installing [litlogger](https://pypi.org/project/litlogger/) to enable LitLogger, which logs metrics and artifacts automatically to the Lightning Experiments platform.
Seed set to 6
LOCAL_RANK: 0 - CUDA_VISIBLE_DEVICES: [0]
Loading `train_dataloader` to estimate number of stepping batches.
ep1 train_mse=0.0000 val=0.4623 CYP1A2_direct=1.3873 CYP2C9_direct=1.0787 CYP2D6_direct=0.8982 CYP3A4_direct=1.0484 CYP1A2_tdic=1.4209 CYP2C9_tdic=1.3228 CYP2D6_tdic=0.6648 CYP3A4_tdic=1.0522 is_TDI_2D6=0.2554 is_TDI_3A4=0.2083 CYP1A2_log2fc=0.9962 CYP2C9_log2fc=1.0311 CYP2D6_log2fc=1.0054 CYP3A4_log2fc=1.1392
ep1 train_mse=0.4484 val=0.2815 CYP1A2_direct=0.6758 CYP2C9_direct=0.5418 CYP2D6_direct=0.6918 CYP3A4_direct=0.3807 CYP1A2_tdic=0.8018 CYP2C9_tdic=0.6083 CYP2D6_tdic=0.6116 CYP3A4_tdic=0.4606 is_TDI_2D6=0.2865 is_TDI_3A4=0.2253 CYP1A2_log2fc=0.6283 CYP2C9_log2fc=0.4702 CYP2D6_log2fc=0.6799 CYP3A4_log2fc=0.5864
ep2 train_mse=0.3412 val=0.2687 CYP1A2_direct=0.6160 CYP2C9_direct=0.5318 CYP2D6_direct=0.7988 CYP3A4_direct=0.3736 CYP1A2_tdic=0.6728 CYP2C9_tdic=0.5906 CYP2D6_tdic=0.6943 CYP3A4_tdic=0.4614 is_TDI_2D6=0.3001 is_TDI_3A4=0.2134 CYP1A2_log2fc=0.5436 CYP2C9_log2fc=0.4487 CYP2D6_log2fc=0.6438 CYP3A4_log2fc=0.5383
ep3 train_mse=0.2786 val=0.2766 CYP1A2_direct=0.5803 CYP2C9_direct=0.5186 CYP2D6_direct=0.8942 CYP3A4_direct=0.3760 CYP1A2_tdic=0.5944 CYP2C9_tdic=0.5920 CYP2D6_tdic=0.8215 CYP3A4_tdic=0.4367 is_TDI_2D6=0.2932 is_TDI_3A4=0.2141 CYP1A2_log2fc=0.5504 CYP2C9_log2fc=0.4563 CYP2D6_log2fc=0.7202 CYP3A4_log2fc=0.5128
ep4 train_mse=0.2138 val=0.2766 CYP1A2_direct=0.5859 CYP2C9_direct=0.5350 CYP2D6_direct=0.6698 CYP3A4_direct=0.3529 CYP1A2_tdic=0.6058 CYP2C9_tdic=0.6321 CYP2D6_tdic=0.5643 CYP3A4_tdic=0.4366 is_TDI_2D6=0.3049 is_TDI_3A4=0.2185 CYP1A2_log2fc=0.5225 CYP2C9_log2fc=0.4306 CYP2D6_log2fc=0.5686 CYP3A4_log2fc=0.4815
ep5 train_mse=0.1704 val=0.3333 CYP1A2_direct=0.6057 CYP2C9_direct=0.5474 CYP2D6_direct=0.7406 CYP3A4_direct=0.3659 CYP1A2_tdic=0.6340 CYP2C9_tdic=0.6445 CYP2D6_tdic=0.6339 CYP3A4_tdic=0.4079 is_TDI_2D6=0.3010 is_TDI_3A4=0.2159 CYP1A2_log2fc=0.5186 CYP2C9_log2fc=0.4044 CYP2D6_log2fc=0.5764 CYP3A4_log2fc=0.4544
ep6 train_mse=0.1460 val=0.3420 CYP1A2_direct=0.5491 CYP2C9_direct=0.5505 CYP2D6_direct=0.7055 CYP3A4_direct=0.3573 CYP1A2_tdic=0.5842 CYP2C9_tdic=0.6312 CYP2D6_tdic=0.6230 CYP3A4_tdic=0.4127 is_TDI_2D6=0.3041 is_TDI_3A4=0.2220 CYP1A2_log2fc=0.4887 CYP2C9_log2fc=0.4275 CYP2D6_log2fc=0.5381 CYP3A4_log2fc=0.4442
ep7 train_mse=0.1223 val=0.3463 CYP1A2_direct=0.5528 CYP2C9_direct=0.4954 CYP2D6_direct=0.7278 CYP3A4_direct=0.3770 CYP1A2_tdic=0.5974 CYP2C9_tdic=0.5672 CYP2D6_tdic=0.5976 CYP3A4_tdic=0.4054 is_TDI_2D6=0.3048 is_TDI_3A4=0.2225 CYP1A2_log2fc=0.4791 CYP2C9_log2fc=0.4076 CYP2D6_log2fc=0.5130 CYP3A4_log2fc=0.4309
ep8 train_mse=0.0999 val=0.3752 CYP1A2_direct=0.5562 CYP2C9_direct=0.5179 CYP2D6_direct=0.7118 CYP3A4_direct=0.3365 CYP1A2_tdic=0.5852 CYP2C9_tdic=0.6065 CYP2D6_tdic=0.5794 CYP3A4_tdic=0.4023 is_TDI_2D6=0.2998 is_TDI_3A4=0.2231 CYP1A2_log2fc=0.4772 CYP2C9_log2fc=0.3981 CYP2D6_log2fc=0.5581 CYP3A4_log2fc=0.4364
ep9 train_mse=0.0824 val=0.3795 CYP1A2_direct=0.5426 CYP2C9_direct=0.5336 CYP2D6_direct=0.6802 CYP3A4_direct=0.3470 CYP1A2_tdic=0.5695 CYP2C9_tdic=0.6239 CYP2D6_tdic=0.6137 CYP3A4_tdic=0.4034 is_TDI_2D6=0.3001 is_TDI_3A4=0.2266 CYP1A2_log2fc=0.5110 CYP2C9_log2fc=0.4413 CYP2D6_log2fc=0.5127 CYP3A4_log2fc=0.4113
ep10 train_mse=0.0664 val=0.3784 CYP1A2_direct=0.5251 CYP2C9_direct=0.5449 CYP2D6_direct=0.6079 CYP3A4_direct=0.3303 CYP1A2_tdic=0.5589 CYP2C9_tdic=0.6387 CYP2D6_tdic=0.5279 CYP3A4_tdic=0.3970 is_TDI_2D6=0.2896 is_TDI_3A4=0.2211 CYP1A2_log2fc=0.4971 CYP2C9_log2fc=0.4047 CYP2D6_log2fc=0.4889 CYP3A4_log2fc=0.4075
[L2_s6] fold 4 done 988s
[L2_s6 all] trainable 17.7M
GPU available: True (cuda), used: True
TPU available: False, using: 0 TPU cores
💡 Tip: For seamless cloud logging and experiment tracking, try installing [litlogger](https://pypi.org/project/litlogger/) to enable LitLogger, which logs metrics and artifacts automatically to the Lightning Experiments platform.
Seed set to 6
LOCAL_RANK: 0 - CUDA_VISIBLE_DEVICES: [0]
Loading `train_dataloader` to estimate number of stepping batches.
ep1 train_mse=0.0000 val=0.4103 CYP1A2_direct=0.8926 CYP2C9_direct=0.9614 CYP2D6_direct=0.7260 CYP3A4_direct=0.9242 CYP1A2_tdic=0.9155 CYP2C9_tdic=0.9854 CYP2D6_tdic=0.6770 CYP3A4_tdic=0.9413 is_TDI_2D6=0.2790 is_TDI_3A4=0.2357 CYP1A2_log2fc=1.0511 CYP2C9_log2fc=0.9451 CYP2D6_log2fc=1.0688 CYP3A4_log2fc=1.0090
ep1 train_mse=0.4874 val=0.2861 CYP1A2_direct=0.7912 CYP2C9_direct=0.4585 CYP2D6_direct=0.8436 CYP3A4_direct=0.4292 CYP1A2_tdic=0.7891 CYP2C9_tdic=0.4432 CYP2D6_tdic=0.7265 CYP3A4_tdic=0.3794 is_TDI_2D6=0.2336 is_TDI_3A4=0.2075 CYP1A2_log2fc=0.6558 CYP2C9_log2fc=0.4118 CYP2D6_log2fc=0.8030 CYP3A4_log2fc=0.5336
ep2 train_mse=0.3752 val=0.2729 CYP1A2_direct=0.7210 CYP2C9_direct=0.5784 CYP2D6_direct=0.7431 CYP3A4_direct=0.3951 CYP1A2_tdic=0.7124 CYP2C9_tdic=0.6245 CYP2D6_tdic=0.6668 CYP3A4_tdic=0.4395 is_TDI_2D6=0.2254 is_TDI_3A4=0.2087 CYP1A2_log2fc=0.6447 CYP2C9_log2fc=0.4415 CYP2D6_log2fc=0.7194 CYP3A4_log2fc=0.5606
ep3 train_mse=0.3028 val=0.2615 CYP1A2_direct=0.6103 CYP2C9_direct=0.4339 CYP2D6_direct=0.9343 CYP3A4_direct=0.3698 CYP1A2_tdic=0.5923 CYP2C9_tdic=0.4236 CYP2D6_tdic=0.8944 CYP3A4_tdic=0.3636 is_TDI_2D6=0.2272 is_TDI_3A4=0.2024 CYP1A2_log2fc=0.5891 CYP2C9_log2fc=0.4306 CYP2D6_log2fc=0.7658 CYP3A4_log2fc=0.4894
ep4 train_mse=0.2370 val=0.2780 CYP1A2_direct=0.6574 CYP2C9_direct=0.4577 CYP2D6_direct=0.7787 CYP3A4_direct=0.4640 CYP1A2_tdic=0.6267 CYP2C9_tdic=0.4576 CYP2D6_tdic=0.7074 CYP3A4_tdic=0.4523 is_TDI_2D6=0.2327 is_TDI_3A4=0.1990 CYP1A2_log2fc=0.5651 CYP2C9_log2fc=0.3924 CYP2D6_log2fc=0.6989 CYP3A4_log2fc=0.5267
ep5 train_mse=0.1885 val=0.2905 CYP1A2_direct=0.6355 CYP2C9_direct=0.4748 CYP2D6_direct=0.7509 CYP3A4_direct=0.3803 CYP1A2_tdic=0.6157 CYP2C9_tdic=0.4504 CYP2D6_tdic=0.6507 CYP3A4_tdic=0.3531 is_TDI_2D6=0.2423 is_TDI_3A4=0.1986 CYP1A2_log2fc=0.5978 CYP2C9_log2fc=0.4275 CYP2D6_log2fc=0.6407 CYP3A4_log2fc=0.4880
ep6 train_mse=0.1494 val=0.3066 CYP1A2_direct=0.6386 CYP2C9_direct=0.4846 CYP2D6_direct=0.8431 CYP3A4_direct=0.3641 CYP1A2_tdic=0.6096 CYP2C9_tdic=0.4776 CYP2D6_tdic=0.7729 CYP3A4_tdic=0.3741 is_TDI_2D6=0.2405 is_TDI_3A4=0.1985 CYP1A2_log2fc=0.5383 CYP2C9_log2fc=0.3805 CYP2D6_log2fc=0.6994 CYP3A4_log2fc=0.4709
ep7 train_mse=0.1248 val=0.3115 CYP1A2_direct=0.5854 CYP2C9_direct=0.4034 CYP2D6_direct=0.7835 CYP3A4_direct=0.3804 CYP1A2_tdic=0.5653 CYP2C9_tdic=0.3918 CYP2D6_tdic=0.6958 CYP3A4_tdic=0.3656 is_TDI_2D6=0.2390 is_TDI_3A4=0.1990 CYP1A2_log2fc=0.5384 CYP2C9_log2fc=0.3944 CYP2D6_log2fc=0.6317 CYP3A4_log2fc=0.5139
ep8 train_mse=0.1035 val=0.3258 CYP1A2_direct=0.5832 CYP2C9_direct=0.3981 CYP2D6_direct=0.7786 CYP3A4_direct=0.3543 CYP1A2_tdic=0.5727 CYP2C9_tdic=0.3790 CYP2D6_tdic=0.7297 CYP3A4_tdic=0.3426 is_TDI_2D6=0.2382 is_TDI_3A4=0.2035 CYP1A2_log2fc=0.5075 CYP2C9_log2fc=0.3859 CYP2D6_log2fc=0.6432 CYP3A4_log2fc=0.4643
ep9 train_mse=0.0853 val=0.3408 CYP1A2_direct=0.6129 CYP2C9_direct=0.3983 CYP2D6_direct=0.7872 CYP3A4_direct=0.3515 CYP1A2_tdic=0.5904 CYP2C9_tdic=0.3762 CYP2D6_tdic=0.7573 CYP3A4_tdic=0.3618 is_TDI_2D6=0.2445 is_TDI_3A4=0.2022 CYP1A2_log2fc=0.5164 CYP2C9_log2fc=0.3494 CYP2D6_log2fc=0.6197 CYP3A4_log2fc=0.4463
ep10 train_mse=0.0681 val=0.3496 CYP1A2_direct=0.5656 CYP2C9_direct=0.4195 CYP2D6_direct=0.8499 CYP3A4_direct=0.3480 CYP1A2_tdic=0.5445 CYP2C9_tdic=0.3962 CYP2D6_tdic=0.7591 CYP3A4_tdic=0.3521 is_TDI_2D6=0.2504 is_TDI_3A4=0.1995 CYP1A2_log2fc=0.5267 CYP2C9_log2fc=0.3634 CYP2D6_log2fc=0.6642 CYP3A4_log2fc=0.4430
ep11 train_mse=0.0581 val=0.3438 CYP1A2_direct=0.5766 CYP2C9_direct=0.4206 CYP2D6_direct=0.7513 CYP3A4_direct=0.3563 CYP1A2_tdic=0.5662 CYP2C9_tdic=0.4144 CYP2D6_tdic=0.7071 CYP3A4_tdic=0.3632 is_TDI_2D6=0.2419 is_TDI_3A4=0.2003 CYP1A2_log2fc=0.5233 CYP2C9_log2fc=0.3493 CYP2D6_log2fc=0.6221 CYP3A4_log2fc=0.4580
DONE L2_s6 1204s
