[L2_s4] rows: challenge 6145; fold col fold_reg; weights=plan
[L2_s4 fold0] trainable 17.7M
GPU available: True (cuda), used: True
TPU available: False, using: 0 TPU cores
💡 Tip: For seamless cloud logging and experiment tracking, try installing [litlogger](https://pypi.org/project/litlogger/) to enable LitLogger, which logs metrics and artifacts automatically to the Lightning Experiments platform.
Seed set to 4
LOCAL_RANK: 0 - CUDA_VISIBLE_DEVICES: [0]
Loading `train_dataloader` to estimate number of stepping batches.
ep1 train_mse=0.0000 val=0.4238 CYP1A2_direct=0.9695 CYP2C9_direct=0.6491 CYP2D6_direct=0.8958 CYP3A4_direct=1.0756 CYP1A2_tdic=1.0564 CYP2C9_tdic=0.6175 CYP2D6_tdic=1.0136 CYP3A4_tdic=1.0413 is_TDI_2D6=0.2533 is_TDI_3A4=0.2055 CYP1A2_log2fc=0.9924 CYP2C9_log2fc=0.9252 CYP2D6_log2fc=1.0899 CYP3A4_log2fc=1.0499
ep1 train_mse=0.4453 val=0.2810 CYP1A2_direct=0.6537 CYP2C9_direct=0.4656 CYP2D6_direct=0.7842 CYP3A4_direct=0.4511 CYP1A2_tdic=0.7314 CYP2C9_tdic=0.4187 CYP2D6_tdic=0.7819 CYP3A4_tdic=0.5418 is_TDI_2D6=0.2182 is_TDI_3A4=0.1852 CYP1A2_log2fc=0.7706 CYP2C9_log2fc=0.5070 CYP2D6_log2fc=0.6455 CYP3A4_log2fc=0.5788
ep2 train_mse=0.3330 val=0.2700 CYP1A2_direct=0.7311 CYP2C9_direct=0.4096 CYP2D6_direct=0.7479 CYP3A4_direct=0.4797 CYP1A2_tdic=0.7880 CYP2C9_tdic=0.3828 CYP2D6_tdic=0.7764 CYP3A4_tdic=0.5033 is_TDI_2D6=0.2272 is_TDI_3A4=0.1896 CYP1A2_log2fc=0.8571 CYP2C9_log2fc=0.4830 CYP2D6_log2fc=0.6418 CYP3A4_log2fc=0.5445
ep3 train_mse=0.2754 val=0.2652 CYP1A2_direct=0.6011 CYP2C9_direct=0.3474 CYP2D6_direct=0.9645 CYP3A4_direct=0.4794 CYP1A2_tdic=0.6407 CYP2C9_tdic=0.3227 CYP2D6_tdic=0.9098 CYP3A4_tdic=0.4800 is_TDI_2D6=0.2142 is_TDI_3A4=0.1846 CYP1A2_log2fc=0.8355 CYP2C9_log2fc=0.4939 CYP2D6_log2fc=0.6243 CYP3A4_log2fc=0.4944
ep4 train_mse=0.2179 val=0.2714 CYP1A2_direct=0.6688 CYP2C9_direct=0.3921 CYP2D6_direct=0.8411 CYP3A4_direct=0.4457 CYP1A2_tdic=0.7099 CYP2C9_tdic=0.3316 CYP2D6_tdic=0.8225 CYP3A4_tdic=0.4883 is_TDI_2D6=0.2150 is_TDI_3A4=0.1915 CYP1A2_log2fc=0.8167 CYP2C9_log2fc=0.4649 CYP2D6_log2fc=0.6619 CYP3A4_log2fc=0.4994
ep5 train_mse=0.1799 val=0.2749 CYP1A2_direct=0.6338 CYP2C9_direct=0.3780 CYP2D6_direct=0.7856 CYP3A4_direct=0.4295 CYP1A2_tdic=0.6963 CYP2C9_tdic=0.3675 CYP2D6_tdic=0.7916 CYP3A4_tdic=0.4683 is_TDI_2D6=0.2184 is_TDI_3A4=0.1899 CYP1A2_log2fc=0.8869 CYP2C9_log2fc=0.4047 CYP2D6_log2fc=0.5795 CYP3A4_log2fc=0.4568
ep6 train_mse=0.1452 val=0.2981 CYP1A2_direct=0.6466 CYP2C9_direct=0.3897 CYP2D6_direct=0.8040 CYP3A4_direct=0.4143 CYP1A2_tdic=0.7027 CYP2C9_tdic=0.3409 CYP2D6_tdic=0.7657 CYP3A4_tdic=0.4517 is_TDI_2D6=0.2174 is_TDI_3A4=0.1896 CYP1A2_log2fc=0.8008 CYP2C9_log2fc=0.4638 CYP2D6_log2fc=0.6030 CYP3A4_log2fc=0.4438
ep7 train_mse=0.1207 val=0.3145 CYP1A2_direct=0.6457 CYP2C9_direct=0.3739 CYP2D6_direct=0.8078 CYP3A4_direct=0.4213 CYP1A2_tdic=0.6842 CYP2C9_tdic=0.3191 CYP2D6_tdic=0.7888 CYP3A4_tdic=0.4518 is_TDI_2D6=0.2108 is_TDI_3A4=0.1957 CYP1A2_log2fc=0.8210 CYP2C9_log2fc=0.4098 CYP2D6_log2fc=0.5703 CYP3A4_log2fc=0.4520
ep8 train_mse=0.1011 val=0.3427 CYP1A2_direct=0.6149 CYP2C9_direct=0.3599 CYP2D6_direct=0.8147 CYP3A4_direct=0.4425 CYP1A2_tdic=0.6650 CYP2C9_tdic=0.3206 CYP2D6_tdic=0.8048 CYP3A4_tdic=0.4744 is_TDI_2D6=0.2157 is_TDI_3A4=0.1966 CYP1A2_log2fc=0.7558 CYP2C9_log2fc=0.4147 CYP2D6_log2fc=0.5827 CYP3A4_log2fc=0.4605
ep9 train_mse=0.0827 val=0.3335 CYP1A2_direct=0.6558 CYP2C9_direct=0.3694 CYP2D6_direct=0.7716 CYP3A4_direct=0.4210 CYP1A2_tdic=0.7107 CYP2C9_tdic=0.3391 CYP2D6_tdic=0.7984 CYP3A4_tdic=0.4586 is_TDI_2D6=0.2151 is_TDI_3A4=0.1965 CYP1A2_log2fc=0.8270 CYP2C9_log2fc=0.4099 CYP2D6_log2fc=0.6141 CYP3A4_log2fc=0.4343
ep10 train_mse=0.0680 val=0.3389 CYP1A2_direct=0.5959 CYP2C9_direct=0.3626 CYP2D6_direct=0.8011 CYP3A4_direct=0.4648 CYP1A2_tdic=0.6428 CYP2C9_tdic=0.3252 CYP2D6_tdic=0.8342 CYP3A4_tdic=0.4709 is_TDI_2D6=0.2178 is_TDI_3A4=0.2008 CYP1A2_log2fc=0.8266 CYP2C9_log2fc=0.4065 CYP2D6_log2fc=0.5701 CYP3A4_log2fc=0.4255
ep11 train_mse=0.0555 val=0.3439 CYP1A2_direct=0.6215 CYP2C9_direct=0.3713 CYP2D6_direct=0.7831 CYP3A4_direct=0.4325 CYP1A2_tdic=0.6704 CYP2C9_tdic=0.3171 CYP2D6_tdic=0.8032 CYP3A4_tdic=0.4601 is_TDI_2D6=0.2161 is_TDI_3A4=0.2002 CYP1A2_log2fc=0.8110 CYP2C9_log2fc=0.3990 CYP2D6_log2fc=0.5966 CYP3A4_log2fc=0.4605
[L2_s4] fold 0 done 204s
[L2_s4 fold1] trainable 17.7M
GPU available: True (cuda), used: True
TPU available: False, using: 0 TPU cores
💡 Tip: For seamless cloud logging and experiment tracking, try installing [litlogger](https://pypi.org/project/litlogger/) to enable LitLogger, which logs metrics and artifacts automatically to the Lightning Experiments platform.
Seed set to 4
LOCAL_RANK: 0 - CUDA_VISIBLE_DEVICES: [0]
Loading `train_dataloader` to estimate number of stepping batches.
ep1 train_mse=0.0000 val=0.4158 CYP1A2_direct=0.9434 CYP2C9_direct=0.8093 CYP2D6_direct=0.7829 CYP3A4_direct=1.0635 CYP1A2_tdic=0.9664 CYP2C9_tdic=0.6939 CYP2D6_tdic=0.7273 CYP3A4_tdic=1.1975 is_TDI_2D6=0.2146 is_TDI_3A4=0.2343 CYP1A2_log2fc=0.9130 CYP2C9_log2fc=1.0266 CYP2D6_log2fc=1.0009 CYP3A4_log2fc=1.0327
ep1 train_mse=0.4415 val=0.2781 CYP1A2_direct=0.6357 CYP2C9_direct=0.5633 CYP2D6_direct=0.6412 CYP3A4_direct=0.3649 CYP1A2_tdic=0.6235 CYP2C9_tdic=0.5473 CYP2D6_tdic=0.5720 CYP3A4_tdic=0.4284 is_TDI_2D6=0.2386 is_TDI_3A4=0.2432 CYP1A2_log2fc=0.6131 CYP2C9_log2fc=0.4624 CYP2D6_log2fc=0.6295 CYP3A4_log2fc=0.5301
ep2 train_mse=0.3307 val=0.2628 CYP1A2_direct=0.5831 CYP2C9_direct=0.6137 CYP2D6_direct=0.5861 CYP3A4_direct=0.4014 CYP1A2_tdic=0.5641 CYP2C9_tdic=0.6173 CYP2D6_tdic=0.5253 CYP3A4_tdic=0.4393 is_TDI_2D6=0.2602 is_TDI_3A4=0.2590 CYP1A2_log2fc=0.6026 CYP2C9_log2fc=0.4920 CYP2D6_log2fc=0.6019 CYP3A4_log2fc=0.5111
ep3 train_mse=0.2706 val=0.2790 CYP1A2_direct=0.6860 CYP2C9_direct=0.5786 CYP2D6_direct=0.7261 CYP3A4_direct=0.4029 CYP1A2_tdic=0.7203 CYP2C9_tdic=0.5819 CYP2D6_tdic=0.5442 CYP3A4_tdic=0.4779 is_TDI_2D6=0.2331 is_TDI_3A4=0.2685 CYP1A2_log2fc=0.7080 CYP2C9_log2fc=0.4963 CYP2D6_log2fc=0.6432 CYP3A4_log2fc=0.5155
ep4 train_mse=0.2197 val=0.2943 CYP1A2_direct=0.5646 CYP2C9_direct=0.6615 CYP2D6_direct=0.6305 CYP3A4_direct=0.3790 CYP1A2_tdic=0.5613 CYP2C9_tdic=0.6009 CYP2D6_tdic=0.5046 CYP3A4_tdic=0.4222 is_TDI_2D6=0.2460 is_TDI_3A4=0.2602 CYP1A2_log2fc=0.5931 CYP2C9_log2fc=0.4967 CYP2D6_log2fc=0.5751 CYP3A4_log2fc=0.4717
ep5 train_mse=0.1698 val=0.3185 CYP1A2_direct=0.5491 CYP2C9_direct=0.6365 CYP2D6_direct=0.6776 CYP3A4_direct=0.3716 CYP1A2_tdic=0.5427 CYP2C9_tdic=0.6630 CYP2D6_tdic=0.5201 CYP3A4_tdic=0.3930 is_TDI_2D6=0.2517 is_TDI_3A4=0.2722 CYP1A2_log2fc=0.5601 CYP2C9_log2fc=0.4608 CYP2D6_log2fc=0.5348 CYP3A4_log2fc=0.4586
ep6 train_mse=0.1429 val=0.3660 CYP1A2_direct=0.6003 CYP2C9_direct=0.6117 CYP2D6_direct=0.6046 CYP3A4_direct=0.3727 CYP1A2_tdic=0.5870 CYP2C9_tdic=0.5996 CYP2D6_tdic=0.5197 CYP3A4_tdic=0.3813 is_TDI_2D6=0.2498 is_TDI_3A4=0.2683 CYP1A2_log2fc=0.5560 CYP2C9_log2fc=0.4379 CYP2D6_log2fc=0.5108 CYP3A4_log2fc=0.4446
ep7 train_mse=0.1178 val=0.3580 CYP1A2_direct=0.5326 CYP2C9_direct=0.5862 CYP2D6_direct=0.6548 CYP3A4_direct=0.4180 CYP1A2_tdic=0.5343 CYP2C9_tdic=0.5626 CYP2D6_tdic=0.5519 CYP3A4_tdic=0.4008 is_TDI_2D6=0.2562 is_TDI_3A4=0.2724 CYP1A2_log2fc=0.5769 CYP2C9_log2fc=0.4171 CYP2D6_log2fc=0.5371 CYP3A4_log2fc=0.4565
ep8 train_mse=0.0949 val=0.4138 CYP1A2_direct=0.5464 CYP2C9_direct=0.6603 CYP2D6_direct=0.6127 CYP3A4_direct=0.3734 CYP1A2_tdic=0.5346 CYP2C9_tdic=0.6723 CYP2D6_tdic=0.5235 CYP3A4_tdic=0.3904 is_TDI_2D6=0.2541 is_TDI_3A4=0.2769 CYP1A2_log2fc=0.5555 CYP2C9_log2fc=0.4353 CYP2D6_log2fc=0.5599 CYP3A4_log2fc=0.4241
ep9 train_mse=0.0769 val=0.4104 CYP1A2_direct=0.5227 CYP2C9_direct=0.6123 CYP2D6_direct=0.6878 CYP3A4_direct=0.3866 CYP1A2_tdic=0.5282 CYP2C9_tdic=0.5976 CYP2D6_tdic=0.5729 CYP3A4_tdic=0.4146 is_TDI_2D6=0.2514 is_TDI_3A4=0.2790 CYP1A2_log2fc=0.5378 CYP2C9_log2fc=0.4243 CYP2D6_log2fc=0.5493 CYP3A4_log2fc=0.4560
ep10 train_mse=0.0616 val=0.4109 CYP1A2_direct=0.5107 CYP2C9_direct=0.6041 CYP2D6_direct=0.6608 CYP3A4_direct=0.3905 CYP1A2_tdic=0.5047 CYP2C9_tdic=0.5994 CYP2D6_tdic=0.5782 CYP3A4_tdic=0.4053 is_TDI_2D6=0.2543 is_TDI_3A4=0.2774 CYP1A2_log2fc=0.5644 CYP2C9_log2fc=0.4261 CYP2D6_log2fc=0.5643 CYP3A4_log2fc=0.4543
[L2_s4] fold 1 done 392s
[L2_s4 fold2] trainable 17.7M
GPU available: True (cuda), used: True
TPU available: False, using: 0 TPU cores
💡 Tip: For seamless cloud logging and experiment tracking, try installing [litlogger](https://pypi.org/project/litlogger/) to enable LitLogger, which logs metrics and artifacts automatically to the Lightning Experiments platform.
Seed set to 4
LOCAL_RANK: 0 - CUDA_VISIBLE_DEVICES: [0]
Loading `train_dataloader` to estimate number of stepping batches.
ep1 train_mse=0.0000 val=0.4510 CYP1A2_direct=1.0657 CYP2C9_direct=0.9566 CYP2D6_direct=1.0675 CYP3A4_direct=1.0521 CYP1A2_tdic=1.0914 CYP2C9_tdic=0.9827 CYP2D6_tdic=1.4163 CYP3A4_tdic=1.0251 is_TDI_2D6=0.1762 is_TDI_3A4=0.1924 CYP1A2_log2fc=1.2520 CYP2C9_log2fc=1.1804 CYP2D6_log2fc=1.0510 CYP3A4_log2fc=1.0615
ep1 train_mse=0.4419 val=0.3025 CYP1A2_direct=0.6007 CYP2C9_direct=0.6366 CYP2D6_direct=1.1247 CYP3A4_direct=0.4500 CYP1A2_tdic=0.7919 CYP2C9_tdic=0.5726 CYP2D6_tdic=1.0490 CYP3A4_tdic=0.5532 is_TDI_2D6=0.2040 is_TDI_3A4=0.2012 CYP1A2_log2fc=0.8678 CYP2C9_log2fc=0.6054 CYP2D6_log2fc=0.6359 CYP3A4_log2fc=0.5862
ep2 train_mse=0.3339 val=0.2823 CYP1A2_direct=0.7069 CYP2C9_direct=0.5034 CYP2D6_direct=0.9994 CYP3A4_direct=0.3817 CYP1A2_tdic=0.7886 CYP2C9_tdic=0.5396 CYP2D6_tdic=0.9626 CYP3A4_tdic=0.5330 is_TDI_2D6=0.2185 is_TDI_3A4=0.2049 CYP1A2_log2fc=0.8720 CYP2C9_log2fc=0.5661 CYP2D6_log2fc=0.6303 CYP3A4_log2fc=0.5301
ep3 train_mse=0.2823 val=0.2793 CYP1A2_direct=0.6117 CYP2C9_direct=0.7211 CYP2D6_direct=0.8930 CYP3A4_direct=0.3204 CYP1A2_tdic=0.6588 CYP2C9_tdic=0.6204 CYP2D6_tdic=0.8948 CYP3A4_tdic=0.4580 is_TDI_2D6=0.2197 is_TDI_3A4=0.1978 CYP1A2_log2fc=0.7456 CYP2C9_log2fc=0.5565 CYP2D6_log2fc=0.5647 CYP3A4_log2fc=0.5395
ep4 train_mse=0.2146 val=0.2961 CYP1A2_direct=0.6087 CYP2C9_direct=0.4746 CYP2D6_direct=1.0127 CYP3A4_direct=0.3313 CYP1A2_tdic=0.6691 CYP2C9_tdic=0.4868 CYP2D6_tdic=0.9596 CYP3A4_tdic=0.4902 is_TDI_2D6=0.2187 is_TDI_3A4=0.2013 CYP1A2_log2fc=0.7423 CYP2C9_log2fc=0.5329 CYP2D6_log2fc=0.5807 CYP3A4_log2fc=0.4663
ep5 train_mse=0.1735 val=0.3585 CYP1A2_direct=0.7012 CYP2C9_direct=0.5886 CYP2D6_direct=1.1790 CYP3A4_direct=0.3129 CYP1A2_tdic=0.8201 CYP2C9_tdic=0.5865 CYP2D6_tdic=1.2308 CYP3A4_tdic=0.4505 is_TDI_2D6=0.2327 is_TDI_3A4=0.2098 CYP1A2_log2fc=0.7443 CYP2C9_log2fc=0.5477 CYP2D6_log2fc=0.6087 CYP3A4_log2fc=0.4440
ep6 train_mse=0.1441 val=0.3388 CYP1A2_direct=0.5895 CYP2C9_direct=0.5275 CYP2D6_direct=1.0425 CYP3A4_direct=0.2907 CYP1A2_tdic=0.6537 CYP2C9_tdic=0.5197 CYP2D6_tdic=1.0111 CYP3A4_tdic=0.4753 is_TDI_2D6=0.2251 is_TDI_3A4=0.1976 CYP1A2_log2fc=0.7216 CYP2C9_log2fc=0.5363 CYP2D6_log2fc=0.5197 CYP3A4_log2fc=0.4834
ep7 train_mse=0.1183 val=0.3585 CYP1A2_direct=0.7153 CYP2C9_direct=0.5525 CYP2D6_direct=1.0140 CYP3A4_direct=0.3229 CYP1A2_tdic=0.7785 CYP2C9_tdic=0.5644 CYP2D6_tdic=0.9857 CYP3A4_tdic=0.4437 is_TDI_2D6=0.2196 is_TDI_3A4=0.1971 CYP1A2_log2fc=0.7875 CYP2C9_log2fc=0.5028 CYP2D6_log2fc=0.5201 CYP3A4_log2fc=0.4769
ep8 train_mse=0.0960 val=0.3895 CYP1A2_direct=0.5801 CYP2C9_direct=0.4997 CYP2D6_direct=1.0347 CYP3A4_direct=0.3242 CYP1A2_tdic=0.6547 CYP2C9_tdic=0.4888 CYP2D6_tdic=1.0155 CYP3A4_tdic=0.4271 is_TDI_2D6=0.2163 is_TDI_3A4=0.1992 CYP1A2_log2fc=0.6905 CYP2C9_log2fc=0.4493 CYP2D6_log2fc=0.5167 CYP3A4_log2fc=0.4305
ep9 train_mse=0.0784 val=0.3772 CYP1A2_direct=0.6211 CYP2C9_direct=0.4622 CYP2D6_direct=1.0548 CYP3A4_direct=0.3159 CYP1A2_tdic=0.6464 CYP2C9_tdic=0.4813 CYP2D6_tdic=1.0019 CYP3A4_tdic=0.4217 is_TDI_2D6=0.2225 is_TDI_3A4=0.2000 CYP1A2_log2fc=0.7438 CYP2C9_log2fc=0.4621 CYP2D6_log2fc=0.5245 CYP3A4_log2fc=0.4293
ep10 train_mse=0.0660 val=0.4045 CYP1A2_direct=0.6211 CYP2C9_direct=0.5358 CYP2D6_direct=1.0201 CYP3A4_direct=0.3178 CYP1A2_tdic=0.6846 CYP2C9_tdic=0.5348 CYP2D6_tdic=1.0333 CYP3A4_tdic=0.4145 is_TDI_2D6=0.2319 is_TDI_3A4=0.2004 CYP1A2_log2fc=0.7950 CYP2C9_log2fc=0.4947 CYP2D6_log2fc=0.5350 CYP3A4_log2fc=0.4342
ep11 train_mse=0.0529 val=0.3956 CYP1A2_direct=0.6591 CYP2C9_direct=0.4915 CYP2D6_direct=1.0192 CYP3A4_direct=0.3391 CYP1A2_tdic=0.6917 CYP2C9_tdic=0.5214 CYP2D6_tdic=0.9836 CYP3A4_tdic=0.4360 is_TDI_2D6=0.2220 is_TDI_3A4=0.2016 CYP1A2_log2fc=0.7248 CYP2C9_log2fc=0.4601 CYP2D6_log2fc=0.5283 CYP3A4_log2fc=0.4572
[L2_s4] fold 2 done 598s
[L2_s4 fold3] trainable 17.7M
GPU available: True (cuda), used: True
TPU available: False, using: 0 TPU cores
💡 Tip: For seamless cloud logging and experiment tracking, try installing [litlogger](https://pypi.org/project/litlogger/) to enable LitLogger, which logs metrics and artifacts automatically to the Lightning Experiments platform.
Seed set to 4
LOCAL_RANK: 0 - CUDA_VISIBLE_DEVICES: [0]
Loading `train_dataloader` to estimate number of stepping batches.
ep1 train_mse=0.0000 val=0.4140 CYP1A2_direct=0.9207 CYP2C9_direct=0.6242 CYP2D6_direct=0.7759 CYP3A4_direct=1.1181 CYP1A2_tdic=0.9882 CYP2C9_tdic=0.5858 CYP2D6_tdic=0.8164 CYP3A4_tdic=1.0272 is_TDI_2D6=0.2745 is_TDI_3A4=0.2193 CYP1A2_log2fc=1.1236 CYP2C9_log2fc=1.0189 CYP2D6_log2fc=1.0024 CYP3A4_log2fc=1.0757
ep1 train_mse=0.4558 val=0.2731 CYP1A2_direct=0.6850 CYP2C9_direct=0.2993 CYP2D6_direct=0.6017 CYP3A4_direct=0.4829 CYP1A2_tdic=0.6742 CYP2C9_tdic=0.2738 CYP2D6_tdic=0.6497 CYP3A4_tdic=0.4975 is_TDI_2D6=0.2464 is_TDI_3A4=0.2687 CYP1A2_log2fc=0.7495 CYP2C9_log2fc=0.4447 CYP2D6_log2fc=0.6244 CYP3A4_log2fc=0.5400
ep2 train_mse=0.3424 val=0.2619 CYP1A2_direct=0.6085 CYP2C9_direct=0.3613 CYP2D6_direct=0.7062 CYP3A4_direct=0.4488 CYP1A2_tdic=0.6524 CYP2C9_tdic=0.2996 CYP2D6_tdic=0.7376 CYP3A4_tdic=0.4802 is_TDI_2D6=0.2464 is_TDI_3A4=0.2699 CYP1A2_log2fc=0.7389 CYP2C9_log2fc=0.4242 CYP2D6_log2fc=0.6388 CYP3A4_log2fc=0.4707
ep3 train_mse=0.2764 val=0.2701 CYP1A2_direct=0.8557 CYP2C9_direct=0.2995 CYP2D6_direct=0.8633 CYP3A4_direct=0.4078 CYP1A2_tdic=0.8738 CYP2C9_tdic=0.2748 CYP2D6_tdic=0.8526 CYP3A4_tdic=0.4245 is_TDI_2D6=0.2505 is_TDI_3A4=0.2620 CYP1A2_log2fc=0.7375 CYP2C9_log2fc=0.4282 CYP2D6_log2fc=0.6001 CYP3A4_log2fc=0.4825
ep4 train_mse=0.2197 val=0.2719 CYP1A2_direct=0.5874 CYP2C9_direct=0.3658 CYP2D6_direct=0.8098 CYP3A4_direct=0.4231 CYP1A2_tdic=0.6065 CYP2C9_tdic=0.3362 CYP2D6_tdic=0.7761 CYP3A4_tdic=0.4617 is_TDI_2D6=0.2473 is_TDI_3A4=0.2767 CYP1A2_log2fc=0.6541 CYP2C9_log2fc=0.4502 CYP2D6_log2fc=0.6456 CYP3A4_log2fc=0.4605
ep5 train_mse=0.1793 val=0.3104 CYP1A2_direct=0.7211 CYP2C9_direct=0.4437 CYP2D6_direct=0.8808 CYP3A4_direct=0.4184 CYP1A2_tdic=0.7339 CYP2C9_tdic=0.3996 CYP2D6_tdic=0.8822 CYP3A4_tdic=0.4386 is_TDI_2D6=0.2511 is_TDI_3A4=0.2814 CYP1A2_log2fc=0.7316 CYP2C9_log2fc=0.4380 CYP2D6_log2fc=0.6732 CYP3A4_log2fc=0.4432
ep6 train_mse=0.1447 val=0.3397 CYP1A2_direct=0.6233 CYP2C9_direct=0.3088 CYP2D6_direct=0.7770 CYP3A4_direct=0.3867 CYP1A2_tdic=0.6587 CYP2C9_tdic=0.2695 CYP2D6_tdic=0.7569 CYP3A4_tdic=0.4298 is_TDI_2D6=0.2440 is_TDI_3A4=0.2630 CYP1A2_log2fc=0.6406 CYP2C9_log2fc=0.3791 CYP2D6_log2fc=0.5543 CYP3A4_log2fc=0.4470
ep7 train_mse=0.1239 val=0.3687 CYP1A2_direct=0.6798 CYP2C9_direct=0.3022 CYP2D6_direct=0.7558 CYP3A4_direct=0.3910 CYP1A2_tdic=0.7049 CYP2C9_tdic=0.2750 CYP2D6_tdic=0.8157 CYP3A4_tdic=0.4191 is_TDI_2D6=0.2432 is_TDI_3A4=0.2821 CYP1A2_log2fc=0.6825 CYP2C9_log2fc=0.3716 CYP2D6_log2fc=0.6301 CYP3A4_log2fc=0.4794
ep8 train_mse=0.1024 val=0.3534 CYP1A2_direct=0.6395 CYP2C9_direct=0.2841 CYP2D6_direct=0.7667 CYP3A4_direct=0.4002 CYP1A2_tdic=0.6333 CYP2C9_tdic=0.2461 CYP2D6_tdic=0.7241 CYP3A4_tdic=0.4101 is_TDI_2D6=0.2448 is_TDI_3A4=0.2614 CYP1A2_log2fc=0.6400 CYP2C9_log2fc=0.3773 CYP2D6_log2fc=0.5684 CYP3A4_log2fc=0.4432
ep9 train_mse=0.0830 val=0.3816 CYP1A2_direct=0.6603 CYP2C9_direct=0.2898 CYP2D6_direct=0.7811 CYP3A4_direct=0.3864 CYP1A2_tdic=0.6675 CYP2C9_tdic=0.2475 CYP2D6_tdic=0.8450 CYP3A4_tdic=0.4098 is_TDI_2D6=0.2448 is_TDI_3A4=0.2744 CYP1A2_log2fc=0.6392 CYP2C9_log2fc=0.3694 CYP2D6_log2fc=0.6056 CYP3A4_log2fc=0.4241
ep10 train_mse=0.0669 val=0.3965 CYP1A2_direct=0.7113 CYP2C9_direct=0.3043 CYP2D6_direct=0.7231 CYP3A4_direct=0.3882 CYP1A2_tdic=0.7153 CYP2C9_tdic=0.2648 CYP2D6_tdic=0.7246 CYP3A4_tdic=0.4105 is_TDI_2D6=0.2436 is_TDI_3A4=0.2790 CYP1A2_log2fc=0.6831 CYP2C9_log2fc=0.3853 CYP2D6_log2fc=0.5860 CYP3A4_log2fc=0.4198
[L2_s4] fold 3 done 786s
[L2_s4 fold4] trainable 17.7M
GPU available: True (cuda), used: True
TPU available: False, using: 0 TPU cores
💡 Tip: For seamless cloud logging and experiment tracking, try installing [litlogger](https://pypi.org/project/litlogger/) to enable LitLogger, which logs metrics and artifacts automatically to the Lightning Experiments platform.
Seed set to 4
LOCAL_RANK: 0 - CUDA_VISIBLE_DEVICES: [0]
Loading `train_dataloader` to estimate number of stepping batches.
ep1 train_mse=0.0000 val=0.4512 CYP1A2_direct=1.1736 CYP2C9_direct=0.9326 CYP2D6_direct=1.1406 CYP3A4_direct=1.1610 CYP1A2_tdic=1.0754 CYP2C9_tdic=0.9871 CYP2D6_tdic=1.0874 CYP3A4_tdic=1.0723 is_TDI_2D6=0.2012 is_TDI_3A4=0.1792 CYP1A2_log2fc=0.9502 CYP2C9_log2fc=1.0950 CYP2D6_log2fc=0.9359 CYP3A4_log2fc=1.0033
ep1 train_mse=0.4483 val=0.2999 CYP1A2_direct=0.9170 CYP2C9_direct=0.5127 CYP2D6_direct=1.0600 CYP3A4_direct=0.4239 CYP1A2_tdic=0.8792 CYP2C9_tdic=0.6408 CYP2D6_tdic=1.2022 CYP3A4_tdic=0.4715 is_TDI_2D6=0.1660 is_TDI_3A4=0.2350 CYP1A2_log2fc=0.6639 CYP2C9_log2fc=0.4776 CYP2D6_log2fc=0.5871 CYP3A4_log2fc=0.5199
ep2 train_mse=0.3379 val=0.2910 CYP1A2_direct=0.8006 CYP2C9_direct=0.5697 CYP2D6_direct=0.9872 CYP3A4_direct=0.5208 CYP1A2_tdic=0.7705 CYP2C9_tdic=0.6339 CYP2D6_tdic=1.0750 CYP3A4_tdic=0.4827 is_TDI_2D6=0.1740 is_TDI_3A4=0.2363 CYP1A2_log2fc=0.6376 CYP2C9_log2fc=0.4816 CYP2D6_log2fc=0.7200 CYP3A4_log2fc=0.5025
ep3 train_mse=0.2699 val=0.2974 CYP1A2_direct=0.8592 CYP2C9_direct=0.6435 CYP2D6_direct=1.0164 CYP3A4_direct=0.4193 CYP1A2_tdic=0.8267 CYP2C9_tdic=0.7333 CYP2D6_tdic=1.0742 CYP3A4_tdic=0.4705 is_TDI_2D6=0.1737 is_TDI_3A4=0.2260 CYP1A2_log2fc=0.6284 CYP2C9_log2fc=0.4998 CYP2D6_log2fc=0.5981 CYP3A4_log2fc=0.5323
ep4 train_mse=0.2156 val=0.3052 CYP1A2_direct=0.8036 CYP2C9_direct=0.5456 CYP2D6_direct=1.0849 CYP3A4_direct=0.4402 CYP1A2_tdic=0.7730 CYP2C9_tdic=0.6231 CYP2D6_tdic=1.1409 CYP3A4_tdic=0.4574 is_TDI_2D6=0.1663 is_TDI_3A4=0.2360 CYP1A2_log2fc=0.5964 CYP2C9_log2fc=0.4363 CYP2D6_log2fc=0.5466 CYP3A4_log2fc=0.4818
ep5 train_mse=0.1720 val=0.3510 CYP1A2_direct=0.8351 CYP2C9_direct=0.6600 CYP2D6_direct=1.0586 CYP3A4_direct=0.4090 CYP1A2_tdic=0.8125 CYP2C9_tdic=0.7572 CYP2D6_tdic=1.0947 CYP3A4_tdic=0.4323 is_TDI_2D6=0.1790 is_TDI_3A4=0.2337 CYP1A2_log2fc=0.5706 CYP2C9_log2fc=0.4855 CYP2D6_log2fc=0.5651 CYP3A4_log2fc=0.4518
ep6 train_mse=0.1425 val=0.3508 CYP1A2_direct=0.7988 CYP2C9_direct=0.5409 CYP2D6_direct=0.9566 CYP3A4_direct=0.3848 CYP1A2_tdic=0.7805 CYP2C9_tdic=0.6181 CYP2D6_tdic=0.9455 CYP3A4_tdic=0.3939 is_TDI_2D6=0.1744 is_TDI_3A4=0.2336 CYP1A2_log2fc=0.5798 CYP2C9_log2fc=0.4490 CYP2D6_log2fc=0.5406 CYP3A4_log2fc=0.4264
ep7 train_mse=0.1164 val=0.3858 CYP1A2_direct=0.8953 CYP2C9_direct=0.6083 CYP2D6_direct=0.9718 CYP3A4_direct=0.4479 CYP1A2_tdic=0.8608 CYP2C9_tdic=0.7141 CYP2D6_tdic=1.0108 CYP3A4_tdic=0.4518 is_TDI_2D6=0.1713 is_TDI_3A4=0.2403 CYP1A2_log2fc=0.5653 CYP2C9_log2fc=0.4418 CYP2D6_log2fc=0.5325 CYP3A4_log2fc=0.4412
ep8 train_mse=0.0982 val=0.3851 CYP1A2_direct=0.8195 CYP2C9_direct=0.5615 CYP2D6_direct=0.9592 CYP3A4_direct=0.4347 CYP1A2_tdic=0.8045 CYP2C9_tdic=0.6434 CYP2D6_tdic=1.0367 CYP3A4_tdic=0.4243 is_TDI_2D6=0.1688 is_TDI_3A4=0.2313 CYP1A2_log2fc=0.5704 CYP2C9_log2fc=0.4741 CYP2D6_log2fc=0.5372 CYP3A4_log2fc=0.4219
ep9 train_mse=0.0780 val=0.4065 CYP1A2_direct=0.8196 CYP2C9_direct=0.5451 CYP2D6_direct=0.9467 CYP3A4_direct=0.4439 CYP1A2_tdic=0.7879 CYP2C9_tdic=0.6266 CYP2D6_tdic=0.9878 CYP3A4_tdic=0.4339 is_TDI_2D6=0.1638 is_TDI_3A4=0.2260 CYP1A2_log2fc=0.5890 CYP2C9_log2fc=0.4328 CYP2D6_log2fc=0.5662 CYP3A4_log2fc=0.4249
ep10 train_mse=0.0631 val=0.4059 CYP1A2_direct=0.8264 CYP2C9_direct=0.5406 CYP2D6_direct=0.9079 CYP3A4_direct=0.4024 CYP1A2_tdic=0.8040 CYP2C9_tdic=0.6241 CYP2D6_tdic=0.9285 CYP3A4_tdic=0.3986 is_TDI_2D6=0.1696 is_TDI_3A4=0.2292 CYP1A2_log2fc=0.5799 CYP2C9_log2fc=0.4367 CYP2D6_log2fc=0.5228 CYP3A4_log2fc=0.4176
[L2_s4] fold 4 done 973s
[L2_s4 all] trainable 17.7M
GPU available: True (cuda), used: True
TPU available: False, using: 0 TPU cores
💡 Tip: For seamless cloud logging and experiment tracking, try installing [litlogger](https://pypi.org/project/litlogger/) to enable LitLogger, which logs metrics and artifacts automatically to the Lightning Experiments platform.
Seed set to 4
LOCAL_RANK: 0 - CUDA_VISIBLE_DEVICES: [0]
Loading `train_dataloader` to estimate number of stepping batches.
ep1 train_mse=0.0000 val=0.4084 CYP1A2_direct=0.5913 CYP2C9_direct=1.2034 CYP2D6_direct=0.6081 CYP3A4_direct=1.1107 CYP1A2_tdic=0.7439 CYP2C9_tdic=1.1875 CYP2D6_tdic=0.8926 CYP3A4_tdic=1.0627 is_TDI_2D6=0.2963 is_TDI_3A4=0.1934 CYP1A2_log2fc=0.9067 CYP2C9_log2fc=0.9273 CYP2D6_log2fc=0.8631 CYP3A4_log2fc=0.9849
ep1 train_mse=0.4887 val=0.2769 CYP1A2_direct=0.5401 CYP2C9_direct=0.5774 CYP2D6_direct=0.7541 CYP3A4_direct=0.4007 CYP1A2_tdic=0.5695 CYP2C9_tdic=0.6110 CYP2D6_tdic=0.8370 CYP3A4_tdic=0.5084 is_TDI_2D6=0.2911 is_TDI_3A4=0.2208 CYP1A2_log2fc=0.7210 CYP2C9_log2fc=0.4686 CYP2D6_log2fc=0.6751 CYP3A4_log2fc=0.5262
ep2 train_mse=0.3691 val=0.2568 CYP1A2_direct=0.5422 CYP2C9_direct=0.5453 CYP2D6_direct=0.6017 CYP3A4_direct=0.4196 CYP1A2_tdic=0.5553 CYP2C9_tdic=0.5975 CYP2D6_tdic=0.7597 CYP3A4_tdic=0.5034 is_TDI_2D6=0.3017 is_TDI_3A4=0.2266 CYP1A2_log2fc=0.7229 CYP2C9_log2fc=0.4764 CYP2D6_log2fc=0.6176 CYP3A4_log2fc=0.5448
ep3 train_mse=0.2893 val=0.2773 CYP1A2_direct=0.7312 CYP2C9_direct=0.6887 CYP2D6_direct=0.6220 CYP3A4_direct=0.4238 CYP1A2_tdic=0.7619 CYP2C9_tdic=0.7290 CYP2D6_tdic=0.7646 CYP3A4_tdic=0.4702 is_TDI_2D6=0.3240 is_TDI_3A4=0.2202 CYP1A2_log2fc=0.8715 CYP2C9_log2fc=0.5074 CYP2D6_log2fc=0.6210 CYP3A4_log2fc=0.5168
ep4 train_mse=0.2253 val=0.2887 CYP1A2_direct=0.5356 CYP2C9_direct=0.5724 CYP2D6_direct=0.7634 CYP3A4_direct=0.4483 CYP1A2_tdic=0.5545 CYP2C9_tdic=0.5986 CYP2D6_tdic=0.9212 CYP3A4_tdic=0.4976 is_TDI_2D6=0.3157 is_TDI_3A4=0.2291 CYP1A2_log2fc=0.6829 CYP2C9_log2fc=0.4604 CYP2D6_log2fc=0.7161 CYP3A4_log2fc=0.5090
ep5 train_mse=0.1839 val=0.2966 CYP1A2_direct=0.5673 CYP2C9_direct=0.5717 CYP2D6_direct=0.6496 CYP3A4_direct=0.3615 CYP1A2_tdic=0.5950 CYP2C9_tdic=0.5984 CYP2D6_tdic=0.8147 CYP3A4_tdic=0.4439 is_TDI_2D6=0.3138 is_TDI_3A4=0.2139 CYP1A2_log2fc=0.6713 CYP2C9_log2fc=0.4477 CYP2D6_log2fc=0.5445 CYP3A4_log2fc=0.4658
ep6 train_mse=0.1477 val=0.3325 CYP1A2_direct=0.5595 CYP2C9_direct=0.5624 CYP2D6_direct=0.6359 CYP3A4_direct=0.3846 CYP1A2_tdic=0.5715 CYP2C9_tdic=0.5954 CYP2D6_tdic=0.7559 CYP3A4_tdic=0.4499 is_TDI_2D6=0.3106 is_TDI_3A4=0.2063 CYP1A2_log2fc=0.6871 CYP2C9_log2fc=0.4471 CYP2D6_log2fc=0.5262 CYP3A4_log2fc=0.4731
ep7 train_mse=0.1201 val=0.3649 CYP1A2_direct=0.5641 CYP2C9_direct=0.5562 CYP2D6_direct=0.7045 CYP3A4_direct=0.3863 CYP1A2_tdic=0.5882 CYP2C9_tdic=0.5881 CYP2D6_tdic=0.8301 CYP3A4_tdic=0.4535 is_TDI_2D6=0.3248 is_TDI_3A4=0.2135 CYP1A2_log2fc=0.6765 CYP2C9_log2fc=0.4250 CYP2D6_log2fc=0.5876 CYP3A4_log2fc=0.4653
ep8 train_mse=0.0998 val=0.3759 CYP1A2_direct=0.5696 CYP2C9_direct=0.5308 CYP2D6_direct=0.6441 CYP3A4_direct=0.3819 CYP1A2_tdic=0.5824 CYP2C9_tdic=0.5775 CYP2D6_tdic=0.7902 CYP3A4_tdic=0.4437 is_TDI_2D6=0.3275 is_TDI_3A4=0.2112 CYP1A2_log2fc=0.6758 CYP2C9_log2fc=0.4431 CYP2D6_log2fc=0.5646 CYP3A4_log2fc=0.4909
ep9 train_mse=0.0813 val=0.4058 CYP1A2_direct=0.6644 CYP2C9_direct=0.5306 CYP2D6_direct=0.6441 CYP3A4_direct=0.3963 CYP1A2_tdic=0.6627 CYP2C9_tdic=0.5692 CYP2D6_tdic=0.7927 CYP3A4_tdic=0.4409 is_TDI_2D6=0.3300 is_TDI_3A4=0.2199 CYP1A2_log2fc=0.7165 CYP2C9_log2fc=0.4258 CYP2D6_log2fc=0.5413 CYP3A4_log2fc=0.4453
ep10 train_mse=0.0649 val=0.4046 CYP1A2_direct=0.5551 CYP2C9_direct=0.5551 CYP2D6_direct=0.6849 CYP3A4_direct=0.3808 CYP1A2_tdic=0.5677 CYP2C9_tdic=0.5892 CYP2D6_tdic=0.8407 CYP3A4_tdic=0.4572 is_TDI_2D6=0.3229 is_TDI_3A4=0.2153 CYP1A2_log2fc=0.6820 CYP2C9_log2fc=0.4514 CYP2D6_log2fc=0.5433 CYP3A4_log2fc=0.4558
DONE L2_s4 1168s
