[L4_s2] rows: challenge 6145; fold col fold_reg; weights=plan
[L4_s2 fold0] trainable 5.2M
GPU available: True (cuda), used: True
TPU available: False, using: 0 TPU cores
💡 Tip: For seamless cloud logging and experiment tracking, try installing [litlogger](https://pypi.org/project/litlogger/) to enable LitLogger, which logs metrics and artifacts automatically to the Lightning Experiments platform.
Seed set to 2
LOCAL_RANK: 0 - CUDA_VISIBLE_DEVICES: [0]
Loading `train_dataloader` to estimate number of stepping batches.
ep1 train_mse=0.0000 val=0.4347 CYP1A2_direct=0.8478 CYP2C9_direct=0.9465 CYP2D6_direct=0.8323 CYP3A4_direct=1.0518 CYP1A2_tdic=0.8940 CYP2C9_tdic=0.9138 CYP2D6_tdic=0.9993 CYP3A4_tdic=0.8831 is_TDI_2D6=0.2377 is_TDI_3A4=0.2993 CYP1A2_log2fc=1.1809 CYP2C9_log2fc=1.1514 CYP2D6_log2fc=0.9904 CYP3A4_log2fc=1.0833
ep1 train_mse=0.5483 val=0.3878 CYP1A2_direct=0.7071 CYP2C9_direct=1.0322 CYP2D6_direct=0.9630 CYP3A4_direct=0.9849 CYP1A2_tdic=0.7846 CYP2C9_tdic=1.0193 CYP2D6_tdic=1.0066 CYP3A4_tdic=0.8513 is_TDI_2D6=0.2335 is_TDI_3A4=0.2793 CYP1A2_log2fc=0.9202 CYP2C9_log2fc=0.9413 CYP2D6_log2fc=0.9808 CYP3A4_log2fc=1.0012
ep2 train_mse=0.5199 val=0.3866 CYP1A2_direct=0.8057 CYP2C9_direct=1.0355 CYP2D6_direct=0.9444 CYP3A4_direct=0.9070 CYP1A2_tdic=0.8221 CYP2C9_tdic=0.9896 CYP2D6_tdic=0.9955 CYP3A4_tdic=0.8310 is_TDI_2D6=0.2335 is_TDI_3A4=0.2724 CYP1A2_log2fc=0.9699 CYP2C9_log2fc=0.9217 CYP2D6_log2fc=0.9385 CYP3A4_log2fc=0.9725
ep3 train_mse=0.4890 val=0.3503 CYP1A2_direct=0.6494 CYP2C9_direct=0.8673 CYP2D6_direct=0.9817 CYP3A4_direct=0.6609 CYP1A2_tdic=0.6836 CYP2C9_tdic=0.8370 CYP2D6_tdic=1.0083 CYP3A4_tdic=0.6778 is_TDI_2D6=0.2302 is_TDI_3A4=0.2686 CYP1A2_log2fc=0.8413 CYP2C9_log2fc=0.7616 CYP2D6_log2fc=0.8299 CYP3A4_log2fc=0.8149
ep4 train_mse=0.4654 val=0.3259 CYP1A2_direct=0.6178 CYP2C9_direct=0.7046 CYP2D6_direct=0.9057 CYP3A4_direct=0.5868 CYP1A2_tdic=0.6525 CYP2C9_tdic=0.6610 CYP2D6_tdic=0.9291 CYP3A4_tdic=0.6210 is_TDI_2D6=0.2268 is_TDI_3A4=0.2706 CYP1A2_log2fc=0.8404 CYP2C9_log2fc=0.6857 CYP2D6_log2fc=0.7765 CYP3A4_log2fc=0.7578
ep5 train_mse=0.4400 val=0.3201 CYP1A2_direct=0.5793 CYP2C9_direct=0.7142 CYP2D6_direct=0.8881 CYP3A4_direct=0.5686 CYP1A2_tdic=0.6302 CYP2C9_tdic=0.6755 CYP2D6_tdic=0.9093 CYP3A4_tdic=0.5752 is_TDI_2D6=0.2189 is_TDI_3A4=0.2682 CYP1A2_log2fc=0.8375 CYP2C9_log2fc=0.6678 CYP2D6_log2fc=0.7028 CYP3A4_log2fc=0.7288
ep6 train_mse=0.4227 val=0.3076 CYP1A2_direct=0.5337 CYP2C9_direct=0.6536 CYP2D6_direct=0.8615 CYP3A4_direct=0.5345 CYP1A2_tdic=0.5775 CYP2C9_tdic=0.6203 CYP2D6_tdic=0.8614 CYP3A4_tdic=0.5322 is_TDI_2D6=0.2244 is_TDI_3A4=0.2765 CYP1A2_log2fc=0.8206 CYP2C9_log2fc=0.6389 CYP2D6_log2fc=0.7329 CYP3A4_log2fc=0.7077
ep7 train_mse=0.4161 val=0.3088 CYP1A2_direct=0.5289 CYP2C9_direct=0.6758 CYP2D6_direct=0.8673 CYP3A4_direct=0.5602 CYP1A2_tdic=0.5789 CYP2C9_tdic=0.6236 CYP2D6_tdic=0.8470 CYP3A4_tdic=0.5597 is_TDI_2D6=0.2268 is_TDI_3A4=0.2746 CYP1A2_log2fc=0.7840 CYP2C9_log2fc=0.6442 CYP2D6_log2fc=0.6799 CYP3A4_log2fc=0.7126
ep8 train_mse=0.4032 val=0.3215 CYP1A2_direct=0.5501 CYP2C9_direct=0.7248 CYP2D6_direct=0.8833 CYP3A4_direct=0.6676 CYP1A2_tdic=0.5946 CYP2C9_tdic=0.6661 CYP2D6_tdic=0.8610 CYP3A4_tdic=0.6205 is_TDI_2D6=0.2239 is_TDI_3A4=0.2763 CYP1A2_log2fc=0.8366 CYP2C9_log2fc=0.7303 CYP2D6_log2fc=0.7452 CYP3A4_log2fc=0.7549
ep9 train_mse=0.4021 val=0.3006 CYP1A2_direct=0.5829 CYP2C9_direct=0.6009 CYP2D6_direct=0.8067 CYP3A4_direct=0.5129 CYP1A2_tdic=0.6173 CYP2C9_tdic=0.5528 CYP2D6_tdic=0.7986 CYP3A4_tdic=0.4974 is_TDI_2D6=0.2218 is_TDI_3A4=0.2722 CYP1A2_log2fc=0.8345 CYP2C9_log2fc=0.6078 CYP2D6_log2fc=0.6692 CYP3A4_log2fc=0.6836
ep10 train_mse=0.3872 val=0.3045 CYP1A2_direct=0.5094 CYP2C9_direct=0.6849 CYP2D6_direct=0.7827 CYP3A4_direct=0.5391 CYP1A2_tdic=0.5564 CYP2C9_tdic=0.6602 CYP2D6_tdic=0.7830 CYP3A4_tdic=0.4982 is_TDI_2D6=0.2196 is_TDI_3A4=0.2731 CYP1A2_log2fc=0.8125 CYP2C9_log2fc=0.6553 CYP2D6_log2fc=0.6576 CYP3A4_log2fc=0.7079
ep11 train_mse=0.3863 val=0.2896 CYP1A2_direct=0.4655 CYP2C9_direct=0.6061 CYP2D6_direct=0.7837 CYP3A4_direct=0.4697 CYP1A2_tdic=0.5005 CYP2C9_tdic=0.5523 CYP2D6_tdic=0.7682 CYP3A4_tdic=0.4583 is_TDI_2D6=0.2194 is_TDI_3A4=0.2723 CYP1A2_log2fc=0.7726 CYP2C9_log2fc=0.5746 CYP2D6_log2fc=0.6162 CYP3A4_log2fc=0.6512
ep12 train_mse=0.3755 val=0.2961 CYP1A2_direct=0.4501 CYP2C9_direct=0.6170 CYP2D6_direct=0.7571 CYP3A4_direct=0.5177 CYP1A2_tdic=0.4885 CYP2C9_tdic=0.5862 CYP2D6_tdic=0.7658 CYP3A4_tdic=0.5139 is_TDI_2D6=0.2199 is_TDI_3A4=0.2762 CYP1A2_log2fc=0.7762 CYP2C9_log2fc=0.6171 CYP2D6_log2fc=0.6649 CYP3A4_log2fc=0.7272
ep13 train_mse=0.3700 val=0.2812 CYP1A2_direct=0.4506 CYP2C9_direct=0.6080 CYP2D6_direct=0.7012 CYP3A4_direct=0.4467 CYP1A2_tdic=0.4893 CYP2C9_tdic=0.5543 CYP2D6_tdic=0.7069 CYP3A4_tdic=0.4591 is_TDI_2D6=0.2222 is_TDI_3A4=0.2712 CYP1A2_log2fc=0.7653 CYP2C9_log2fc=0.5777 CYP2D6_log2fc=0.6203 CYP3A4_log2fc=0.6544
ep14 train_mse=0.3596 val=0.2862 CYP1A2_direct=0.4829 CYP2C9_direct=0.5774 CYP2D6_direct=0.7295 CYP3A4_direct=0.4657 CYP1A2_tdic=0.5214 CYP2C9_tdic=0.5087 CYP2D6_tdic=0.7257 CYP3A4_tdic=0.4837 is_TDI_2D6=0.2232 is_TDI_3A4=0.2758 CYP1A2_log2fc=0.7406 CYP2C9_log2fc=0.5917 CYP2D6_log2fc=0.6063 CYP3A4_log2fc=0.6640
ep15 train_mse=0.3527 val=0.2797 CYP1A2_direct=0.4744 CYP2C9_direct=0.5477 CYP2D6_direct=0.7301 CYP3A4_direct=0.4625 CYP1A2_tdic=0.5066 CYP2C9_tdic=0.4998 CYP2D6_tdic=0.7542 CYP3A4_tdic=0.4668 is_TDI_2D6=0.2286 is_TDI_3A4=0.2749 CYP1A2_log2fc=0.7341 CYP2C9_log2fc=0.5441 CYP2D6_log2fc=0.6441 CYP3A4_log2fc=0.6279
ep16 train_mse=0.3475 val=0.2844 CYP1A2_direct=0.4551 CYP2C9_direct=0.5669 CYP2D6_direct=0.7049 CYP3A4_direct=0.4639 CYP1A2_tdic=0.4858 CYP2C9_tdic=0.5302 CYP2D6_tdic=0.7192 CYP3A4_tdic=0.4551 is_TDI_2D6=0.2272 is_TDI_3A4=0.2748 CYP1A2_log2fc=0.7166 CYP2C9_log2fc=0.5573 CYP2D6_log2fc=0.5911 CYP3A4_log2fc=0.6287
ep17 train_mse=0.3427 val=0.2795 CYP1A2_direct=0.4757 CYP2C9_direct=0.5586 CYP2D6_direct=0.7733 CYP3A4_direct=0.4259 CYP1A2_tdic=0.5107 CYP2C9_tdic=0.5025 CYP2D6_tdic=0.7775 CYP3A4_tdic=0.4335 is_TDI_2D6=0.2282 is_TDI_3A4=0.2741 CYP1A2_log2fc=0.7182 CYP2C9_log2fc=0.5357 CYP2D6_log2fc=0.6135 CYP3A4_log2fc=0.6082
ep18 train_mse=0.3349 val=0.2759 CYP1A2_direct=0.4472 CYP2C9_direct=0.5479 CYP2D6_direct=0.7210 CYP3A4_direct=0.4038 CYP1A2_tdic=0.4842 CYP2C9_tdic=0.5019 CYP2D6_tdic=0.7241 CYP3A4_tdic=0.4355 is_TDI_2D6=0.2260 is_TDI_3A4=0.2724 CYP1A2_log2fc=0.7026 CYP2C9_log2fc=0.5309 CYP2D6_log2fc=0.5916 CYP3A4_log2fc=0.6174
ep19 train_mse=0.3275 val=0.2722 CYP1A2_direct=0.4483 CYP2C9_direct=0.5492 CYP2D6_direct=0.7021 CYP3A4_direct=0.3864 CYP1A2_tdic=0.4892 CYP2C9_tdic=0.5008 CYP2D6_tdic=0.7183 CYP3A4_tdic=0.4231 is_TDI_2D6=0.2301 is_TDI_3A4=0.2719 CYP1A2_log2fc=0.7135 CYP2C9_log2fc=0.5185 CYP2D6_log2fc=0.6071 CYP3A4_log2fc=0.6065
ep20 train_mse=0.3241 val=0.2860 CYP1A2_direct=0.6063 CYP2C9_direct=0.5355 CYP2D6_direct=0.6901 CYP3A4_direct=0.4062 CYP1A2_tdic=0.6374 CYP2C9_tdic=0.4775 CYP2D6_tdic=0.7138 CYP3A4_tdic=0.4147 is_TDI_2D6=0.2302 is_TDI_3A4=0.2716 CYP1A2_log2fc=0.7759 CYP2C9_log2fc=0.5426 CYP2D6_log2fc=0.6002 CYP3A4_log2fc=0.5973
ep21 train_mse=0.3193 val=0.2743 CYP1A2_direct=0.4469 CYP2C9_direct=0.5403 CYP2D6_direct=0.6592 CYP3A4_direct=0.4032 CYP1A2_tdic=0.4803 CYP2C9_tdic=0.4897 CYP2D6_tdic=0.6815 CYP3A4_tdic=0.4298 is_TDI_2D6=0.2282 is_TDI_3A4=0.2734 CYP1A2_log2fc=0.6916 CYP2C9_log2fc=0.5166 CYP2D6_log2fc=0.5882 CYP3A4_log2fc=0.6077
ep22 train_mse=0.3078 val=0.2793 CYP1A2_direct=0.4855 CYP2C9_direct=0.5312 CYP2D6_direct=0.7007 CYP3A4_direct=0.4100 CYP1A2_tdic=0.5211 CYP2C9_tdic=0.4817 CYP2D6_tdic=0.7074 CYP3A4_tdic=0.4140 is_TDI_2D6=0.2318 is_TDI_3A4=0.2750 CYP1A2_log2fc=0.7110 CYP2C9_log2fc=0.5377 CYP2D6_log2fc=0.6031 CYP3A4_log2fc=0.5955
ep23 train_mse=0.3054 val=0.2790 CYP1A2_direct=0.5042 CYP2C9_direct=0.5306 CYP2D6_direct=0.7254 CYP3A4_direct=0.4019 CYP1A2_tdic=0.5358 CYP2C9_tdic=0.4792 CYP2D6_tdic=0.7285 CYP3A4_tdic=0.4135 is_TDI_2D6=0.2293 is_TDI_3A4=0.2759 CYP1A2_log2fc=0.6934 CYP2C9_log2fc=0.5160 CYP2D6_log2fc=0.6061 CYP3A4_log2fc=0.5951
ep24 train_mse=0.2982 val=0.2752 CYP1A2_direct=0.5104 CYP2C9_direct=0.5447 CYP2D6_direct=0.6731 CYP3A4_direct=0.4041 CYP1A2_tdic=0.5404 CYP2C9_tdic=0.4984 CYP2D6_tdic=0.6975 CYP3A4_tdic=0.4006 is_TDI_2D6=0.2301 is_TDI_3A4=0.2724 CYP1A2_log2fc=0.6992 CYP2C9_log2fc=0.5275 CYP2D6_log2fc=0.6014 CYP3A4_log2fc=0.5839
ep25 train_mse=0.2926 val=0.2874 CYP1A2_direct=0.4601 CYP2C9_direct=0.5751 CYP2D6_direct=0.7446 CYP3A4_direct=0.4146 CYP1A2_tdic=0.4912 CYP2C9_tdic=0.5279 CYP2D6_tdic=0.7494 CYP3A4_tdic=0.4107 is_TDI_2D6=0.2278 is_TDI_3A4=0.2737 CYP1A2_log2fc=0.6989 CYP2C9_log2fc=0.5207 CYP2D6_log2fc=0.6053 CYP3A4_log2fc=0.6013
ep26 train_mse=0.2854 val=0.2750 CYP1A2_direct=0.4606 CYP2C9_direct=0.5422 CYP2D6_direct=0.6674 CYP3A4_direct=0.3956 CYP1A2_tdic=0.4833 CYP2C9_tdic=0.5038 CYP2D6_tdic=0.6808 CYP3A4_tdic=0.4124 is_TDI_2D6=0.2268 is_TDI_3A4=0.2737 CYP1A2_log2fc=0.6752 CYP2C9_log2fc=0.5189 CYP2D6_log2fc=0.5845 CYP3A4_log2fc=0.5874
ep27 train_mse=0.2796 val=0.2845 CYP1A2_direct=0.4891 CYP2C9_direct=0.5683 CYP2D6_direct=0.7234 CYP3A4_direct=0.4199 CYP1A2_tdic=0.5163 CYP2C9_tdic=0.5279 CYP2D6_tdic=0.7165 CYP3A4_tdic=0.4127 is_TDI_2D6=0.2277 is_TDI_3A4=0.2729 CYP1A2_log2fc=0.6751 CYP2C9_log2fc=0.5339 CYP2D6_log2fc=0.5846 CYP3A4_log2fc=0.5934
[L4_s2] fold 0 done 181s
[L4_s2 fold1] trainable 5.2M
GPU available: True (cuda), used: True
TPU available: False, using: 0 TPU cores
💡 Tip: For seamless cloud logging and experiment tracking, try installing [litlogger](https://pypi.org/project/litlogger/) to enable LitLogger, which logs metrics and artifacts automatically to the Lightning Experiments platform.
Seed set to 2
LOCAL_RANK: 0 - CUDA_VISIBLE_DEVICES: [0]
Loading `train_dataloader` to estimate number of stepping batches.
ep1 train_mse=0.0000 val=0.4748 CYP1A2_direct=1.3567 CYP2C9_direct=1.3487 CYP2D6_direct=0.9792 CYP3A4_direct=1.0064 CYP1A2_tdic=1.2231 CYP2C9_tdic=1.4704 CYP2D6_tdic=0.8901 CYP3A4_tdic=1.0323 is_TDI_2D6=0.2448 is_TDI_3A4=0.1874 CYP1A2_log2fc=1.0421 CYP2C9_log2fc=1.0715 CYP2D6_log2fc=0.9495 CYP3A4_log2fc=1.0411
ep1 train_mse=0.5444 val=0.3990 CYP1A2_direct=1.1015 CYP2C9_direct=1.1728 CYP2D6_direct=0.8720 CYP3A4_direct=0.8776 CYP1A2_tdic=1.0857 CYP2C9_tdic=1.3388 CYP2D6_tdic=0.9925 CYP3A4_tdic=1.0017 is_TDI_2D6=0.2009 is_TDI_3A4=0.2160 CYP1A2_log2fc=0.8890 CYP2C9_log2fc=0.9189 CYP2D6_log2fc=0.9267 CYP3A4_log2fc=0.9680
ep2 train_mse=0.5276 val=0.4056 CYP1A2_direct=1.1216 CYP2C9_direct=1.1220 CYP2D6_direct=0.8861 CYP3A4_direct=0.9114 CYP1A2_tdic=1.1097 CYP2C9_tdic=1.3060 CYP2D6_tdic=1.0037 CYP3A4_tdic=0.9994 is_TDI_2D6=0.2171 is_TDI_3A4=0.2077 CYP1A2_log2fc=0.9775 CYP2C9_log2fc=0.9668 CYP2D6_log2fc=0.8976 CYP3A4_log2fc=1.0229
ep3 train_mse=0.4921 val=0.3561 CYP1A2_direct=0.9596 CYP2C9_direct=0.9221 CYP2D6_direct=0.8737 CYP3A4_direct=0.6773 CYP1A2_tdic=0.9717 CYP2C9_tdic=1.1060 CYP2D6_tdic=1.0179 CYP3A4_tdic=0.7941 is_TDI_2D6=0.2140 is_TDI_3A4=0.2118 CYP1A2_log2fc=0.7833 CYP2C9_log2fc=0.7247 CYP2D6_log2fc=0.8370 CYP3A4_log2fc=0.8106
ep4 train_mse=0.4689 val=0.3457 CYP1A2_direct=0.9150 CYP2C9_direct=0.8914 CYP2D6_direct=0.8320 CYP3A4_direct=0.6450 CYP1A2_tdic=0.9207 CYP2C9_tdic=1.0507 CYP2D6_tdic=0.9610 CYP3A4_tdic=0.7920 is_TDI_2D6=0.2117 is_TDI_3A4=0.2125 CYP1A2_log2fc=0.7722 CYP2C9_log2fc=0.6920 CYP2D6_log2fc=0.7794 CYP3A4_log2fc=0.7881
ep5 train_mse=0.4447 val=0.3340 CYP1A2_direct=0.9290 CYP2C9_direct=0.8380 CYP2D6_direct=0.8162 CYP3A4_direct=0.5590 CYP1A2_tdic=0.9434 CYP2C9_tdic=0.9945 CYP2D6_tdic=0.9168 CYP3A4_tdic=0.6782 is_TDI_2D6=0.2093 is_TDI_3A4=0.2181 CYP1A2_log2fc=0.8022 CYP2C9_log2fc=0.6436 CYP2D6_log2fc=0.6937 CYP3A4_log2fc=0.7432
ep6 train_mse=0.4325 val=0.3304 CYP1A2_direct=0.9381 CYP2C9_direct=0.8439 CYP2D6_direct=0.8163 CYP3A4_direct=0.5202 CYP1A2_tdic=0.9438 CYP2C9_tdic=1.0003 CYP2D6_tdic=0.9158 CYP3A4_tdic=0.6329 is_TDI_2D6=0.2074 is_TDI_3A4=0.2207 CYP1A2_log2fc=0.7708 CYP2C9_log2fc=0.6492 CYP2D6_log2fc=0.6879 CYP3A4_log2fc=0.7174
ep7 train_mse=0.4233 val=0.3156 CYP1A2_direct=0.8841 CYP2C9_direct=0.7692 CYP2D6_direct=0.8170 CYP3A4_direct=0.4427 CYP1A2_tdic=0.8993 CYP2C9_tdic=0.9175 CYP2D6_tdic=0.8960 CYP3A4_tdic=0.6026 is_TDI_2D6=0.2074 is_TDI_3A4=0.2284 CYP1A2_log2fc=0.7338 CYP2C9_log2fc=0.6060 CYP2D6_log2fc=0.6837 CYP3A4_log2fc=0.6642
ep8 train_mse=0.4123 val=0.3243 CYP1A2_direct=0.9113 CYP2C9_direct=0.8682 CYP2D6_direct=0.8110 CYP3A4_direct=0.4646 CYP1A2_tdic=0.9193 CYP2C9_tdic=1.0212 CYP2D6_tdic=0.9130 CYP3A4_tdic=0.6147 is_TDI_2D6=0.2076 is_TDI_3A4=0.2194 CYP1A2_log2fc=0.7444 CYP2C9_log2fc=0.6278 CYP2D6_log2fc=0.6723 CYP3A4_log2fc=0.6963
ep9 train_mse=0.4020 val=0.3190 CYP1A2_direct=0.9028 CYP2C9_direct=0.7660 CYP2D6_direct=0.8217 CYP3A4_direct=0.4734 CYP1A2_tdic=0.9197 CYP2C9_tdic=0.9023 CYP2D6_tdic=0.9081 CYP3A4_tdic=0.5972 is_TDI_2D6=0.2088 is_TDI_3A4=0.2238 CYP1A2_log2fc=0.7421 CYP2C9_log2fc=0.6052 CYP2D6_log2fc=0.6623 CYP3A4_log2fc=0.6926
ep10 train_mse=0.3921 val=0.3142 CYP1A2_direct=0.9005 CYP2C9_direct=0.7376 CYP2D6_direct=0.8207 CYP3A4_direct=0.4390 CYP1A2_tdic=0.9223 CYP2C9_tdic=0.8726 CYP2D6_tdic=0.9097 CYP3A4_tdic=0.5553 is_TDI_2D6=0.2081 is_TDI_3A4=0.2276 CYP1A2_log2fc=0.7321 CYP2C9_log2fc=0.6112 CYP2D6_log2fc=0.6406 CYP3A4_log2fc=0.6937
ep11 train_mse=0.3844 val=0.3048 CYP1A2_direct=0.8839 CYP2C9_direct=0.6944 CYP2D6_direct=0.8076 CYP3A4_direct=0.3973 CYP1A2_tdic=0.8884 CYP2C9_tdic=0.8363 CYP2D6_tdic=0.9279 CYP3A4_tdic=0.5463 is_TDI_2D6=0.2069 is_TDI_3A4=0.2221 CYP1A2_log2fc=0.7098 CYP2C9_log2fc=0.5669 CYP2D6_log2fc=0.6383 CYP3A4_log2fc=0.6412
ep12 train_mse=0.3772 val=0.3009 CYP1A2_direct=0.8654 CYP2C9_direct=0.6575 CYP2D6_direct=0.7960 CYP3A4_direct=0.3863 CYP1A2_tdic=0.8806 CYP2C9_tdic=0.7954 CYP2D6_tdic=0.9160 CYP3A4_tdic=0.5264 is_TDI_2D6=0.2066 is_TDI_3A4=0.2236 CYP1A2_log2fc=0.7002 CYP2C9_log2fc=0.5548 CYP2D6_log2fc=0.6395 CYP3A4_log2fc=0.6373
ep13 train_mse=0.3697 val=0.3280 CYP1A2_direct=0.9002 CYP2C9_direct=0.8000 CYP2D6_direct=0.7632 CYP3A4_direct=0.6140 CYP1A2_tdic=0.9209 CYP2C9_tdic=0.9363 CYP2D6_tdic=0.8701 CYP3A4_tdic=0.6924 is_TDI_2D6=0.2084 is_TDI_3A4=0.2208 CYP1A2_log2fc=0.7409 CYP2C9_log2fc=0.6355 CYP2D6_log2fc=0.6253 CYP3A4_log2fc=0.7584
ep14 train_mse=0.3671 val=0.2946 CYP1A2_direct=0.8224 CYP2C9_direct=0.6410 CYP2D6_direct=0.7791 CYP3A4_direct=0.3542 CYP1A2_tdic=0.8341 CYP2C9_tdic=0.7847 CYP2D6_tdic=0.8861 CYP3A4_tdic=0.4970 is_TDI_2D6=0.2085 is_TDI_3A4=0.2265 CYP1A2_log2fc=0.6673 CYP2C9_log2fc=0.5487 CYP2D6_log2fc=0.6430 CYP3A4_log2fc=0.6135
ep15 train_mse=0.3521 val=0.2938 CYP1A2_direct=0.8354 CYP2C9_direct=0.6374 CYP2D6_direct=0.7319 CYP3A4_direct=0.3807 CYP1A2_tdic=0.8542 CYP2C9_tdic=0.7659 CYP2D6_tdic=0.8222 CYP3A4_tdic=0.5244 is_TDI_2D6=0.2078 is_TDI_3A4=0.2248 CYP1A2_log2fc=0.6803 CYP2C9_log2fc=0.5704 CYP2D6_log2fc=0.6036 CYP3A4_log2fc=0.6523
ep16 train_mse=0.3456 val=0.2914 CYP1A2_direct=0.8370 CYP2C9_direct=0.6545 CYP2D6_direct=0.6971 CYP3A4_direct=0.3810 CYP1A2_tdic=0.8649 CYP2C9_tdic=0.7942 CYP2D6_tdic=0.8062 CYP3A4_tdic=0.5168 is_TDI_2D6=0.2077 is_TDI_3A4=0.2197 CYP1A2_log2fc=0.6782 CYP2C9_log2fc=0.5624 CYP2D6_log2fc=0.5908 CYP3A4_log2fc=0.6451
ep17 train_mse=0.3425 val=0.2925 CYP1A2_direct=0.8355 CYP2C9_direct=0.6305 CYP2D6_direct=0.7334 CYP3A4_direct=0.3913 CYP1A2_tdic=0.8504 CYP2C9_tdic=0.7794 CYP2D6_tdic=0.7956 CYP3A4_tdic=0.5311 is_TDI_2D6=0.2067 is_TDI_3A4=0.2250 CYP1A2_log2fc=0.6995 CYP2C9_log2fc=0.5567 CYP2D6_log2fc=0.6018 CYP3A4_log2fc=0.6139
ep18 train_mse=0.3362 val=0.2891 CYP1A2_direct=0.8640 CYP2C9_direct=0.6098 CYP2D6_direct=0.7184 CYP3A4_direct=0.3594 CYP1A2_tdic=0.9044 CYP2C9_tdic=0.7426 CYP2D6_tdic=0.8262 CYP3A4_tdic=0.4846 is_TDI_2D6=0.2072 is_TDI_3A4=0.2203 CYP1A2_log2fc=0.6906 CYP2C9_log2fc=0.5345 CYP2D6_log2fc=0.5830 CYP3A4_log2fc=0.6036
ep19 train_mse=0.3286 val=0.2885 CYP1A2_direct=0.8108 CYP2C9_direct=0.6706 CYP2D6_direct=0.7474 CYP3A4_direct=0.3456 CYP1A2_tdic=0.8300 CYP2C9_tdic=0.7936 CYP2D6_tdic=0.8041 CYP3A4_tdic=0.4915 is_TDI_2D6=0.2083 is_TDI_3A4=0.2268 CYP1A2_log2fc=0.6702 CYP2C9_log2fc=0.5374 CYP2D6_log2fc=0.5815 CYP3A4_log2fc=0.5954
ep20 train_mse=0.3248 val=0.2842 CYP1A2_direct=0.8061 CYP2C9_direct=0.6491 CYP2D6_direct=0.7122 CYP3A4_direct=0.3355 CYP1A2_tdic=0.8314 CYP2C9_tdic=0.7774 CYP2D6_tdic=0.8094 CYP3A4_tdic=0.4750 is_TDI_2D6=0.2047 is_TDI_3A4=0.2214 CYP1A2_log2fc=0.6675 CYP2C9_log2fc=0.5248 CYP2D6_log2fc=0.5803 CYP3A4_log2fc=0.5867
ep21 train_mse=0.3183 val=0.2862 CYP1A2_direct=0.8027 CYP2C9_direct=0.6610 CYP2D6_direct=0.7123 CYP3A4_direct=0.3527 CYP1A2_tdic=0.8240 CYP2C9_tdic=0.7878 CYP2D6_tdic=0.7934 CYP3A4_tdic=0.4882 is_TDI_2D6=0.2048 is_TDI_3A4=0.2223 CYP1A2_log2fc=0.6586 CYP2C9_log2fc=0.5220 CYP2D6_log2fc=0.5678 CYP3A4_log2fc=0.5818
ep22 train_mse=0.3116 val=0.2878 CYP1A2_direct=0.8192 CYP2C9_direct=0.6517 CYP2D6_direct=0.7293 CYP3A4_direct=0.3572 CYP1A2_tdic=0.8337 CYP2C9_tdic=0.7802 CYP2D6_tdic=0.7923 CYP3A4_tdic=0.4936 is_TDI_2D6=0.2057 is_TDI_3A4=0.2202 CYP1A2_log2fc=0.6765 CYP2C9_log2fc=0.5360 CYP2D6_log2fc=0.5838 CYP3A4_log2fc=0.6268
ep23 train_mse=0.3061 val=0.2891 CYP1A2_direct=0.8169 CYP2C9_direct=0.6504 CYP2D6_direct=0.7522 CYP3A4_direct=0.3538 CYP1A2_tdic=0.8476 CYP2C9_tdic=0.7577 CYP2D6_tdic=0.8177 CYP3A4_tdic=0.4900 is_TDI_2D6=0.2072 is_TDI_3A4=0.2224 CYP1A2_log2fc=0.6630 CYP2C9_log2fc=0.5172 CYP2D6_log2fc=0.5781 CYP3A4_log2fc=0.5931
ep24 train_mse=0.3095 val=0.2832 CYP1A2_direct=0.8101 CYP2C9_direct=0.6670 CYP2D6_direct=0.7186 CYP3A4_direct=0.3266 CYP1A2_tdic=0.8333 CYP2C9_tdic=0.7835 CYP2D6_tdic=0.8044 CYP3A4_tdic=0.4639 is_TDI_2D6=0.2064 is_TDI_3A4=0.2208 CYP1A2_log2fc=0.6503 CYP2C9_log2fc=0.5050 CYP2D6_log2fc=0.5629 CYP3A4_log2fc=0.5673
ep25 train_mse=0.2963 val=0.2843 CYP1A2_direct=0.8263 CYP2C9_direct=0.6149 CYP2D6_direct=0.7169 CYP3A4_direct=0.3561 CYP1A2_tdic=0.8578 CYP2C9_tdic=0.7442 CYP2D6_tdic=0.7810 CYP3A4_tdic=0.4842 is_TDI_2D6=0.2061 is_TDI_3A4=0.2225 CYP1A2_log2fc=0.6556 CYP2C9_log2fc=0.5082 CYP2D6_log2fc=0.5688 CYP3A4_log2fc=0.5674
ep26 train_mse=0.2931 val=0.2851 CYP1A2_direct=0.8280 CYP2C9_direct=0.6411 CYP2D6_direct=0.7027 CYP3A4_direct=0.3569 CYP1A2_tdic=0.8559 CYP2C9_tdic=0.7662 CYP2D6_tdic=0.7840 CYP3A4_tdic=0.4902 is_TDI_2D6=0.2061 is_TDI_3A4=0.2201 CYP1A2_log2fc=0.6581 CYP2C9_log2fc=0.5041 CYP2D6_log2fc=0.5719 CYP3A4_log2fc=0.5745
ep27 train_mse=0.2860 val=0.2915 CYP1A2_direct=0.8636 CYP2C9_direct=0.6385 CYP2D6_direct=0.7588 CYP3A4_direct=0.3701 CYP1A2_tdic=0.9069 CYP2C9_tdic=0.7581 CYP2D6_tdic=0.8496 CYP3A4_tdic=0.4978 is_TDI_2D6=0.2066 is_TDI_3A4=0.2190 CYP1A2_log2fc=0.6654 CYP2C9_log2fc=0.5171 CYP2D6_log2fc=0.5687 CYP3A4_log2fc=0.5840
ep28 train_mse=0.2821 val=0.3007 CYP1A2_direct=0.9086 CYP2C9_direct=0.6848 CYP2D6_direct=0.7342 CYP3A4_direct=0.4167 CYP1A2_tdic=0.9482 CYP2C9_tdic=0.8115 CYP2D6_tdic=0.8183 CYP3A4_tdic=0.5141 is_TDI_2D6=0.2073 is_TDI_3A4=0.2188 CYP1A2_log2fc=0.6583 CYP2C9_log2fc=0.5573 CYP2D6_log2fc=0.5657 CYP3A4_log2fc=0.6476
ep29 train_mse=0.2756 val=0.2906 CYP1A2_direct=0.8598 CYP2C9_direct=0.6499 CYP2D6_direct=0.7490 CYP3A4_direct=0.3709 CYP1A2_tdic=0.9018 CYP2C9_tdic=0.7785 CYP2D6_tdic=0.7932 CYP3A4_tdic=0.4882 is_TDI_2D6=0.2070 is_TDI_3A4=0.2197 CYP1A2_log2fc=0.6561 CYP2C9_log2fc=0.5179 CYP2D6_log2fc=0.5726 CYP3A4_log2fc=0.5952
ep30 train_mse=0.2714 val=0.2893 CYP1A2_direct=0.8476 CYP2C9_direct=0.6867 CYP2D6_direct=0.7727 CYP3A4_direct=0.3454 CYP1A2_tdic=0.8890 CYP2C9_tdic=0.7955 CYP2D6_tdic=0.8024 CYP3A4_tdic=0.4751 is_TDI_2D6=0.2076 is_TDI_3A4=0.2228 CYP1A2_log2fc=0.6428 CYP2C9_log2fc=0.4977 CYP2D6_log2fc=0.5567 CYP3A4_log2fc=0.5602
ep31 train_mse=0.2651 val=0.2908 CYP1A2_direct=0.8600 CYP2C9_direct=0.6468 CYP2D6_direct=0.7751 CYP3A4_direct=0.3373 CYP1A2_tdic=0.9079 CYP2C9_tdic=0.7605 CYP2D6_tdic=0.8281 CYP3A4_tdic=0.4655 is_TDI_2D6=0.2056 is_TDI_3A4=0.2194 CYP1A2_log2fc=0.6463 CYP2C9_log2fc=0.5039 CYP2D6_log2fc=0.5659 CYP3A4_log2fc=0.5640
ep32 train_mse=0.2600 val=0.2999 CYP1A2_direct=0.8738 CYP2C9_direct=0.7168 CYP2D6_direct=0.8575 CYP3A4_direct=0.3602 CYP1A2_tdic=0.9251 CYP2C9_tdic=0.8065 CYP2D6_tdic=0.8512 CYP3A4_tdic=0.4867 is_TDI_2D6=0.2075 is_TDI_3A4=0.2274 CYP1A2_log2fc=0.6547 CYP2C9_log2fc=0.5268 CYP2D6_log2fc=0.5643 CYP3A4_log2fc=0.5732
[L4_s2] fold 1 done 394s
[L4_s2 fold2] trainable 5.2M
GPU available: True (cuda), used: True
TPU available: False, using: 0 TPU cores
💡 Tip: For seamless cloud logging and experiment tracking, try installing [litlogger](https://pypi.org/project/litlogger/) to enable LitLogger, which logs metrics and artifacts automatically to the Lightning Experiments platform.
Seed set to 2
LOCAL_RANK: 0 - CUDA_VISIBLE_DEVICES: [0]
Loading `train_dataloader` to estimate number of stepping batches.
ep1 train_mse=0.0000 val=0.4170 CYP1A2_direct=1.0504 CYP2C9_direct=0.7455 CYP2D6_direct=0.7536 CYP3A4_direct=1.0333 CYP1A2_tdic=0.9589 CYP2C9_tdic=0.8177 CYP2D6_tdic=0.8667 CYP3A4_tdic=0.9444 is_TDI_2D6=0.2127 is_TDI_3A4=0.2509 CYP1A2_log2fc=1.0005 CYP2C9_log2fc=1.0437 CYP2D6_log2fc=1.0904 CYP3A4_log2fc=1.1497
ep1 train_mse=0.5462 val=0.3808 CYP1A2_direct=1.0019 CYP2C9_direct=0.7990 CYP2D6_direct=0.7792 CYP3A4_direct=1.0018 CYP1A2_tdic=1.0918 CYP2C9_tdic=0.9168 CYP2D6_tdic=0.8662 CYP3A4_tdic=1.0122 is_TDI_2D6=0.2030 is_TDI_3A4=0.2270 CYP1A2_log2fc=0.9426 CYP2C9_log2fc=0.9931 CYP2D6_log2fc=0.9784 CYP3A4_log2fc=1.0787
ep2 train_mse=0.5188 val=0.3607 CYP1A2_direct=0.8988 CYP2C9_direct=0.7516 CYP2D6_direct=0.7673 CYP3A4_direct=0.8952 CYP1A2_tdic=0.9766 CYP2C9_tdic=0.8432 CYP2D6_tdic=0.8606 CYP3A4_tdic=0.9679 is_TDI_2D6=0.2024 is_TDI_3A4=0.2349 CYP1A2_log2fc=0.7970 CYP2C9_log2fc=0.8323 CYP2D6_log2fc=0.9354 CYP3A4_log2fc=0.9246
ep3 train_mse=0.4970 val=0.3506 CYP1A2_direct=0.8602 CYP2C9_direct=0.7056 CYP2D6_direct=0.7370 CYP3A4_direct=0.8445 CYP1A2_tdic=0.9204 CYP2C9_tdic=0.7993 CYP2D6_tdic=0.8443 CYP3A4_tdic=0.9154 is_TDI_2D6=0.2075 is_TDI_3A4=0.2310 CYP1A2_log2fc=0.7942 CYP2C9_log2fc=0.8412 CYP2D6_log2fc=0.8794 CYP3A4_log2fc=0.9109
ep4 train_mse=0.4633 val=0.3497 CYP1A2_direct=0.8824 CYP2C9_direct=0.6671 CYP2D6_direct=0.7367 CYP3A4_direct=0.9002 CYP1A2_tdic=0.9349 CYP2C9_tdic=0.7462 CYP2D6_tdic=0.8106 CYP3A4_tdic=0.9698 is_TDI_2D6=0.2095 is_TDI_3A4=0.2395 CYP1A2_log2fc=0.7801 CYP2C9_log2fc=0.8587 CYP2D6_log2fc=0.7691 CYP3A4_log2fc=0.8624
ep5 train_mse=0.4418 val=0.3403 CYP1A2_direct=0.8866 CYP2C9_direct=0.6160 CYP2D6_direct=0.6887 CYP3A4_direct=0.7864 CYP1A2_tdic=0.9257 CYP2C9_tdic=0.6979 CYP2D6_tdic=0.8092 CYP3A4_tdic=0.8973 is_TDI_2D6=0.2079 is_TDI_3A4=0.2360 CYP1A2_log2fc=0.8259 CYP2C9_log2fc=0.8226 CYP2D6_log2fc=0.7466 CYP3A4_log2fc=0.8064
ep6 train_mse=0.4267 val=0.3174 CYP1A2_direct=0.8345 CYP2C9_direct=0.5366 CYP2D6_direct=0.6815 CYP3A4_direct=0.6697 CYP1A2_tdic=0.8843 CYP2C9_tdic=0.6214 CYP2D6_tdic=0.7960 CYP3A4_tdic=0.7883 is_TDI_2D6=0.2040 is_TDI_3A4=0.2355 CYP1A2_log2fc=0.7535 CYP2C9_log2fc=0.6941 CYP2D6_log2fc=0.7316 CYP3A4_log2fc=0.7678
ep7 train_mse=0.4149 val=0.3051 CYP1A2_direct=0.7558 CYP2C9_direct=0.4855 CYP2D6_direct=0.6744 CYP3A4_direct=0.6347 CYP1A2_tdic=0.7934 CYP2C9_tdic=0.5826 CYP2D6_tdic=0.8019 CYP3A4_tdic=0.7764 is_TDI_2D6=0.2011 is_TDI_3A4=0.2380 CYP1A2_log2fc=0.6665 CYP2C9_log2fc=0.6499 CYP2D6_log2fc=0.7420 CYP3A4_log2fc=0.7267
ep8 train_mse=0.4037 val=0.3027 CYP1A2_direct=0.7829 CYP2C9_direct=0.4733 CYP2D6_direct=0.6800 CYP3A4_direct=0.6395 CYP1A2_tdic=0.8307 CYP2C9_tdic=0.5555 CYP2D6_tdic=0.7931 CYP3A4_tdic=0.7785 is_TDI_2D6=0.2024 is_TDI_3A4=0.2401 CYP1A2_log2fc=0.6726 CYP2C9_log2fc=0.6441 CYP2D6_log2fc=0.7299 CYP3A4_log2fc=0.7143
ep9 train_mse=0.3935 val=0.2918 CYP1A2_direct=0.6810 CYP2C9_direct=0.4519 CYP2D6_direct=0.6734 CYP3A4_direct=0.6005 CYP1A2_tdic=0.7115 CYP2C9_tdic=0.5518 CYP2D6_tdic=0.7919 CYP3A4_tdic=0.7608 is_TDI_2D6=0.1992 is_TDI_3A4=0.2419 CYP1A2_log2fc=0.6469 CYP2C9_log2fc=0.6312 CYP2D6_log2fc=0.7152 CYP3A4_log2fc=0.6812
ep10 train_mse=0.3873 val=0.2893 CYP1A2_direct=0.6960 CYP2C9_direct=0.4464 CYP2D6_direct=0.6752 CYP3A4_direct=0.5805 CYP1A2_tdic=0.7475 CYP2C9_tdic=0.5388 CYP2D6_tdic=0.7925 CYP3A4_tdic=0.7242 is_TDI_2D6=0.2001 is_TDI_3A4=0.2400 CYP1A2_log2fc=0.6578 CYP2C9_log2fc=0.6089 CYP2D6_log2fc=0.7760 CYP3A4_log2fc=0.6624
ep11 train_mse=0.3791 val=0.2856 CYP1A2_direct=0.6440 CYP2C9_direct=0.4529 CYP2D6_direct=0.6812 CYP3A4_direct=0.5807 CYP1A2_tdic=0.6834 CYP2C9_tdic=0.5518 CYP2D6_tdic=0.7869 CYP3A4_tdic=0.6907 is_TDI_2D6=0.2028 is_TDI_3A4=0.2382 CYP1A2_log2fc=0.6493 CYP2C9_log2fc=0.6114 CYP2D6_log2fc=0.7559 CYP3A4_log2fc=0.6601
ep12 train_mse=0.3685 val=0.2859 CYP1A2_direct=0.6570 CYP2C9_direct=0.4392 CYP2D6_direct=0.6707 CYP3A4_direct=0.6029 CYP1A2_tdic=0.6879 CYP2C9_tdic=0.5129 CYP2D6_tdic=0.7926 CYP3A4_tdic=0.7077 is_TDI_2D6=0.1986 is_TDI_3A4=0.2407 CYP1A2_log2fc=0.6528 CYP2C9_log2fc=0.6311 CYP2D6_log2fc=0.7121 CYP3A4_log2fc=0.6729
ep13 train_mse=0.3665 val=0.2886 CYP1A2_direct=0.6712 CYP2C9_direct=0.4963 CYP2D6_direct=0.6794 CYP3A4_direct=0.5825 CYP1A2_tdic=0.7181 CYP2C9_tdic=0.5857 CYP2D6_tdic=0.7864 CYP3A4_tdic=0.6702 is_TDI_2D6=0.2031 is_TDI_3A4=0.2411 CYP1A2_log2fc=0.6844 CYP2C9_log2fc=0.6107 CYP2D6_log2fc=0.7720 CYP3A4_log2fc=0.6884
ep14 train_mse=0.3564 val=0.2797 CYP1A2_direct=0.6204 CYP2C9_direct=0.4509 CYP2D6_direct=0.6536 CYP3A4_direct=0.5843 CYP1A2_tdic=0.6640 CYP2C9_tdic=0.5359 CYP2D6_tdic=0.7811 CYP3A4_tdic=0.6634 is_TDI_2D6=0.1996 is_TDI_3A4=0.2393 CYP1A2_log2fc=0.6409 CYP2C9_log2fc=0.6149 CYP2D6_log2fc=0.7246 CYP3A4_log2fc=0.6438
ep15 train_mse=0.3487 val=0.2808 CYP1A2_direct=0.5995 CYP2C9_direct=0.4706 CYP2D6_direct=0.6879 CYP3A4_direct=0.5787 CYP1A2_tdic=0.6457 CYP2C9_tdic=0.5645 CYP2D6_tdic=0.7996 CYP3A4_tdic=0.6576 is_TDI_2D6=0.2045 is_TDI_3A4=0.2391 CYP1A2_log2fc=0.6639 CYP2C9_log2fc=0.6075 CYP2D6_log2fc=0.7219 CYP3A4_log2fc=0.6354
ep16 train_mse=0.3378 val=0.2831 CYP1A2_direct=0.5835 CYP2C9_direct=0.4368 CYP2D6_direct=0.8061 CYP3A4_direct=0.5655 CYP1A2_tdic=0.6268 CYP2C9_tdic=0.5363 CYP2D6_tdic=0.9006 CYP3A4_tdic=0.6566 is_TDI_2D6=0.2052 is_TDI_3A4=0.2398 CYP1A2_log2fc=0.6805 CYP2C9_log2fc=0.6173 CYP2D6_log2fc=0.7250 CYP3A4_log2fc=0.6158
ep17 train_mse=0.3339 val=0.2835 CYP1A2_direct=0.6077 CYP2C9_direct=0.4466 CYP2D6_direct=0.7120 CYP3A4_direct=0.6279 CYP1A2_tdic=0.6455 CYP2C9_tdic=0.5365 CYP2D6_tdic=0.8500 CYP3A4_tdic=0.6948 is_TDI_2D6=0.2020 is_TDI_3A4=0.2416 CYP1A2_log2fc=0.6661 CYP2C9_log2fc=0.6263 CYP2D6_log2fc=0.7115 CYP3A4_log2fc=0.6331
ep18 train_mse=0.3281 val=0.2830 CYP1A2_direct=0.5588 CYP2C9_direct=0.4803 CYP2D6_direct=0.7260 CYP3A4_direct=0.6085 CYP1A2_tdic=0.5930 CYP2C9_tdic=0.5852 CYP2D6_tdic=0.8348 CYP3A4_tdic=0.6629 is_TDI_2D6=0.2011 is_TDI_3A4=0.2411 CYP1A2_log2fc=0.6383 CYP2C9_log2fc=0.6230 CYP2D6_log2fc=0.7100 CYP3A4_log2fc=0.6673
ep19 train_mse=0.3224 val=0.2789 CYP1A2_direct=0.5480 CYP2C9_direct=0.4477 CYP2D6_direct=0.7791 CYP3A4_direct=0.5537 CYP1A2_tdic=0.5934 CYP2C9_tdic=0.5425 CYP2D6_tdic=0.8965 CYP3A4_tdic=0.6280 is_TDI_2D6=0.2016 is_TDI_3A4=0.2448 CYP1A2_log2fc=0.6405 CYP2C9_log2fc=0.6015 CYP2D6_log2fc=0.7074 CYP3A4_log2fc=0.6262
ep20 train_mse=0.3160 val=0.2901 CYP1A2_direct=0.6022 CYP2C9_direct=0.5566 CYP2D6_direct=0.7117 CYP3A4_direct=0.6356 CYP1A2_tdic=0.6372 CYP2C9_tdic=0.6434 CYP2D6_tdic=0.8283 CYP3A4_tdic=0.6823 is_TDI_2D6=0.2024 is_TDI_3A4=0.2438 CYP1A2_log2fc=0.6639 CYP2C9_log2fc=0.6265 CYP2D6_log2fc=0.6923 CYP3A4_log2fc=0.6533
ep21 train_mse=0.3089 val=0.2737 CYP1A2_direct=0.5363 CYP2C9_direct=0.4511 CYP2D6_direct=0.7480 CYP3A4_direct=0.5538 CYP1A2_tdic=0.5853 CYP2C9_tdic=0.5383 CYP2D6_tdic=0.8620 CYP3A4_tdic=0.6353 is_TDI_2D6=0.2010 is_TDI_3A4=0.2454 CYP1A2_log2fc=0.6283 CYP2C9_log2fc=0.5848 CYP2D6_log2fc=0.7052 CYP3A4_log2fc=0.6041
ep22 train_mse=0.3079 val=0.2925 CYP1A2_direct=0.5790 CYP2C9_direct=0.5982 CYP2D6_direct=0.7360 CYP3A4_direct=0.6408 CYP1A2_tdic=0.6066 CYP2C9_tdic=0.7144 CYP2D6_tdic=0.8601 CYP3A4_tdic=0.6909 is_TDI_2D6=0.1995 is_TDI_3A4=0.2418 CYP1A2_log2fc=0.6556 CYP2C9_log2fc=0.6524 CYP2D6_log2fc=0.7007 CYP3A4_log2fc=0.6775
ep23 train_mse=0.3051 val=0.2902 CYP1A2_direct=0.6194 CYP2C9_direct=0.4713 CYP2D6_direct=0.7921 CYP3A4_direct=0.5834 CYP1A2_tdic=0.6471 CYP2C9_tdic=0.5652 CYP2D6_tdic=0.8725 CYP3A4_tdic=0.6292 is_TDI_2D6=0.2042 is_TDI_3A4=0.2457 CYP1A2_log2fc=0.6658 CYP2C9_log2fc=0.6099 CYP2D6_log2fc=0.7350 CYP3A4_log2fc=0.6345
ep24 train_mse=0.2962 val=0.2762 CYP1A2_direct=0.5699 CYP2C9_direct=0.4598 CYP2D6_direct=0.7172 CYP3A4_direct=0.5832 CYP1A2_tdic=0.6179 CYP2C9_tdic=0.5472 CYP2D6_tdic=0.8452 CYP3A4_tdic=0.6366 is_TDI_2D6=0.2023 is_TDI_3A4=0.2444 CYP1A2_log2fc=0.6416 CYP2C9_log2fc=0.5987 CYP2D6_log2fc=0.6914 CYP3A4_log2fc=0.6210
ep25 train_mse=0.2882 val=0.2849 CYP1A2_direct=0.5797 CYP2C9_direct=0.4548 CYP2D6_direct=0.8785 CYP3A4_direct=0.5677 CYP1A2_tdic=0.5972 CYP2C9_tdic=0.5486 CYP2D6_tdic=0.9495 CYP3A4_tdic=0.6091 is_TDI_2D6=0.2054 is_TDI_3A4=0.2485 CYP1A2_log2fc=0.6728 CYP2C9_log2fc=0.6388 CYP2D6_log2fc=0.7015 CYP3A4_log2fc=0.6026
ep26 train_mse=0.2837 val=0.2781 CYP1A2_direct=0.5795 CYP2C9_direct=0.4724 CYP2D6_direct=0.8042 CYP3A4_direct=0.5728 CYP1A2_tdic=0.5994 CYP2C9_tdic=0.5618 CYP2D6_tdic=0.8947 CYP3A4_tdic=0.6291 is_TDI_2D6=0.2028 is_TDI_3A4=0.2475 CYP1A2_log2fc=0.6299 CYP2C9_log2fc=0.5907 CYP2D6_log2fc=0.6852 CYP3A4_log2fc=0.6088
ep27 train_mse=0.2765 val=0.2783 CYP1A2_direct=0.5593 CYP2C9_direct=0.4762 CYP2D6_direct=0.8180 CYP3A4_direct=0.5645 CYP1A2_tdic=0.5871 CYP2C9_tdic=0.5645 CYP2D6_tdic=0.8931 CYP3A4_tdic=0.6142 is_TDI_2D6=0.2023 is_TDI_3A4=0.2494 CYP1A2_log2fc=0.6269 CYP2C9_log2fc=0.5867 CYP2D6_log2fc=0.6907 CYP3A4_log2fc=0.5832
ep28 train_mse=0.2701 val=0.2871 CYP1A2_direct=0.6330 CYP2C9_direct=0.4818 CYP2D6_direct=0.8356 CYP3A4_direct=0.5796 CYP1A2_tdic=0.6480 CYP2C9_tdic=0.5822 CYP2D6_tdic=0.9096 CYP3A4_tdic=0.6209 is_TDI_2D6=0.2032 is_TDI_3A4=0.2501 CYP1A2_log2fc=0.6455 CYP2C9_log2fc=0.6106 CYP2D6_log2fc=0.6885 CYP3A4_log2fc=0.5995
ep29 train_mse=0.2683 val=0.2778 CYP1A2_direct=0.5685 CYP2C9_direct=0.4840 CYP2D6_direct=0.7781 CYP3A4_direct=0.5807 CYP1A2_tdic=0.6030 CYP2C9_tdic=0.5850 CYP2D6_tdic=0.8953 CYP3A4_tdic=0.6284 is_TDI_2D6=0.2006 is_TDI_3A4=0.2480 CYP1A2_log2fc=0.6095 CYP2C9_log2fc=0.5930 CYP2D6_log2fc=0.6860 CYP3A4_log2fc=0.5987
[L4_s2] fold 2 done 588s
[L4_s2 fold3] trainable 5.2M
GPU available: True (cuda), used: True
TPU available: False, using: 0 TPU cores
💡 Tip: For seamless cloud logging and experiment tracking, try installing [litlogger](https://pypi.org/project/litlogger/) to enable LitLogger, which logs metrics and artifacts automatically to the Lightning Experiments platform.
Seed set to 2
LOCAL_RANK: 0 - CUDA_VISIBLE_DEVICES: [0]
Loading `train_dataloader` to estimate number of stepping batches.
ep1 train_mse=0.0000 val=0.4415 CYP1A2_direct=1.0414 CYP2C9_direct=0.7039 CYP2D6_direct=1.2069 CYP3A4_direct=1.0571 CYP1A2_tdic=1.0553 CYP2C9_tdic=0.7926 CYP2D6_tdic=1.1996 CYP3A4_tdic=1.2690 is_TDI_2D6=0.2366 is_TDI_3A4=0.1736 CYP1A2_log2fc=0.9959 CYP2C9_log2fc=0.9541 CYP2D6_log2fc=1.0269 CYP3A4_log2fc=1.0763
ep1 train_mse=0.5507 val=0.3828 CYP1A2_direct=0.9920 CYP2C9_direct=0.6477 CYP2D6_direct=1.0357 CYP3A4_direct=0.9355 CYP1A2_tdic=1.0401 CYP2C9_tdic=0.6761 CYP2D6_tdic=1.1205 CYP3A4_tdic=1.0351 is_TDI_2D6=0.2613 is_TDI_3A4=0.2001 CYP1A2_log2fc=0.8788 CYP2C9_log2fc=0.8892 CYP2D6_log2fc=1.0154 CYP3A4_log2fc=0.9972
ep2 train_mse=0.5317 val=0.3777 CYP1A2_direct=0.9213 CYP2C9_direct=0.6359 CYP2D6_direct=1.1724 CYP3A4_direct=0.8547 CYP1A2_tdic=0.9857 CYP2C9_tdic=0.6335 CYP2D6_tdic=1.1975 CYP3A4_tdic=0.9933 is_TDI_2D6=0.2595 is_TDI_3A4=0.2104 CYP1A2_log2fc=0.8395 CYP2C9_log2fc=0.7997 CYP2D6_log2fc=1.0135 CYP3A4_log2fc=0.9316
ep3 train_mse=0.5033 val=0.3633 CYP1A2_direct=0.8786 CYP2C9_direct=0.5823 CYP2D6_direct=1.0635 CYP3A4_direct=0.8137 CYP1A2_tdic=0.9393 CYP2C9_tdic=0.5900 CYP2D6_tdic=1.1102 CYP3A4_tdic=0.9739 is_TDI_2D6=0.2458 is_TDI_3A4=0.2159 CYP1A2_log2fc=0.8377 CYP2C9_log2fc=0.7537 CYP2D6_log2fc=0.9486 CYP3A4_log2fc=0.8696
ep4 train_mse=0.4836 val=0.3430 CYP1A2_direct=0.8743 CYP2C9_direct=0.5792 CYP2D6_direct=0.8917 CYP3A4_direct=0.6749 CYP1A2_tdic=0.9161 CYP2C9_tdic=0.6104 CYP2D6_tdic=1.0214 CYP3A4_tdic=0.8403 is_TDI_2D6=0.2500 is_TDI_3A4=0.2010 CYP1A2_log2fc=0.7777 CYP2C9_log2fc=0.7212 CYP2D6_log2fc=0.8127 CYP3A4_log2fc=0.8253
ep5 train_mse=0.4672 val=0.3353 CYP1A2_direct=0.7951 CYP2C9_direct=0.5702 CYP2D6_direct=0.9322 CYP3A4_direct=0.6390 CYP1A2_tdic=0.8447 CYP2C9_tdic=0.5779 CYP2D6_tdic=1.0341 CYP3A4_tdic=0.8079 is_TDI_2D6=0.2546 is_TDI_3A4=0.2089 CYP1A2_log2fc=0.7786 CYP2C9_log2fc=0.6882 CYP2D6_log2fc=0.7401 CYP3A4_log2fc=0.8056
ep6 train_mse=0.4466 val=0.3347 CYP1A2_direct=0.8140 CYP2C9_direct=0.5547 CYP2D6_direct=0.9316 CYP3A4_direct=0.5918 CYP1A2_tdic=0.8542 CYP2C9_tdic=0.5752 CYP2D6_tdic=1.0491 CYP3A4_tdic=0.7659 is_TDI_2D6=0.2511 is_TDI_3A4=0.2044 CYP1A2_log2fc=0.7714 CYP2C9_log2fc=0.6535 CYP2D6_log2fc=0.7080 CYP3A4_log2fc=0.7729
ep7 train_mse=0.4317 val=0.3253 CYP1A2_direct=0.7731 CYP2C9_direct=0.5321 CYP2D6_direct=0.9563 CYP3A4_direct=0.5514 CYP1A2_tdic=0.8098 CYP2C9_tdic=0.5584 CYP2D6_tdic=1.0644 CYP3A4_tdic=0.7192 is_TDI_2D6=0.2496 is_TDI_3A4=0.2049 CYP1A2_log2fc=0.7290 CYP2C9_log2fc=0.5905 CYP2D6_log2fc=0.6891 CYP3A4_log2fc=0.6975
ep8 train_mse=0.4186 val=0.3167 CYP1A2_direct=0.7111 CYP2C9_direct=0.5420 CYP2D6_direct=1.0101 CYP3A4_direct=0.4657 CYP1A2_tdic=0.7440 CYP2C9_tdic=0.5613 CYP2D6_tdic=1.1118 CYP3A4_tdic=0.6423 is_TDI_2D6=0.2527 is_TDI_3A4=0.2112 CYP1A2_log2fc=0.7095 CYP2C9_log2fc=0.5351 CYP2D6_log2fc=0.6929 CYP3A4_log2fc=0.6602
ep9 train_mse=0.4112 val=0.3073 CYP1A2_direct=0.7286 CYP2C9_direct=0.5005 CYP2D6_direct=0.8981 CYP3A4_direct=0.4511 CYP1A2_tdic=0.7629 CYP2C9_tdic=0.5161 CYP2D6_tdic=0.9920 CYP3A4_tdic=0.6286 is_TDI_2D6=0.2547 is_TDI_3A4=0.2150 CYP1A2_log2fc=0.7110 CYP2C9_log2fc=0.5413 CYP2D6_log2fc=0.6572 CYP3A4_log2fc=0.6537
ep10 train_mse=0.3999 val=0.3135 CYP1A2_direct=0.6940 CYP2C9_direct=0.5516 CYP2D6_direct=0.9241 CYP3A4_direct=0.4983 CYP1A2_tdic=0.7220 CYP2C9_tdic=0.5783 CYP2D6_tdic=1.0148 CYP3A4_tdic=0.6639 is_TDI_2D6=0.2588 is_TDI_3A4=0.2142 CYP1A2_log2fc=0.6904 CYP2C9_log2fc=0.5621 CYP2D6_log2fc=0.6656 CYP3A4_log2fc=0.6464
ep11 train_mse=0.3936 val=0.3013 CYP1A2_direct=0.6685 CYP2C9_direct=0.4810 CYP2D6_direct=0.8754 CYP3A4_direct=0.4387 CYP1A2_tdic=0.7073 CYP2C9_tdic=0.4999 CYP2D6_tdic=0.9722 CYP3A4_tdic=0.6188 is_TDI_2D6=0.2516 is_TDI_3A4=0.2165 CYP1A2_log2fc=0.6838 CYP2C9_log2fc=0.5158 CYP2D6_log2fc=0.6403 CYP3A4_log2fc=0.6088
ep12 train_mse=0.3846 val=0.3020 CYP1A2_direct=0.6636 CYP2C9_direct=0.5139 CYP2D6_direct=0.8622 CYP3A4_direct=0.4750 CYP1A2_tdic=0.7006 CYP2C9_tdic=0.5424 CYP2D6_tdic=0.9461 CYP3A4_tdic=0.6550 is_TDI_2D6=0.2569 is_TDI_3A4=0.2125 CYP1A2_log2fc=0.6553 CYP2C9_log2fc=0.5013 CYP2D6_log2fc=0.6193 CYP3A4_log2fc=0.6237
ep13 train_mse=0.3770 val=0.2994 CYP1A2_direct=0.6696 CYP2C9_direct=0.4503 CYP2D6_direct=0.9210 CYP3A4_direct=0.4587 CYP1A2_tdic=0.7144 CYP2C9_tdic=0.4768 CYP2D6_tdic=1.0439 CYP3A4_tdic=0.6304 is_TDI_2D6=0.2574 is_TDI_3A4=0.2147 CYP1A2_log2fc=0.6803 CYP2C9_log2fc=0.4788 CYP2D6_log2fc=0.6363 CYP3A4_log2fc=0.6032
ep14 train_mse=0.3675 val=0.2980 CYP1A2_direct=0.6435 CYP2C9_direct=0.4852 CYP2D6_direct=0.8956 CYP3A4_direct=0.4447 CYP1A2_tdic=0.6898 CYP2C9_tdic=0.5166 CYP2D6_tdic=0.9806 CYP3A4_tdic=0.6029 is_TDI_2D6=0.2611 is_TDI_3A4=0.2158 CYP1A2_log2fc=0.6470 CYP2C9_log2fc=0.4801 CYP2D6_log2fc=0.6284 CYP3A4_log2fc=0.6014
ep15 train_mse=0.3568 val=0.3058 CYP1A2_direct=0.6439 CYP2C9_direct=0.5069 CYP2D6_direct=0.9279 CYP3A4_direct=0.5049 CYP1A2_tdic=0.6879 CYP2C9_tdic=0.5381 CYP2D6_tdic=1.0087 CYP3A4_tdic=0.6442 is_TDI_2D6=0.2539 is_TDI_3A4=0.2204 CYP1A2_log2fc=0.6726 CYP2C9_log2fc=0.4880 CYP2D6_log2fc=0.6223 CYP3A4_log2fc=0.6142
ep16 train_mse=0.3533 val=0.2976 CYP1A2_direct=0.6256 CYP2C9_direct=0.4652 CYP2D6_direct=0.9374 CYP3A4_direct=0.4594 CYP1A2_tdic=0.6693 CYP2C9_tdic=0.5012 CYP2D6_tdic=1.0046 CYP3A4_tdic=0.6126 is_TDI_2D6=0.2535 is_TDI_3A4=0.2156 CYP1A2_log2fc=0.6438 CYP2C9_log2fc=0.4622 CYP2D6_log2fc=0.6122 CYP3A4_log2fc=0.5822
ep17 train_mse=0.3465 val=0.3063 CYP1A2_direct=0.6625 CYP2C9_direct=0.4506 CYP2D6_direct=1.0957 CYP3A4_direct=0.4399 CYP1A2_tdic=0.6982 CYP2C9_tdic=0.4839 CYP2D6_tdic=1.1686 CYP3A4_tdic=0.5869 is_TDI_2D6=0.2565 is_TDI_3A4=0.2130 CYP1A2_log2fc=0.6293 CYP2C9_log2fc=0.4654 CYP2D6_log2fc=0.6260 CYP3A4_log2fc=0.5557
ep18 train_mse=0.3381 val=0.2971 CYP1A2_direct=0.6651 CYP2C9_direct=0.4391 CYP2D6_direct=0.9589 CYP3A4_direct=0.4554 CYP1A2_tdic=0.7054 CYP2C9_tdic=0.4694 CYP2D6_tdic=1.0290 CYP3A4_tdic=0.5930 is_TDI_2D6=0.2538 is_TDI_3A4=0.2129 CYP1A2_log2fc=0.6432 CYP2C9_log2fc=0.4525 CYP2D6_log2fc=0.6167 CYP3A4_log2fc=0.5642
ep19 train_mse=0.3338 val=0.2959 CYP1A2_direct=0.6403 CYP2C9_direct=0.4410 CYP2D6_direct=0.9443 CYP3A4_direct=0.4389 CYP1A2_tdic=0.6827 CYP2C9_tdic=0.4772 CYP2D6_tdic=1.0165 CYP3A4_tdic=0.5901 is_TDI_2D6=0.2560 is_TDI_3A4=0.2140 CYP1A2_log2fc=0.6235 CYP2C9_log2fc=0.4574 CYP2D6_log2fc=0.6233 CYP3A4_log2fc=0.5514
ep20 train_mse=0.3277 val=0.3050 CYP1A2_direct=0.6443 CYP2C9_direct=0.4644 CYP2D6_direct=1.0560 CYP3A4_direct=0.4714 CYP1A2_tdic=0.6840 CYP2C9_tdic=0.4924 CYP2D6_tdic=1.1307 CYP3A4_tdic=0.6229 is_TDI_2D6=0.2558 is_TDI_3A4=0.2179 CYP1A2_log2fc=0.6184 CYP2C9_log2fc=0.4539 CYP2D6_log2fc=0.6185 CYP3A4_log2fc=0.5655
ep21 train_mse=0.3201 val=0.3051 CYP1A2_direct=0.7449 CYP2C9_direct=0.4559 CYP2D6_direct=0.9825 CYP3A4_direct=0.4385 CYP1A2_tdic=0.7893 CYP2C9_tdic=0.4812 CYP2D6_tdic=1.0643 CYP3A4_tdic=0.5738 is_TDI_2D6=0.2574 is_TDI_3A4=0.2137 CYP1A2_log2fc=0.6456 CYP2C9_log2fc=0.4525 CYP2D6_log2fc=0.6434 CYP3A4_log2fc=0.5568
ep22 train_mse=0.3124 val=0.3006 CYP1A2_direct=0.6607 CYP2C9_direct=0.4948 CYP2D6_direct=1.0217 CYP3A4_direct=0.4186 CYP1A2_tdic=0.6963 CYP2C9_tdic=0.5079 CYP2D6_tdic=1.0943 CYP3A4_tdic=0.5468 is_TDI_2D6=0.2547 is_TDI_3A4=0.2125 CYP1A2_log2fc=0.6097 CYP2C9_log2fc=0.4646 CYP2D6_log2fc=0.6115 CYP3A4_log2fc=0.5443
ep23 train_mse=0.3110 val=0.3078 CYP1A2_direct=0.6997 CYP2C9_direct=0.5146 CYP2D6_direct=0.9977 CYP3A4_direct=0.4968 CYP1A2_tdic=0.7379 CYP2C9_tdic=0.5273 CYP2D6_tdic=1.0728 CYP3A4_tdic=0.5889 is_TDI_2D6=0.2561 is_TDI_3A4=0.2132 CYP1A2_log2fc=0.6223 CYP2C9_log2fc=0.4659 CYP2D6_log2fc=0.6318 CYP3A4_log2fc=0.5643
ep24 train_mse=0.3034 val=0.3002 CYP1A2_direct=0.6595 CYP2C9_direct=0.4711 CYP2D6_direct=0.9781 CYP3A4_direct=0.4694 CYP1A2_tdic=0.7036 CYP2C9_tdic=0.4938 CYP2D6_tdic=1.0321 CYP3A4_tdic=0.5741 is_TDI_2D6=0.2545 is_TDI_3A4=0.2159 CYP1A2_log2fc=0.6081 CYP2C9_log2fc=0.4407 CYP2D6_log2fc=0.6054 CYP3A4_log2fc=0.5422
ep25 train_mse=0.2971 val=0.3107 CYP1A2_direct=0.7459 CYP2C9_direct=0.4901 CYP2D6_direct=1.0368 CYP3A4_direct=0.4836 CYP1A2_tdic=0.7777 CYP2C9_tdic=0.5046 CYP2D6_tdic=1.1126 CYP3A4_tdic=0.5865 is_TDI_2D6=0.2546 is_TDI_3A4=0.2136 CYP1A2_log2fc=0.6290 CYP2C9_log2fc=0.4550 CYP2D6_log2fc=0.6338 CYP3A4_log2fc=0.5439
ep26 train_mse=0.2904 val=0.3163 CYP1A2_direct=0.7435 CYP2C9_direct=0.4751 CYP2D6_direct=1.1387 CYP3A4_direct=0.4950 CYP1A2_tdic=0.7858 CYP2C9_tdic=0.4926 CYP2D6_tdic=1.1920 CYP3A4_tdic=0.6175 is_TDI_2D6=0.2574 is_TDI_3A4=0.2160 CYP1A2_log2fc=0.6240 CYP2C9_log2fc=0.4552 CYP2D6_log2fc=0.6180 CYP3A4_log2fc=0.5629
ep27 train_mse=0.2860 val=0.3067 CYP1A2_direct=0.7515 CYP2C9_direct=0.4832 CYP2D6_direct=1.0115 CYP3A4_direct=0.4539 CYP1A2_tdic=0.7977 CYP2C9_tdic=0.5018 CYP2D6_tdic=1.0770 CYP3A4_tdic=0.5597 is_TDI_2D6=0.2590 is_TDI_3A4=0.2150 CYP1A2_log2fc=0.6264 CYP2C9_log2fc=0.4565 CYP2D6_log2fc=0.6130 CYP3A4_log2fc=0.5476
[L4_s2] fold 3 done 768s
[L4_s2 fold4] trainable 5.2M
GPU available: True (cuda), used: True
TPU available: False, using: 0 TPU cores
💡 Tip: For seamless cloud logging and experiment tracking, try installing [litlogger](https://pypi.org/project/litlogger/) to enable LitLogger, which logs metrics and artifacts automatically to the Lightning Experiments platform.
Seed set to 2
LOCAL_RANK: 0 - CUDA_VISIBLE_DEVICES: [0]
Loading `train_dataloader` to estimate number of stepping batches.
ep1 train_mse=0.0000 val=0.4402 CYP1A2_direct=0.9481 CYP2C9_direct=1.0547 CYP2D6_direct=1.0379 CYP3A4_direct=1.0097 CYP1A2_tdic=0.8742 CYP2C9_tdic=1.0723 CYP2D6_tdic=0.8245 CYP3A4_tdic=1.1546 is_TDI_2D6=0.1613 is_TDI_3A4=0.2086 CYP1A2_log2fc=0.8660 CYP2C9_log2fc=1.0211 CYP2D6_log2fc=0.9752 CYP3A4_log2fc=0.9858
ep1 train_mse=0.5508 val=0.3952 CYP1A2_direct=1.0882 CYP2C9_direct=1.0043 CYP2D6_direct=1.0229 CYP3A4_direct=0.9904 CYP1A2_tdic=1.0647 CYP2C9_tdic=1.0291 CYP2D6_tdic=0.9187 CYP3A4_tdic=1.0869 is_TDI_2D6=0.1863 is_TDI_3A4=0.2083 CYP1A2_log2fc=0.9752 CYP2C9_log2fc=0.8946 CYP2D6_log2fc=0.9616 CYP3A4_log2fc=0.9038
ep2 train_mse=0.5333 val=0.3834 CYP1A2_direct=1.0146 CYP2C9_direct=0.9581 CYP2D6_direct=1.0310 CYP3A4_direct=0.8952 CYP1A2_tdic=0.9575 CYP2C9_tdic=0.9966 CYP2D6_tdic=0.9247 CYP3A4_tdic=1.0119 is_TDI_2D6=0.1911 is_TDI_3A4=0.1863 CYP1A2_log2fc=0.8860 CYP2C9_log2fc=0.8360 CYP2D6_log2fc=0.9138 CYP3A4_log2fc=0.8184
ep3 train_mse=0.4926 val=0.3682 CYP1A2_direct=1.0050 CYP2C9_direct=0.8999 CYP2D6_direct=1.0333 CYP3A4_direct=0.7903 CYP1A2_tdic=0.9534 CYP2C9_tdic=0.9371 CYP2D6_tdic=0.9080 CYP3A4_tdic=0.9046 is_TDI_2D6=0.1924 is_TDI_3A4=0.1988 CYP1A2_log2fc=0.8832 CYP2C9_log2fc=0.7553 CYP2D6_log2fc=0.8167 CYP3A4_log2fc=0.7641
ep4 train_mse=0.4625 val=0.3620 CYP1A2_direct=0.9659 CYP2C9_direct=0.8991 CYP2D6_direct=1.0152 CYP3A4_direct=0.7812 CYP1A2_tdic=0.9180 CYP2C9_tdic=0.9025 CYP2D6_tdic=0.8967 CYP3A4_tdic=0.8726 is_TDI_2D6=0.1875 is_TDI_3A4=0.2082 CYP1A2_log2fc=0.8718 CYP2C9_log2fc=0.7146 CYP2D6_log2fc=0.8431 CYP3A4_log2fc=0.7604
ep5 train_mse=0.4440 val=0.3503 CYP1A2_direct=0.9423 CYP2C9_direct=0.8728 CYP2D6_direct=0.9862 CYP3A4_direct=0.7045 CYP1A2_tdic=0.8918 CYP2C9_tdic=0.8809 CYP2D6_tdic=0.8825 CYP3A4_tdic=0.7983 is_TDI_2D6=0.1932 is_TDI_3A4=0.2099 CYP1A2_log2fc=0.8408 CYP2C9_log2fc=0.6723 CYP2D6_log2fc=0.7573 CYP3A4_log2fc=0.7244
ep6 train_mse=0.4266 val=0.3489 CYP1A2_direct=0.9230 CYP2C9_direct=0.8473 CYP2D6_direct=0.9745 CYP3A4_direct=0.7334 CYP1A2_tdic=0.8745 CYP2C9_tdic=0.8633 CYP2D6_tdic=0.8659 CYP3A4_tdic=0.7869 is_TDI_2D6=0.1878 is_TDI_3A4=0.2045 CYP1A2_log2fc=0.8419 CYP2C9_log2fc=0.6563 CYP2D6_log2fc=0.9126 CYP3A4_log2fc=0.7296
ep7 train_mse=0.4122 val=0.3428 CYP1A2_direct=0.9405 CYP2C9_direct=0.8171 CYP2D6_direct=0.9396 CYP3A4_direct=0.7205 CYP1A2_tdic=0.8865 CYP2C9_tdic=0.8268 CYP2D6_tdic=0.8325 CYP3A4_tdic=0.7677 is_TDI_2D6=0.1857 is_TDI_3A4=0.2104 CYP1A2_log2fc=0.8525 CYP2C9_log2fc=0.6473 CYP2D6_log2fc=0.7265 CYP3A4_log2fc=0.6829
ep8 train_mse=0.4130 val=0.3383 CYP1A2_direct=0.9373 CYP2C9_direct=0.7950 CYP2D6_direct=0.9435 CYP3A4_direct=0.6859 CYP1A2_tdic=0.8810 CYP2C9_tdic=0.8100 CYP2D6_tdic=0.8431 CYP3A4_tdic=0.7486 is_TDI_2D6=0.1864 is_TDI_3A4=0.2112 CYP1A2_log2fc=0.8275 CYP2C9_log2fc=0.6389 CYP2D6_log2fc=0.7403 CYP3A4_log2fc=0.6757
ep9 train_mse=0.4001 val=0.3363 CYP1A2_direct=0.9468 CYP2C9_direct=0.8187 CYP2D6_direct=0.9488 CYP3A4_direct=0.6459 CYP1A2_tdic=0.8893 CYP2C9_tdic=0.8306 CYP2D6_tdic=0.8358 CYP3A4_tdic=0.6995 is_TDI_2D6=0.1860 is_TDI_3A4=0.2014 CYP1A2_log2fc=0.8187 CYP2C9_log2fc=0.6100 CYP2D6_log2fc=0.7212 CYP3A4_log2fc=0.6453
ep10 train_mse=0.3881 val=0.3299 CYP1A2_direct=0.9831 CYP2C9_direct=0.7641 CYP2D6_direct=0.9683 CYP3A4_direct=0.5867 CYP1A2_tdic=0.9228 CYP2C9_tdic=0.7708 CYP2D6_tdic=0.8553 CYP3A4_tdic=0.6549 is_TDI_2D6=0.1908 is_TDI_3A4=0.2053 CYP1A2_log2fc=0.8235 CYP2C9_log2fc=0.5916 CYP2D6_log2fc=0.7010 CYP3A4_log2fc=0.6558
ep11 train_mse=0.3842 val=0.3327 CYP1A2_direct=0.9366 CYP2C9_direct=0.8030 CYP2D6_direct=0.9643 CYP3A4_direct=0.6316 CYP1A2_tdic=0.8782 CYP2C9_tdic=0.7987 CYP2D6_tdic=0.8251 CYP3A4_tdic=0.6603 is_TDI_2D6=0.1887 is_TDI_3A4=0.2046 CYP1A2_log2fc=0.8137 CYP2C9_log2fc=0.5964 CYP2D6_log2fc=0.6758 CYP3A4_log2fc=0.6340
ep12 train_mse=0.3744 val=0.3281 CYP1A2_direct=0.9365 CYP2C9_direct=0.7729 CYP2D6_direct=0.9657 CYP3A4_direct=0.6067 CYP1A2_tdic=0.8754 CYP2C9_tdic=0.7903 CYP2D6_tdic=0.8474 CYP3A4_tdic=0.6360 is_TDI_2D6=0.1900 is_TDI_3A4=0.2042 CYP1A2_log2fc=0.8276 CYP2C9_log2fc=0.5837 CYP2D6_log2fc=0.6750 CYP3A4_log2fc=0.6135
ep13 train_mse=0.3634 val=0.3273 CYP1A2_direct=0.9283 CYP2C9_direct=0.7526 CYP2D6_direct=0.9527 CYP3A4_direct=0.6090 CYP1A2_tdic=0.8695 CYP2C9_tdic=0.7410 CYP2D6_tdic=0.8218 CYP3A4_tdic=0.6286 is_TDI_2D6=0.1931 is_TDI_3A4=0.2025 CYP1A2_log2fc=0.8403 CYP2C9_log2fc=0.5997 CYP2D6_log2fc=0.6899 CYP3A4_log2fc=0.6286
ep14 train_mse=0.3511 val=0.3185 CYP1A2_direct=0.8689 CYP2C9_direct=0.7053 CYP2D6_direct=0.9498 CYP3A4_direct=0.6039 CYP1A2_tdic=0.8209 CYP2C9_tdic=0.7060 CYP2D6_tdic=0.8381 CYP3A4_tdic=0.6160 is_TDI_2D6=0.1904 is_TDI_3A4=0.2064 CYP1A2_log2fc=0.8067 CYP2C9_log2fc=0.5645 CYP2D6_log2fc=0.6299 CYP3A4_log2fc=0.6069
ep15 train_mse=0.3470 val=0.3229 CYP1A2_direct=0.8609 CYP2C9_direct=0.7054 CYP2D6_direct=0.9410 CYP3A4_direct=0.6371 CYP1A2_tdic=0.8055 CYP2C9_tdic=0.7048 CYP2D6_tdic=0.8175 CYP3A4_tdic=0.6872 is_TDI_2D6=0.1904 is_TDI_3A4=0.2081 CYP1A2_log2fc=0.8181 CYP2C9_log2fc=0.6258 CYP2D6_log2fc=0.6706 CYP3A4_log2fc=0.6680
ep16 train_mse=0.3449 val=0.3254 CYP1A2_direct=0.8877 CYP2C9_direct=0.7325 CYP2D6_direct=0.9623 CYP3A4_direct=0.6150 CYP1A2_tdic=0.8294 CYP2C9_tdic=0.7073 CYP2D6_tdic=0.8284 CYP3A4_tdic=0.6304 is_TDI_2D6=0.1889 is_TDI_3A4=0.2058 CYP1A2_log2fc=0.8375 CYP2C9_log2fc=0.5799 CYP2D6_log2fc=0.6710 CYP3A4_log2fc=0.6218
ep17 train_mse=0.3343 val=0.3264 CYP1A2_direct=0.9516 CYP2C9_direct=0.7562 CYP2D6_direct=0.9626 CYP3A4_direct=0.5904 CYP1A2_tdic=0.8956 CYP2C9_tdic=0.7229 CYP2D6_tdic=0.8361 CYP3A4_tdic=0.6227 is_TDI_2D6=0.1913 is_TDI_3A4=0.2071 CYP1A2_log2fc=0.8106 CYP2C9_log2fc=0.5994 CYP2D6_log2fc=0.6297 CYP3A4_log2fc=0.6226
ep18 train_mse=0.3341 val=0.3175 CYP1A2_direct=0.8718 CYP2C9_direct=0.7060 CYP2D6_direct=0.9357 CYP3A4_direct=0.5859 CYP1A2_tdic=0.8150 CYP2C9_tdic=0.6829 CYP2D6_tdic=0.8048 CYP3A4_tdic=0.6174 is_TDI_2D6=0.1899 is_TDI_3A4=0.2071 CYP1A2_log2fc=0.7992 CYP2C9_log2fc=0.5728 CYP2D6_log2fc=0.6338 CYP3A4_log2fc=0.5818
ep19 train_mse=0.3236 val=0.3182 CYP1A2_direct=0.8694 CYP2C9_direct=0.7313 CYP2D6_direct=0.9160 CYP3A4_direct=0.5992 CYP1A2_tdic=0.8264 CYP2C9_tdic=0.6992 CYP2D6_tdic=0.7885 CYP3A4_tdic=0.6207 is_TDI_2D6=0.1931 is_TDI_3A4=0.2070 CYP1A2_log2fc=0.7700 CYP2C9_log2fc=0.5751 CYP2D6_log2fc=0.6383 CYP3A4_log2fc=0.6158
ep20 train_mse=0.3172 val=0.3331 CYP1A2_direct=0.9003 CYP2C9_direct=0.7573 CYP2D6_direct=1.0176 CYP3A4_direct=0.6566 CYP1A2_tdic=0.8442 CYP2C9_tdic=0.7234 CYP2D6_tdic=0.8713 CYP3A4_tdic=0.6550 is_TDI_2D6=0.1918 is_TDI_3A4=0.2093 CYP1A2_log2fc=0.7933 CYP2C9_log2fc=0.6165 CYP2D6_log2fc=0.6854 CYP3A4_log2fc=0.6471
ep21 train_mse=0.3115 val=0.3141 CYP1A2_direct=0.8499 CYP2C9_direct=0.7019 CYP2D6_direct=0.9673 CYP3A4_direct=0.5753 CYP1A2_tdic=0.7998 CYP2C9_tdic=0.6759 CYP2D6_tdic=0.8454 CYP3A4_tdic=0.6010 is_TDI_2D6=0.1919 is_TDI_3A4=0.2066 CYP1A2_log2fc=0.7727 CYP2C9_log2fc=0.5596 CYP2D6_log2fc=0.6237 CYP3A4_log2fc=0.5476
ep22 train_mse=0.3069 val=0.3131 CYP1A2_direct=0.8401 CYP2C9_direct=0.7085 CYP2D6_direct=0.9199 CYP3A4_direct=0.6166 CYP1A2_tdic=0.7949 CYP2C9_tdic=0.6897 CYP2D6_tdic=0.7973 CYP3A4_tdic=0.6173 is_TDI_2D6=0.1897 is_TDI_3A4=0.2041 CYP1A2_log2fc=0.7633 CYP2C9_log2fc=0.5538 CYP2D6_log2fc=0.6155 CYP3A4_log2fc=0.5693
ep23 train_mse=0.2975 val=0.3127 CYP1A2_direct=0.8589 CYP2C9_direct=0.7166 CYP2D6_direct=0.9418 CYP3A4_direct=0.5769 CYP1A2_tdic=0.8069 CYP2C9_tdic=0.6780 CYP2D6_tdic=0.8121 CYP3A4_tdic=0.5958 is_TDI_2D6=0.1888 is_TDI_3A4=0.2063 CYP1A2_log2fc=0.7721 CYP2C9_log2fc=0.5586 CYP2D6_log2fc=0.6129 CYP3A4_log2fc=0.5592
ep24 train_mse=0.2953 val=0.3251 CYP1A2_direct=0.8866 CYP2C9_direct=0.7082 CYP2D6_direct=0.9874 CYP3A4_direct=0.6247 CYP1A2_tdic=0.8435 CYP2C9_tdic=0.6724 CYP2D6_tdic=0.8314 CYP3A4_tdic=0.6226 is_TDI_2D6=0.1941 is_TDI_3A4=0.2032 CYP1A2_log2fc=0.7922 CYP2C9_log2fc=0.5964 CYP2D6_log2fc=0.7141 CYP3A4_log2fc=0.6027
ep25 train_mse=0.2859 val=0.3165 CYP1A2_direct=0.8668 CYP2C9_direct=0.7075 CYP2D6_direct=1.0084 CYP3A4_direct=0.5885 CYP1A2_tdic=0.8164 CYP2C9_tdic=0.6593 CYP2D6_tdic=0.8609 CYP3A4_tdic=0.6064 is_TDI_2D6=0.1906 is_TDI_3A4=0.2072 CYP1A2_log2fc=0.7519 CYP2C9_log2fc=0.5706 CYP2D6_log2fc=0.6032 CYP3A4_log2fc=0.5681
ep26 train_mse=0.2781 val=0.3142 CYP1A2_direct=0.8401 CYP2C9_direct=0.6962 CYP2D6_direct=0.9293 CYP3A4_direct=0.6209 CYP1A2_tdic=0.7885 CYP2C9_tdic=0.6591 CYP2D6_tdic=0.8234 CYP3A4_tdic=0.6121 is_TDI_2D6=0.1904 is_TDI_3A4=0.2046 CYP1A2_log2fc=0.7562 CYP2C9_log2fc=0.5560 CYP2D6_log2fc=0.6049 CYP3A4_log2fc=0.5653
ep27 train_mse=0.2727 val=0.3190 CYP1A2_direct=0.8582 CYP2C9_direct=0.7301 CYP2D6_direct=0.9407 CYP3A4_direct=0.6044 CYP1A2_tdic=0.8067 CYP2C9_tdic=0.6797 CYP2D6_tdic=0.8084 CYP3A4_tdic=0.6124 is_TDI_2D6=0.1886 is_TDI_3A4=0.2065 CYP1A2_log2fc=0.7667 CYP2C9_log2fc=0.5894 CYP2D6_log2fc=0.5936 CYP3A4_log2fc=0.5817
ep28 train_mse=0.2667 val=0.3172 CYP1A2_direct=0.8503 CYP2C9_direct=0.7278 CYP2D6_direct=0.9377 CYP3A4_direct=0.5979 CYP1A2_tdic=0.7971 CYP2C9_tdic=0.6829 CYP2D6_tdic=0.8068 CYP3A4_tdic=0.5985 is_TDI_2D6=0.1900 is_TDI_3A4=0.2067 CYP1A2_log2fc=0.7657 CYP2C9_log2fc=0.5659 CYP2D6_log2fc=0.6016 CYP3A4_log2fc=0.5556
ep29 train_mse=0.2636 val=0.3204 CYP1A2_direct=0.9047 CYP2C9_direct=0.7047 CYP2D6_direct=0.9868 CYP3A4_direct=0.6019 CYP1A2_tdic=0.8580 CYP2C9_tdic=0.6615 CYP2D6_tdic=0.8214 CYP3A4_tdic=0.6014 is_TDI_2D6=0.1915 is_TDI_3A4=0.2044 CYP1A2_log2fc=0.7752 CYP2C9_log2fc=0.5486 CYP2D6_log2fc=0.5896 CYP3A4_log2fc=0.5514
ep30 train_mse=0.2577 val=0.3204 CYP1A2_direct=0.9200 CYP2C9_direct=0.7523 CYP2D6_direct=0.9693 CYP3A4_direct=0.5747 CYP1A2_tdic=0.8657 CYP2C9_tdic=0.7128 CYP2D6_tdic=0.8302 CYP3A4_tdic=0.5903 is_TDI_2D6=0.1902 is_TDI_3A4=0.2052 CYP1A2_log2fc=0.7645 CYP2C9_log2fc=0.5613 CYP2D6_log2fc=0.5884 CYP3A4_log2fc=0.5408
ep31 train_mse=0.2516 val=0.3192 CYP1A2_direct=0.8909 CYP2C9_direct=0.7169 CYP2D6_direct=0.9440 CYP3A4_direct=0.5873 CYP1A2_tdic=0.8360 CYP2C9_tdic=0.6814 CYP2D6_tdic=0.8056 CYP3A4_tdic=0.5929 is_TDI_2D6=0.1884 is_TDI_3A4=0.2063 CYP1A2_log2fc=0.7778 CYP2C9_log2fc=0.5484 CYP2D6_log2fc=0.5812 CYP3A4_log2fc=0.5406
[L4_s2] fold 4 done 976s
[L4_s2 all] trainable 5.2M
GPU available: True (cuda), used: True
TPU available: False, using: 0 TPU cores
💡 Tip: For seamless cloud logging and experiment tracking, try installing [litlogger](https://pypi.org/project/litlogger/) to enable LitLogger, which logs metrics and artifacts automatically to the Lightning Experiments platform.
Seed set to 2
LOCAL_RANK: 0 - CUDA_VISIBLE_DEVICES: [0]
Loading `train_dataloader` to estimate number of stepping batches.
ep1 train_mse=0.0000 val=0.4129 CYP1A2_direct=1.0409 CYP2C9_direct=0.6141 CYP2D6_direct=1.1304 CYP3A4_direct=0.8262 CYP1A2_tdic=1.0785 CYP2C9_tdic=0.5512 CYP2D6_tdic=1.1595 CYP3A4_tdic=0.9521 is_TDI_2D6=0.2203 is_TDI_3A4=0.2469 CYP1A2_log2fc=0.9384 CYP2C9_log2fc=0.9534 CYP2D6_log2fc=0.9029 CYP3A4_log2fc=1.0313
ep1 train_mse=0.6130 val=0.4005 CYP1A2_direct=1.1249 CYP2C9_direct=0.8465 CYP2D6_direct=1.1691 CYP3A4_direct=0.8526 CYP1A2_tdic=1.1575 CYP2C9_tdic=0.7679 CYP2D6_tdic=1.0849 CYP3A4_tdic=0.9096 is_TDI_2D6=0.2337 is_TDI_3A4=0.2365 CYP1A2_log2fc=0.8877 CYP2C9_log2fc=0.8591 CYP2D6_log2fc=1.0019 CYP3A4_log2fc=0.9643
ep2 train_mse=0.5853 val=0.3919 CYP1A2_direct=1.1199 CYP2C9_direct=0.8344 CYP2D6_direct=1.2900 CYP3A4_direct=0.7178 CYP1A2_tdic=1.1046 CYP2C9_tdic=0.7426 CYP2D6_tdic=1.1842 CYP3A4_tdic=0.8322 is_TDI_2D6=0.2303 is_TDI_3A4=0.2393 CYP1A2_log2fc=0.7959 CYP2C9_log2fc=0.6900 CYP2D6_log2fc=0.9609 CYP3A4_log2fc=0.8580
ep3 train_mse=0.5466 val=0.3749 CYP1A2_direct=0.9736 CYP2C9_direct=0.7678 CYP2D6_direct=1.1648 CYP3A4_direct=0.7540 CYP1A2_tdic=0.9834 CYP2C9_tdic=0.6924 CYP2D6_tdic=1.0730 CYP3A4_tdic=0.8268 is_TDI_2D6=0.2268 is_TDI_3A4=0.2449 CYP1A2_log2fc=0.8051 CYP2C9_log2fc=0.7157 CYP2D6_log2fc=0.9327 CYP3A4_log2fc=0.8404
ep4 train_mse=0.5254 val=0.3564 CYP1A2_direct=0.9343 CYP2C9_direct=0.7520 CYP2D6_direct=1.1117 CYP3A4_direct=0.6050 CYP1A2_tdic=0.9549 CYP2C9_tdic=0.6680 CYP2D6_tdic=1.0286 CYP3A4_tdic=0.7071 is_TDI_2D6=0.2222 is_TDI_3A4=0.2427 CYP1A2_log2fc=0.7537 CYP2C9_log2fc=0.6346 CYP2D6_log2fc=0.8706 CYP3A4_log2fc=0.7614
ep5 train_mse=0.4904 val=0.3372 CYP1A2_direct=0.9439 CYP2C9_direct=0.6968 CYP2D6_direct=1.0309 CYP3A4_direct=0.4525 CYP1A2_tdic=0.9636 CYP2C9_tdic=0.5997 CYP2D6_tdic=0.9483 CYP3A4_tdic=0.5644 is_TDI_2D6=0.2190 is_TDI_3A4=0.2414 CYP1A2_log2fc=0.6935 CYP2C9_log2fc=0.5612 CYP2D6_log2fc=0.7738 CYP3A4_log2fc=0.6736
ep6 train_mse=0.4733 val=0.3352 CYP1A2_direct=0.8949 CYP2C9_direct=0.6785 CYP2D6_direct=1.0501 CYP3A4_direct=0.4911 CYP1A2_tdic=0.9072 CYP2C9_tdic=0.6051 CYP2D6_tdic=0.9805 CYP3A4_tdic=0.5782 is_TDI_2D6=0.2196 is_TDI_3A4=0.2427 CYP1A2_log2fc=0.7240 CYP2C9_log2fc=0.5908 CYP2D6_log2fc=0.7654 CYP3A4_log2fc=0.7056
ep7 train_mse=0.4629 val=0.3288 CYP1A2_direct=0.9654 CYP2C9_direct=0.6507 CYP2D6_direct=1.0204 CYP3A4_direct=0.4120 CYP1A2_tdic=0.9823 CYP2C9_tdic=0.5627 CYP2D6_tdic=0.9445 CYP3A4_tdic=0.5233 is_TDI_2D6=0.2147 is_TDI_3A4=0.2407 CYP1A2_log2fc=0.6972 CYP2C9_log2fc=0.5723 CYP2D6_log2fc=0.7618 CYP3A4_log2fc=0.6709
ep8 train_mse=0.4518 val=0.3163 CYP1A2_direct=0.8906 CYP2C9_direct=0.6033 CYP2D6_direct=1.0126 CYP3A4_direct=0.3713 CYP1A2_tdic=0.9040 CYP2C9_tdic=0.5288 CYP2D6_tdic=0.9334 CYP3A4_tdic=0.5004 is_TDI_2D6=0.2159 is_TDI_3A4=0.2434 CYP1A2_log2fc=0.6699 CYP2C9_log2fc=0.5126 CYP2D6_log2fc=0.7524 CYP3A4_log2fc=0.6140
ep9 train_mse=0.4452 val=0.3146 CYP1A2_direct=0.8785 CYP2C9_direct=0.6297 CYP2D6_direct=1.0013 CYP3A4_direct=0.3771 CYP1A2_tdic=0.8919 CYP2C9_tdic=0.5464 CYP2D6_tdic=0.9128 CYP3A4_tdic=0.4692 is_TDI_2D6=0.2169 is_TDI_3A4=0.2430 CYP1A2_log2fc=0.6598 CYP2C9_log2fc=0.4957 CYP2D6_log2fc=0.7497 CYP3A4_log2fc=0.5934
ep10 train_mse=0.4306 val=0.3098 CYP1A2_direct=0.8776 CYP2C9_direct=0.5987 CYP2D6_direct=1.0059 CYP3A4_direct=0.3224 CYP1A2_tdic=0.8920 CYP2C9_tdic=0.5161 CYP2D6_tdic=0.9010 CYP3A4_tdic=0.4354 is_TDI_2D6=0.2150 is_TDI_3A4=0.2420 CYP1A2_log2fc=0.6509 CYP2C9_log2fc=0.4980 CYP2D6_log2fc=0.7808 CYP3A4_log2fc=0.5762
ep11 train_mse=0.4170 val=0.3103 CYP1A2_direct=0.8446 CYP2C9_direct=0.6277 CYP2D6_direct=1.0484 CYP3A4_direct=0.3103 CYP1A2_tdic=0.8563 CYP2C9_tdic=0.5501 CYP2D6_tdic=0.9605 CYP3A4_tdic=0.4037 is_TDI_2D6=0.2137 is_TDI_3A4=0.2450 CYP1A2_log2fc=0.6380 CYP2C9_log2fc=0.5025 CYP2D6_log2fc=0.7441 CYP3A4_log2fc=0.5526
ep12 train_mse=0.4114 val=0.3001 CYP1A2_direct=0.8113 CYP2C9_direct=0.5872 CYP2D6_direct=0.9710 CYP3A4_direct=0.3158 CYP1A2_tdic=0.8249 CYP2C9_tdic=0.5214 CYP2D6_tdic=0.8878 CYP3A4_tdic=0.4049 is_TDI_2D6=0.2193 is_TDI_3A4=0.2455 CYP1A2_log2fc=0.6338 CYP2C9_log2fc=0.4930 CYP2D6_log2fc=0.7127 CYP3A4_log2fc=0.5666
ep13 train_mse=0.4018 val=0.3092 CYP1A2_direct=0.8475 CYP2C9_direct=0.5913 CYP2D6_direct=1.0031 CYP3A4_direct=0.3297 CYP1A2_tdic=0.8582 CYP2C9_tdic=0.5183 CYP2D6_tdic=0.8717 CYP3A4_tdic=0.4490 is_TDI_2D6=0.2186 is_TDI_3A4=0.2423 CYP1A2_log2fc=0.6134 CYP2C9_log2fc=0.5061 CYP2D6_log2fc=0.7947 CYP3A4_log2fc=0.5811
ep14 train_mse=0.3964 val=0.3007 CYP1A2_direct=0.8317 CYP2C9_direct=0.6018 CYP2D6_direct=0.9847 CYP3A4_direct=0.3087 CYP1A2_tdic=0.8465 CYP2C9_tdic=0.5296 CYP2D6_tdic=0.9030 CYP3A4_tdic=0.3959 is_TDI_2D6=0.2179 is_TDI_3A4=0.2439 CYP1A2_log2fc=0.6232 CYP2C9_log2fc=0.4820 CYP2D6_log2fc=0.7143 CYP3A4_log2fc=0.5560
ep15 train_mse=0.3880 val=0.3042 CYP1A2_direct=0.8731 CYP2C9_direct=0.5815 CYP2D6_direct=0.9906 CYP3A4_direct=0.2930 CYP1A2_tdic=0.8858 CYP2C9_tdic=0.5025 CYP2D6_tdic=0.8891 CYP3A4_tdic=0.3992 is_TDI_2D6=0.2156 is_TDI_3A4=0.2453 CYP1A2_log2fc=0.6236 CYP2C9_log2fc=0.4885 CYP2D6_log2fc=0.7324 CYP3A4_log2fc=0.5363
ep16 train_mse=0.3816 val=0.2994 CYP1A2_direct=0.8664 CYP2C9_direct=0.5740 CYP2D6_direct=0.9832 CYP3A4_direct=0.3108 CYP1A2_tdic=0.8816 CYP2C9_tdic=0.5046 CYP2D6_tdic=0.8852 CYP3A4_tdic=0.3960 is_TDI_2D6=0.2171 is_TDI_3A4=0.2442 CYP1A2_log2fc=0.6212 CYP2C9_log2fc=0.4877 CYP2D6_log2fc=0.7246 CYP3A4_log2fc=0.5644
ep17 train_mse=0.3753 val=0.2973 CYP1A2_direct=0.8285 CYP2C9_direct=0.5895 CYP2D6_direct=0.9632 CYP3A4_direct=0.3063 CYP1A2_tdic=0.8455 CYP2C9_tdic=0.5175 CYP2D6_tdic=0.8482 CYP3A4_tdic=0.3916 is_TDI_2D6=0.2156 is_TDI_3A4=0.2440 CYP1A2_log2fc=0.6263 CYP2C9_log2fc=0.4679 CYP2D6_log2fc=0.7145 CYP3A4_log2fc=0.5289
ep18 train_mse=0.3690 val=0.2947 CYP1A2_direct=0.8212 CYP2C9_direct=0.5664 CYP2D6_direct=0.9872 CYP3A4_direct=0.2892 CYP1A2_tdic=0.8334 CYP2C9_tdic=0.4976 CYP2D6_tdic=0.9129 CYP3A4_tdic=0.3955 is_TDI_2D6=0.2201 is_TDI_3A4=0.2438 CYP1A2_log2fc=0.6223 CYP2C9_log2fc=0.4947 CYP2D6_log2fc=0.7183 CYP3A4_log2fc=0.5377
ep19 train_mse=0.3642 val=0.2953 CYP1A2_direct=0.8075 CYP2C9_direct=0.5784 CYP2D6_direct=0.9867 CYP3A4_direct=0.2884 CYP1A2_tdic=0.8247 CYP2C9_tdic=0.5114 CYP2D6_tdic=0.8810 CYP3A4_tdic=0.3707 is_TDI_2D6=0.2197 is_TDI_3A4=0.2433 CYP1A2_log2fc=0.6257 CYP2C9_log2fc=0.4778 CYP2D6_log2fc=0.7125 CYP3A4_log2fc=0.5148
ep20 train_mse=0.3561 val=0.2954 CYP1A2_direct=0.8596 CYP2C9_direct=0.5737 CYP2D6_direct=0.9698 CYP3A4_direct=0.3104 CYP1A2_tdic=0.8752 CYP2C9_tdic=0.5013 CYP2D6_tdic=0.8748 CYP3A4_tdic=0.3875 is_TDI_2D6=0.2181 is_TDI_3A4=0.2439 CYP1A2_log2fc=0.6147 CYP2C9_log2fc=0.4582 CYP2D6_log2fc=0.6935 CYP3A4_log2fc=0.5152
ep21 train_mse=0.3497 val=0.2941 CYP1A2_direct=0.8618 CYP2C9_direct=0.5841 CYP2D6_direct=0.9774 CYP3A4_direct=0.3045 CYP1A2_tdic=0.8769 CYP2C9_tdic=0.5148 CYP2D6_tdic=0.8774 CYP3A4_tdic=0.3866 is_TDI_2D6=0.2234 is_TDI_3A4=0.2451 CYP1A2_log2fc=0.6047 CYP2C9_log2fc=0.4631 CYP2D6_log2fc=0.7020 CYP3A4_log2fc=0.5045
ep22 train_mse=0.3447 val=0.2929 CYP1A2_direct=0.8594 CYP2C9_direct=0.5379 CYP2D6_direct=0.9743 CYP3A4_direct=0.2932 CYP1A2_tdic=0.8734 CYP2C9_tdic=0.4700 CYP2D6_tdic=0.8729 CYP3A4_tdic=0.3772 is_TDI_2D6=0.2193 is_TDI_3A4=0.2430 CYP1A2_log2fc=0.6059 CYP2C9_log2fc=0.4546 CYP2D6_log2fc=0.7006 CYP3A4_log2fc=0.4985
ep23 train_mse=0.3380 val=0.2936 CYP1A2_direct=0.8400 CYP2C9_direct=0.5483 CYP2D6_direct=1.0030 CYP3A4_direct=0.2981 CYP1A2_tdic=0.8547 CYP2C9_tdic=0.4836 CYP2D6_tdic=0.8782 CYP3A4_tdic=0.3745 is_TDI_2D6=0.2194 is_TDI_3A4=0.2446 CYP1A2_log2fc=0.6101 CYP2C9_log2fc=0.4590 CYP2D6_log2fc=0.7028 CYP3A4_log2fc=0.5160
ep24 train_mse=0.3320 val=0.2983 CYP1A2_direct=0.8510 CYP2C9_direct=0.5582 CYP2D6_direct=1.0188 CYP3A4_direct=0.2976 CYP1A2_tdic=0.8630 CYP2C9_tdic=0.4954 CYP2D6_tdic=0.9228 CYP3A4_tdic=0.3646 is_TDI_2D6=0.2209 is_TDI_3A4=0.2434 CYP1A2_log2fc=0.6150 CYP2C9_log2fc=0.4645 CYP2D6_log2fc=0.6944 CYP3A4_log2fc=0.5021
ep25 train_mse=0.3267 val=0.2928 CYP1A2_direct=0.8757 CYP2C9_direct=0.5595 CYP2D6_direct=0.9945 CYP3A4_direct=0.2835 CYP1A2_tdic=0.8915 CYP2C9_tdic=0.4760 CYP2D6_tdic=0.8983 CYP3A4_tdic=0.3525 is_TDI_2D6=0.2206 is_TDI_3A4=0.2450 CYP1A2_log2fc=0.6056 CYP2C9_log2fc=0.4542 CYP2D6_log2fc=0.6924 CYP3A4_log2fc=0.5083
ep26 train_mse=0.3203 val=0.2894 CYP1A2_direct=0.8359 CYP2C9_direct=0.5218 CYP2D6_direct=1.0354 CYP3A4_direct=0.2770 CYP1A2_tdic=0.8532 CYP2C9_tdic=0.4502 CYP2D6_tdic=0.9249 CYP3A4_tdic=0.3495 is_TDI_2D6=0.2181 is_TDI_3A4=0.2447 CYP1A2_log2fc=0.6015 CYP2C9_log2fc=0.4401 CYP2D6_log2fc=0.7086 CYP3A4_log2fc=0.5015
ep27 train_mse=0.3150 val=0.2974 CYP1A2_direct=0.9136 CYP2C9_direct=0.5541 CYP2D6_direct=1.0346 CYP3A4_direct=0.2978 CYP1A2_tdic=0.9298 CYP2C9_tdic=0.4734 CYP2D6_tdic=0.9380 CYP3A4_tdic=0.3590 is_TDI_2D6=0.2196 is_TDI_3A4=0.2440 CYP1A2_log2fc=0.6232 CYP2C9_log2fc=0.4605 CYP2D6_log2fc=0.7055 CYP3A4_log2fc=0.5087
ep28 train_mse=0.3103 val=0.2901 CYP1A2_direct=0.8474 CYP2C9_direct=0.5360 CYP2D6_direct=1.0027 CYP3A4_direct=0.2823 CYP1A2_tdic=0.8628 CYP2C9_tdic=0.4629 CYP2D6_tdic=0.9033 CYP3A4_tdic=0.3695 is_TDI_2D6=0.2218 is_TDI_3A4=0.2430 CYP1A2_log2fc=0.6119 CYP2C9_log2fc=0.4581 CYP2D6_log2fc=0.7025 CYP3A4_log2fc=0.5153
ep29 train_mse=0.3059 val=0.3079 CYP1A2_direct=1.0023 CYP2C9_direct=0.5355 CYP2D6_direct=1.1195 CYP3A4_direct=0.2650 CYP1A2_tdic=1.0055 CYP2C9_tdic=0.4554 CYP2D6_tdic=1.0071 CYP3A4_tdic=0.3467 is_TDI_2D6=0.2173 is_TDI_3A4=0.2427 CYP1A2_log2fc=0.6237 CYP2C9_log2fc=0.4528 CYP2D6_log2fc=0.7058 CYP3A4_log2fc=0.5000
ep30 train_mse=0.3006 val=0.2897 CYP1A2_direct=0.8105 CYP2C9_direct=0.5380 CYP2D6_direct=1.0615 CYP3A4_direct=0.2780 CYP1A2_tdic=0.8231 CYP2C9_tdic=0.4647 CYP2D6_tdic=0.9528 CYP3A4_tdic=0.3410 is_TDI_2D6=0.2189 is_TDI_3A4=0.2472 CYP1A2_log2fc=0.6076 CYP2C9_log2fc=0.4527 CYP2D6_log2fc=0.6968 CYP3A4_log2fc=0.5045
ep31 train_mse=0.2940 val=0.2963 CYP1A2_direct=0.8611 CYP2C9_direct=0.5148 CYP2D6_direct=1.0620 CYP3A4_direct=0.2699 CYP1A2_tdic=0.8718 CYP2C9_tdic=0.4481 CYP2D6_tdic=0.9690 CYP3A4_tdic=0.3455 is_TDI_2D6=0.2203 is_TDI_3A4=0.2459 CYP1A2_log2fc=0.6074 CYP2C9_log2fc=0.4463 CYP2D6_log2fc=0.6989 CYP3A4_log2fc=0.4930
ep32 train_mse=0.2876 val=0.2910 CYP1A2_direct=0.8251 CYP2C9_direct=0.5213 CYP2D6_direct=1.0596 CYP3A4_direct=0.2843 CYP1A2_tdic=0.8371 CYP2C9_tdic=0.4514 CYP2D6_tdic=0.9682 CYP3A4_tdic=0.3500 is_TDI_2D6=0.2198 is_TDI_3A4=0.2468 CYP1A2_log2fc=0.6014 CYP2C9_log2fc=0.4514 CYP2D6_log2fc=0.6847 CYP3A4_log2fc=0.4973
ep33 train_mse=0.2868 val=0.2893 CYP1A2_direct=0.8413 CYP2C9_direct=0.5240 CYP2D6_direct=1.0008 CYP3A4_direct=0.2670 CYP1A2_tdic=0.8503 CYP2C9_tdic=0.4539 CYP2D6_tdic=0.9080 CYP3A4_tdic=0.3416 is_TDI_2D6=0.2202 is_TDI_3A4=0.2444 CYP1A2_log2fc=0.5974 CYP2C9_log2fc=0.4467 CYP2D6_log2fc=0.6969 CYP3A4_log2fc=0.4957
ep34 train_mse=0.2790 val=0.2902 CYP1A2_direct=0.8514 CYP2C9_direct=0.5227 CYP2D6_direct=1.0329 CYP3A4_direct=0.2715 CYP1A2_tdic=0.8621 CYP2C9_tdic=0.4494 CYP2D6_tdic=0.9347 CYP3A4_tdic=0.3441 is_TDI_2D6=0.2196 is_TDI_3A4=0.2457 CYP1A2_log2fc=0.6075 CYP2C9_log2fc=0.4477 CYP2D6_log2fc=0.6827 CYP3A4_log2fc=0.4991
ep35 train_mse=0.2740 val=0.2879 CYP1A2_direct=0.8329 CYP2C9_direct=0.5416 CYP2D6_direct=1.0360 CYP3A4_direct=0.2732 CYP1A2_tdic=0.8432 CYP2C9_tdic=0.4659 CYP2D6_tdic=0.9434 CYP3A4_tdic=0.3346 is_TDI_2D6=0.2200 is_TDI_3A4=0.2451 CYP1A2_log2fc=0.6039 CYP2C9_log2fc=0.4426 CYP2D6_log2fc=0.6876 CYP3A4_log2fc=0.4870
ep36 train_mse=0.2702 val=0.2952 CYP1A2_direct=0.8146 CYP2C9_direct=0.5512 CYP2D6_direct=1.0986 CYP3A4_direct=0.2936 CYP1A2_tdic=0.8231 CYP2C9_tdic=0.4686 CYP2D6_tdic=0.9761 CYP3A4_tdic=0.3416 is_TDI_2D6=0.2163 is_TDI_3A4=0.2447 CYP1A2_log2fc=0.6023 CYP2C9_log2fc=0.4514 CYP2D6_log2fc=0.7179 CYP3A4_log2fc=0.4958
ep37 train_mse=0.2666 val=0.2975 CYP1A2_direct=0.8136 CYP2C9_direct=0.5420 CYP2D6_direct=1.1545 CYP3A4_direct=0.2902 CYP1A2_tdic=0.8237 CYP2C9_tdic=0.4621 CYP2D6_tdic=1.0369 CYP3A4_tdic=0.3455 is_TDI_2D6=0.2174 is_TDI_3A4=0.2446 CYP1A2_log2fc=0.6117 CYP2C9_log2fc=0.4656 CYP2D6_log2fc=0.6968 CYP3A4_log2fc=0.5031
ep38 train_mse=0.2617 val=0.2975 CYP1A2_direct=0.8319 CYP2C9_direct=0.5356 CYP2D6_direct=1.0956 CYP3A4_direct=0.2941 CYP1A2_tdic=0.8410 CYP2C9_tdic=0.4669 CYP2D6_tdic=0.9955 CYP3A4_tdic=0.3527 is_TDI_2D6=0.2199 is_TDI_3A4=0.2444 CYP1A2_log2fc=0.6053 CYP2C9_log2fc=0.4486 CYP2D6_log2fc=0.6952 CYP3A4_log2fc=0.4992
ep39 train_mse=0.2587 val=0.3021 CYP1A2_direct=0.8403 CYP2C9_direct=0.5349 CYP2D6_direct=1.1921 CYP3A4_direct=0.2893 CYP1A2_tdic=0.8468 CYP2C9_tdic=0.4663 CYP2D6_tdic=1.0600 CYP3A4_tdic=0.3502 is_TDI_2D6=0.2186 is_TDI_3A4=0.2443 CYP1A2_log2fc=0.6032 CYP2C9_log2fc=0.4563 CYP2D6_log2fc=0.7116 CYP3A4_log2fc=0.4933
ep40 train_mse=0.2564 val=0.2945 CYP1A2_direct=0.7945 CYP2C9_direct=0.5420 CYP2D6_direct=1.1395 CYP3A4_direct=0.2784 CYP1A2_tdic=0.8070 CYP2C9_tdic=0.4602 CYP2D6_tdic=1.0343 CYP3A4_tdic=0.3319 is_TDI_2D6=0.2193 is_TDI_3A4=0.2457 CYP1A2_log2fc=0.6047 CYP2C9_log2fc=0.4535 CYP2D6_log2fc=0.6984 CYP3A4_log2fc=0.4920
`Trainer.fit` stopped: `max_epochs=40` reached.
DONE L4_s2 1264s
