[L2_s1] rows: challenge 6145; fold col fold_reg; weights=plan
[L2_s1 fold0] trainable 17.7M
GPU available: True (cuda), used: True
TPU available: False, using: 0 TPU cores
💡 Tip: For seamless cloud logging and experiment tracking, try installing [litlogger](https://pypi.org/project/litlogger/) to enable LitLogger, which logs metrics and artifacts automatically to the Lightning Experiments platform.
Seed set to 1
LOCAL_RANK: 0 - CUDA_VISIBLE_DEVICES: [0]
Loading `train_dataloader` to estimate number of stepping batches.
ep1 train_mse=0.0000 val=0.4612 CYP1A2_direct=1.0196 CYP2C9_direct=1.1789 CYP2D6_direct=1.1755 CYP3A4_direct=1.0487 CYP1A2_tdic=1.0194 CYP2C9_tdic=1.2281 CYP2D6_tdic=1.0626 CYP3A4_tdic=1.0104 is_TDI_2D6=0.2479 is_TDI_3A4=0.2686 CYP1A2_log2fc=1.1032 CYP2C9_log2fc=0.9645 CYP2D6_log2fc=1.0736 CYP3A4_log2fc=1.0044
ep1 train_mse=0.4480 val=0.3223 CYP1A2_direct=0.9376 CYP2C9_direct=0.6487 CYP2D6_direct=0.9970 CYP3A4_direct=0.4210 CYP1A2_tdic=0.9838 CYP2C9_tdic=0.6022 CYP2D6_tdic=0.8882 CYP3A4_tdic=0.5173 is_TDI_2D6=0.2552 is_TDI_3A4=0.2445 CYP1A2_log2fc=0.7435 CYP2C9_log2fc=0.5617 CYP2D6_log2fc=0.7125 CYP3A4_log2fc=0.5895
ep2 train_mse=0.3385 val=0.3151 CYP1A2_direct=0.8734 CYP2C9_direct=0.8106 CYP2D6_direct=0.9211 CYP3A4_direct=0.4316 CYP1A2_tdic=0.9085 CYP2C9_tdic=0.7015 CYP2D6_tdic=0.8404 CYP3A4_tdic=0.5349 is_TDI_2D6=0.2499 is_TDI_3A4=0.2390 CYP1A2_log2fc=0.7598 CYP2C9_log2fc=0.5664 CYP2D6_log2fc=0.6317 CYP3A4_log2fc=0.5500
ep3 train_mse=0.2741 val=0.3033 CYP1A2_direct=0.9001 CYP2C9_direct=0.6127 CYP2D6_direct=0.9843 CYP3A4_direct=0.3994 CYP1A2_tdic=0.8988 CYP2C9_tdic=0.5775 CYP2D6_tdic=0.8823 CYP3A4_tdic=0.4770 is_TDI_2D6=0.2625 is_TDI_3A4=0.2385 CYP1A2_log2fc=0.6652 CYP2C9_log2fc=0.5405 CYP2D6_log2fc=0.6860 CYP3A4_log2fc=0.5341
ep4 train_mse=0.2083 val=0.3097 CYP1A2_direct=0.8780 CYP2C9_direct=0.5743 CYP2D6_direct=0.9814 CYP3A4_direct=0.3651 CYP1A2_tdic=0.8867 CYP2C9_tdic=0.5265 CYP2D6_tdic=0.9181 CYP3A4_tdic=0.4377 is_TDI_2D6=0.2664 is_TDI_3A4=0.2444 CYP1A2_log2fc=0.6976 CYP2C9_log2fc=0.5154 CYP2D6_log2fc=0.6785 CYP3A4_log2fc=0.4724
ep5 train_mse=0.1697 val=0.3465 CYP1A2_direct=0.9145 CYP2C9_direct=0.4827 CYP2D6_direct=0.9324 CYP3A4_direct=0.3610 CYP1A2_tdic=0.9002 CYP2C9_tdic=0.4612 CYP2D6_tdic=0.8989 CYP3A4_tdic=0.4330 is_TDI_2D6=0.2648 is_TDI_3A4=0.2394 CYP1A2_log2fc=0.6472 CYP2C9_log2fc=0.4878 CYP2D6_log2fc=0.6163 CYP3A4_log2fc=0.4555
ep6 train_mse=0.1405 val=0.3988 CYP1A2_direct=0.9810 CYP2C9_direct=0.5539 CYP2D6_direct=0.9838 CYP3A4_direct=0.4167 CYP1A2_tdic=0.9787 CYP2C9_tdic=0.5345 CYP2D6_tdic=0.9286 CYP3A4_tdic=0.4572 is_TDI_2D6=0.2778 is_TDI_3A4=0.2425 CYP1A2_log2fc=0.6680 CYP2C9_log2fc=0.5109 CYP2D6_log2fc=0.7470 CYP3A4_log2fc=0.4998
ep7 train_mse=0.1188 val=0.4096 CYP1A2_direct=0.7753 CYP2C9_direct=0.5216 CYP2D6_direct=0.9228 CYP3A4_direct=0.3535 CYP1A2_tdic=0.7595 CYP2C9_tdic=0.5123 CYP2D6_tdic=0.8519 CYP3A4_tdic=0.4237 is_TDI_2D6=0.2755 is_TDI_3A4=0.2346 CYP1A2_log2fc=0.6099 CYP2C9_log2fc=0.4846 CYP2D6_log2fc=0.6039 CYP3A4_log2fc=0.4661
ep8 train_mse=0.0983 val=0.4101 CYP1A2_direct=0.8058 CYP2C9_direct=0.5663 CYP2D6_direct=0.9438 CYP3A4_direct=0.3915 CYP1A2_tdic=0.7764 CYP2C9_tdic=0.5266 CYP2D6_tdic=0.9252 CYP3A4_tdic=0.4337 is_TDI_2D6=0.2749 is_TDI_3A4=0.2323 CYP1A2_log2fc=0.6139 CYP2C9_log2fc=0.5009 CYP2D6_log2fc=0.6809 CYP3A4_log2fc=0.4962
ep9 train_mse=0.0797 val=0.4010 CYP1A2_direct=0.8104 CYP2C9_direct=0.5037 CYP2D6_direct=0.8896 CYP3A4_direct=0.3493 CYP1A2_tdic=0.7868 CYP2C9_tdic=0.4916 CYP2D6_tdic=0.8653 CYP3A4_tdic=0.4322 is_TDI_2D6=0.2662 is_TDI_3A4=0.2315 CYP1A2_log2fc=0.6029 CYP2C9_log2fc=0.4969 CYP2D6_log2fc=0.6263 CYP3A4_log2fc=0.4906
ep10 train_mse=0.0646 val=0.4258 CYP1A2_direct=0.7827 CYP2C9_direct=0.5638 CYP2D6_direct=0.9096 CYP3A4_direct=0.3622 CYP1A2_tdic=0.7661 CYP2C9_tdic=0.5187 CYP2D6_tdic=0.9258 CYP3A4_tdic=0.4032 is_TDI_2D6=0.2749 is_TDI_3A4=0.2364 CYP1A2_log2fc=0.5888 CYP2C9_log2fc=0.4826 CYP2D6_log2fc=0.6256 CYP3A4_log2fc=0.4799
ep11 train_mse=0.0514 val=0.4291 CYP1A2_direct=0.7674 CYP2C9_direct=0.5410 CYP2D6_direct=0.8916 CYP3A4_direct=0.3642 CYP1A2_tdic=0.7626 CYP2C9_tdic=0.5034 CYP2D6_tdic=0.9259 CYP3A4_tdic=0.4314 is_TDI_2D6=0.2701 is_TDI_3A4=0.2373 CYP1A2_log2fc=0.5997 CYP2C9_log2fc=0.4871 CYP2D6_log2fc=0.6375 CYP3A4_log2fc=0.4788
[L2_s1] fold 0 done 208s
[L2_s1 fold1] trainable 17.7M
GPU available: True (cuda), used: True
TPU available: False, using: 0 TPU cores
💡 Tip: For seamless cloud logging and experiment tracking, try installing [litlogger](https://pypi.org/project/litlogger/) to enable LitLogger, which logs metrics and artifacts automatically to the Lightning Experiments platform.
Seed set to 1
LOCAL_RANK: 0 - CUDA_VISIBLE_DEVICES: [0]
Loading `train_dataloader` to estimate number of stepping batches.
ep1 train_mse=0.0000 val=0.4913 CYP1A2_direct=0.9026 CYP2C9_direct=1.2424 CYP2D6_direct=1.7316 CYP3A4_direct=1.1377 CYP1A2_tdic=0.8429 CYP2C9_tdic=1.1459 CYP2D6_tdic=1.7361 CYP3A4_tdic=0.9475 is_TDI_2D6=0.3206 is_TDI_3A4=0.1918 CYP1A2_log2fc=1.2053 CYP2C9_log2fc=1.0858 CYP2D6_log2fc=1.0267 CYP3A4_log2fc=1.1048
ep1 train_mse=0.4429 val=0.3296 CYP1A2_direct=0.8032 CYP2C9_direct=0.6319 CYP2D6_direct=1.0649 CYP3A4_direct=0.6235 CYP1A2_tdic=0.7692 CYP2C9_tdic=0.5790 CYP2D6_tdic=1.1699 CYP3A4_tdic=0.5774 is_TDI_2D6=0.2754 is_TDI_3A4=0.1777 CYP1A2_log2fc=0.8495 CYP2C9_log2fc=0.6002 CYP2D6_log2fc=0.7312 CYP3A4_log2fc=0.5683
ep2 train_mse=0.3289 val=0.3237 CYP1A2_direct=0.8753 CYP2C9_direct=0.7211 CYP2D6_direct=1.1749 CYP3A4_direct=0.4414 CYP1A2_tdic=0.8311 CYP2C9_tdic=0.7576 CYP2D6_tdic=1.2401 CYP3A4_tdic=0.4860 is_TDI_2D6=0.2939 is_TDI_3A4=0.1875 CYP1A2_log2fc=0.8688 CYP2C9_log2fc=0.6204 CYP2D6_log2fc=0.7297 CYP3A4_log2fc=0.6125
ep3 train_mse=0.2662 val=0.2959 CYP1A2_direct=0.7626 CYP2C9_direct=0.5588 CYP2D6_direct=1.1475 CYP3A4_direct=0.4331 CYP1A2_tdic=0.7039 CYP2C9_tdic=0.5486 CYP2D6_tdic=1.2050 CYP3A4_tdic=0.4282 is_TDI_2D6=0.2865 is_TDI_3A4=0.1921 CYP1A2_log2fc=0.8566 CYP2C9_log2fc=0.5357 CYP2D6_log2fc=0.6758 CYP3A4_log2fc=0.5056
ep4 train_mse=0.2073 val=0.3070 CYP1A2_direct=0.7555 CYP2C9_direct=0.6245 CYP2D6_direct=1.2592 CYP3A4_direct=0.3551 CYP1A2_tdic=0.7265 CYP2C9_tdic=0.6470 CYP2D6_tdic=1.3483 CYP3A4_tdic=0.4045 is_TDI_2D6=0.2975 is_TDI_3A4=0.1806 CYP1A2_log2fc=0.8546 CYP2C9_log2fc=0.5128 CYP2D6_log2fc=0.6885 CYP3A4_log2fc=0.4783
ep5 train_mse=0.1744 val=0.3169 CYP1A2_direct=0.7963 CYP2C9_direct=0.6142 CYP2D6_direct=1.1229 CYP3A4_direct=0.5239 CYP1A2_tdic=0.7563 CYP2C9_tdic=0.6489 CYP2D6_tdic=1.2110 CYP3A4_tdic=0.4429 is_TDI_2D6=0.2980 is_TDI_3A4=0.1813 CYP1A2_log2fc=0.9425 CYP2C9_log2fc=0.5110 CYP2D6_log2fc=0.6718 CYP3A4_log2fc=0.5257
ep6 train_mse=0.1446 val=0.3443 CYP1A2_direct=0.7492 CYP2C9_direct=0.5492 CYP2D6_direct=1.2355 CYP3A4_direct=0.4248 CYP1A2_tdic=0.7227 CYP2C9_tdic=0.5663 CYP2D6_tdic=1.2824 CYP3A4_tdic=0.4124 is_TDI_2D6=0.2998 is_TDI_3A4=0.1742 CYP1A2_log2fc=0.8791 CYP2C9_log2fc=0.4993 CYP2D6_log2fc=0.6520 CYP3A4_log2fc=0.5001
ep7 train_mse=0.1194 val=0.3411 CYP1A2_direct=0.7808 CYP2C9_direct=0.6358 CYP2D6_direct=1.0718 CYP3A4_direct=0.3689 CYP1A2_tdic=0.7574 CYP2C9_tdic=0.6474 CYP2D6_tdic=1.1521 CYP3A4_tdic=0.3595 is_TDI_2D6=0.3131 is_TDI_3A4=0.1798 CYP1A2_log2fc=0.8737 CYP2C9_log2fc=0.5374 CYP2D6_log2fc=0.6740 CYP3A4_log2fc=0.4845
ep8 train_mse=0.1017 val=0.3407 CYP1A2_direct=0.7402 CYP2C9_direct=0.6271 CYP2D6_direct=1.1415 CYP3A4_direct=0.3736 CYP1A2_tdic=0.6937 CYP2C9_tdic=0.6252 CYP2D6_tdic=1.2343 CYP3A4_tdic=0.3481 is_TDI_2D6=0.3042 is_TDI_3A4=0.1828 CYP1A2_log2fc=0.8926 CYP2C9_log2fc=0.5215 CYP2D6_log2fc=0.6256 CYP3A4_log2fc=0.4815
ep9 train_mse=0.0820 val=0.3445 CYP1A2_direct=0.7655 CYP2C9_direct=0.6770 CYP2D6_direct=1.0658 CYP3A4_direct=0.3767 CYP1A2_tdic=0.7085 CYP2C9_tdic=0.6654 CYP2D6_tdic=1.1908 CYP3A4_tdic=0.3558 is_TDI_2D6=0.3074 is_TDI_3A4=0.1833 CYP1A2_log2fc=0.8485 CYP2C9_log2fc=0.5081 CYP2D6_log2fc=0.6695 CYP3A4_log2fc=0.4603
ep10 train_mse=0.0644 val=0.3501 CYP1A2_direct=0.7303 CYP2C9_direct=0.5761 CYP2D6_direct=1.0817 CYP3A4_direct=0.3668 CYP1A2_tdic=0.6942 CYP2C9_tdic=0.5789 CYP2D6_tdic=1.1701 CYP3A4_tdic=0.3487 is_TDI_2D6=0.3056 is_TDI_3A4=0.1835 CYP1A2_log2fc=0.8581 CYP2C9_log2fc=0.4895 CYP2D6_log2fc=0.6274 CYP3A4_log2fc=0.4396
ep11 train_mse=0.0508 val=0.3575 CYP1A2_direct=0.7380 CYP2C9_direct=0.6007 CYP2D6_direct=1.0766 CYP3A4_direct=0.3904 CYP1A2_tdic=0.6968 CYP2C9_tdic=0.5953 CYP2D6_tdic=1.1949 CYP3A4_tdic=0.3461 is_TDI_2D6=0.3161 is_TDI_3A4=0.1850 CYP1A2_log2fc=0.8515 CYP2C9_log2fc=0.5106 CYP2D6_log2fc=0.6402 CYP3A4_log2fc=0.4667
[L2_s1] fold 1 done 417s
[L2_s1 fold2] trainable 17.7M
GPU available: True (cuda), used: True
TPU available: False, using: 0 TPU cores
💡 Tip: For seamless cloud logging and experiment tracking, try installing [litlogger](https://pypi.org/project/litlogger/) to enable LitLogger, which logs metrics and artifacts automatically to the Lightning Experiments platform.
Seed set to 1
LOCAL_RANK: 0 - CUDA_VISIBLE_DEVICES: [0]
Loading `train_dataloader` to estimate number of stepping batches.
ep1 train_mse=0.0000 val=0.4154 CYP1A2_direct=0.6838 CYP2C9_direct=0.8087 CYP2D6_direct=1.0346 CYP3A4_direct=1.1681 CYP1A2_tdic=0.6834 CYP2C9_tdic=0.9255 CYP2D6_tdic=1.2323 CYP3A4_tdic=1.0451 is_TDI_2D6=0.2289 is_TDI_3A4=0.1841 CYP1A2_log2fc=1.0189 CYP2C9_log2fc=1.0396 CYP2D6_log2fc=1.1637 CYP3A4_log2fc=1.1279
ep1 train_mse=0.4491 val=0.2827 CYP1A2_direct=0.6676 CYP2C9_direct=0.4631 CYP2D6_direct=0.9350 CYP3A4_direct=0.4347 CYP1A2_tdic=0.7357 CYP2C9_tdic=0.4988 CYP2D6_tdic=0.8813 CYP3A4_tdic=0.4219 is_TDI_2D6=0.2111 is_TDI_3A4=0.1928 CYP1A2_log2fc=0.6517 CYP2C9_log2fc=0.4410 CYP2D6_log2fc=0.8548 CYP3A4_log2fc=0.5580
ep2 train_mse=0.3452 val=0.2757 CYP1A2_direct=0.6321 CYP2C9_direct=0.5401 CYP2D6_direct=0.9516 CYP3A4_direct=0.4560 CYP1A2_tdic=0.6440 CYP2C9_tdic=0.5291 CYP2D6_tdic=0.9171 CYP3A4_tdic=0.4628 is_TDI_2D6=0.2051 is_TDI_3A4=0.1824 CYP1A2_log2fc=0.6116 CYP2C9_log2fc=0.4233 CYP2D6_log2fc=0.8344 CYP3A4_log2fc=0.5467
ep3 train_mse=0.2725 val=0.2672 CYP1A2_direct=0.4968 CYP2C9_direct=0.6851 CYP2D6_direct=0.9592 CYP3A4_direct=0.5367 CYP1A2_tdic=0.5271 CYP2C9_tdic=0.6097 CYP2D6_tdic=0.8823 CYP3A4_tdic=0.4248 is_TDI_2D6=0.2062 is_TDI_3A4=0.1787 CYP1A2_log2fc=0.5620 CYP2C9_log2fc=0.5495 CYP2D6_log2fc=0.7309 CYP3A4_log2fc=0.5900
ep4 train_mse=0.2080 val=0.2580 CYP1A2_direct=0.6070 CYP2C9_direct=0.5789 CYP2D6_direct=0.8992 CYP3A4_direct=0.3977 CYP1A2_tdic=0.6258 CYP2C9_tdic=0.5100 CYP2D6_tdic=0.8773 CYP3A4_tdic=0.3690 is_TDI_2D6=0.2005 is_TDI_3A4=0.1866 CYP1A2_log2fc=0.6449 CYP2C9_log2fc=0.4152 CYP2D6_log2fc=0.6680 CYP3A4_log2fc=0.4864
ep5 train_mse=0.1740 val=0.2585 CYP1A2_direct=0.5541 CYP2C9_direct=0.4967 CYP2D6_direct=0.9386 CYP3A4_direct=0.4169 CYP1A2_tdic=0.5457 CYP2C9_tdic=0.4865 CYP2D6_tdic=0.8925 CYP3A4_tdic=0.3763 is_TDI_2D6=0.2087 is_TDI_3A4=0.1935 CYP1A2_log2fc=0.5551 CYP2C9_log2fc=0.3709 CYP2D6_log2fc=0.6840 CYP3A4_log2fc=0.4819
ep6 train_mse=0.1465 val=0.2801 CYP1A2_direct=0.6132 CYP2C9_direct=0.5373 CYP2D6_direct=0.9818 CYP3A4_direct=0.4071 CYP1A2_tdic=0.6440 CYP2C9_tdic=0.4626 CYP2D6_tdic=0.9166 CYP3A4_tdic=0.3591 is_TDI_2D6=0.2091 is_TDI_3A4=0.1959 CYP1A2_log2fc=0.5821 CYP2C9_log2fc=0.3651 CYP2D6_log2fc=0.8149 CYP3A4_log2fc=0.4947
ep7 train_mse=0.1211 val=0.2853 CYP1A2_direct=0.5973 CYP2C9_direct=0.5215 CYP2D6_direct=0.9811 CYP3A4_direct=0.4264 CYP1A2_tdic=0.6476 CYP2C9_tdic=0.4836 CYP2D6_tdic=0.9453 CYP3A4_tdic=0.3800 is_TDI_2D6=0.2090 is_TDI_3A4=0.1973 CYP1A2_log2fc=0.5694 CYP2C9_log2fc=0.4117 CYP2D6_log2fc=0.6769 CYP3A4_log2fc=0.4520
ep8 train_mse=0.0984 val=0.2950 CYP1A2_direct=0.5332 CYP2C9_direct=0.5856 CYP2D6_direct=0.9582 CYP3A4_direct=0.4031 CYP1A2_tdic=0.5469 CYP2C9_tdic=0.4971 CYP2D6_tdic=0.9540 CYP3A4_tdic=0.3756 is_TDI_2D6=0.2048 is_TDI_3A4=0.1930 CYP1A2_log2fc=0.5488 CYP2C9_log2fc=0.3659 CYP2D6_log2fc=0.6634 CYP3A4_log2fc=0.4618
ep9 train_mse=0.0804 val=0.2960 CYP1A2_direct=0.5536 CYP2C9_direct=0.4677 CYP2D6_direct=0.9043 CYP3A4_direct=0.4025 CYP1A2_tdic=0.5767 CYP2C9_tdic=0.4097 CYP2D6_tdic=0.8810 CYP3A4_tdic=0.3535 is_TDI_2D6=0.2025 is_TDI_3A4=0.1935 CYP1A2_log2fc=0.5072 CYP2C9_log2fc=0.3348 CYP2D6_log2fc=0.6796 CYP3A4_log2fc=0.4418
ep10 train_mse=0.0636 val=0.2977 CYP1A2_direct=0.5454 CYP2C9_direct=0.4755 CYP2D6_direct=0.9480 CYP3A4_direct=0.3908 CYP1A2_tdic=0.5587 CYP2C9_tdic=0.4260 CYP2D6_tdic=0.9505 CYP3A4_tdic=0.3511 is_TDI_2D6=0.2038 is_TDI_3A4=0.1928 CYP1A2_log2fc=0.5273 CYP2C9_log2fc=0.3519 CYP2D6_log2fc=0.6899 CYP3A4_log2fc=0.4535
ep11 train_mse=0.0505 val=0.3106 CYP1A2_direct=0.5400 CYP2C9_direct=0.5074 CYP2D6_direct=0.9852 CYP3A4_direct=0.4126 CYP1A2_tdic=0.5742 CYP2C9_tdic=0.4473 CYP2D6_tdic=0.9683 CYP3A4_tdic=0.3459 is_TDI_2D6=0.2018 is_TDI_3A4=0.1888 CYP1A2_log2fc=0.5273 CYP2C9_log2fc=0.3999 CYP2D6_log2fc=0.6842 CYP3A4_log2fc=0.4461
ep12 train_mse=0.0407 val=0.3100 CYP1A2_direct=0.5510 CYP2C9_direct=0.4998 CYP2D6_direct=0.9489 CYP3A4_direct=0.4148 CYP1A2_tdic=0.5728 CYP2C9_tdic=0.4529 CYP2D6_tdic=0.9345 CYP3A4_tdic=0.3516 is_TDI_2D6=0.2002 is_TDI_3A4=0.1939 CYP1A2_log2fc=0.5496 CYP2C9_log2fc=0.3397 CYP2D6_log2fc=0.7432 CYP3A4_log2fc=0.4321
[L2_s1] fold 2 done 644s
[L2_s1 fold3] trainable 17.7M
GPU available: True (cuda), used: True
TPU available: False, using: 0 TPU cores
💡 Tip: For seamless cloud logging and experiment tracking, try installing [litlogger](https://pypi.org/project/litlogger/) to enable LitLogger, which logs metrics and artifacts automatically to the Lightning Experiments platform.
Seed set to 1
LOCAL_RANK: 0 - CUDA_VISIBLE_DEVICES: [0]
Loading `train_dataloader` to estimate number of stepping batches.
ep1 train_mse=0.0000 val=0.4546 CYP1A2_direct=0.8479 CYP2C9_direct=1.1162 CYP2D6_direct=0.9624 CYP3A4_direct=1.1292 CYP1A2_tdic=0.7919 CYP2C9_tdic=1.1702 CYP2D6_tdic=0.9725 CYP3A4_tdic=1.0142 is_TDI_2D6=0.2827 is_TDI_3A4=0.2562 CYP1A2_log2fc=0.9482 CYP2C9_log2fc=1.0476 CYP2D6_log2fc=0.9917 CYP3A4_log2fc=1.0752
ep1 train_mse=0.4644 val=0.2920 CYP1A2_direct=0.7391 CYP2C9_direct=0.4991 CYP2D6_direct=0.8467 CYP3A4_direct=0.4643 CYP1A2_tdic=0.7002 CYP2C9_tdic=0.5098 CYP2D6_tdic=0.8226 CYP3A4_tdic=0.4883 is_TDI_2D6=0.2259 is_TDI_3A4=0.2076 CYP1A2_log2fc=0.6718 CYP2C9_log2fc=0.5062 CYP2D6_log2fc=0.6028 CYP3A4_log2fc=0.6410
ep2 train_mse=0.3401 val=0.2782 CYP1A2_direct=0.7092 CYP2C9_direct=0.5259 CYP2D6_direct=0.7833 CYP3A4_direct=0.4207 CYP1A2_tdic=0.7326 CYP2C9_tdic=0.4662 CYP2D6_tdic=0.7413 CYP3A4_tdic=0.4809 is_TDI_2D6=0.2184 is_TDI_3A4=0.2082 CYP1A2_log2fc=0.6213 CYP2C9_log2fc=0.5425 CYP2D6_log2fc=0.5899 CYP3A4_log2fc=0.6182
ep3 train_mse=0.2728 val=0.2722 CYP1A2_direct=0.6998 CYP2C9_direct=0.4283 CYP2D6_direct=0.8621 CYP3A4_direct=0.4357 CYP1A2_tdic=0.6787 CYP2C9_tdic=0.4024 CYP2D6_tdic=0.7837 CYP3A4_tdic=0.4613 is_TDI_2D6=0.2245 is_TDI_3A4=0.2160 CYP1A2_log2fc=0.5830 CYP2C9_log2fc=0.4547 CYP2D6_log2fc=0.5869 CYP3A4_log2fc=0.5770
ep4 train_mse=0.2124 val=0.2924 CYP1A2_direct=0.6499 CYP2C9_direct=0.3994 CYP2D6_direct=0.9748 CYP3A4_direct=0.4337 CYP1A2_tdic=0.6405 CYP2C9_tdic=0.3734 CYP2D6_tdic=0.8351 CYP3A4_tdic=0.4393 is_TDI_2D6=0.2206 is_TDI_3A4=0.2012 CYP1A2_log2fc=0.5594 CYP2C9_log2fc=0.4509 CYP2D6_log2fc=0.5895 CYP3A4_log2fc=0.5411
ep5 train_mse=0.1821 val=0.3271 CYP1A2_direct=0.7319 CYP2C9_direct=0.3954 CYP2D6_direct=0.8929 CYP3A4_direct=0.4034 CYP1A2_tdic=0.7179 CYP2C9_tdic=0.3315 CYP2D6_tdic=0.7819 CYP3A4_tdic=0.4189 is_TDI_2D6=0.2198 is_TDI_3A4=0.1970 CYP1A2_log2fc=0.6033 CYP2C9_log2fc=0.4312 CYP2D6_log2fc=0.5981 CYP3A4_log2fc=0.5172
ep6 train_mse=0.1518 val=0.3431 CYP1A2_direct=0.6559 CYP2C9_direct=0.4142 CYP2D6_direct=0.8632 CYP3A4_direct=0.3916 CYP1A2_tdic=0.6312 CYP2C9_tdic=0.3509 CYP2D6_tdic=0.7765 CYP3A4_tdic=0.3772 is_TDI_2D6=0.2208 is_TDI_3A4=0.2058 CYP1A2_log2fc=0.5827 CYP2C9_log2fc=0.5007 CYP2D6_log2fc=0.5817 CYP3A4_log2fc=0.5037
ep7 train_mse=0.1250 val=0.3905 CYP1A2_direct=0.7009 CYP2C9_direct=0.3839 CYP2D6_direct=0.8786 CYP3A4_direct=0.4143 CYP1A2_tdic=0.6905 CYP2C9_tdic=0.3334 CYP2D6_tdic=0.7816 CYP3A4_tdic=0.3985 is_TDI_2D6=0.2267 is_TDI_3A4=0.2002 CYP1A2_log2fc=0.5881 CYP2C9_log2fc=0.4230 CYP2D6_log2fc=0.5348 CYP3A4_log2fc=0.5285
ep8 train_mse=0.0992 val=0.3680 CYP1A2_direct=0.6782 CYP2C9_direct=0.3977 CYP2D6_direct=0.8410 CYP3A4_direct=0.4004 CYP1A2_tdic=0.6805 CYP2C9_tdic=0.3384 CYP2D6_tdic=0.7590 CYP3A4_tdic=0.3888 is_TDI_2D6=0.2234 is_TDI_3A4=0.2016 CYP1A2_log2fc=0.5467 CYP2C9_log2fc=0.4194 CYP2D6_log2fc=0.5745 CYP3A4_log2fc=0.5097
ep9 train_mse=0.0800 val=0.4165 CYP1A2_direct=0.6670 CYP2C9_direct=0.3905 CYP2D6_direct=0.9054 CYP3A4_direct=0.3865 CYP1A2_tdic=0.6516 CYP2C9_tdic=0.3329 CYP2D6_tdic=0.7773 CYP3A4_tdic=0.3749 is_TDI_2D6=0.2291 is_TDI_3A4=0.2036 CYP1A2_log2fc=0.5895 CYP2C9_log2fc=0.4271 CYP2D6_log2fc=0.5745 CYP3A4_log2fc=0.4867
ep10 train_mse=0.0651 val=0.3950 CYP1A2_direct=0.6383 CYP2C9_direct=0.3900 CYP2D6_direct=0.8617 CYP3A4_direct=0.3873 CYP1A2_tdic=0.6284 CYP2C9_tdic=0.3295 CYP2D6_tdic=0.7642 CYP3A4_tdic=0.3813 is_TDI_2D6=0.2281 is_TDI_3A4=0.1992 CYP1A2_log2fc=0.5497 CYP2C9_log2fc=0.4221 CYP2D6_log2fc=0.6014 CYP3A4_log2fc=0.5069
ep11 train_mse=0.0522 val=0.3949 CYP1A2_direct=0.6829 CYP2C9_direct=0.3592 CYP2D6_direct=0.8196 CYP3A4_direct=0.3892 CYP1A2_tdic=0.6845 CYP2C9_tdic=0.3122 CYP2D6_tdic=0.7419 CYP3A4_tdic=0.3745 is_TDI_2D6=0.2241 is_TDI_3A4=0.1971 CYP1A2_log2fc=0.5914 CYP2C9_log2fc=0.4385 CYP2D6_log2fc=0.5815 CYP3A4_log2fc=0.4928
[L2_s1] fold 3 done 853s
[L2_s1 fold4] trainable 17.7M
GPU available: True (cuda), used: True
TPU available: False, using: 0 TPU cores
💡 Tip: For seamless cloud logging and experiment tracking, try installing [litlogger](https://pypi.org/project/litlogger/) to enable LitLogger, which logs metrics and artifacts automatically to the Lightning Experiments platform.
Seed set to 1
LOCAL_RANK: 0 - CUDA_VISIBLE_DEVICES: [0]
Loading `train_dataloader` to estimate number of stepping batches.
ep1 train_mse=0.0000 val=0.4373 CYP1A2_direct=0.9908 CYP2C9_direct=1.1528 CYP2D6_direct=0.8505 CYP3A4_direct=0.9452 CYP1A2_tdic=0.8877 CYP2C9_tdic=1.1723 CYP2D6_tdic=1.0249 CYP3A4_tdic=1.0098 is_TDI_2D6=0.2128 is_TDI_3A4=0.2540 CYP1A2_log2fc=0.9553 CYP2C9_log2fc=1.0143 CYP2D6_log2fc=1.0481 CYP3A4_log2fc=0.9092
ep1 train_mse=0.4525 val=0.2939 CYP1A2_direct=0.7452 CYP2C9_direct=0.6826 CYP2D6_direct=0.7731 CYP3A4_direct=0.3969 CYP1A2_tdic=0.7921 CYP2C9_tdic=0.6569 CYP2D6_tdic=0.9095 CYP3A4_tdic=0.5028 is_TDI_2D6=0.1666 is_TDI_3A4=0.2078 CYP1A2_log2fc=0.9903 CYP2C9_log2fc=0.4518 CYP2D6_log2fc=0.7049 CYP3A4_log2fc=0.5316
ep2 train_mse=0.3355 val=0.2888 CYP1A2_direct=0.7091 CYP2C9_direct=0.6777 CYP2D6_direct=0.8641 CYP3A4_direct=0.3945 CYP1A2_tdic=0.7074 CYP2C9_tdic=0.6281 CYP2D6_tdic=0.9163 CYP3A4_tdic=0.5333 is_TDI_2D6=0.1650 is_TDI_3A4=0.1911 CYP1A2_log2fc=0.9557 CYP2C9_log2fc=0.4649 CYP2D6_log2fc=0.7156 CYP3A4_log2fc=0.5185
ep3 train_mse=0.2701 val=0.2752 CYP1A2_direct=0.7035 CYP2C9_direct=0.5750 CYP2D6_direct=0.8582 CYP3A4_direct=0.3121 CYP1A2_tdic=0.7187 CYP2C9_tdic=0.5870 CYP2D6_tdic=0.9318 CYP3A4_tdic=0.4909 is_TDI_2D6=0.1710 is_TDI_3A4=0.2054 CYP1A2_log2fc=0.9125 CYP2C9_log2fc=0.4472 CYP2D6_log2fc=0.6218 CYP3A4_log2fc=0.4476
ep4 train_mse=0.2123 val=0.2828 CYP1A2_direct=0.7387 CYP2C9_direct=0.5389 CYP2D6_direct=0.7159 CYP3A4_direct=0.3204 CYP1A2_tdic=0.7545 CYP2C9_tdic=0.5460 CYP2D6_tdic=0.8118 CYP3A4_tdic=0.4695 is_TDI_2D6=0.1685 is_TDI_3A4=0.2087 CYP1A2_log2fc=0.9171 CYP2C9_log2fc=0.4763 CYP2D6_log2fc=0.5686 CYP3A4_log2fc=0.4887
ep5 train_mse=0.1743 val=0.3383 CYP1A2_direct=0.7173 CYP2C9_direct=0.5552 CYP2D6_direct=0.8321 CYP3A4_direct=0.3637 CYP1A2_tdic=0.7576 CYP2C9_tdic=0.5516 CYP2D6_tdic=0.8960 CYP3A4_tdic=0.5093 is_TDI_2D6=0.1704 is_TDI_3A4=0.2139 CYP1A2_log2fc=0.8609 CYP2C9_log2fc=0.4312 CYP2D6_log2fc=0.5936 CYP3A4_log2fc=0.4758
ep6 train_mse=0.1475 val=0.3478 CYP1A2_direct=0.6959 CYP2C9_direct=0.5421 CYP2D6_direct=0.6698 CYP3A4_direct=0.2898 CYP1A2_tdic=0.7175 CYP2C9_tdic=0.5793 CYP2D6_tdic=0.7685 CYP3A4_tdic=0.4258 is_TDI_2D6=0.1758 is_TDI_3A4=0.2207 CYP1A2_log2fc=0.9692 CYP2C9_log2fc=0.3966 CYP2D6_log2fc=0.5378 CYP3A4_log2fc=0.4232
ep7 train_mse=0.1179 val=0.3585 CYP1A2_direct=0.6703 CYP2C9_direct=0.5128 CYP2D6_direct=0.7765 CYP3A4_direct=0.3124 CYP1A2_tdic=0.7064 CYP2C9_tdic=0.5088 CYP2D6_tdic=0.9223 CYP3A4_tdic=0.4469 is_TDI_2D6=0.1808 is_TDI_3A4=0.2206 CYP1A2_log2fc=0.8971 CYP2C9_log2fc=0.3903 CYP2D6_log2fc=0.5610 CYP3A4_log2fc=0.5264
ep8 train_mse=0.0954 val=0.3860 CYP1A2_direct=0.6985 CYP2C9_direct=0.5172 CYP2D6_direct=0.7955 CYP3A4_direct=0.2934 CYP1A2_tdic=0.7543 CYP2C9_tdic=0.5375 CYP2D6_tdic=0.8801 CYP3A4_tdic=0.4155 is_TDI_2D6=0.1754 is_TDI_3A4=0.2196 CYP1A2_log2fc=0.8888 CYP2C9_log2fc=0.3776 CYP2D6_log2fc=0.5613 CYP3A4_log2fc=0.4625
ep9 train_mse=0.0768 val=0.3822 CYP1A2_direct=0.7357 CYP2C9_direct=0.4995 CYP2D6_direct=0.7276 CYP3A4_direct=0.2967 CYP1A2_tdic=0.7693 CYP2C9_tdic=0.5103 CYP2D6_tdic=0.8947 CYP3A4_tdic=0.4431 is_TDI_2D6=0.1760 is_TDI_3A4=0.2169 CYP1A2_log2fc=0.8943 CYP2C9_log2fc=0.3623 CYP2D6_log2fc=0.5388 CYP3A4_log2fc=0.4017
ep10 train_mse=0.0619 val=0.3911 CYP1A2_direct=0.6662 CYP2C9_direct=0.5093 CYP2D6_direct=0.7827 CYP3A4_direct=0.3141 CYP1A2_tdic=0.7040 CYP2C9_tdic=0.5171 CYP2D6_tdic=0.8834 CYP3A4_tdic=0.4413 is_TDI_2D6=0.1722 is_TDI_3A4=0.2164 CYP1A2_log2fc=0.9051 CYP2C9_log2fc=0.3478 CYP2D6_log2fc=0.5622 CYP3A4_log2fc=0.3988
ep11 train_mse=0.0498 val=0.3928 CYP1A2_direct=0.7182 CYP2C9_direct=0.5029 CYP2D6_direct=0.7114 CYP3A4_direct=0.3184 CYP1A2_tdic=0.7574 CYP2C9_tdic=0.5119 CYP2D6_tdic=0.8640 CYP3A4_tdic=0.4307 is_TDI_2D6=0.1782 is_TDI_3A4=0.2147 CYP1A2_log2fc=0.9091 CYP2C9_log2fc=0.3598 CYP2D6_log2fc=0.5477 CYP3A4_log2fc=0.4031
[L2_s1] fold 4 done 1060s
[L2_s1 all] trainable 17.7M
GPU available: True (cuda), used: True
TPU available: False, using: 0 TPU cores
💡 Tip: For seamless cloud logging and experiment tracking, try installing [litlogger](https://pypi.org/project/litlogger/) to enable LitLogger, which logs metrics and artifacts automatically to the Lightning Experiments platform.
Seed set to 1
LOCAL_RANK: 0 - CUDA_VISIBLE_DEVICES: [0]
Loading `train_dataloader` to estimate number of stepping batches.
ep1 train_mse=0.0000 val=0.4075 CYP1A2_direct=0.7351 CYP2C9_direct=0.8404 CYP2D6_direct=0.9511 CYP3A4_direct=0.8615 CYP1A2_tdic=0.9125 CYP2C9_tdic=0.8975 CYP2D6_tdic=0.8160 CYP3A4_tdic=0.8068 is_TDI_2D6=0.2036 is_TDI_3A4=0.2048 CYP1A2_log2fc=0.9809 CYP2C9_log2fc=1.0717 CYP2D6_log2fc=1.0388 CYP3A4_log2fc=1.0269
ep1 train_mse=0.4763 val=0.3043 CYP1A2_direct=0.9489 CYP2C9_direct=0.5705 CYP2D6_direct=0.7477 CYP3A4_direct=0.5053 CYP1A2_tdic=0.8693 CYP2C9_tdic=0.6360 CYP2D6_tdic=0.7939 CYP3A4_tdic=0.4509 is_TDI_2D6=0.1837 is_TDI_3A4=0.2179 CYP1A2_log2fc=0.8219 CYP2C9_log2fc=0.5514 CYP2D6_log2fc=0.7662 CYP3A4_log2fc=0.6258
ep2 train_mse=0.3656 val=0.2919 CYP1A2_direct=0.7581 CYP2C9_direct=0.6532 CYP2D6_direct=0.8427 CYP3A4_direct=0.4177 CYP1A2_tdic=0.7868 CYP2C9_tdic=0.7214 CYP2D6_tdic=0.8424 CYP3A4_tdic=0.4455 is_TDI_2D6=0.1900 is_TDI_3A4=0.1982 CYP1A2_log2fc=0.7243 CYP2C9_log2fc=0.5748 CYP2D6_log2fc=0.8839 CYP3A4_log2fc=0.5596
ep3 train_mse=0.3002 val=0.2748 CYP1A2_direct=0.7348 CYP2C9_direct=0.5544 CYP2D6_direct=0.7437 CYP3A4_direct=0.4670 CYP1A2_tdic=0.7727 CYP2C9_tdic=0.6066 CYP2D6_tdic=0.7052 CYP3A4_tdic=0.4478 is_TDI_2D6=0.1959 is_TDI_3A4=0.2032 CYP1A2_log2fc=0.7265 CYP2C9_log2fc=0.4954 CYP2D6_log2fc=0.6419 CYP3A4_log2fc=0.5327
ep4 train_mse=0.2235 val=0.2842 CYP1A2_direct=0.7631 CYP2C9_direct=0.5178 CYP2D6_direct=0.7322 CYP3A4_direct=0.4147 CYP1A2_tdic=0.7932 CYP2C9_tdic=0.5778 CYP2D6_tdic=0.7160 CYP3A4_tdic=0.3900 is_TDI_2D6=0.1951 is_TDI_3A4=0.1981 CYP1A2_log2fc=0.7129 CYP2C9_log2fc=0.4604 CYP2D6_log2fc=0.6319 CYP3A4_log2fc=0.4823
ep5 train_mse=0.1872 val=0.3329 CYP1A2_direct=0.8075 CYP2C9_direct=0.5285 CYP2D6_direct=1.0207 CYP3A4_direct=0.4331 CYP1A2_tdic=0.8489 CYP2C9_tdic=0.5850 CYP2D6_tdic=0.9758 CYP3A4_tdic=0.4201 is_TDI_2D6=0.1996 is_TDI_3A4=0.2076 CYP1A2_log2fc=0.7112 CYP2C9_log2fc=0.4768 CYP2D6_log2fc=0.6311 CYP3A4_log2fc=0.4562
ep6 train_mse=0.1526 val=0.3435 CYP1A2_direct=0.7485 CYP2C9_direct=0.5110 CYP2D6_direct=0.6911 CYP3A4_direct=0.4223 CYP1A2_tdic=0.7718 CYP2C9_tdic=0.5558 CYP2D6_tdic=0.6829 CYP3A4_tdic=0.3926 is_TDI_2D6=0.2016 is_TDI_3A4=0.2082 CYP1A2_log2fc=0.6949 CYP2C9_log2fc=0.4326 CYP2D6_log2fc=0.6129 CYP3A4_log2fc=0.4673
ep7 train_mse=0.1246 val=0.3543 CYP1A2_direct=0.7611 CYP2C9_direct=0.5092 CYP2D6_direct=0.7388 CYP3A4_direct=0.3957 CYP1A2_tdic=0.7988 CYP2C9_tdic=0.5675 CYP2D6_tdic=0.7620 CYP3A4_tdic=0.3629 is_TDI_2D6=0.2016 is_TDI_3A4=0.2018 CYP1A2_log2fc=0.7135 CYP2C9_log2fc=0.4243 CYP2D6_log2fc=0.5872 CYP3A4_log2fc=0.4392
ep8 train_mse=0.1033 val=0.3678 CYP1A2_direct=0.7472 CYP2C9_direct=0.4890 CYP2D6_direct=0.7610 CYP3A4_direct=0.3876 CYP1A2_tdic=0.7621 CYP2C9_tdic=0.5308 CYP2D6_tdic=0.7627 CYP3A4_tdic=0.3575 is_TDI_2D6=0.1995 is_TDI_3A4=0.1986 CYP1A2_log2fc=0.6968 CYP2C9_log2fc=0.4229 CYP2D6_log2fc=0.6265 CYP3A4_log2fc=0.3934
ep9 train_mse=0.0837 val=0.3671 CYP1A2_direct=0.7292 CYP2C9_direct=0.4770 CYP2D6_direct=0.7110 CYP3A4_direct=0.3962 CYP1A2_tdic=0.7696 CYP2C9_tdic=0.5150 CYP2D6_tdic=0.7192 CYP3A4_tdic=0.3715 is_TDI_2D6=0.1970 is_TDI_3A4=0.1953 CYP1A2_log2fc=0.7040 CYP2C9_log2fc=0.4150 CYP2D6_log2fc=0.5848 CYP3A4_log2fc=0.4087
ep10 train_mse=0.0674 val=0.3835 CYP1A2_direct=0.7436 CYP2C9_direct=0.5017 CYP2D6_direct=0.6656 CYP3A4_direct=0.3784 CYP1A2_tdic=0.7835 CYP2C9_tdic=0.5471 CYP2D6_tdic=0.7025 CYP3A4_tdic=0.3575 is_TDI_2D6=0.2002 is_TDI_3A4=0.2005 CYP1A2_log2fc=0.7262 CYP2C9_log2fc=0.4029 CYP2D6_log2fc=0.5953 CYP3A4_log2fc=0.3975
ep11 train_mse=0.0542 val=0.3886 CYP1A2_direct=0.7350 CYP2C9_direct=0.4877 CYP2D6_direct=0.7276 CYP3A4_direct=0.3898 CYP1A2_tdic=0.7833 CYP2C9_tdic=0.5216 CYP2D6_tdic=0.7761 CYP3A4_tdic=0.3611 is_TDI_2D6=0.2004 is_TDI_3A4=0.1959 CYP1A2_log2fc=0.7032 CYP2C9_log2fc=0.4011 CYP2D6_log2fc=0.5720 CYP3A4_log2fc=0.3926
DONE L2_s1 1276s
