[L2_s3] rows: challenge 6145; fold col fold_reg; weights=plan
[L2_s3 fold0] trainable 17.7M
GPU available: True (cuda), used: True
TPU available: False, using: 0 TPU cores
💡 Tip: For seamless cloud logging and experiment tracking, try installing [litlogger](https://pypi.org/project/litlogger/) to enable LitLogger, which logs metrics and artifacts automatically to the Lightning Experiments platform.
Seed set to 3
LOCAL_RANK: 0 - CUDA_VISIBLE_DEVICES: [0]
Loading `train_dataloader` to estimate number of stepping batches.
ep1 train_mse=0.0000 val=0.4568 CYP1A2_direct=1.2912 CYP2C9_direct=0.5507 CYP2D6_direct=1.4764 CYP3A4_direct=0.9899 CYP1A2_tdic=1.2455 CYP2C9_tdic=0.5313 CYP2D6_tdic=1.3790 CYP3A4_tdic=1.0973 is_TDI_2D6=0.1633 is_TDI_3A4=0.2196 CYP1A2_log2fc=1.0075 CYP2C9_log2fc=0.9216 CYP2D6_log2fc=0.8940 CYP3A4_log2fc=0.9840
ep1 train_mse=0.4438 val=0.2956 CYP1A2_direct=0.7203 CYP2C9_direct=0.4392 CYP2D6_direct=0.9926 CYP3A4_direct=0.4787 CYP1A2_tdic=0.7356 CYP2C9_tdic=0.4787 CYP2D6_tdic=0.8762 CYP3A4_tdic=0.5649 is_TDI_2D6=0.1753 is_TDI_3A4=0.2393 CYP1A2_log2fc=0.7650 CYP2C9_log2fc=0.5023 CYP2D6_log2fc=0.7625 CYP3A4_log2fc=0.6092
ep2 train_mse=0.3409 val=0.2711 CYP1A2_direct=0.5817 CYP2C9_direct=0.4294 CYP2D6_direct=1.0758 CYP3A4_direct=0.3636 CYP1A2_tdic=0.5843 CYP2C9_tdic=0.4635 CYP2D6_tdic=0.9036 CYP3A4_tdic=0.4528 is_TDI_2D6=0.1723 is_TDI_3A4=0.2189 CYP1A2_log2fc=0.7024 CYP2C9_log2fc=0.4389 CYP2D6_log2fc=0.7042 CYP3A4_log2fc=0.5501
ep3 train_mse=0.2787 val=0.2734 CYP1A2_direct=0.5617 CYP2C9_direct=0.6021 CYP2D6_direct=0.9127 CYP3A4_direct=0.3785 CYP1A2_tdic=0.5727 CYP2C9_tdic=0.5831 CYP2D6_tdic=0.7390 CYP3A4_tdic=0.4431 is_TDI_2D6=0.1846 is_TDI_3A4=0.2278 CYP1A2_log2fc=0.6530 CYP2C9_log2fc=0.4481 CYP2D6_log2fc=0.6388 CYP3A4_log2fc=0.5443
ep4 train_mse=0.2113 val=0.2862 CYP1A2_direct=0.4588 CYP2C9_direct=0.4218 CYP2D6_direct=0.9625 CYP3A4_direct=0.4960 CYP1A2_tdic=0.4840 CYP2C9_tdic=0.4738 CYP2D6_tdic=0.8596 CYP3A4_tdic=0.4973 is_TDI_2D6=0.1804 is_TDI_3A4=0.2428 CYP1A2_log2fc=0.6857 CYP2C9_log2fc=0.4244 CYP2D6_log2fc=0.6321 CYP3A4_log2fc=0.4931
ep5 train_mse=0.1752 val=0.2952 CYP1A2_direct=0.5202 CYP2C9_direct=0.4839 CYP2D6_direct=0.9337 CYP3A4_direct=0.3695 CYP1A2_tdic=0.5315 CYP2C9_tdic=0.4566 CYP2D6_tdic=0.8151 CYP3A4_tdic=0.4486 is_TDI_2D6=0.1814 is_TDI_3A4=0.2257 CYP1A2_log2fc=0.6294 CYP2C9_log2fc=0.4421 CYP2D6_log2fc=0.6081 CYP3A4_log2fc=0.4991
ep6 train_mse=0.1455 val=0.3254 CYP1A2_direct=0.6338 CYP2C9_direct=0.4604 CYP2D6_direct=0.8701 CYP3A4_direct=0.3854 CYP1A2_tdic=0.6326 CYP2C9_tdic=0.4591 CYP2D6_tdic=0.7401 CYP3A4_tdic=0.4600 is_TDI_2D6=0.1912 is_TDI_3A4=0.2119 CYP1A2_log2fc=0.6553 CYP2C9_log2fc=0.3961 CYP2D6_log2fc=0.6061 CYP3A4_log2fc=0.5348
ep7 train_mse=0.1222 val=0.3342 CYP1A2_direct=0.5799 CYP2C9_direct=0.3776 CYP2D6_direct=0.9252 CYP3A4_direct=0.3665 CYP1A2_tdic=0.6003 CYP2C9_tdic=0.3817 CYP2D6_tdic=0.7869 CYP3A4_tdic=0.4219 is_TDI_2D6=0.1776 is_TDI_3A4=0.2199 CYP1A2_log2fc=0.6238 CYP2C9_log2fc=0.3847 CYP2D6_log2fc=0.5969 CYP3A4_log2fc=0.4492
ep8 train_mse=0.1028 val=0.3151 CYP1A2_direct=0.5357 CYP2C9_direct=0.4553 CYP2D6_direct=0.9022 CYP3A4_direct=0.3612 CYP1A2_tdic=0.5577 CYP2C9_tdic=0.4832 CYP2D6_tdic=0.7724 CYP3A4_tdic=0.4072 is_TDI_2D6=0.1786 is_TDI_3A4=0.2176 CYP1A2_log2fc=0.6388 CYP2C9_log2fc=0.3996 CYP2D6_log2fc=0.5695 CYP3A4_log2fc=0.4505
ep9 train_mse=0.0838 val=0.3313 CYP1A2_direct=0.5450 CYP2C9_direct=0.4405 CYP2D6_direct=0.8511 CYP3A4_direct=0.3762 CYP1A2_tdic=0.5742 CYP2C9_tdic=0.4427 CYP2D6_tdic=0.7498 CYP3A4_tdic=0.4101 is_TDI_2D6=0.1872 is_TDI_3A4=0.2253 CYP1A2_log2fc=0.6711 CYP2C9_log2fc=0.4034 CYP2D6_log2fc=0.5914 CYP3A4_log2fc=0.4586
ep10 train_mse=0.0651 val=0.3490 CYP1A2_direct=0.6144 CYP2C9_direct=0.4083 CYP2D6_direct=0.8642 CYP3A4_direct=0.3863 CYP1A2_tdic=0.6290 CYP2C9_tdic=0.3960 CYP2D6_tdic=0.7515 CYP3A4_tdic=0.4130 is_TDI_2D6=0.1882 is_TDI_3A4=0.2171 CYP1A2_log2fc=0.6371 CYP2C9_log2fc=0.3853 CYP2D6_log2fc=0.6234 CYP3A4_log2fc=0.4740
[L2_s3] fold 0 done 191s
[L2_s3 fold1] trainable 17.7M
GPU available: True (cuda), used: True
TPU available: False, using: 0 TPU cores
💡 Tip: For seamless cloud logging and experiment tracking, try installing [litlogger](https://pypi.org/project/litlogger/) to enable LitLogger, which logs metrics and artifacts automatically to the Lightning Experiments platform.
Seed set to 3
LOCAL_RANK: 0 - CUDA_VISIBLE_DEVICES: [0]
Loading `train_dataloader` to estimate number of stepping batches.
ep1 train_mse=0.0000 val=0.3698 CYP1A2_direct=0.8126 CYP2C9_direct=0.6701 CYP2D6_direct=0.4241 CYP3A4_direct=0.9220 CYP1A2_tdic=0.8080 CYP2C9_tdic=0.5878 CYP2D6_tdic=0.4027 CYP3A4_tdic=1.0593 is_TDI_2D6=0.1237 is_TDI_3A4=0.1816 CYP1A2_log2fc=0.9832 CYP2C9_log2fc=0.9283 CYP2D6_log2fc=0.9039 CYP3A4_log2fc=0.9092
ep1 train_mse=0.4410 val=0.2776 CYP1A2_direct=0.7589 CYP2C9_direct=0.5398 CYP2D6_direct=0.5840 CYP3A4_direct=0.4607 CYP1A2_tdic=0.7002 CYP2C9_tdic=0.5667 CYP2D6_tdic=0.8253 CYP3A4_tdic=0.4737 is_TDI_2D6=0.1582 is_TDI_3A4=0.2149 CYP1A2_log2fc=0.6462 CYP2C9_log2fc=0.4576 CYP2D6_log2fc=0.5983 CYP3A4_log2fc=0.5150
ep2 train_mse=0.3300 val=0.2666 CYP1A2_direct=0.7081 CYP2C9_direct=0.6555 CYP2D6_direct=0.6078 CYP3A4_direct=0.3961 CYP1A2_tdic=0.6409 CYP2C9_tdic=0.6802 CYP2D6_tdic=0.8233 CYP3A4_tdic=0.4345 is_TDI_2D6=0.1602 is_TDI_3A4=0.2061 CYP1A2_log2fc=0.6498 CYP2C9_log2fc=0.4895 CYP2D6_log2fc=0.5703 CYP3A4_log2fc=0.5198
ep3 train_mse=0.2804 val=0.2644 CYP1A2_direct=0.6462 CYP2C9_direct=0.5260 CYP2D6_direct=0.7377 CYP3A4_direct=0.3834 CYP1A2_tdic=0.5735 CYP2C9_tdic=0.5233 CYP2D6_tdic=1.0301 CYP3A4_tdic=0.4384 is_TDI_2D6=0.1554 is_TDI_3A4=0.2113 CYP1A2_log2fc=0.5708 CYP2C9_log2fc=0.4411 CYP2D6_log2fc=0.6987 CYP3A4_log2fc=0.5010
ep4 train_mse=0.2138 val=0.2781 CYP1A2_direct=0.8321 CYP2C9_direct=0.5566 CYP2D6_direct=0.5976 CYP3A4_direct=0.3890 CYP1A2_tdic=0.7366 CYP2C9_tdic=0.5533 CYP2D6_tdic=0.8165 CYP3A4_tdic=0.4081 is_TDI_2D6=0.1586 is_TDI_3A4=0.2114 CYP1A2_log2fc=0.6143 CYP2C9_log2fc=0.4562 CYP2D6_log2fc=0.6435 CYP3A4_log2fc=0.4344
ep5 train_mse=0.1749 val=0.2864 CYP1A2_direct=0.6952 CYP2C9_direct=0.5616 CYP2D6_direct=0.6923 CYP3A4_direct=0.3432 CYP1A2_tdic=0.5975 CYP2C9_tdic=0.5807 CYP2D6_tdic=0.9527 CYP3A4_tdic=0.3962 is_TDI_2D6=0.1551 is_TDI_3A4=0.2186 CYP1A2_log2fc=0.5753 CYP2C9_log2fc=0.4724 CYP2D6_log2fc=0.6376 CYP3A4_log2fc=0.5275
ep6 train_mse=0.1424 val=0.3119 CYP1A2_direct=0.6699 CYP2C9_direct=0.6201 CYP2D6_direct=0.6482 CYP3A4_direct=0.3319 CYP1A2_tdic=0.5944 CYP2C9_tdic=0.6361 CYP2D6_tdic=0.8456 CYP3A4_tdic=0.3755 is_TDI_2D6=0.1628 is_TDI_3A4=0.2103 CYP1A2_log2fc=0.5856 CYP2C9_log2fc=0.4400 CYP2D6_log2fc=0.5881 CYP3A4_log2fc=0.4083
ep7 train_mse=0.1206 val=0.3233 CYP1A2_direct=0.6576 CYP2C9_direct=0.5897 CYP2D6_direct=0.6677 CYP3A4_direct=0.3318 CYP1A2_tdic=0.5867 CYP2C9_tdic=0.5956 CYP2D6_tdic=0.8971 CYP3A4_tdic=0.3749 is_TDI_2D6=0.1549 is_TDI_3A4=0.2143 CYP1A2_log2fc=0.5499 CYP2C9_log2fc=0.4406 CYP2D6_log2fc=0.5721 CYP3A4_log2fc=0.3875
ep8 train_mse=0.0984 val=0.3412 CYP1A2_direct=0.6695 CYP2C9_direct=0.5486 CYP2D6_direct=0.6742 CYP3A4_direct=0.3653 CYP1A2_tdic=0.5956 CYP2C9_tdic=0.5572 CYP2D6_tdic=0.8971 CYP3A4_tdic=0.3903 is_TDI_2D6=0.1594 is_TDI_3A4=0.2103 CYP1A2_log2fc=0.5815 CYP2C9_log2fc=0.4627 CYP2D6_log2fc=0.5904 CYP3A4_log2fc=0.4262
ep9 train_mse=0.0799 val=0.3344 CYP1A2_direct=0.6448 CYP2C9_direct=0.5647 CYP2D6_direct=0.6201 CYP3A4_direct=0.3224 CYP1A2_tdic=0.5699 CYP2C9_tdic=0.5722 CYP2D6_tdic=0.8441 CYP3A4_tdic=0.3636 is_TDI_2D6=0.1549 is_TDI_3A4=0.2072 CYP1A2_log2fc=0.5711 CYP2C9_log2fc=0.4387 CYP2D6_log2fc=0.5760 CYP3A4_log2fc=0.3977
ep10 train_mse=0.0629 val=0.3440 CYP1A2_direct=0.6617 CYP2C9_direct=0.5555 CYP2D6_direct=0.6605 CYP3A4_direct=0.3201 CYP1A2_tdic=0.5888 CYP2C9_tdic=0.5767 CYP2D6_tdic=0.8699 CYP3A4_tdic=0.3634 is_TDI_2D6=0.1578 is_TDI_3A4=0.2092 CYP1A2_log2fc=0.5965 CYP2C9_log2fc=0.4400 CYP2D6_log2fc=0.5868 CYP3A4_log2fc=0.4049
ep11 train_mse=0.0485 val=0.3469 CYP1A2_direct=0.6737 CYP2C9_direct=0.5425 CYP2D6_direct=0.6386 CYP3A4_direct=0.3419 CYP1A2_tdic=0.6053 CYP2C9_tdic=0.5427 CYP2D6_tdic=0.8543 CYP3A4_tdic=0.3866 is_TDI_2D6=0.1588 is_TDI_3A4=0.2108 CYP1A2_log2fc=0.5693 CYP2C9_log2fc=0.4452 CYP2D6_log2fc=0.5874 CYP3A4_log2fc=0.4076
[L2_s3] fold 1 done 398s
[L2_s3 fold2] trainable 17.7M
GPU available: True (cuda), used: True
TPU available: False, using: 0 TPU cores
💡 Tip: For seamless cloud logging and experiment tracking, try installing [litlogger](https://pypi.org/project/litlogger/) to enable LitLogger, which logs metrics and artifacts automatically to the Lightning Experiments platform.
Seed set to 3
LOCAL_RANK: 0 - CUDA_VISIBLE_DEVICES: [0]
Loading `train_dataloader` to estimate number of stepping batches.
ep1 train_mse=0.0000 val=0.4505 CYP1A2_direct=1.0532 CYP2C9_direct=0.8347 CYP2D6_direct=1.2811 CYP3A4_direct=1.1228 CYP1A2_tdic=0.9696 CYP2C9_tdic=0.9471 CYP2D6_tdic=0.8201 CYP3A4_tdic=1.0779 is_TDI_2D6=0.2585 is_TDI_3A4=0.2130 CYP1A2_log2fc=0.9463 CYP2C9_log2fc=1.0050 CYP2D6_log2fc=1.0099 CYP3A4_log2fc=1.1835
ep1 train_mse=0.4377 val=0.3062 CYP1A2_direct=0.8448 CYP2C9_direct=0.4374 CYP2D6_direct=0.7949 CYP3A4_direct=0.6977 CYP1A2_tdic=0.8485 CYP2C9_tdic=0.4906 CYP2D6_tdic=0.6370 CYP3A4_tdic=0.5617 is_TDI_2D6=0.1737 is_TDI_3A4=0.2342 CYP1A2_log2fc=0.6530 CYP2C9_log2fc=0.5311 CYP2D6_log2fc=0.7223 CYP3A4_log2fc=0.6932
ep2 train_mse=0.3386 val=0.3048 CYP1A2_direct=0.9797 CYP2C9_direct=0.4803 CYP2D6_direct=0.9077 CYP3A4_direct=0.5076 CYP1A2_tdic=0.9547 CYP2C9_tdic=0.4187 CYP2D6_tdic=0.6704 CYP3A4_tdic=0.4892 is_TDI_2D6=0.1729 is_TDI_3A4=0.2221 CYP1A2_log2fc=0.6265 CYP2C9_log2fc=0.5013 CYP2D6_log2fc=0.6729 CYP3A4_log2fc=0.6543
ep3 train_mse=0.2766 val=0.2928 CYP1A2_direct=0.8414 CYP2C9_direct=0.3915 CYP2D6_direct=0.8478 CYP3A4_direct=0.4927 CYP1A2_tdic=0.8029 CYP2C9_tdic=0.4485 CYP2D6_tdic=0.6095 CYP3A4_tdic=0.4854 is_TDI_2D6=0.1772 is_TDI_3A4=0.2363 CYP1A2_log2fc=0.5899 CYP2C9_log2fc=0.4605 CYP2D6_log2fc=0.6671 CYP3A4_log2fc=0.5875
ep4 train_mse=0.2121 val=0.3048 CYP1A2_direct=0.9410 CYP2C9_direct=0.4197 CYP2D6_direct=0.9097 CYP3A4_direct=0.4080 CYP1A2_tdic=0.9341 CYP2C9_tdic=0.4440 CYP2D6_tdic=0.6638 CYP3A4_tdic=0.4343 is_TDI_2D6=0.1804 is_TDI_3A4=0.2407 CYP1A2_log2fc=0.5884 CYP2C9_log2fc=0.4354 CYP2D6_log2fc=0.6394 CYP3A4_log2fc=0.5048
ep5 train_mse=0.1736 val=0.3261 CYP1A2_direct=0.8296 CYP2C9_direct=0.4485 CYP2D6_direct=0.9183 CYP3A4_direct=0.3974 CYP1A2_tdic=0.8415 CYP2C9_tdic=0.4811 CYP2D6_tdic=0.6650 CYP3A4_tdic=0.4084 is_TDI_2D6=0.1755 is_TDI_3A4=0.2254 CYP1A2_log2fc=0.5597 CYP2C9_log2fc=0.4121 CYP2D6_log2fc=0.5923 CYP3A4_log2fc=0.4918
ep6 train_mse=0.1462 val=0.3839 CYP1A2_direct=0.8668 CYP2C9_direct=0.3927 CYP2D6_direct=0.8955 CYP3A4_direct=0.5049 CYP1A2_tdic=0.8781 CYP2C9_tdic=0.4257 CYP2D6_tdic=0.6336 CYP3A4_tdic=0.4377 is_TDI_2D6=0.1732 is_TDI_3A4=0.2319 CYP1A2_log2fc=0.6011 CYP2C9_log2fc=0.4414 CYP2D6_log2fc=0.5854 CYP3A4_log2fc=0.4800
ep7 train_mse=0.1254 val=0.3764 CYP1A2_direct=0.7770 CYP2C9_direct=0.3921 CYP2D6_direct=0.8565 CYP3A4_direct=0.3901 CYP1A2_tdic=0.7782 CYP2C9_tdic=0.4220 CYP2D6_tdic=0.5850 CYP3A4_tdic=0.4027 is_TDI_2D6=0.1696 is_TDI_3A4=0.2313 CYP1A2_log2fc=0.5206 CYP2C9_log2fc=0.3874 CYP2D6_log2fc=0.5504 CYP3A4_log2fc=0.4675
ep8 train_mse=0.1044 val=0.4043 CYP1A2_direct=0.8375 CYP2C9_direct=0.3839 CYP2D6_direct=0.8819 CYP3A4_direct=0.4493 CYP1A2_tdic=0.8249 CYP2C9_tdic=0.3964 CYP2D6_tdic=0.6139 CYP3A4_tdic=0.4214 is_TDI_2D6=0.1781 is_TDI_3A4=0.2269 CYP1A2_log2fc=0.5625 CYP2C9_log2fc=0.3928 CYP2D6_log2fc=0.5432 CYP3A4_log2fc=0.4464
ep9 train_mse=0.0842 val=0.4159 CYP1A2_direct=0.8614 CYP2C9_direct=0.3781 CYP2D6_direct=0.8302 CYP3A4_direct=0.3838 CYP1A2_tdic=0.8346 CYP2C9_tdic=0.3955 CYP2D6_tdic=0.5796 CYP3A4_tdic=0.3894 is_TDI_2D6=0.1715 is_TDI_3A4=0.2286 CYP1A2_log2fc=0.5737 CYP2C9_log2fc=0.3899 CYP2D6_log2fc=0.5614 CYP3A4_log2fc=0.4443
ep10 train_mse=0.0685 val=0.4356 CYP1A2_direct=0.8070 CYP2C9_direct=0.3991 CYP2D6_direct=0.9041 CYP3A4_direct=0.4017 CYP1A2_tdic=0.8069 CYP2C9_tdic=0.4172 CYP2D6_tdic=0.6342 CYP3A4_tdic=0.4120 is_TDI_2D6=0.1796 is_TDI_3A4=0.2306 CYP1A2_log2fc=0.5688 CYP2C9_log2fc=0.3891 CYP2D6_log2fc=0.5549 CYP3A4_log2fc=0.4540
ep11 train_mse=0.0547 val=0.4281 CYP1A2_direct=0.8328 CYP2C9_direct=0.3749 CYP2D6_direct=0.8536 CYP3A4_direct=0.3799 CYP1A2_tdic=0.8263 CYP2C9_tdic=0.3915 CYP2D6_tdic=0.6186 CYP3A4_tdic=0.4069 is_TDI_2D6=0.1756 is_TDI_3A4=0.2297 CYP1A2_log2fc=0.5315 CYP2C9_log2fc=0.3787 CYP2D6_log2fc=0.5428 CYP3A4_log2fc=0.4482
[L2_s3] fold 2 done 605s
[L2_s3 fold3] trainable 17.7M
GPU available: True (cuda), used: True
TPU available: False, using: 0 TPU cores
💡 Tip: For seamless cloud logging and experiment tracking, try installing [litlogger](https://pypi.org/project/litlogger/) to enable LitLogger, which logs metrics and artifacts automatically to the Lightning Experiments platform.
Seed set to 3
LOCAL_RANK: 0 - CUDA_VISIBLE_DEVICES: [0]
Loading `train_dataloader` to estimate number of stepping batches.
ep1 train_mse=0.0000 val=0.4334 CYP1A2_direct=1.1218 CYP2C9_direct=1.0962 CYP2D6_direct=0.7609 CYP3A4_direct=0.9503 CYP1A2_tdic=1.2567 CYP2C9_tdic=1.0828 CYP2D6_tdic=0.5971 CYP3A4_tdic=0.9672 is_TDI_2D6=0.2607 is_TDI_3A4=0.2081 CYP1A2_log2fc=1.0087 CYP2C9_log2fc=1.0702 CYP2D6_log2fc=0.8130 CYP3A4_log2fc=1.0218
ep1 train_mse=0.4561 val=0.2800 CYP1A2_direct=0.7833 CYP2C9_direct=0.5042 CYP2D6_direct=0.7199 CYP3A4_direct=0.3537 CYP1A2_tdic=0.6771 CYP2C9_tdic=0.5202 CYP2D6_tdic=0.7131 CYP3A4_tdic=0.4366 is_TDI_2D6=0.2366 is_TDI_3A4=0.2039 CYP1A2_log2fc=0.7189 CYP2C9_log2fc=0.5215 CYP2D6_log2fc=0.6250 CYP3A4_log2fc=0.5262
ep2 train_mse=0.3499 val=0.2607 CYP1A2_direct=0.5705 CYP2C9_direct=0.6147 CYP2D6_direct=0.7405 CYP3A4_direct=0.2980 CYP1A2_tdic=0.5610 CYP2C9_tdic=0.6059 CYP2D6_tdic=0.7585 CYP3A4_tdic=0.4045 is_TDI_2D6=0.2386 is_TDI_3A4=0.2117 CYP1A2_log2fc=0.6904 CYP2C9_log2fc=0.5509 CYP2D6_log2fc=0.6946 CYP3A4_log2fc=0.4946
ep3 train_mse=0.2713 val=0.2692 CYP1A2_direct=0.6662 CYP2C9_direct=0.5249 CYP2D6_direct=0.8183 CYP3A4_direct=0.3919 CYP1A2_tdic=0.6507 CYP2C9_tdic=0.4999 CYP2D6_tdic=0.8011 CYP3A4_tdic=0.4896 is_TDI_2D6=0.2353 is_TDI_3A4=0.2117 CYP1A2_log2fc=0.6244 CYP2C9_log2fc=0.4918 CYP2D6_log2fc=0.6536 CYP3A4_log2fc=0.4947
ep4 train_mse=0.2252 val=0.2840 CYP1A2_direct=0.5974 CYP2C9_direct=0.5264 CYP2D6_direct=1.0518 CYP3A4_direct=0.3460 CYP1A2_tdic=0.5877 CYP2C9_tdic=0.5295 CYP2D6_tdic=1.0988 CYP3A4_tdic=0.4329 is_TDI_2D6=0.2447 is_TDI_3A4=0.2091 CYP1A2_log2fc=0.5782 CYP2C9_log2fc=0.4839 CYP2D6_log2fc=0.7610 CYP3A4_log2fc=0.4946
ep5 train_mse=0.1777 val=0.3001 CYP1A2_direct=0.5923 CYP2C9_direct=0.6108 CYP2D6_direct=0.9368 CYP3A4_direct=0.3353 CYP1A2_tdic=0.5640 CYP2C9_tdic=0.6129 CYP2D6_tdic=0.9245 CYP3A4_tdic=0.3771 is_TDI_2D6=0.2371 is_TDI_3A4=0.2079 CYP1A2_log2fc=0.5707 CYP2C9_log2fc=0.4844 CYP2D6_log2fc=0.5792 CYP3A4_log2fc=0.4242
ep6 train_mse=0.1506 val=0.3421 CYP1A2_direct=0.6299 CYP2C9_direct=0.5617 CYP2D6_direct=0.9564 CYP3A4_direct=0.3095 CYP1A2_tdic=0.6226 CYP2C9_tdic=0.5699 CYP2D6_tdic=1.0174 CYP3A4_tdic=0.3853 is_TDI_2D6=0.2395 is_TDI_3A4=0.2068 CYP1A2_log2fc=0.5555 CYP2C9_log2fc=0.4455 CYP2D6_log2fc=0.6666 CYP3A4_log2fc=0.4104
ep7 train_mse=0.1260 val=0.3406 CYP1A2_direct=0.5533 CYP2C9_direct=0.4973 CYP2D6_direct=0.8290 CYP3A4_direct=0.3229 CYP1A2_tdic=0.5419 CYP2C9_tdic=0.5131 CYP2D6_tdic=0.9116 CYP3A4_tdic=0.3751 is_TDI_2D6=0.2446 is_TDI_3A4=0.2086 CYP1A2_log2fc=0.5218 CYP2C9_log2fc=0.4348 CYP2D6_log2fc=0.5716 CYP3A4_log2fc=0.4106
ep8 train_mse=0.1035 val=0.3731 CYP1A2_direct=0.5624 CYP2C9_direct=0.5352 CYP2D6_direct=0.9063 CYP3A4_direct=0.3393 CYP1A2_tdic=0.5459 CYP2C9_tdic=0.5414 CYP2D6_tdic=0.9915 CYP3A4_tdic=0.4005 is_TDI_2D6=0.2380 is_TDI_3A4=0.2133 CYP1A2_log2fc=0.5276 CYP2C9_log2fc=0.4333 CYP2D6_log2fc=0.5832 CYP3A4_log2fc=0.4122
ep9 train_mse=0.0894 val=0.3802 CYP1A2_direct=0.5657 CYP2C9_direct=0.4860 CYP2D6_direct=0.8573 CYP3A4_direct=0.3819 CYP1A2_tdic=0.5522 CYP2C9_tdic=0.4994 CYP2D6_tdic=0.9609 CYP3A4_tdic=0.4108 is_TDI_2D6=0.2382 is_TDI_3A4=0.2094 CYP1A2_log2fc=0.5690 CYP2C9_log2fc=0.4551 CYP2D6_log2fc=0.6142 CYP3A4_log2fc=0.4220
ep10 train_mse=0.0743 val=0.3886 CYP1A2_direct=0.5655 CYP2C9_direct=0.4830 CYP2D6_direct=0.8951 CYP3A4_direct=0.3384 CYP1A2_tdic=0.5500 CYP2C9_tdic=0.5015 CYP2D6_tdic=1.0026 CYP3A4_tdic=0.4034 is_TDI_2D6=0.2391 is_TDI_3A4=0.2103 CYP1A2_log2fc=0.5603 CYP2C9_log2fc=0.4243 CYP2D6_log2fc=0.5894 CYP3A4_log2fc=0.4077
[L2_s3] fold 3 done 795s
[L2_s3 fold4] trainable 17.7M
GPU available: True (cuda), used: True
TPU available: False, using: 0 TPU cores
💡 Tip: For seamless cloud logging and experiment tracking, try installing [litlogger](https://pypi.org/project/litlogger/) to enable LitLogger, which logs metrics and artifacts automatically to the Lightning Experiments platform.
Seed set to 3
LOCAL_RANK: 0 - CUDA_VISIBLE_DEVICES: [0]
Loading `train_dataloader` to estimate number of stepping batches.
ep1 train_mse=0.0000 val=0.4071 CYP1A2_direct=0.9853 CYP2C9_direct=0.6924 CYP2D6_direct=1.0106 CYP3A4_direct=0.9185 CYP1A2_tdic=0.8791 CYP2C9_tdic=0.6136 CYP2D6_tdic=0.7853 CYP3A4_tdic=0.9772 is_TDI_2D6=0.2741 is_TDI_3A4=0.2084 CYP1A2_log2fc=0.8362 CYP2C9_log2fc=0.8988 CYP2D6_log2fc=1.1267 CYP3A4_log2fc=1.0031
ep1 train_mse=0.4462 val=0.3026 CYP1A2_direct=0.7655 CYP2C9_direct=0.6775 CYP2D6_direct=0.8699 CYP3A4_direct=0.4471 CYP1A2_tdic=0.8434 CYP2C9_tdic=0.6166 CYP2D6_tdic=0.8946 CYP3A4_tdic=0.4918 is_TDI_2D6=0.2102 is_TDI_3A4=0.2331 CYP1A2_log2fc=0.6515 CYP2C9_log2fc=0.4714 CYP2D6_log2fc=0.7904 CYP3A4_log2fc=0.6266
ep2 train_mse=0.3442 val=0.2943 CYP1A2_direct=0.8092 CYP2C9_direct=0.6843 CYP2D6_direct=0.9082 CYP3A4_direct=0.4135 CYP1A2_tdic=0.8364 CYP2C9_tdic=0.6726 CYP2D6_tdic=0.9207 CYP3A4_tdic=0.4893 is_TDI_2D6=0.2200 is_TDI_3A4=0.2170 CYP1A2_log2fc=0.6105 CYP2C9_log2fc=0.4449 CYP2D6_log2fc=0.9274 CYP3A4_log2fc=0.5638
ep3 train_mse=0.2784 val=0.2922 CYP1A2_direct=0.8117 CYP2C9_direct=0.7053 CYP2D6_direct=0.9494 CYP3A4_direct=0.3972 CYP1A2_tdic=0.8349 CYP2C9_tdic=0.6449 CYP2D6_tdic=0.9612 CYP3A4_tdic=0.4140 is_TDI_2D6=0.2165 is_TDI_3A4=0.2177 CYP1A2_log2fc=0.6054 CYP2C9_log2fc=0.4544 CYP2D6_log2fc=0.7744 CYP3A4_log2fc=0.5498
ep4 train_mse=0.2158 val=0.2952 CYP1A2_direct=0.7409 CYP2C9_direct=0.7440 CYP2D6_direct=0.9175 CYP3A4_direct=0.3574 CYP1A2_tdic=0.7664 CYP2C9_tdic=0.6669 CYP2D6_tdic=0.9355 CYP3A4_tdic=0.3942 is_TDI_2D6=0.2164 is_TDI_3A4=0.2139 CYP1A2_log2fc=0.5718 CYP2C9_log2fc=0.4546 CYP2D6_log2fc=0.7657 CYP3A4_log2fc=0.5450
ep5 train_mse=0.1709 val=0.3160 CYP1A2_direct=0.7476 CYP2C9_direct=0.7137 CYP2D6_direct=0.9999 CYP3A4_direct=0.3408 CYP1A2_tdic=0.7503 CYP2C9_tdic=0.6404 CYP2D6_tdic=1.0343 CYP3A4_tdic=0.3837 is_TDI_2D6=0.2196 is_TDI_3A4=0.2148 CYP1A2_log2fc=0.5841 CYP2C9_log2fc=0.3994 CYP2D6_log2fc=0.7086 CYP3A4_log2fc=0.4644
ep6 train_mse=0.1409 val=0.3534 CYP1A2_direct=0.7510 CYP2C9_direct=0.7213 CYP2D6_direct=1.0148 CYP3A4_direct=0.3939 CYP1A2_tdic=0.7807 CYP2C9_tdic=0.6562 CYP2D6_tdic=1.0267 CYP3A4_tdic=0.3745 is_TDI_2D6=0.2157 is_TDI_3A4=0.2182 CYP1A2_log2fc=0.5560 CYP2C9_log2fc=0.4026 CYP2D6_log2fc=0.6951 CYP3A4_log2fc=0.4743
ep7 train_mse=0.1178 val=0.3644 CYP1A2_direct=0.6901 CYP2C9_direct=0.7152 CYP2D6_direct=1.0022 CYP3A4_direct=0.3613 CYP1A2_tdic=0.7056 CYP2C9_tdic=0.6434 CYP2D6_tdic=1.0550 CYP3A4_tdic=0.3785 is_TDI_2D6=0.2264 is_TDI_3A4=0.2140 CYP1A2_log2fc=0.5868 CYP2C9_log2fc=0.4040 CYP2D6_log2fc=0.7400 CYP3A4_log2fc=0.4913
ep8 train_mse=0.1004 val=0.3594 CYP1A2_direct=0.7304 CYP2C9_direct=0.6712 CYP2D6_direct=0.9627 CYP3A4_direct=0.3558 CYP1A2_tdic=0.7472 CYP2C9_tdic=0.6254 CYP2D6_tdic=0.9601 CYP3A4_tdic=0.3565 is_TDI_2D6=0.2142 is_TDI_3A4=0.2166 CYP1A2_log2fc=0.5534 CYP2C9_log2fc=0.3960 CYP2D6_log2fc=0.6934 CYP3A4_log2fc=0.4488
ep9 train_mse=0.0831 val=0.3822 CYP1A2_direct=0.6803 CYP2C9_direct=0.6758 CYP2D6_direct=0.9800 CYP3A4_direct=0.3986 CYP1A2_tdic=0.6810 CYP2C9_tdic=0.6145 CYP2D6_tdic=0.9960 CYP3A4_tdic=0.3741 is_TDI_2D6=0.2199 is_TDI_3A4=0.2201 CYP1A2_log2fc=0.5375 CYP2C9_log2fc=0.3988 CYP2D6_log2fc=0.7156 CYP3A4_log2fc=0.4717
ep10 train_mse=0.0643 val=0.3827 CYP1A2_direct=0.6888 CYP2C9_direct=0.6799 CYP2D6_direct=0.9336 CYP3A4_direct=0.3638 CYP1A2_tdic=0.7071 CYP2C9_tdic=0.6387 CYP2D6_tdic=0.9514 CYP3A4_tdic=0.3616 is_TDI_2D6=0.2172 is_TDI_3A4=0.2201 CYP1A2_log2fc=0.5875 CYP2C9_log2fc=0.3987 CYP2D6_log2fc=0.6756 CYP3A4_log2fc=0.4496
ep11 train_mse=0.0504 val=0.3964 CYP1A2_direct=0.6876 CYP2C9_direct=0.6963 CYP2D6_direct=0.9784 CYP3A4_direct=0.3844 CYP1A2_tdic=0.6990 CYP2C9_tdic=0.6375 CYP2D6_tdic=1.1336 CYP3A4_tdic=0.3586 is_TDI_2D6=0.2146 is_TDI_3A4=0.2236 CYP1A2_log2fc=0.5749 CYP2C9_log2fc=0.4078 CYP2D6_log2fc=0.7097 CYP3A4_log2fc=0.4802
[L2_s3] fold 4 done 1000s
[L2_s3 all] trainable 17.7M
GPU available: True (cuda), used: True
TPU available: False, using: 0 TPU cores
💡 Tip: For seamless cloud logging and experiment tracking, try installing [litlogger](https://pypi.org/project/litlogger/) to enable LitLogger, which logs metrics and artifacts automatically to the Lightning Experiments platform.
Seed set to 3
LOCAL_RANK: 0 - CUDA_VISIBLE_DEVICES: [0]
Loading `train_dataloader` to estimate number of stepping batches.
ep1 train_mse=0.0000 val=0.4015 CYP1A2_direct=1.3153 CYP2C9_direct=0.6739 CYP2D6_direct=0.5764 CYP3A4_direct=0.7667 CYP1A2_tdic=1.2201 CYP2C9_tdic=0.5415 CYP2D6_tdic=0.6960 CYP3A4_tdic=0.9823 is_TDI_2D6=0.2574 is_TDI_3A4=0.2237 CYP1A2_log2fc=0.9697 CYP2C9_log2fc=0.8567 CYP2D6_log2fc=0.8369 CYP3A4_log2fc=0.8441
ep1 train_mse=0.4840 val=0.2981 CYP1A2_direct=0.9001 CYP2C9_direct=0.4985 CYP2D6_direct=0.7418 CYP3A4_direct=0.4237 CYP1A2_tdic=0.8706 CYP2C9_tdic=0.4578 CYP2D6_tdic=0.7087 CYP3A4_tdic=0.5002 is_TDI_2D6=0.2596 is_TDI_3A4=0.2291 CYP1A2_log2fc=0.6915 CYP2C9_log2fc=0.5112 CYP2D6_log2fc=0.6798 CYP3A4_log2fc=0.5925
ep2 train_mse=0.3684 val=0.2613 CYP1A2_direct=0.7183 CYP2C9_direct=0.4269 CYP2D6_direct=0.6143 CYP3A4_direct=0.3719 CYP1A2_tdic=0.7238 CYP2C9_tdic=0.4214 CYP2D6_tdic=0.6016 CYP3A4_tdic=0.4777 is_TDI_2D6=0.2437 is_TDI_3A4=0.2272 CYP1A2_log2fc=0.6139 CYP2C9_log2fc=0.4153 CYP2D6_log2fc=0.5885 CYP3A4_log2fc=0.4723
ep3 train_mse=0.2967 val=0.2681 CYP1A2_direct=0.7708 CYP2C9_direct=0.3986 CYP2D6_direct=0.6273 CYP3A4_direct=0.3549 CYP1A2_tdic=0.7630 CYP2C9_tdic=0.4005 CYP2D6_tdic=0.6078 CYP3A4_tdic=0.4337 is_TDI_2D6=0.2429 is_TDI_3A4=0.2319 CYP1A2_log2fc=0.6152 CYP2C9_log2fc=0.4164 CYP2D6_log2fc=0.6386 CYP3A4_log2fc=0.4553
ep4 train_mse=0.2283 val=0.2932 CYP1A2_direct=0.7739 CYP2C9_direct=0.5110 CYP2D6_direct=0.7868 CYP3A4_direct=0.3841 CYP1A2_tdic=0.7704 CYP2C9_tdic=0.4618 CYP2D6_tdic=0.7040 CYP3A4_tdic=0.4337 is_TDI_2D6=0.2411 is_TDI_3A4=0.2331 CYP1A2_log2fc=0.5342 CYP2C9_log2fc=0.3969 CYP2D6_log2fc=0.5910 CYP3A4_log2fc=0.4443
ep5 train_mse=0.1845 val=0.3310 CYP1A2_direct=0.8446 CYP2C9_direct=0.5013 CYP2D6_direct=0.7225 CYP3A4_direct=0.3967 CYP1A2_tdic=0.8297 CYP2C9_tdic=0.4537 CYP2D6_tdic=0.6524 CYP3A4_tdic=0.4013 is_TDI_2D6=0.2368 is_TDI_3A4=0.2251 CYP1A2_log2fc=0.5856 CYP2C9_log2fc=0.4078 CYP2D6_log2fc=0.6356 CYP3A4_log2fc=0.4257
ep6 train_mse=0.1555 val=0.3483 CYP1A2_direct=0.7064 CYP2C9_direct=0.4714 CYP2D6_direct=0.6208 CYP3A4_direct=0.4068 CYP1A2_tdic=0.7146 CYP2C9_tdic=0.4336 CYP2D6_tdic=0.5436 CYP3A4_tdic=0.4285 is_TDI_2D6=0.2327 is_TDI_3A4=0.2235 CYP1A2_log2fc=0.5488 CYP2C9_log2fc=0.4440 CYP2D6_log2fc=0.5969 CYP3A4_log2fc=0.4283
ep7 train_mse=0.1263 val=0.3686 CYP1A2_direct=0.7073 CYP2C9_direct=0.5019 CYP2D6_direct=0.6992 CYP3A4_direct=0.3980 CYP1A2_tdic=0.7056 CYP2C9_tdic=0.4965 CYP2D6_tdic=0.6831 CYP3A4_tdic=0.4178 is_TDI_2D6=0.2326 is_TDI_3A4=0.2217 CYP1A2_log2fc=0.5534 CYP2C9_log2fc=0.4664 CYP2D6_log2fc=0.6252 CYP3A4_log2fc=0.4379
ep8 train_mse=0.1035 val=0.4093 CYP1A2_direct=0.7817 CYP2C9_direct=0.4546 CYP2D6_direct=0.5948 CYP3A4_direct=0.3892 CYP1A2_tdic=0.7867 CYP2C9_tdic=0.4329 CYP2D6_tdic=0.5415 CYP3A4_tdic=0.4130 is_TDI_2D6=0.2349 is_TDI_3A4=0.2202 CYP1A2_log2fc=0.5363 CYP2C9_log2fc=0.4322 CYP2D6_log2fc=0.5796 CYP3A4_log2fc=0.3993
ep9 train_mse=0.0870 val=0.4311 CYP1A2_direct=0.7190 CYP2C9_direct=0.4810 CYP2D6_direct=0.6245 CYP3A4_direct=0.3884 CYP1A2_tdic=0.7209 CYP2C9_tdic=0.4632 CYP2D6_tdic=0.6079 CYP3A4_tdic=0.4076 is_TDI_2D6=0.2379 is_TDI_3A4=0.2244 CYP1A2_log2fc=0.5227 CYP2C9_log2fc=0.4569 CYP2D6_log2fc=0.5859 CYP3A4_log2fc=0.4385
ep10 train_mse=0.0699 val=0.4409 CYP1A2_direct=0.7563 CYP2C9_direct=0.4415 CYP2D6_direct=0.6267 CYP3A4_direct=0.3880 CYP1A2_tdic=0.7562 CYP2C9_tdic=0.4416 CYP2D6_tdic=0.5914 CYP3A4_tdic=0.4260 is_TDI_2D6=0.2362 is_TDI_3A4=0.2216 CYP1A2_log2fc=0.5753 CYP2C9_log2fc=0.4090 CYP2D6_log2fc=0.6110 CYP3A4_log2fc=0.4199
DONE L2_s3 1196s
