[L1_s1] rows: challenge 6145; fold col fold_reg; weights=plan
[L1_s1 fold0] trainable 17.7M
GPU available: True (cuda), used: True
TPU available: False, using: 0 TPU cores
💡 Tip: For seamless cloud logging and experiment tracking, try installing [litlogger](https://pypi.org/project/litlogger/) to enable LitLogger, which logs metrics and artifacts automatically to the Lightning Experiments platform.
Seed set to 1
LOCAL_RANK: 0 - CUDA_VISIBLE_DEVICES: [0]
Loading `train_dataloader` to estimate number of stepping batches.
ep1 train_mse=0.0000 val=0.4607 CYP1A2_direct=1.0200 CYP2C9_direct=1.1740 CYP2D6_direct=1.1710 CYP3A4_direct=1.0478 CYP1A2_tdic=1.0156 CYP2C9_tdic=1.2239 CYP2D6_tdic=1.0572 CYP3A4_tdic=0.9976 is_TDI_2D6=0.2454 is_TDI_3A4=0.2810 CYP1A2_log2fc=1.1031 CYP2C9_log2fc=0.9644 CYP2D6_log2fc=1.0737 CYP3A4_log2fc=1.0033
ep1 train_mse=0.4971 val=0.3485 CYP1A2_direct=0.9331 CYP2C9_direct=0.7356 CYP2D6_direct=1.1156 CYP3A4_direct=0.5855 CYP1A2_tdic=0.9854 CYP2C9_tdic=0.7019 CYP2D6_tdic=1.0505 CYP3A4_tdic=0.6037 is_TDI_2D6=0.2616 is_TDI_3A4=0.2473 CYP1A2_log2fc=0.8497 CYP2C9_log2fc=0.6574 CYP2D6_log2fc=0.8740 CYP3A4_log2fc=0.6843
ep2 train_mse=0.4033 val=0.3219 CYP1A2_direct=0.9702 CYP2C9_direct=0.7030 CYP2D6_direct=0.9539 CYP3A4_direct=0.4596 CYP1A2_tdic=1.0162 CYP2C9_tdic=0.6554 CYP2D6_tdic=0.8713 CYP3A4_tdic=0.5210 is_TDI_2D6=0.2631 is_TDI_3A4=0.2338 CYP1A2_log2fc=0.8127 CYP2C9_log2fc=0.5538 CYP2D6_log2fc=0.6909 CYP3A4_log2fc=0.5819
ep3 train_mse=0.3490 val=0.3165 CYP1A2_direct=0.9297 CYP2C9_direct=0.6344 CYP2D6_direct=1.0068 CYP3A4_direct=0.4917 CYP1A2_tdic=0.9420 CYP2C9_tdic=0.6008 CYP2D6_tdic=0.9421 CYP3A4_tdic=0.5262 is_TDI_2D6=0.2644 is_TDI_3A4=0.2471 CYP1A2_log2fc=0.7675 CYP2C9_log2fc=0.5309 CYP2D6_log2fc=0.7132 CYP3A4_log2fc=0.6017
ep4 train_mse=0.2980 val=0.3201 CYP1A2_direct=0.9518 CYP2C9_direct=0.6062 CYP2D6_direct=0.9330 CYP3A4_direct=0.4819 CYP1A2_tdic=0.9562 CYP2C9_tdic=0.5835 CYP2D6_tdic=0.8520 CYP3A4_tdic=0.5101 is_TDI_2D6=0.2599 is_TDI_3A4=0.2391 CYP1A2_log2fc=0.7786 CYP2C9_log2fc=0.5593 CYP2D6_log2fc=0.7076 CYP3A4_log2fc=0.5926
ep5 train_mse=0.2422 val=0.3433 CYP1A2_direct=0.9518 CYP2C9_direct=0.6503 CYP2D6_direct=1.0248 CYP3A4_direct=0.4243 CYP1A2_tdic=0.9639 CYP2C9_tdic=0.6455 CYP2D6_tdic=0.9691 CYP3A4_tdic=0.5102 is_TDI_2D6=0.2621 is_TDI_3A4=0.2371 CYP1A2_log2fc=0.7171 CYP2C9_log2fc=0.5237 CYP2D6_log2fc=0.7221 CYP3A4_log2fc=0.5321
ep6 train_mse=0.2097 val=0.3684 CYP1A2_direct=0.9817 CYP2C9_direct=0.6379 CYP2D6_direct=1.0868 CYP3A4_direct=0.4502 CYP1A2_tdic=0.9918 CYP2C9_tdic=0.6270 CYP2D6_tdic=0.9708 CYP3A4_tdic=0.4926 is_TDI_2D6=0.2555 is_TDI_3A4=0.2491 CYP1A2_log2fc=0.7283 CYP2C9_log2fc=0.5372 CYP2D6_log2fc=0.7021 CYP3A4_log2fc=0.5373
ep7 train_mse=0.1840 val=0.3676 CYP1A2_direct=0.9530 CYP2C9_direct=0.5676 CYP2D6_direct=0.9861 CYP3A4_direct=0.4199 CYP1A2_tdic=0.9502 CYP2C9_tdic=0.5653 CYP2D6_tdic=0.9193 CYP3A4_tdic=0.4632 is_TDI_2D6=0.2586 is_TDI_3A4=0.2502 CYP1A2_log2fc=0.6640 CYP2C9_log2fc=0.4869 CYP2D6_log2fc=0.6887 CYP3A4_log2fc=0.4985
ep8 train_mse=0.1577 val=0.4057 CYP1A2_direct=0.8974 CYP2C9_direct=0.6423 CYP2D6_direct=0.9744 CYP3A4_direct=0.4056 CYP1A2_tdic=0.8812 CYP2C9_tdic=0.6266 CYP2D6_tdic=0.9503 CYP3A4_tdic=0.4447 is_TDI_2D6=0.2627 is_TDI_3A4=0.2508 CYP1A2_log2fc=0.6899 CYP2C9_log2fc=0.5229 CYP2D6_log2fc=0.7187 CYP3A4_log2fc=0.5114
ep9 train_mse=0.1356 val=0.4087 CYP1A2_direct=0.9651 CYP2C9_direct=0.5836 CYP2D6_direct=1.0176 CYP3A4_direct=0.4211 CYP1A2_tdic=0.9255 CYP2C9_tdic=0.5426 CYP2D6_tdic=0.9407 CYP3A4_tdic=0.4949 is_TDI_2D6=0.2541 is_TDI_3A4=0.2549 CYP1A2_log2fc=0.7043 CYP2C9_log2fc=0.5218 CYP2D6_log2fc=0.6982 CYP3A4_log2fc=0.5541
ep10 train_mse=0.1158 val=0.4220 CYP1A2_direct=0.9729 CYP2C9_direct=0.5933 CYP2D6_direct=1.0321 CYP3A4_direct=0.4394 CYP1A2_tdic=0.9249 CYP2C9_tdic=0.5735 CYP2D6_tdic=0.9757 CYP3A4_tdic=0.4460 is_TDI_2D6=0.2548 is_TDI_3A4=0.2498 CYP1A2_log2fc=0.7114 CYP2C9_log2fc=0.5587 CYP2D6_log2fc=0.6528 CYP3A4_log2fc=0.5328
ep11 train_mse=0.1017 val=0.4361 CYP1A2_direct=0.9432 CYP2C9_direct=0.5665 CYP2D6_direct=0.9955 CYP3A4_direct=0.3879 CYP1A2_tdic=0.9422 CYP2C9_tdic=0.5397 CYP2D6_tdic=0.9407 CYP3A4_tdic=0.4249 is_TDI_2D6=0.2540 is_TDI_3A4=0.2483 CYP1A2_log2fc=0.6948 CYP2C9_log2fc=0.5257 CYP2D6_log2fc=0.6628 CYP3A4_log2fc=0.4882
[L1_s1] fold 0 done 208s
[L1_s1 fold1] trainable 17.7M
GPU available: True (cuda), used: True
TPU available: False, using: 0 TPU cores
💡 Tip: For seamless cloud logging and experiment tracking, try installing [litlogger](https://pypi.org/project/litlogger/) to enable LitLogger, which logs metrics and artifacts automatically to the Lightning Experiments platform.
Seed set to 1
LOCAL_RANK: 0 - CUDA_VISIBLE_DEVICES: [0]
Loading `train_dataloader` to estimate number of stepping batches.
ep1 train_mse=0.0000 val=0.4916 CYP1A2_direct=0.9023 CYP2C9_direct=1.2396 CYP2D6_direct=1.7301 CYP3A4_direct=1.1368 CYP1A2_tdic=0.8432 CYP2C9_tdic=1.1473 CYP2D6_tdic=1.7349 CYP3A4_tdic=0.9463 is_TDI_2D6=0.3205 is_TDI_3A4=0.1899 CYP1A2_log2fc=1.2045 CYP2C9_log2fc=1.0872 CYP2D6_log2fc=1.0266 CYP3A4_log2fc=1.1071
ep1 train_mse=0.4886 val=0.3640 CYP1A2_direct=0.9186 CYP2C9_direct=0.7064 CYP2D6_direct=1.2383 CYP3A4_direct=0.7503 CYP1A2_tdic=0.8397 CYP2C9_tdic=0.6758 CYP2D6_tdic=1.3559 CYP3A4_tdic=0.6926 is_TDI_2D6=0.2648 is_TDI_3A4=0.1887 CYP1A2_log2fc=0.9338 CYP2C9_log2fc=0.7260 CYP2D6_log2fc=0.8329 CYP3A4_log2fc=0.6911
ep2 train_mse=0.3902 val=0.3380 CYP1A2_direct=1.0375 CYP2C9_direct=0.6967 CYP2D6_direct=1.0994 CYP3A4_direct=0.4659 CYP1A2_tdic=0.9650 CYP2C9_tdic=0.7934 CYP2D6_tdic=1.1533 CYP3A4_tdic=0.5082 is_TDI_2D6=0.2797 is_TDI_3A4=0.1928 CYP1A2_log2fc=0.9312 CYP2C9_log2fc=0.6806 CYP2D6_log2fc=0.9364 CYP3A4_log2fc=0.6679
ep3 train_mse=0.3464 val=0.3186 CYP1A2_direct=0.9117 CYP2C9_direct=0.6532 CYP2D6_direct=1.0469 CYP3A4_direct=0.5930 CYP1A2_tdic=0.8339 CYP2C9_tdic=0.6112 CYP2D6_tdic=1.1509 CYP3A4_tdic=0.5744 is_TDI_2D6=0.2709 is_TDI_3A4=0.1938 CYP1A2_log2fc=0.9306 CYP2C9_log2fc=0.5941 CYP2D6_log2fc=0.6857 CYP3A4_log2fc=0.6150
ep4 train_mse=0.2925 val=0.2983 CYP1A2_direct=0.8374 CYP2C9_direct=0.5688 CYP2D6_direct=1.0952 CYP3A4_direct=0.3961 CYP1A2_tdic=0.7758 CYP2C9_tdic=0.5372 CYP2D6_tdic=1.1913 CYP3A4_tdic=0.4009 is_TDI_2D6=0.2758 is_TDI_3A4=0.1920 CYP1A2_log2fc=0.8633 CYP2C9_log2fc=0.5454 CYP2D6_log2fc=0.7134 CYP3A4_log2fc=0.4912
ep5 train_mse=0.2451 val=0.3345 CYP1A2_direct=0.9498 CYP2C9_direct=0.6042 CYP2D6_direct=1.2305 CYP3A4_direct=0.5024 CYP1A2_tdic=0.8743 CYP2C9_tdic=0.6080 CYP2D6_tdic=1.2163 CYP3A4_tdic=0.4495 is_TDI_2D6=0.2782 is_TDI_3A4=0.1863 CYP1A2_log2fc=0.8775 CYP2C9_log2fc=0.6088 CYP2D6_log2fc=0.7197 CYP3A4_log2fc=0.5079
ep6 train_mse=0.2091 val=0.3307 CYP1A2_direct=0.9973 CYP2C9_direct=0.6111 CYP2D6_direct=1.1789 CYP3A4_direct=0.5207 CYP1A2_tdic=0.9205 CYP2C9_tdic=0.5882 CYP2D6_tdic=1.2347 CYP3A4_tdic=0.4725 is_TDI_2D6=0.2650 is_TDI_3A4=0.1830 CYP1A2_log2fc=0.8327 CYP2C9_log2fc=0.5608 CYP2D6_log2fc=0.6748 CYP3A4_log2fc=0.5462
ep7 train_mse=0.1896 val=0.3668 CYP1A2_direct=0.8850 CYP2C9_direct=0.5319 CYP2D6_direct=1.1629 CYP3A4_direct=0.5029 CYP1A2_tdic=0.8211 CYP2C9_tdic=0.5394 CYP2D6_tdic=1.2427 CYP3A4_tdic=0.4587 is_TDI_2D6=0.2763 is_TDI_3A4=0.1816 CYP1A2_log2fc=0.8440 CYP2C9_log2fc=0.5823 CYP2D6_log2fc=0.7009 CYP3A4_log2fc=0.4972
ep8 train_mse=0.1682 val=0.3932 CYP1A2_direct=0.8739 CYP2C9_direct=0.5768 CYP2D6_direct=1.1599 CYP3A4_direct=0.4515 CYP1A2_tdic=0.8092 CYP2C9_tdic=0.5621 CYP2D6_tdic=1.2210 CYP3A4_tdic=0.4231 is_TDI_2D6=0.2710 is_TDI_3A4=0.1877 CYP1A2_log2fc=0.8875 CYP2C9_log2fc=0.5969 CYP2D6_log2fc=0.7179 CYP3A4_log2fc=0.5230
ep9 train_mse=0.1397 val=0.3481 CYP1A2_direct=0.9150 CYP2C9_direct=0.5456 CYP2D6_direct=1.0779 CYP3A4_direct=0.4492 CYP1A2_tdic=0.8604 CYP2C9_tdic=0.5407 CYP2D6_tdic=1.1796 CYP3A4_tdic=0.4088 is_TDI_2D6=0.2761 is_TDI_3A4=0.1798 CYP1A2_log2fc=0.8639 CYP2C9_log2fc=0.5807 CYP2D6_log2fc=0.7076 CYP3A4_log2fc=0.5030
ep10 train_mse=0.1194 val=0.3896 CYP1A2_direct=0.8847 CYP2C9_direct=0.5386 CYP2D6_direct=1.1640 CYP3A4_direct=0.4457 CYP1A2_tdic=0.8351 CYP2C9_tdic=0.5172 CYP2D6_tdic=1.2212 CYP3A4_tdic=0.4105 is_TDI_2D6=0.2654 is_TDI_3A4=0.1831 CYP1A2_log2fc=0.8339 CYP2C9_log2fc=0.5592 CYP2D6_log2fc=0.6886 CYP3A4_log2fc=0.4714
ep11 train_mse=0.1003 val=0.3715 CYP1A2_direct=0.8344 CYP2C9_direct=0.5593 CYP2D6_direct=1.0657 CYP3A4_direct=0.4583 CYP1A2_tdic=0.7783 CYP2C9_tdic=0.5479 CYP2D6_tdic=1.1460 CYP3A4_tdic=0.4025 is_TDI_2D6=0.2627 is_TDI_3A4=0.1879 CYP1A2_log2fc=0.8080 CYP2C9_log2fc=0.5896 CYP2D6_log2fc=0.6345 CYP3A4_log2fc=0.4867
ep12 train_mse=0.0828 val=0.3815 CYP1A2_direct=0.8042 CYP2C9_direct=0.5666 CYP2D6_direct=1.1039 CYP3A4_direct=0.4673 CYP1A2_tdic=0.7555 CYP2C9_tdic=0.5480 CYP2D6_tdic=1.1468 CYP3A4_tdic=0.4074 is_TDI_2D6=0.2657 is_TDI_3A4=0.1850 CYP1A2_log2fc=0.7953 CYP2C9_log2fc=0.5781 CYP2D6_log2fc=0.6634 CYP3A4_log2fc=0.4741
[L1_s1] fold 1 done 434s
[L1_s1 fold2] trainable 17.7M
GPU available: True (cuda), used: True
TPU available: False, using: 0 TPU cores
💡 Tip: For seamless cloud logging and experiment tracking, try installing [litlogger](https://pypi.org/project/litlogger/) to enable LitLogger, which logs metrics and artifacts automatically to the Lightning Experiments platform.
Seed set to 1
LOCAL_RANK: 0 - CUDA_VISIBLE_DEVICES: [0]
Loading `train_dataloader` to estimate number of stepping batches.
ep1 train_mse=0.0000 val=0.4209 CYP1A2_direct=0.6814 CYP2C9_direct=0.8101 CYP2D6_direct=1.0478 CYP3A4_direct=1.1668 CYP1A2_tdic=0.6771 CYP2C9_tdic=0.9279 CYP2D6_tdic=1.2303 CYP3A4_tdic=1.0419 is_TDI_2D6=0.2271 is_TDI_3A4=0.1845 CYP1A2_log2fc=1.0169 CYP2C9_log2fc=1.0396 CYP2D6_log2fc=1.1637 CYP3A4_log2fc=1.1293
ep1 train_mse=0.4962 val=0.3146 CYP1A2_direct=0.8069 CYP2C9_direct=0.6596 CYP2D6_direct=1.0204 CYP3A4_direct=0.5568 CYP1A2_tdic=0.8592 CYP2C9_tdic=0.7013 CYP2D6_tdic=1.0546 CYP3A4_tdic=0.4760 is_TDI_2D6=0.1954 is_TDI_3A4=0.1962 CYP1A2_log2fc=0.8017 CYP2C9_log2fc=0.6239 CYP2D6_log2fc=0.9552 CYP3A4_log2fc=0.6370
ep2 train_mse=0.4160 val=0.2979 CYP1A2_direct=0.7623 CYP2C9_direct=0.6019 CYP2D6_direct=0.9692 CYP3A4_direct=0.5574 CYP1A2_tdic=0.8004 CYP2C9_tdic=0.6190 CYP2D6_tdic=0.9606 CYP3A4_tdic=0.4947 is_TDI_2D6=0.1990 is_TDI_3A4=0.1971 CYP1A2_log2fc=0.6556 CYP2C9_log2fc=0.5484 CYP2D6_log2fc=0.7999 CYP3A4_log2fc=0.6828
ep3 train_mse=0.3464 val=0.2907 CYP1A2_direct=0.6643 CYP2C9_direct=0.8528 CYP2D6_direct=0.8687 CYP3A4_direct=0.6589 CYP1A2_tdic=0.6715 CYP2C9_tdic=0.7634 CYP2D6_tdic=0.8687 CYP3A4_tdic=0.4834 is_TDI_2D6=0.1967 is_TDI_3A4=0.1842 CYP1A2_log2fc=0.5941 CYP2C9_log2fc=0.6438 CYP2D6_log2fc=0.6967 CYP3A4_log2fc=0.7243
ep4 train_mse=0.2966 val=0.2646 CYP1A2_direct=0.6655 CYP2C9_direct=0.5715 CYP2D6_direct=0.9054 CYP3A4_direct=0.4110 CYP1A2_tdic=0.7070 CYP2C9_tdic=0.5939 CYP2D6_tdic=0.8980 CYP3A4_tdic=0.3907 is_TDI_2D6=0.2025 is_TDI_3A4=0.1966 CYP1A2_log2fc=0.6405 CYP2C9_log2fc=0.4629 CYP2D6_log2fc=0.6775 CYP3A4_log2fc=0.5396
ep5 train_mse=0.2484 val=0.2721 CYP1A2_direct=0.5965 CYP2C9_direct=0.5604 CYP2D6_direct=0.9055 CYP3A4_direct=0.5162 CYP1A2_tdic=0.6183 CYP2C9_tdic=0.5698 CYP2D6_tdic=0.8807 CYP3A4_tdic=0.4671 is_TDI_2D6=0.2099 is_TDI_3A4=0.1970 CYP1A2_log2fc=0.5992 CYP2C9_log2fc=0.4743 CYP2D6_log2fc=0.7051 CYP3A4_log2fc=0.5882
ep6 train_mse=0.2013 val=0.2976 CYP1A2_direct=0.6781 CYP2C9_direct=0.5005 CYP2D6_direct=1.1067 CYP3A4_direct=0.4739 CYP1A2_tdic=0.7182 CYP2C9_tdic=0.4768 CYP2D6_tdic=1.0214 CYP3A4_tdic=0.4159 is_TDI_2D6=0.2024 is_TDI_3A4=0.2035 CYP1A2_log2fc=0.6110 CYP2C9_log2fc=0.4477 CYP2D6_log2fc=0.7121 CYP3A4_log2fc=0.5393
ep7 train_mse=0.1760 val=0.2873 CYP1A2_direct=0.6570 CYP2C9_direct=0.5427 CYP2D6_direct=0.9225 CYP3A4_direct=0.4700 CYP1A2_tdic=0.7029 CYP2C9_tdic=0.5433 CYP2D6_tdic=0.9189 CYP3A4_tdic=0.4049 is_TDI_2D6=0.2112 is_TDI_3A4=0.1972 CYP1A2_log2fc=0.5700 CYP2C9_log2fc=0.4691 CYP2D6_log2fc=0.7123 CYP3A4_log2fc=0.5564
ep8 train_mse=0.1530 val=0.3240 CYP1A2_direct=0.6157 CYP2C9_direct=0.6224 CYP2D6_direct=0.9886 CYP3A4_direct=0.4967 CYP1A2_tdic=0.6420 CYP2C9_tdic=0.5922 CYP2D6_tdic=0.9455 CYP3A4_tdic=0.4042 is_TDI_2D6=0.2101 is_TDI_3A4=0.1933 CYP1A2_log2fc=0.5491 CYP2C9_log2fc=0.4772 CYP2D6_log2fc=0.6926 CYP3A4_log2fc=0.5569
ep9 train_mse=0.1348 val=0.3464 CYP1A2_direct=0.5802 CYP2C9_direct=0.5403 CYP2D6_direct=0.9683 CYP3A4_direct=0.4651 CYP1A2_tdic=0.6018 CYP2C9_tdic=0.5427 CYP2D6_tdic=0.9413 CYP3A4_tdic=0.3910 is_TDI_2D6=0.2027 is_TDI_3A4=0.1949 CYP1A2_log2fc=0.5591 CYP2C9_log2fc=0.4380 CYP2D6_log2fc=0.7045 CYP3A4_log2fc=0.5228
ep10 train_mse=0.1140 val=0.3256 CYP1A2_direct=0.5454 CYP2C9_direct=0.4934 CYP2D6_direct=0.9777 CYP3A4_direct=0.4518 CYP1A2_tdic=0.5854 CYP2C9_tdic=0.4647 CYP2D6_tdic=0.9388 CYP3A4_tdic=0.3790 is_TDI_2D6=0.2071 is_TDI_3A4=0.1951 CYP1A2_log2fc=0.5327 CYP2C9_log2fc=0.4224 CYP2D6_log2fc=0.7052 CYP3A4_log2fc=0.5143
ep11 train_mse=0.0968 val=0.3379 CYP1A2_direct=0.5781 CYP2C9_direct=0.5395 CYP2D6_direct=1.0022 CYP3A4_direct=0.4603 CYP1A2_tdic=0.6094 CYP2C9_tdic=0.5354 CYP2D6_tdic=0.9452 CYP3A4_tdic=0.3905 is_TDI_2D6=0.2137 is_TDI_3A4=0.1898 CYP1A2_log2fc=0.5510 CYP2C9_log2fc=0.4278 CYP2D6_log2fc=0.6883 CYP3A4_log2fc=0.5225
ep12 train_mse=0.0815 val=0.3441 CYP1A2_direct=0.5698 CYP2C9_direct=0.5602 CYP2D6_direct=0.9958 CYP3A4_direct=0.4308 CYP1A2_tdic=0.5914 CYP2C9_tdic=0.5593 CYP2D6_tdic=0.9340 CYP3A4_tdic=0.3680 is_TDI_2D6=0.2091 is_TDI_3A4=0.1862 CYP1A2_log2fc=0.5191 CYP2C9_log2fc=0.4076 CYP2D6_log2fc=0.7157 CYP3A4_log2fc=0.5008
[L1_s1] fold 2 done 659s
[L1_s1 fold3] trainable 17.7M
GPU available: True (cuda), used: True
TPU available: False, using: 0 TPU cores
💡 Tip: For seamless cloud logging and experiment tracking, try installing [litlogger](https://pypi.org/project/litlogger/) to enable LitLogger, which logs metrics and artifacts automatically to the Lightning Experiments platform.
Seed set to 1
LOCAL_RANK: 0 - CUDA_VISIBLE_DEVICES: [0]
Loading `train_dataloader` to estimate number of stepping batches.
ep1 train_mse=0.0000 val=0.4551 CYP1A2_direct=0.8475 CYP2C9_direct=1.1151 CYP2D6_direct=0.9628 CYP3A4_direct=1.1310 CYP1A2_tdic=0.7924 CYP2C9_tdic=1.1687 CYP2D6_tdic=0.9725 CYP3A4_tdic=1.0122 is_TDI_2D6=0.2829 is_TDI_3A4=0.2541 CYP1A2_log2fc=0.9479 CYP2C9_log2fc=1.0481 CYP2D6_log2fc=0.9915 CYP3A4_log2fc=1.0755
ep1 train_mse=0.4967 val=0.3105 CYP1A2_direct=0.7111 CYP2C9_direct=0.5546 CYP2D6_direct=0.9615 CYP3A4_direct=0.5255 CYP1A2_tdic=0.7082 CYP2C9_tdic=0.5380 CYP2D6_tdic=0.9389 CYP3A4_tdic=0.5277 is_TDI_2D6=0.2270 is_TDI_3A4=0.2182 CYP1A2_log2fc=0.7007 CYP2C9_log2fc=0.6272 CYP2D6_log2fc=0.7452 CYP3A4_log2fc=0.7063
ep2 train_mse=0.4045 val=0.2985 CYP1A2_direct=0.6916 CYP2C9_direct=0.5912 CYP2D6_direct=0.9023 CYP3A4_direct=0.5240 CYP1A2_tdic=0.6839 CYP2C9_tdic=0.5393 CYP2D6_tdic=0.8499 CYP3A4_tdic=0.5352 is_TDI_2D6=0.2161 is_TDI_3A4=0.2064 CYP1A2_log2fc=0.6810 CYP2C9_log2fc=0.5898 CYP2D6_log2fc=0.6938 CYP3A4_log2fc=0.6666
ep3 train_mse=0.3497 val=0.2921 CYP1A2_direct=0.7736 CYP2C9_direct=0.4914 CYP2D6_direct=0.9655 CYP3A4_direct=0.4435 CYP1A2_tdic=0.7503 CYP2C9_tdic=0.4579 CYP2D6_tdic=0.9249 CYP3A4_tdic=0.4685 is_TDI_2D6=0.2099 is_TDI_3A4=0.2215 CYP1A2_log2fc=0.6931 CYP2C9_log2fc=0.5408 CYP2D6_log2fc=0.7178 CYP3A4_log2fc=0.6188
ep4 train_mse=0.2982 val=0.2984 CYP1A2_direct=0.8017 CYP2C9_direct=0.4777 CYP2D6_direct=0.9346 CYP3A4_direct=0.5125 CYP1A2_tdic=0.7778 CYP2C9_tdic=0.4487 CYP2D6_tdic=0.8826 CYP3A4_tdic=0.5152 is_TDI_2D6=0.2116 is_TDI_3A4=0.2280 CYP1A2_log2fc=0.7041 CYP2C9_log2fc=0.5458 CYP2D6_log2fc=0.6540 CYP3A4_log2fc=0.6373
ep5 train_mse=0.2580 val=0.3106 CYP1A2_direct=0.8428 CYP2C9_direct=0.4999 CYP2D6_direct=1.0018 CYP3A4_direct=0.4585 CYP1A2_tdic=0.8241 CYP2C9_tdic=0.4287 CYP2D6_tdic=0.8875 CYP3A4_tdic=0.4822 is_TDI_2D6=0.2088 is_TDI_3A4=0.2050 CYP1A2_log2fc=0.8356 CYP2C9_log2fc=0.5323 CYP2D6_log2fc=0.6613 CYP3A4_log2fc=0.6074
ep6 train_mse=0.2132 val=0.3412 CYP1A2_direct=0.7903 CYP2C9_direct=0.5193 CYP2D6_direct=0.9004 CYP3A4_direct=0.5108 CYP1A2_tdic=0.7651 CYP2C9_tdic=0.4694 CYP2D6_tdic=0.7933 CYP3A4_tdic=0.5405 is_TDI_2D6=0.2140 is_TDI_3A4=0.2158 CYP1A2_log2fc=0.6929 CYP2C9_log2fc=0.5478 CYP2D6_log2fc=0.6809 CYP3A4_log2fc=0.6540
ep7 train_mse=0.1858 val=0.3626 CYP1A2_direct=0.8903 CYP2C9_direct=0.4445 CYP2D6_direct=0.9204 CYP3A4_direct=0.4271 CYP1A2_tdic=0.8767 CYP2C9_tdic=0.3749 CYP2D6_tdic=0.8083 CYP3A4_tdic=0.4962 is_TDI_2D6=0.2141 is_TDI_3A4=0.2135 CYP1A2_log2fc=0.6804 CYP2C9_log2fc=0.5033 CYP2D6_log2fc=0.6195 CYP3A4_log2fc=0.5830
ep8 train_mse=0.1663 val=0.3953 CYP1A2_direct=0.8592 CYP2C9_direct=0.4503 CYP2D6_direct=0.9529 CYP3A4_direct=0.4289 CYP1A2_tdic=0.8418 CYP2C9_tdic=0.3742 CYP2D6_tdic=0.7960 CYP3A4_tdic=0.4450 is_TDI_2D6=0.2150 is_TDI_3A4=0.2111 CYP1A2_log2fc=0.6444 CYP2C9_log2fc=0.5170 CYP2D6_log2fc=0.5854 CYP3A4_log2fc=0.5780
ep9 train_mse=0.1429 val=0.3950 CYP1A2_direct=0.7525 CYP2C9_direct=0.5138 CYP2D6_direct=0.9819 CYP3A4_direct=0.4196 CYP1A2_tdic=0.7346 CYP2C9_tdic=0.4410 CYP2D6_tdic=0.8366 CYP3A4_tdic=0.4558 is_TDI_2D6=0.2119 is_TDI_3A4=0.2164 CYP1A2_log2fc=0.6243 CYP2C9_log2fc=0.5334 CYP2D6_log2fc=0.6032 CYP3A4_log2fc=0.6043
ep10 train_mse=0.1194 val=0.4342 CYP1A2_direct=0.7884 CYP2C9_direct=0.4596 CYP2D6_direct=0.8674 CYP3A4_direct=0.4154 CYP1A2_tdic=0.7771 CYP2C9_tdic=0.3899 CYP2D6_tdic=0.7547 CYP3A4_tdic=0.4431 is_TDI_2D6=0.2144 is_TDI_3A4=0.2149 CYP1A2_log2fc=0.6357 CYP2C9_log2fc=0.4744 CYP2D6_log2fc=0.6162 CYP3A4_log2fc=0.5605
ep11 train_mse=0.1004 val=0.4714 CYP1A2_direct=0.8099 CYP2C9_direct=0.4769 CYP2D6_direct=0.8812 CYP3A4_direct=0.4073 CYP1A2_tdic=0.7860 CYP2C9_tdic=0.3953 CYP2D6_tdic=0.7449 CYP3A4_tdic=0.4455 is_TDI_2D6=0.2146 is_TDI_3A4=0.2092 CYP1A2_log2fc=0.6016 CYP2C9_log2fc=0.4920 CYP2D6_log2fc=0.6399 CYP3A4_log2fc=0.5801
[L1_s1] fold 3 done 866s
[L1_s1 fold4] trainable 17.7M
GPU available: True (cuda), used: True
TPU available: False, using: 0 TPU cores
💡 Tip: For seamless cloud logging and experiment tracking, try installing [litlogger](https://pypi.org/project/litlogger/) to enable LitLogger, which logs metrics and artifacts automatically to the Lightning Experiments platform.
Seed set to 1
LOCAL_RANK: 0 - CUDA_VISIBLE_DEVICES: [0]
Loading `train_dataloader` to estimate number of stepping batches.
ep1 train_mse=0.0000 val=0.4374 CYP1A2_direct=0.9907 CYP2C9_direct=1.1501 CYP2D6_direct=0.8493 CYP3A4_direct=0.9455 CYP1A2_tdic=0.8878 CYP2C9_tdic=1.1728 CYP2D6_tdic=1.0242 CYP3A4_tdic=1.0074 is_TDI_2D6=0.2131 is_TDI_3A4=0.2514 CYP1A2_log2fc=0.9547 CYP2C9_log2fc=1.0149 CYP2D6_log2fc=1.0477 CYP3A4_log2fc=0.9105
ep1 train_mse=0.5047 val=0.3178 CYP1A2_direct=0.7307 CYP2C9_direct=0.9159 CYP2D6_direct=0.7362 CYP3A4_direct=0.5122 CYP1A2_tdic=0.8261 CYP2C9_tdic=0.8300 CYP2D6_tdic=0.9180 CYP3A4_tdic=0.5955 is_TDI_2D6=0.1809 is_TDI_3A4=0.1883 CYP1A2_log2fc=1.0952 CYP2C9_log2fc=0.7094 CYP2D6_log2fc=0.8641 CYP3A4_log2fc=0.7304
ep2 train_mse=0.4013 val=0.3022 CYP1A2_direct=0.6521 CYP2C9_direct=0.8172 CYP2D6_direct=0.7927 CYP3A4_direct=0.4985 CYP1A2_tdic=0.6739 CYP2C9_tdic=0.8136 CYP2D6_tdic=0.9024 CYP3A4_tdic=0.7174 is_TDI_2D6=0.1792 is_TDI_3A4=0.1866 CYP1A2_log2fc=1.0535 CYP2C9_log2fc=0.5859 CYP2D6_log2fc=0.7557 CYP3A4_log2fc=0.6262
ep3 train_mse=0.3475 val=0.3308 CYP1A2_direct=0.9534 CYP2C9_direct=0.7654 CYP2D6_direct=0.8053 CYP3A4_direct=0.6239 CYP1A2_tdic=0.9399 CYP2C9_tdic=0.8315 CYP2D6_tdic=0.9749 CYP3A4_tdic=0.7571 is_TDI_2D6=0.1740 is_TDI_3A4=0.1899 CYP1A2_log2fc=1.2727 CYP2C9_log2fc=0.7841 CYP2D6_log2fc=0.8396 CYP3A4_log2fc=0.7039
ep4 train_mse=0.3038 val=0.2923 CYP1A2_direct=0.6473 CYP2C9_direct=0.6076 CYP2D6_direct=0.7620 CYP3A4_direct=0.4273 CYP1A2_tdic=0.6676 CYP2C9_tdic=0.6319 CYP2D6_tdic=0.8939 CYP3A4_tdic=0.6114 is_TDI_2D6=0.1909 is_TDI_3A4=0.1962 CYP1A2_log2fc=0.9849 CYP2C9_log2fc=0.5430 CYP2D6_log2fc=0.6807 CYP3A4_log2fc=0.6086
ep5 train_mse=0.2492 val=0.2892 CYP1A2_direct=0.6099 CYP2C9_direct=0.5289 CYP2D6_direct=0.9922 CYP3A4_direct=0.3762 CYP1A2_tdic=0.6395 CYP2C9_tdic=0.5721 CYP2D6_tdic=0.9884 CYP3A4_tdic=0.4935 is_TDI_2D6=0.1794 is_TDI_3A4=0.1974 CYP1A2_log2fc=0.9228 CYP2C9_log2fc=0.4680 CYP2D6_log2fc=0.7062 CYP3A4_log2fc=0.5315
ep6 train_mse=0.2075 val=0.3534 CYP1A2_direct=0.7171 CYP2C9_direct=0.5969 CYP2D6_direct=0.7457 CYP3A4_direct=0.3905 CYP1A2_tdic=0.6995 CYP2C9_tdic=0.6266 CYP2D6_tdic=0.8833 CYP3A4_tdic=0.5435 is_TDI_2D6=0.1828 is_TDI_3A4=0.2028 CYP1A2_log2fc=0.9144 CYP2C9_log2fc=0.4688 CYP2D6_log2fc=0.6561 CYP3A4_log2fc=0.5946
ep7 train_mse=0.1789 val=0.3495 CYP1A2_direct=0.6403 CYP2C9_direct=0.5975 CYP2D6_direct=0.8481 CYP3A4_direct=0.3608 CYP1A2_tdic=0.6543 CYP2C9_tdic=0.6244 CYP2D6_tdic=0.8883 CYP3A4_tdic=0.4659 is_TDI_2D6=0.1854 is_TDI_3A4=0.1971 CYP1A2_log2fc=0.8759 CYP2C9_log2fc=0.4544 CYP2D6_log2fc=0.6275 CYP3A4_log2fc=0.5109
ep8 train_mse=0.1560 val=0.3737 CYP1A2_direct=0.6944 CYP2C9_direct=0.5749 CYP2D6_direct=0.9068 CYP3A4_direct=0.3726 CYP1A2_tdic=0.6994 CYP2C9_tdic=0.5837 CYP2D6_tdic=0.9560 CYP3A4_tdic=0.4837 is_TDI_2D6=0.1813 is_TDI_3A4=0.1947 CYP1A2_log2fc=0.8941 CYP2C9_log2fc=0.4411 CYP2D6_log2fc=0.6191 CYP3A4_log2fc=0.4867
ep9 train_mse=0.1290 val=0.3973 CYP1A2_direct=0.6032 CYP2C9_direct=0.5608 CYP2D6_direct=0.8753 CYP3A4_direct=0.3439 CYP1A2_tdic=0.6107 CYP2C9_tdic=0.5830 CYP2D6_tdic=0.9350 CYP3A4_tdic=0.4386 is_TDI_2D6=0.1855 is_TDI_3A4=0.1925 CYP1A2_log2fc=0.8579 CYP2C9_log2fc=0.4364 CYP2D6_log2fc=0.5933 CYP3A4_log2fc=0.4765
ep10 train_mse=0.1119 val=0.3891 CYP1A2_direct=0.5898 CYP2C9_direct=0.5281 CYP2D6_direct=0.8218 CYP3A4_direct=0.3570 CYP1A2_tdic=0.6098 CYP2C9_tdic=0.5706 CYP2D6_tdic=0.9146 CYP3A4_tdic=0.4818 is_TDI_2D6=0.1809 is_TDI_3A4=0.1923 CYP1A2_log2fc=0.8887 CYP2C9_log2fc=0.4233 CYP2D6_log2fc=0.6239 CYP3A4_log2fc=0.4534
ep11 train_mse=0.0962 val=0.3926 CYP1A2_direct=0.6179 CYP2C9_direct=0.5281 CYP2D6_direct=0.8284 CYP3A4_direct=0.3531 CYP1A2_tdic=0.6422 CYP2C9_tdic=0.5488 CYP2D6_tdic=0.9077 CYP3A4_tdic=0.4481 is_TDI_2D6=0.1871 is_TDI_3A4=0.1888 CYP1A2_log2fc=0.8672 CYP2C9_log2fc=0.4156 CYP2D6_log2fc=0.5641 CYP3A4_log2fc=0.4535
ep12 train_mse=0.0811 val=0.4074 CYP1A2_direct=0.6238 CYP2C9_direct=0.5521 CYP2D6_direct=0.8751 CYP3A4_direct=0.3493 CYP1A2_tdic=0.6340 CYP2C9_tdic=0.5929 CYP2D6_tdic=0.9869 CYP3A4_tdic=0.4634 is_TDI_2D6=0.1829 is_TDI_3A4=0.1911 CYP1A2_log2fc=0.9040 CYP2C9_log2fc=0.4159 CYP2D6_log2fc=0.5697 CYP3A4_log2fc=0.4346
ep13 train_mse=0.0675 val=0.4126 CYP1A2_direct=0.6464 CYP2C9_direct=0.5726 CYP2D6_direct=0.8099 CYP3A4_direct=0.3464 CYP1A2_tdic=0.6703 CYP2C9_tdic=0.5975 CYP2D6_tdic=0.9217 CYP3A4_tdic=0.4351 is_TDI_2D6=0.1842 is_TDI_3A4=0.1902 CYP1A2_log2fc=0.8769 CYP2C9_log2fc=0.4176 CYP2D6_log2fc=0.5553 CYP3A4_log2fc=0.4329
[L1_s1] fold 4 done 1107s
[L1_s1 all] trainable 17.7M
GPU available: True (cuda), used: True
TPU available: False, using: 0 TPU cores
💡 Tip: For seamless cloud logging and experiment tracking, try installing [litlogger](https://pypi.org/project/litlogger/) to enable LitLogger, which logs metrics and artifacts automatically to the Lightning Experiments platform.
Seed set to 1
LOCAL_RANK: 0 - CUDA_VISIBLE_DEVICES: [0]
Loading `train_dataloader` to estimate number of stepping batches.
ep1 train_mse=0.0000 val=0.4061 CYP1A2_direct=0.7260 CYP2C9_direct=0.8394 CYP2D6_direct=0.9516 CYP3A4_direct=0.8622 CYP1A2_tdic=0.9005 CYP2C9_tdic=0.9018 CYP2D6_tdic=0.8196 CYP3A4_tdic=0.8043 is_TDI_2D6=0.1988 is_TDI_3A4=0.1999 CYP1A2_log2fc=0.9839 CYP2C9_log2fc=1.0712 CYP2D6_log2fc=1.0361 CYP3A4_log2fc=1.0244
ep1 train_mse=0.5367 val=0.3423 CYP1A2_direct=0.8771 CYP2C9_direct=0.8347 CYP2D6_direct=0.7246 CYP3A4_direct=0.8420 CYP1A2_tdic=0.9321 CYP2C9_tdic=0.8947 CYP2D6_tdic=0.7779 CYP3A4_tdic=0.7603 is_TDI_2D6=0.1864 is_TDI_3A4=0.1990 CYP1A2_log2fc=0.9056 CYP2C9_log2fc=0.8876 CYP2D6_log2fc=0.8356 CYP3A4_log2fc=0.9347
ep2 train_mse=0.4405 val=0.3091 CYP1A2_direct=0.7604 CYP2C9_direct=0.6990 CYP2D6_direct=0.8056 CYP3A4_direct=0.5269 CYP1A2_tdic=0.7989 CYP2C9_tdic=0.7752 CYP2D6_tdic=0.8232 CYP3A4_tdic=0.5793 is_TDI_2D6=0.1898 is_TDI_3A4=0.2029 CYP1A2_log2fc=0.8131 CYP2C9_log2fc=0.7328 CYP2D6_log2fc=0.8978 CYP3A4_log2fc=0.7079
ep3 train_mse=0.3927 val=0.2950 CYP1A2_direct=0.7823 CYP2C9_direct=0.7122 CYP2D6_direct=0.6838 CYP3A4_direct=0.5266 CYP1A2_tdic=0.8171 CYP2C9_tdic=0.7709 CYP2D6_tdic=0.7085 CYP3A4_tdic=0.5174 is_TDI_2D6=0.1938 is_TDI_3A4=0.1950 CYP1A2_log2fc=0.8133 CYP2C9_log2fc=0.6291 CYP2D6_log2fc=0.7083 CYP3A4_log2fc=0.6835
ep4 train_mse=0.3264 val=0.2861 CYP1A2_direct=0.7567 CYP2C9_direct=0.5258 CYP2D6_direct=0.6810 CYP3A4_direct=0.4373 CYP1A2_tdic=0.7789 CYP2C9_tdic=0.5827 CYP2D6_tdic=0.7125 CYP3A4_tdic=0.4350 is_TDI_2D6=0.2003 is_TDI_3A4=0.1825 CYP1A2_log2fc=0.7606 CYP2C9_log2fc=0.5247 CYP2D6_log2fc=0.7216 CYP3A4_log2fc=0.6055
ep5 train_mse=0.2699 val=0.2963 CYP1A2_direct=0.7749 CYP2C9_direct=0.5785 CYP2D6_direct=0.7652 CYP3A4_direct=0.4133 CYP1A2_tdic=0.7958 CYP2C9_tdic=0.6249 CYP2D6_tdic=0.7812 CYP3A4_tdic=0.4322 is_TDI_2D6=0.1894 is_TDI_3A4=0.1828 CYP1A2_log2fc=0.7714 CYP2C9_log2fc=0.5098 CYP2D6_log2fc=0.6853 CYP3A4_log2fc=0.5645
ep6 train_mse=0.2268 val=0.3141 CYP1A2_direct=0.7927 CYP2C9_direct=0.6239 CYP2D6_direct=0.6917 CYP3A4_direct=0.4784 CYP1A2_tdic=0.8284 CYP2C9_tdic=0.6716 CYP2D6_tdic=0.7146 CYP3A4_tdic=0.4506 is_TDI_2D6=0.2025 is_TDI_3A4=0.1814 CYP1A2_log2fc=0.7742 CYP2C9_log2fc=0.5716 CYP2D6_log2fc=0.6852 CYP3A4_log2fc=0.6766
ep7 train_mse=0.1945 val=0.3216 CYP1A2_direct=0.7569 CYP2C9_direct=0.6014 CYP2D6_direct=0.7195 CYP3A4_direct=0.4059 CYP1A2_tdic=0.7942 CYP2C9_tdic=0.6103 CYP2D6_tdic=0.7245 CYP3A4_tdic=0.3864 is_TDI_2D6=0.1969 is_TDI_3A4=0.1849 CYP1A2_log2fc=0.7077 CYP2C9_log2fc=0.5030 CYP2D6_log2fc=0.6693 CYP3A4_log2fc=0.5282
ep8 train_mse=0.1690 val=0.3517 CYP1A2_direct=0.8246 CYP2C9_direct=0.5458 CYP2D6_direct=0.7227 CYP3A4_direct=0.4370 CYP1A2_tdic=0.8465 CYP2C9_tdic=0.5813 CYP2D6_tdic=0.7235 CYP3A4_tdic=0.4121 is_TDI_2D6=0.2039 is_TDI_3A4=0.1791 CYP1A2_log2fc=0.7379 CYP2C9_log2fc=0.5059 CYP2D6_log2fc=0.6599 CYP3A4_log2fc=0.4969
ep9 train_mse=0.1401 val=0.3808 CYP1A2_direct=0.7260 CYP2C9_direct=0.6128 CYP2D6_direct=0.6900 CYP3A4_direct=0.4419 CYP1A2_tdic=0.7635 CYP2C9_tdic=0.6743 CYP2D6_tdic=0.6643 CYP3A4_tdic=0.4088 is_TDI_2D6=0.2060 is_TDI_3A4=0.1853 CYP1A2_log2fc=0.7371 CYP2C9_log2fc=0.5358 CYP2D6_log2fc=0.6555 CYP3A4_log2fc=0.5017
ep10 train_mse=0.1206 val=0.4196 CYP1A2_direct=0.7505 CYP2C9_direct=0.5380 CYP2D6_direct=0.6748 CYP3A4_direct=0.3992 CYP1A2_tdic=0.7857 CYP2C9_tdic=0.5687 CYP2D6_tdic=0.6708 CYP3A4_tdic=0.3704 is_TDI_2D6=0.2030 is_TDI_3A4=0.1855 CYP1A2_log2fc=0.7041 CYP2C9_log2fc=0.4748 CYP2D6_log2fc=0.6861 CYP3A4_log2fc=0.4584
ep11 train_mse=0.1045 val=0.3986 CYP1A2_direct=0.7577 CYP2C9_direct=0.5659 CYP2D6_direct=0.6411 CYP3A4_direct=0.4032 CYP1A2_tdic=0.7976 CYP2C9_tdic=0.6102 CYP2D6_tdic=0.6731 CYP3A4_tdic=0.3971 is_TDI_2D6=0.1997 is_TDI_3A4=0.1862 CYP1A2_log2fc=0.6988 CYP2C9_log2fc=0.4824 CYP2D6_log2fc=0.6754 CYP3A4_log2fc=0.4926
ep12 train_mse=0.0889 val=0.3994 CYP1A2_direct=0.7419 CYP2C9_direct=0.5447 CYP2D6_direct=0.6882 CYP3A4_direct=0.3679 CYP1A2_tdic=0.7737 CYP2C9_tdic=0.5756 CYP2D6_tdic=0.7052 CYP3A4_tdic=0.3724 is_TDI_2D6=0.2036 is_TDI_3A4=0.1828 CYP1A2_log2fc=0.6786 CYP2C9_log2fc=0.4696 CYP2D6_log2fc=0.6512 CYP3A4_log2fc=0.4442
DONE L1_s1 1341s
