[L1_ext] rows: challenge 6145; fold col fold_reg; weights=ext
[L1_ext fold0] trainable 17.2M
GPU available: True (cuda), used: True
TPU available: False, using: 0 TPU cores
💡 Tip: For seamless cloud logging and experiment tracking, try installing [litlogger](https://pypi.org/project/litlogger/) to enable LitLogger, which logs metrics and artifacts automatically to the Lightning Experiments platform.
Seed set to 0
LOCAL_RANK: 0 - CUDA_VISIBLE_DEVICES: [0]
Loading `train_dataloader` to estimate number of stepping batches.
ep1 train_mse=0.0000 val=0.9704 CYP1A2_direct=1.0852 CYP2C9_direct=0.9727 CYP2D6_direct=1.0621 CYP3A4_direct=1.0463 CYP1A2_tdic=1.1720 CYP2C9_tdic=1.0494 CYP2D6_tdic=1.1307 CYP3A4_tdic=1.1017 is_TDI_2D6=0.2712 is_TDI_3A4=0.1960 CYP1A2_log2fc=0.7805 CYP2C9_log2fc=1.1331 CYP2D6_log2fc=0.9895 CYP3A4_log2fc=0.9827
ep1 train_mse=0.6676 val=0.8402 CYP1A2_direct=1.0945 CYP2C9_direct=1.0152 CYP2D6_direct=0.9116 CYP3A4_direct=0.6334 CYP1A2_tdic=1.0439 CYP2C9_tdic=1.0776 CYP2D6_tdic=0.9764 CYP3A4_tdic=1.0910 is_TDI_2D6=0.3094 is_TDI_3A4=0.2203 CYP1A2_log2fc=0.8455 CYP2C9_log2fc=1.1108 CYP2D6_log2fc=0.9441 CYP3A4_log2fc=0.9560
ep2 train_mse=0.5513 val=0.7488 CYP1A2_direct=0.7316 CYP2C9_direct=1.0529 CYP2D6_direct=0.8390 CYP3A4_direct=0.5877 CYP1A2_tdic=1.0490 CYP2C9_tdic=1.0491 CYP2D6_tdic=0.9735 CYP3A4_tdic=1.1062 is_TDI_2D6=0.3039 is_TDI_3A4=0.2223 CYP1A2_log2fc=0.8372 CYP2C9_log2fc=1.1283 CYP2D6_log2fc=0.9606 CYP3A4_log2fc=0.9629
ep3 train_mse=0.4907 val=0.7226 CYP1A2_direct=0.7462 CYP2C9_direct=0.9793 CYP2D6_direct=0.8867 CYP3A4_direct=0.5015 CYP1A2_tdic=1.0460 CYP2C9_tdic=1.0312 CYP2D6_tdic=0.9861 CYP3A4_tdic=1.1015 is_TDI_2D6=0.3050 is_TDI_3A4=0.2217 CYP1A2_log2fc=0.8460 CYP2C9_log2fc=1.0929 CYP2D6_log2fc=0.9587 CYP3A4_log2fc=0.9686
ep4 train_mse=0.4074 val=0.6845 CYP1A2_direct=0.7871 CYP2C9_direct=0.8166 CYP2D6_direct=0.8577 CYP3A4_direct=0.5016 CYP1A2_tdic=1.0558 CYP2C9_tdic=1.0399 CYP2D6_tdic=0.9909 CYP3A4_tdic=1.1224 is_TDI_2D6=0.2982 is_TDI_3A4=0.2215 CYP1A2_log2fc=0.8661 CYP2C9_log2fc=1.1108 CYP2D6_log2fc=0.9652 CYP3A4_log2fc=0.9655
ep5 train_mse=0.3349 val=0.7020 CYP1A2_direct=0.8299 CYP2C9_direct=0.8720 CYP2D6_direct=0.8869 CYP3A4_direct=0.4585 CYP1A2_tdic=1.0563 CYP2C9_tdic=1.0356 CYP2D6_tdic=0.9896 CYP3A4_tdic=1.1070 is_TDI_2D6=0.3018 is_TDI_3A4=0.2263 CYP1A2_log2fc=0.8690 CYP2C9_log2fc=1.1251 CYP2D6_log2fc=0.9639 CYP3A4_log2fc=0.9561
ep6 train_mse=0.2742 val=0.6988 CYP1A2_direct=0.8268 CYP2C9_direct=0.8041 CYP2D6_direct=0.9289 CYP3A4_direct=0.4739 CYP1A2_tdic=1.0486 CYP2C9_tdic=1.0536 CYP2D6_tdic=0.9884 CYP3A4_tdic=1.0948 is_TDI_2D6=0.3006 is_TDI_3A4=0.2157 CYP1A2_log2fc=0.8696 CYP2C9_log2fc=1.1149 CYP2D6_log2fc=0.9545 CYP3A4_log2fc=0.9601
ep7 train_mse=0.2202 val=0.6926 CYP1A2_direct=0.8167 CYP2C9_direct=0.7956 CYP2D6_direct=0.9095 CYP3A4_direct=0.4833 CYP1A2_tdic=1.0452 CYP2C9_tdic=1.0283 CYP2D6_tdic=0.9905 CYP3A4_tdic=1.0830 is_TDI_2D6=0.3072 is_TDI_3A4=0.2185 CYP1A2_log2fc=0.8807 CYP2C9_log2fc=1.1205 CYP2D6_log2fc=0.9531 CYP3A4_log2fc=0.9591
ep8 train_mse=0.1612 val=0.7136 CYP1A2_direct=0.8623 CYP2C9_direct=0.8301 CYP2D6_direct=0.9383 CYP3A4_direct=0.4713 CYP1A2_tdic=1.0389 CYP2C9_tdic=1.0322 CYP2D6_tdic=0.9908 CYP3A4_tdic=1.0942 is_TDI_2D6=0.3063 is_TDI_3A4=0.2266 CYP1A2_log2fc=0.8741 CYP2C9_log2fc=1.1340 CYP2D6_log2fc=0.9496 CYP3A4_log2fc=0.9596
ep9 train_mse=0.1354 val=0.7100 CYP1A2_direct=0.8431 CYP2C9_direct=0.8181 CYP2D6_direct=0.9504 CYP3A4_direct=0.4722 CYP1A2_tdic=1.0478 CYP2C9_tdic=1.0472 CYP2D6_tdic=0.9842 CYP3A4_tdic=1.0911 is_TDI_2D6=0.3084 is_TDI_3A4=0.2198 CYP1A2_log2fc=0.8721 CYP2C9_log2fc=1.1283 CYP2D6_log2fc=0.9578 CYP3A4_log2fc=0.9605
ep10 train_mse=0.1130 val=0.6829 CYP1A2_direct=0.8388 CYP2C9_direct=0.7806 CYP2D6_direct=0.9394 CYP3A4_direct=0.4161 CYP1A2_tdic=1.0478 CYP2C9_tdic=1.0404 CYP2D6_tdic=0.9851 CYP3A4_tdic=1.0918 is_TDI_2D6=0.2992 is_TDI_3A4=0.2217 CYP1A2_log2fc=0.8739 CYP2C9_log2fc=1.1192 CYP2D6_log2fc=0.9553 CYP3A4_log2fc=0.9672
ep11 train_mse=0.0807 val=0.6961 CYP1A2_direct=0.8380 CYP2C9_direct=0.8168 CYP2D6_direct=0.9133 CYP3A4_direct=0.4575 CYP1A2_tdic=1.0490 CYP2C9_tdic=1.0462 CYP2D6_tdic=0.9846 CYP3A4_tdic=1.0993 is_TDI_2D6=0.2998 is_TDI_3A4=0.2223 CYP1A2_log2fc=0.8713 CYP2C9_log2fc=1.1274 CYP2D6_log2fc=0.9616 CYP3A4_log2fc=0.9607
ep12 train_mse=0.0567 val=0.6751 CYP1A2_direct=0.7908 CYP2C9_direct=0.7773 CYP2D6_direct=0.9117 CYP3A4_direct=0.4506 CYP1A2_tdic=1.0467 CYP2C9_tdic=1.0401 CYP2D6_tdic=0.9848 CYP3A4_tdic=1.0966 is_TDI_2D6=0.3035 is_TDI_3A4=0.2208 CYP1A2_log2fc=0.8728 CYP2C9_log2fc=1.1219 CYP2D6_log2fc=0.9570 CYP3A4_log2fc=0.9619
ep13 train_mse=0.0424 val=0.6835 CYP1A2_direct=0.8091 CYP2C9_direct=0.8079 CYP2D6_direct=0.8984 CYP3A4_direct=0.4525 CYP1A2_tdic=1.0480 CYP2C9_tdic=1.0394 CYP2D6_tdic=0.9823 CYP3A4_tdic=1.0928 is_TDI_2D6=0.3027 is_TDI_3A4=0.2239 CYP1A2_log2fc=0.8709 CYP2C9_log2fc=1.1278 CYP2D6_log2fc=0.9621 CYP3A4_log2fc=0.9541
ep14 train_mse=0.0319 val=0.6783 CYP1A2_direct=0.7930 CYP2C9_direct=0.7924 CYP2D6_direct=0.9177 CYP3A4_direct=0.4416 CYP1A2_tdic=1.0555 CYP2C9_tdic=1.0408 CYP2D6_tdic=0.9838 CYP3A4_tdic=1.0927 is_TDI_2D6=0.3013 is_TDI_3A4=0.2257 CYP1A2_log2fc=0.8730 CYP2C9_log2fc=1.1263 CYP2D6_log2fc=0.9628 CYP3A4_log2fc=0.9562
ep15 train_mse=0.0258 val=0.6860 CYP1A2_direct=0.8145 CYP2C9_direct=0.7986 CYP2D6_direct=0.9065 CYP3A4_direct=0.4596 CYP1A2_tdic=1.0514 CYP2C9_tdic=1.0414 CYP2D6_tdic=0.9821 CYP3A4_tdic=1.0900 is_TDI_2D6=0.3029 is_TDI_3A4=0.2218 CYP1A2_log2fc=0.8693 CYP2C9_log2fc=1.1224 CYP2D6_log2fc=0.9658 CYP3A4_log2fc=0.9619
ep16 train_mse=0.0216 val=0.6804 CYP1A2_direct=0.7932 CYP2C9_direct=0.8018 CYP2D6_direct=0.9074 CYP3A4_direct=0.4500 CYP1A2_tdic=1.0526 CYP2C9_tdic=1.0357 CYP2D6_tdic=0.9838 CYP3A4_tdic=1.0894 is_TDI_2D6=0.3025 is_TDI_3A4=0.2231 CYP1A2_log2fc=0.8692 CYP2C9_log2fc=1.1253 CYP2D6_log2fc=0.9636 CYP3A4_log2fc=0.9568
ep17 train_mse=0.0176 val=0.6890 CYP1A2_direct=0.8218 CYP2C9_direct=0.7969 CYP2D6_direct=0.9172 CYP3A4_direct=0.4573 CYP1A2_tdic=1.0528 CYP2C9_tdic=1.0353 CYP2D6_tdic=0.9826 CYP3A4_tdic=1.0885 is_TDI_2D6=0.3022 is_TDI_3A4=0.2224 CYP1A2_log2fc=0.8694 CYP2C9_log2fc=1.1249 CYP2D6_log2fc=0.9635 CYP3A4_log2fc=0.9542
ep18 train_mse=0.0150 val=0.6872 CYP1A2_direct=0.7930 CYP2C9_direct=0.8019 CYP2D6_direct=0.9375 CYP3A4_direct=0.4493 CYP1A2_tdic=1.0534 CYP2C9_tdic=1.0384 CYP2D6_tdic=0.9835 CYP3A4_tdic=1.0888 is_TDI_2D6=0.3011 is_TDI_3A4=0.2233 CYP1A2_log2fc=0.8683 CYP2C9_log2fc=1.1226 CYP2D6_log2fc=0.9650 CYP3A4_log2fc=0.9554
ep19 train_mse=0.0130 val=0.6814 CYP1A2_direct=0.7992 CYP2C9_direct=0.8025 CYP2D6_direct=0.9098 CYP3A4_direct=0.4466 CYP1A2_tdic=1.0527 CYP2C9_tdic=1.0388 CYP2D6_tdic=0.9832 CYP3A4_tdic=1.0913 is_TDI_2D6=0.3003 is_TDI_3A4=0.2227 CYP1A2_log2fc=0.8694 CYP2C9_log2fc=1.1231 CYP2D6_log2fc=0.9664 CYP3A4_log2fc=0.9542
ep20 train_mse=0.0119 val=0.6792 CYP1A2_direct=0.7885 CYP2C9_direct=0.8120 CYP2D6_direct=0.9025 CYP3A4_direct=0.4440 CYP1A2_tdic=1.0535 CYP2C9_tdic=1.0389 CYP2D6_tdic=0.9830 CYP3A4_tdic=1.0916 is_TDI_2D6=0.2993 is_TDI_3A4=0.2234 CYP1A2_log2fc=0.8689 CYP2C9_log2fc=1.1187 CYP2D6_log2fc=0.9664 CYP3A4_log2fc=0.9547
[L1_ext] fold 0 done 364s
[L1_ext fold1] trainable 17.2M
GPU available: True (cuda), used: True
TPU available: False, using: 0 TPU cores
💡 Tip: For seamless cloud logging and experiment tracking, try installing [litlogger](https://pypi.org/project/litlogger/) to enable LitLogger, which logs metrics and artifacts automatically to the Lightning Experiments platform.
Seed set to 0
LOCAL_RANK: 0 - CUDA_VISIBLE_DEVICES: [0]
Loading `train_dataloader` to estimate number of stepping batches.
ep1 train_mse=0.0000 val=0.9910 CYP1A2_direct=1.1837 CYP2C9_direct=1.2126 CYP2D6_direct=0.5830 CYP3A4_direct=1.1206 CYP1A2_tdic=1.1744 CYP2C9_tdic=1.1844 CYP2D6_tdic=0.6713 CYP3A4_tdic=0.9683 is_TDI_2D6=0.2451 is_TDI_3A4=0.1703 CYP1A2_log2fc=1.3595 CYP2C9_log2fc=1.0319 CYP2D6_log2fc=1.1678 CYP3A4_log2fc=1.0777
ep1 train_mse=0.6543 val=0.7274 CYP1A2_direct=1.0292 CYP2C9_direct=0.7729 CYP2D6_direct=0.6304 CYP3A4_direct=0.5801 CYP1A2_tdic=1.1747 CYP2C9_tdic=1.1323 CYP2D6_tdic=0.7206 CYP3A4_tdic=0.9205 is_TDI_2D6=0.3110 is_TDI_3A4=0.1967 CYP1A2_log2fc=1.2429 CYP2C9_log2fc=1.0371 CYP2D6_log2fc=1.0431 CYP3A4_log2fc=0.9786
ep2 train_mse=0.5451 val=0.6198 CYP1A2_direct=0.9316 CYP2C9_direct=0.6295 CYP2D6_direct=0.4907 CYP3A4_direct=0.5163 CYP1A2_tdic=1.1832 CYP2C9_tdic=1.1337 CYP2D6_tdic=0.7194 CYP3A4_tdic=0.9150 is_TDI_2D6=0.2931 is_TDI_3A4=0.2040 CYP1A2_log2fc=1.2448 CYP2C9_log2fc=1.0361 CYP2D6_log2fc=1.0496 CYP3A4_log2fc=0.9767
ep3 train_mse=0.4694 val=0.5617 CYP1A2_direct=0.7988 CYP2C9_direct=0.6259 CYP2D6_direct=0.4685 CYP3A4_direct=0.4322 CYP1A2_tdic=1.1661 CYP2C9_tdic=1.1311 CYP2D6_tdic=0.7146 CYP3A4_tdic=0.9127 is_TDI_2D6=0.2900 is_TDI_3A4=0.2078 CYP1A2_log2fc=1.2464 CYP2C9_log2fc=1.0421 CYP2D6_log2fc=1.0398 CYP3A4_log2fc=0.9880
ep4 train_mse=0.3980 val=0.6072 CYP1A2_direct=0.9473 CYP2C9_direct=0.5772 CYP2D6_direct=0.5385 CYP3A4_direct=0.4416 CYP1A2_tdic=1.1531 CYP2C9_tdic=1.1412 CYP2D6_tdic=0.7154 CYP3A4_tdic=0.9303 is_TDI_2D6=0.2989 is_TDI_3A4=0.2020 CYP1A2_log2fc=1.2601 CYP2C9_log2fc=1.0346 CYP2D6_log2fc=1.0517 CYP3A4_log2fc=0.9843
ep5 train_mse=0.3177 val=0.5675 CYP1A2_direct=0.7867 CYP2C9_direct=0.5160 CYP2D6_direct=0.6005 CYP3A4_direct=0.4424 CYP1A2_tdic=1.1736 CYP2C9_tdic=1.1458 CYP2D6_tdic=0.7185 CYP3A4_tdic=0.9133 is_TDI_2D6=0.2933 is_TDI_3A4=0.1996 CYP1A2_log2fc=1.2605 CYP2C9_log2fc=1.0255 CYP2D6_log2fc=1.0454 CYP3A4_log2fc=0.9694
ep6 train_mse=0.2495 val=0.6762 CYP1A2_direct=0.9454 CYP2C9_direct=0.6722 CYP2D6_direct=0.6506 CYP3A4_direct=0.5291 CYP1A2_tdic=1.1833 CYP2C9_tdic=1.1577 CYP2D6_tdic=0.7192 CYP3A4_tdic=0.9212 is_TDI_2D6=0.2944 is_TDI_3A4=0.2003 CYP1A2_log2fc=1.2588 CYP2C9_log2fc=1.0210 CYP2D6_log2fc=1.0428 CYP3A4_log2fc=0.9805
ep7 train_mse=0.1935 val=0.5727 CYP1A2_direct=0.7621 CYP2C9_direct=0.5757 CYP2D6_direct=0.6009 CYP3A4_direct=0.4289 CYP1A2_tdic=1.1890 CYP2C9_tdic=1.1635 CYP2D6_tdic=0.7145 CYP3A4_tdic=0.9229 is_TDI_2D6=0.2994 is_TDI_3A4=0.2047 CYP1A2_log2fc=1.2582 CYP2C9_log2fc=1.0204 CYP2D6_log2fc=1.0423 CYP3A4_log2fc=0.9837
ep8 train_mse=0.1416 val=0.5653 CYP1A2_direct=0.7904 CYP2C9_direct=0.5554 CYP2D6_direct=0.5656 CYP3A4_direct=0.4247 CYP1A2_tdic=1.1855 CYP2C9_tdic=1.1523 CYP2D6_tdic=0.7159 CYP3A4_tdic=0.9068 is_TDI_2D6=0.2978 is_TDI_3A4=0.2065 CYP1A2_log2fc=1.2554 CYP2C9_log2fc=1.0238 CYP2D6_log2fc=1.0447 CYP3A4_log2fc=0.9815
ep9 train_mse=0.1014 val=0.5885 CYP1A2_direct=0.8135 CYP2C9_direct=0.5873 CYP2D6_direct=0.5905 CYP3A4_direct=0.4406 CYP1A2_tdic=1.1868 CYP2C9_tdic=1.1469 CYP2D6_tdic=0.7152 CYP3A4_tdic=0.9103 is_TDI_2D6=0.2916 is_TDI_3A4=0.2069 CYP1A2_log2fc=1.2550 CYP2C9_log2fc=1.0243 CYP2D6_log2fc=1.0438 CYP3A4_log2fc=0.9889
ep10 train_mse=0.0788 val=0.6056 CYP1A2_direct=0.8496 CYP2C9_direct=0.5736 CYP2D6_direct=0.6224 CYP3A4_direct=0.4560 CYP1A2_tdic=1.1900 CYP2C9_tdic=1.1549 CYP2D6_tdic=0.7152 CYP3A4_tdic=0.9146 is_TDI_2D6=0.2950 is_TDI_3A4=0.2109 CYP1A2_log2fc=1.2459 CYP2C9_log2fc=1.0211 CYP2D6_log2fc=1.0446 CYP3A4_log2fc=0.9897
ep11 train_mse=0.0605 val=0.5737 CYP1A2_direct=0.7731 CYP2C9_direct=0.5923 CYP2D6_direct=0.5779 CYP3A4_direct=0.4286 CYP1A2_tdic=1.1854 CYP2C9_tdic=1.1541 CYP2D6_tdic=0.7175 CYP3A4_tdic=0.9153 is_TDI_2D6=0.2940 is_TDI_3A4=0.2092 CYP1A2_log2fc=1.2449 CYP2C9_log2fc=1.0208 CYP2D6_log2fc=1.0499 CYP3A4_log2fc=0.9926
