[L2_s7] rows: challenge 6145; fold col fold_reg; weights=plan
[L2_s7 fold0] trainable 17.7M
GPU available: True (cuda), used: True
TPU available: False, using: 0 TPU cores
💡 Tip: For seamless cloud logging and experiment tracking, try installing [litlogger](https://pypi.org/project/litlogger/) to enable LitLogger, which logs metrics and artifacts automatically to the Lightning Experiments platform.
Seed set to 7
LOCAL_RANK: 0 - CUDA_VISIBLE_DEVICES: [0]
Loading `train_dataloader` to estimate number of stepping batches.
ep1 train_mse=0.0000 val=0.4264 CYP1A2_direct=1.6405 CYP2C9_direct=0.7990 CYP2D6_direct=0.4699 CYP3A4_direct=0.8513 CYP1A2_tdic=1.4798 CYP2C9_tdic=0.7761 CYP2D6_tdic=0.4548 CYP3A4_tdic=0.8548 is_TDI_2D6=0.2002 is_TDI_3A4=0.1718 CYP1A2_log2fc=1.5160 CYP2C9_log2fc=0.9213 CYP2D6_log2fc=0.9385 CYP3A4_log2fc=0.9805
ep1 train_mse=0.4427 val=0.2901 CYP1A2_direct=0.9215 CYP2C9_direct=0.6518 CYP2D6_direct=0.5908 CYP3A4_direct=0.4000 CYP1A2_tdic=0.8471 CYP2C9_tdic=0.5981 CYP2D6_tdic=0.5397 CYP3A4_tdic=0.4301 is_TDI_2D6=0.1957 is_TDI_3A4=0.1862 CYP1A2_log2fc=1.0071 CYP2C9_log2fc=0.5605 CYP2D6_log2fc=0.6895 CYP3A4_log2fc=0.5881
ep2 train_mse=0.3472 val=0.2725 CYP1A2_direct=0.8544 CYP2C9_direct=0.5767 CYP2D6_direct=0.5464 CYP3A4_direct=0.3942 CYP1A2_tdic=0.7953 CYP2C9_tdic=0.4808 CYP2D6_tdic=0.5735 CYP3A4_tdic=0.4530 is_TDI_2D6=0.1887 is_TDI_3A4=0.1828 CYP1A2_log2fc=0.9148 CYP2C9_log2fc=0.5051 CYP2D6_log2fc=0.7153 CYP3A4_log2fc=0.5286
ep3 train_mse=0.2771 val=0.2971 CYP1A2_direct=0.8778 CYP2C9_direct=0.7362 CYP2D6_direct=0.6167 CYP3A4_direct=0.5238 CYP1A2_tdic=0.8406 CYP2C9_tdic=0.7037 CYP2D6_tdic=0.5299 CYP3A4_tdic=0.4730 is_TDI_2D6=0.1858 is_TDI_3A4=0.1849 CYP1A2_log2fc=1.1221 CYP2C9_log2fc=0.5891 CYP2D6_log2fc=0.6539 CYP3A4_log2fc=0.6328
ep4 train_mse=0.2032 val=0.2860 CYP1A2_direct=0.9296 CYP2C9_direct=0.4951 CYP2D6_direct=0.5582 CYP3A4_direct=0.3905 CYP1A2_tdic=0.8733 CYP2C9_tdic=0.4673 CYP2D6_tdic=0.5113 CYP3A4_tdic=0.4189 is_TDI_2D6=0.1976 is_TDI_3A4=0.1905 CYP1A2_log2fc=0.9480 CYP2C9_log2fc=0.4736 CYP2D6_log2fc=0.5972 CYP3A4_log2fc=0.4926
ep5 train_mse=0.1704 val=0.3074 CYP1A2_direct=0.8410 CYP2C9_direct=0.6465 CYP2D6_direct=0.5908 CYP3A4_direct=0.4338 CYP1A2_tdic=0.8034 CYP2C9_tdic=0.6071 CYP2D6_tdic=0.5629 CYP3A4_tdic=0.4211 is_TDI_2D6=0.1970 is_TDI_3A4=0.1896 CYP1A2_log2fc=0.9029 CYP2C9_log2fc=0.4881 CYP2D6_log2fc=0.6107 CYP3A4_log2fc=0.4915
ep6 train_mse=0.1438 val=0.3205 CYP1A2_direct=0.8746 CYP2C9_direct=0.4880 CYP2D6_direct=0.6123 CYP3A4_direct=0.4309 CYP1A2_tdic=0.8398 CYP2C9_tdic=0.4733 CYP2D6_tdic=0.5203 CYP3A4_tdic=0.4197 is_TDI_2D6=0.1926 is_TDI_3A4=0.1856 CYP1A2_log2fc=0.8551 CYP2C9_log2fc=0.5264 CYP2D6_log2fc=0.6157 CYP3A4_log2fc=0.5331
ep7 train_mse=0.1205 val=0.3486 CYP1A2_direct=0.9051 CYP2C9_direct=0.5988 CYP2D6_direct=0.5886 CYP3A4_direct=0.3966 CYP1A2_tdic=0.8494 CYP2C9_tdic=0.5162 CYP2D6_tdic=0.5202 CYP3A4_tdic=0.4234 is_TDI_2D6=0.1976 is_TDI_3A4=0.1882 CYP1A2_log2fc=0.8963 CYP2C9_log2fc=0.4884 CYP2D6_log2fc=0.5720 CYP3A4_log2fc=0.4805
ep8 train_mse=0.0961 val=0.3584 CYP1A2_direct=0.8746 CYP2C9_direct=0.5512 CYP2D6_direct=0.5448 CYP3A4_direct=0.4013 CYP1A2_tdic=0.8353 CYP2C9_tdic=0.5261 CYP2D6_tdic=0.5098 CYP3A4_tdic=0.3921 is_TDI_2D6=0.1919 is_TDI_3A4=0.1823 CYP1A2_log2fc=0.8754 CYP2C9_log2fc=0.4567 CYP2D6_log2fc=0.6120 CYP3A4_log2fc=0.4554
ep9 train_mse=0.0774 val=0.3646 CYP1A2_direct=0.8850 CYP2C9_direct=0.5360 CYP2D6_direct=0.5705 CYP3A4_direct=0.3924 CYP1A2_tdic=0.8123 CYP2C9_tdic=0.5084 CYP2D6_tdic=0.4897 CYP3A4_tdic=0.3838 is_TDI_2D6=0.1973 is_TDI_3A4=0.1880 CYP1A2_log2fc=0.8810 CYP2C9_log2fc=0.4585 CYP2D6_log2fc=0.5408 CYP3A4_log2fc=0.4662
ep10 train_mse=0.0631 val=0.3606 CYP1A2_direct=0.8353 CYP2C9_direct=0.5285 CYP2D6_direct=0.5355 CYP3A4_direct=0.3689 CYP1A2_tdic=0.7868 CYP2C9_tdic=0.5031 CYP2D6_tdic=0.4898 CYP3A4_tdic=0.3791 is_TDI_2D6=0.1987 is_TDI_3A4=0.1871 CYP1A2_log2fc=0.8515 CYP2C9_log2fc=0.4598 CYP2D6_log2fc=0.5393 CYP3A4_log2fc=0.4714
[L2_s7] fold 0 done 191s
[L2_s7 fold1] trainable 17.7M
GPU available: True (cuda), used: True
TPU available: False, using: 0 TPU cores
💡 Tip: For seamless cloud logging and experiment tracking, try installing [litlogger](https://pypi.org/project/litlogger/) to enable LitLogger, which logs metrics and artifacts automatically to the Lightning Experiments platform.
Seed set to 7
LOCAL_RANK: 0 - CUDA_VISIBLE_DEVICES: [0]
Loading `train_dataloader` to estimate number of stepping batches.
ep1 train_mse=0.0000 val=0.4483 CYP1A2_direct=0.8516 CYP2C9_direct=1.2945 CYP2D6_direct=1.1415 CYP3A4_direct=0.9545 CYP1A2_tdic=0.8057 CYP2C9_tdic=0.9955 CYP2D6_tdic=1.2612 CYP3A4_tdic=0.8007 is_TDI_2D6=0.2571 is_TDI_3A4=0.1803 CYP1A2_log2fc=1.0425 CYP2C9_log2fc=1.0294 CYP2D6_log2fc=0.9745 CYP3A4_log2fc=1.1012
ep1 train_mse=0.4407 val=0.2791 CYP1A2_direct=0.5312 CYP2C9_direct=0.7777 CYP2D6_direct=0.7873 CYP3A4_direct=0.5040 CYP1A2_tdic=0.5178 CYP2C9_tdic=0.7808 CYP2D6_tdic=0.7993 CYP3A4_tdic=0.4122 is_TDI_2D6=0.2034 is_TDI_3A4=0.2044 CYP1A2_log2fc=0.7363 CYP2C9_log2fc=0.5022 CYP2D6_log2fc=0.6452 CYP3A4_log2fc=0.5830
ep2 train_mse=0.3395 val=0.2717 CYP1A2_direct=0.6967 CYP2C9_direct=0.6294 CYP2D6_direct=0.7781 CYP3A4_direct=0.4510 CYP1A2_tdic=0.6423 CYP2C9_tdic=0.5608 CYP2D6_tdic=0.7964 CYP3A4_tdic=0.3879 is_TDI_2D6=0.2162 is_TDI_3A4=0.1698 CYP1A2_log2fc=0.6709 CYP2C9_log2fc=0.5082 CYP2D6_log2fc=0.5898 CYP3A4_log2fc=0.5072
ep3 train_mse=0.2735 val=0.2624 CYP1A2_direct=0.6328 CYP2C9_direct=0.7124 CYP2D6_direct=0.6866 CYP3A4_direct=0.4294 CYP1A2_tdic=0.6305 CYP2C9_tdic=0.6647 CYP2D6_tdic=0.7494 CYP3A4_tdic=0.4051 is_TDI_2D6=0.2118 is_TDI_3A4=0.1756 CYP1A2_log2fc=0.7136 CYP2C9_log2fc=0.4668 CYP2D6_log2fc=0.5766 CYP3A4_log2fc=0.5516
ep4 train_mse=0.2061 val=0.2649 CYP1A2_direct=0.6326 CYP2C9_direct=0.7203 CYP2D6_direct=0.7074 CYP3A4_direct=0.4381 CYP1A2_tdic=0.6178 CYP2C9_tdic=0.6891 CYP2D6_tdic=0.7755 CYP3A4_tdic=0.3915 is_TDI_2D6=0.2186 is_TDI_3A4=0.1793 CYP1A2_log2fc=0.7158 CYP2C9_log2fc=0.4679 CYP2D6_log2fc=0.5493 CYP3A4_log2fc=0.4991
ep5 train_mse=0.1709 val=0.2655 CYP1A2_direct=0.5895 CYP2C9_direct=0.5999 CYP2D6_direct=0.7404 CYP3A4_direct=0.4649 CYP1A2_tdic=0.5695 CYP2C9_tdic=0.5823 CYP2D6_tdic=0.8117 CYP3A4_tdic=0.3848 is_TDI_2D6=0.2045 is_TDI_3A4=0.1769 CYP1A2_log2fc=0.6367 CYP2C9_log2fc=0.4488 CYP2D6_log2fc=0.5255 CYP3A4_log2fc=0.4909
ep6 train_mse=0.1459 val=0.2971 CYP1A2_direct=0.6306 CYP2C9_direct=0.6146 CYP2D6_direct=0.7413 CYP3A4_direct=0.4618 CYP1A2_tdic=0.5920 CYP2C9_tdic=0.5754 CYP2D6_tdic=0.8494 CYP3A4_tdic=0.3887 is_TDI_2D6=0.2023 is_TDI_3A4=0.1736 CYP1A2_log2fc=0.6359 CYP2C9_log2fc=0.4218 CYP2D6_log2fc=0.5324 CYP3A4_log2fc=0.4627
ep7 train_mse=0.1206 val=0.3108 CYP1A2_direct=0.6736 CYP2C9_direct=0.6107 CYP2D6_direct=0.7261 CYP3A4_direct=0.4374 CYP1A2_tdic=0.6297 CYP2C9_tdic=0.6001 CYP2D6_tdic=0.8166 CYP3A4_tdic=0.3803 is_TDI_2D6=0.2087 is_TDI_3A4=0.1746 CYP1A2_log2fc=0.6486 CYP2C9_log2fc=0.4373 CYP2D6_log2fc=0.5399 CYP3A4_log2fc=0.4886
ep8 train_mse=0.1018 val=0.3240 CYP1A2_direct=0.6590 CYP2C9_direct=0.6054 CYP2D6_direct=0.7649 CYP3A4_direct=0.4712 CYP1A2_tdic=0.6458 CYP2C9_tdic=0.5836 CYP2D6_tdic=0.8502 CYP3A4_tdic=0.3765 is_TDI_2D6=0.2067 is_TDI_3A4=0.1751 CYP1A2_log2fc=0.6519 CYP2C9_log2fc=0.3997 CYP2D6_log2fc=0.5118 CYP3A4_log2fc=0.4303
ep9 train_mse=0.0846 val=0.3263 CYP1A2_direct=0.6585 CYP2C9_direct=0.5863 CYP2D6_direct=0.7291 CYP3A4_direct=0.4782 CYP1A2_tdic=0.6154 CYP2C9_tdic=0.5675 CYP2D6_tdic=0.8311 CYP3A4_tdic=0.3517 is_TDI_2D6=0.2078 is_TDI_3A4=0.1739 CYP1A2_log2fc=0.6315 CYP2C9_log2fc=0.3957 CYP2D6_log2fc=0.5285 CYP3A4_log2fc=0.4318
ep10 train_mse=0.0680 val=0.3286 CYP1A2_direct=0.6198 CYP2C9_direct=0.5935 CYP2D6_direct=0.7224 CYP3A4_direct=0.4347 CYP1A2_tdic=0.5899 CYP2C9_tdic=0.5844 CYP2D6_tdic=0.7783 CYP3A4_tdic=0.3299 is_TDI_2D6=0.2076 is_TDI_3A4=0.1748 CYP1A2_log2fc=0.6458 CYP2C9_log2fc=0.3897 CYP2D6_log2fc=0.5429 CYP3A4_log2fc=0.4277
ep11 train_mse=0.0543 val=0.3378 CYP1A2_direct=0.6388 CYP2C9_direct=0.5816 CYP2D6_direct=0.7595 CYP3A4_direct=0.4347 CYP1A2_tdic=0.6008 CYP2C9_tdic=0.5684 CYP2D6_tdic=0.8241 CYP3A4_tdic=0.3493 is_TDI_2D6=0.2080 is_TDI_3A4=0.1761 CYP1A2_log2fc=0.6390 CYP2C9_log2fc=0.3921 CYP2D6_log2fc=0.5278 CYP3A4_log2fc=0.4189
[L2_s7] fold 1 done 400s
[L2_s7 fold2] trainable 17.7M
GPU available: True (cuda), used: True
TPU available: False, using: 0 TPU cores
💡 Tip: For seamless cloud logging and experiment tracking, try installing [litlogger](https://pypi.org/project/litlogger/) to enable LitLogger, which logs metrics and artifacts automatically to the Lightning Experiments platform.
Seed set to 7
LOCAL_RANK: 0 - CUDA_VISIBLE_DEVICES: [0]
Loading `train_dataloader` to estimate number of stepping batches.
ep1 train_mse=0.0000 val=0.4107 CYP1A2_direct=0.8721 CYP2C9_direct=0.7854 CYP2D6_direct=0.8901 CYP3A4_direct=0.9059 CYP1A2_tdic=0.8111 CYP2C9_tdic=0.7428 CYP2D6_tdic=0.9921 CYP3A4_tdic=0.9777 is_TDI_2D6=0.2638 is_TDI_3A4=0.2120 CYP1A2_log2fc=1.0030 CYP2C9_log2fc=0.9352 CYP2D6_log2fc=0.9973 CYP3A4_log2fc=1.0199
ep1 train_mse=0.4463 val=0.2939 CYP1A2_direct=0.7422 CYP2C9_direct=0.5049 CYP2D6_direct=0.7720 CYP3A4_direct=0.5949 CYP1A2_tdic=0.7673 CYP2C9_tdic=0.5144 CYP2D6_tdic=0.6939 CYP3A4_tdic=0.5372 is_TDI_2D6=0.2097 is_TDI_3A4=0.1862 CYP1A2_log2fc=0.6875 CYP2C9_log2fc=0.5585 CYP2D6_log2fc=0.7418 CYP3A4_log2fc=0.6321
ep2 train_mse=0.3281 val=0.2743 CYP1A2_direct=0.7363 CYP2C9_direct=0.4570 CYP2D6_direct=0.6893 CYP3A4_direct=0.5373 CYP1A2_tdic=0.7588 CYP2C9_tdic=0.4339 CYP2D6_tdic=0.6458 CYP3A4_tdic=0.4735 is_TDI_2D6=0.2146 is_TDI_3A4=0.2041 CYP1A2_log2fc=0.6888 CYP2C9_log2fc=0.4904 CYP2D6_log2fc=0.6663 CYP3A4_log2fc=0.6318
ep3 train_mse=0.2645 val=0.2881 CYP1A2_direct=0.7442 CYP2C9_direct=0.5143 CYP2D6_direct=0.7189 CYP3A4_direct=0.6443 CYP1A2_tdic=0.7515 CYP2C9_tdic=0.4945 CYP2D6_tdic=0.6633 CYP3A4_tdic=0.4930 is_TDI_2D6=0.2172 is_TDI_3A4=0.1985 CYP1A2_log2fc=0.6757 CYP2C9_log2fc=0.4826 CYP2D6_log2fc=0.7112 CYP3A4_log2fc=0.6401
ep4 train_mse=0.2110 val=0.3078 CYP1A2_direct=0.8408 CYP2C9_direct=0.5178 CYP2D6_direct=0.7537 CYP3A4_direct=0.5945 CYP1A2_tdic=0.7943 CYP2C9_tdic=0.4674 CYP2D6_tdic=0.7341 CYP3A4_tdic=0.4826 is_TDI_2D6=0.2135 is_TDI_3A4=0.1847 CYP1A2_log2fc=0.6327 CYP2C9_log2fc=0.5203 CYP2D6_log2fc=0.7198 CYP3A4_log2fc=0.6108
ep5 train_mse=0.1707 val=0.3295 CYP1A2_direct=0.6352 CYP2C9_direct=0.5378 CYP2D6_direct=0.8187 CYP3A4_direct=0.4770 CYP1A2_tdic=0.6369 CYP2C9_tdic=0.4736 CYP2D6_tdic=0.7596 CYP3A4_tdic=0.4174 is_TDI_2D6=0.2095 is_TDI_3A4=0.1962 CYP1A2_log2fc=0.6169 CYP2C9_log2fc=0.4681 CYP2D6_log2fc=0.6983 CYP3A4_log2fc=0.5393
ep6 train_mse=0.1394 val=0.3427 CYP1A2_direct=0.6406 CYP2C9_direct=0.4442 CYP2D6_direct=0.7634 CYP3A4_direct=0.4986 CYP1A2_tdic=0.6474 CYP2C9_tdic=0.4058 CYP2D6_tdic=0.6882 CYP3A4_tdic=0.4185 is_TDI_2D6=0.2140 is_TDI_3A4=0.1967 CYP1A2_log2fc=0.6313 CYP2C9_log2fc=0.4220 CYP2D6_log2fc=0.6372 CYP3A4_log2fc=0.5233
ep7 train_mse=0.1114 val=0.3753 CYP1A2_direct=0.6521 CYP2C9_direct=0.4594 CYP2D6_direct=0.7656 CYP3A4_direct=0.4946 CYP1A2_tdic=0.6571 CYP2C9_tdic=0.4163 CYP2D6_tdic=0.7378 CYP3A4_tdic=0.3996 is_TDI_2D6=0.2161 is_TDI_3A4=0.1889 CYP1A2_log2fc=0.6326 CYP2C9_log2fc=0.4222 CYP2D6_log2fc=0.6621 CYP3A4_log2fc=0.4985
ep8 train_mse=0.0933 val=0.3958 CYP1A2_direct=0.6570 CYP2C9_direct=0.4684 CYP2D6_direct=0.7472 CYP3A4_direct=0.5018 CYP1A2_tdic=0.6577 CYP2C9_tdic=0.4244 CYP2D6_tdic=0.6896 CYP3A4_tdic=0.4033 is_TDI_2D6=0.2234 is_TDI_3A4=0.1926 CYP1A2_log2fc=0.6768 CYP2C9_log2fc=0.4316 CYP2D6_log2fc=0.7185 CYP3A4_log2fc=0.4808
ep9 train_mse=0.0775 val=0.3799 CYP1A2_direct=0.6420 CYP2C9_direct=0.4629 CYP2D6_direct=0.7200 CYP3A4_direct=0.4752 CYP1A2_tdic=0.6257 CYP2C9_tdic=0.4258 CYP2D6_tdic=0.6995 CYP3A4_tdic=0.4019 is_TDI_2D6=0.2144 is_TDI_3A4=0.1878 CYP1A2_log2fc=0.6075 CYP2C9_log2fc=0.4292 CYP2D6_log2fc=0.6964 CYP3A4_log2fc=0.5176
ep10 train_mse=0.0631 val=0.4141 CYP1A2_direct=0.6680 CYP2C9_direct=0.4725 CYP2D6_direct=0.7693 CYP3A4_direct=0.4768 CYP1A2_tdic=0.6525 CYP2C9_tdic=0.4389 CYP2D6_tdic=0.7256 CYP3A4_tdic=0.3906 is_TDI_2D6=0.2207 is_TDI_3A4=0.1891 CYP1A2_log2fc=0.6232 CYP2C9_log2fc=0.4294 CYP2D6_log2fc=0.6764 CYP3A4_log2fc=0.4815
[L2_s7] fold 2 done 590s
[L2_s7 fold3] trainable 17.7M
GPU available: True (cuda), used: True
TPU available: False, using: 0 TPU cores
💡 Tip: For seamless cloud logging and experiment tracking, try installing [litlogger](https://pypi.org/project/litlogger/) to enable LitLogger, which logs metrics and artifacts automatically to the Lightning Experiments platform.
Seed set to 7
LOCAL_RANK: 0 - CUDA_VISIBLE_DEVICES: [0]
Loading `train_dataloader` to estimate number of stepping batches.
ep1 train_mse=0.0000 val=0.4389 CYP1A2_direct=0.9855 CYP2C9_direct=1.0096 CYP2D6_direct=0.9020 CYP3A4_direct=1.1439 CYP1A2_tdic=0.9993 CYP2C9_tdic=0.9645 CYP2D6_tdic=0.9005 CYP3A4_tdic=1.0560 is_TDI_2D6=0.2151 is_TDI_3A4=0.2063 CYP1A2_log2fc=1.2588 CYP2C9_log2fc=1.0416 CYP2D6_log2fc=0.9458 CYP3A4_log2fc=1.0941
ep1 train_mse=0.4587 val=0.2651 CYP1A2_direct=0.6452 CYP2C9_direct=0.5338 CYP2D6_direct=0.7301 CYP3A4_direct=0.3471 CYP1A2_tdic=0.6719 CYP2C9_tdic=0.4674 CYP2D6_tdic=0.7510 CYP3A4_tdic=0.4510 is_TDI_2D6=0.1988 is_TDI_3A4=0.1848 CYP1A2_log2fc=0.8765 CYP2C9_log2fc=0.5505 CYP2D6_log2fc=0.6790 CYP3A4_log2fc=0.5942
ep2 train_mse=0.3500 val=0.2507 CYP1A2_direct=0.5622 CYP2C9_direct=0.5356 CYP2D6_direct=0.6365 CYP3A4_direct=0.4289 CYP1A2_tdic=0.5617 CYP2C9_tdic=0.5042 CYP2D6_tdic=0.7098 CYP3A4_tdic=0.4601 is_TDI_2D6=0.2021 is_TDI_3A4=0.1935 CYP1A2_log2fc=0.8013 CYP2C9_log2fc=0.4954 CYP2D6_log2fc=0.6300 CYP3A4_log2fc=0.5561
ep3 train_mse=0.2768 val=0.2426 CYP1A2_direct=0.6279 CYP2C9_direct=0.5043 CYP2D6_direct=0.6341 CYP3A4_direct=0.3424 CYP1A2_tdic=0.6174 CYP2C9_tdic=0.4682 CYP2D6_tdic=0.7186 CYP3A4_tdic=0.4293 is_TDI_2D6=0.1889 is_TDI_3A4=0.1890 CYP1A2_log2fc=0.7568 CYP2C9_log2fc=0.4717 CYP2D6_log2fc=0.5922 CYP3A4_log2fc=0.4614
ep4 train_mse=0.2126 val=0.2379 CYP1A2_direct=0.5548 CYP2C9_direct=0.5360 CYP2D6_direct=0.6725 CYP3A4_direct=0.3267 CYP1A2_tdic=0.5579 CYP2C9_tdic=0.5094 CYP2D6_tdic=0.8319 CYP3A4_tdic=0.4115 is_TDI_2D6=0.1934 is_TDI_3A4=0.1815 CYP1A2_log2fc=0.7026 CYP2C9_log2fc=0.4350 CYP2D6_log2fc=0.5983 CYP3A4_log2fc=0.4412
ep5 train_mse=0.1725 val=0.2807 CYP1A2_direct=0.7074 CYP2C9_direct=0.4983 CYP2D6_direct=0.6026 CYP3A4_direct=0.4089 CYP1A2_tdic=0.7022 CYP2C9_tdic=0.4892 CYP2D6_tdic=0.7400 CYP3A4_tdic=0.4187 is_TDI_2D6=0.1950 is_TDI_3A4=0.1806 CYP1A2_log2fc=0.7339 CYP2C9_log2fc=0.4458 CYP2D6_log2fc=0.5554 CYP3A4_log2fc=0.5034
ep6 train_mse=0.1478 val=0.2747 CYP1A2_direct=0.6110 CYP2C9_direct=0.4810 CYP2D6_direct=0.5841 CYP3A4_direct=0.3556 CYP1A2_tdic=0.6225 CYP2C9_tdic=0.4345 CYP2D6_tdic=0.6841 CYP3A4_tdic=0.4130 is_TDI_2D6=0.1901 is_TDI_3A4=0.1843 CYP1A2_log2fc=0.7262 CYP2C9_log2fc=0.4476 CYP2D6_log2fc=0.5445 CYP3A4_log2fc=0.4570
ep7 train_mse=0.1228 val=0.2789 CYP1A2_direct=0.4981 CYP2C9_direct=0.5771 CYP2D6_direct=0.5659 CYP3A4_direct=0.3382 CYP1A2_tdic=0.5123 CYP2C9_tdic=0.5203 CYP2D6_tdic=0.7139 CYP3A4_tdic=0.4135 is_TDI_2D6=0.1951 is_TDI_3A4=0.1854 CYP1A2_log2fc=0.6816 CYP2C9_log2fc=0.4401 CYP2D6_log2fc=0.5130 CYP3A4_log2fc=0.4663
ep8 train_mse=0.1007 val=0.2970 CYP1A2_direct=0.5414 CYP2C9_direct=0.5129 CYP2D6_direct=0.5939 CYP3A4_direct=0.3442 CYP1A2_tdic=0.5799 CYP2C9_tdic=0.4709 CYP2D6_tdic=0.7220 CYP3A4_tdic=0.4417 is_TDI_2D6=0.1924 is_TDI_3A4=0.1899 CYP1A2_log2fc=0.7114 CYP2C9_log2fc=0.4334 CYP2D6_log2fc=0.5251 CYP3A4_log2fc=0.4932
ep9 train_mse=0.0820 val=0.2962 CYP1A2_direct=0.5462 CYP2C9_direct=0.5220 CYP2D6_direct=0.5862 CYP3A4_direct=0.3260 CYP1A2_tdic=0.5651 CYP2C9_tdic=0.4351 CYP2D6_tdic=0.7996 CYP3A4_tdic=0.3949 is_TDI_2D6=0.1947 is_TDI_3A4=0.1886 CYP1A2_log2fc=0.6541 CYP2C9_log2fc=0.4082 CYP2D6_log2fc=0.5211 CYP3A4_log2fc=0.4569
ep10 train_mse=0.0648 val=0.3016 CYP1A2_direct=0.5370 CYP2C9_direct=0.5028 CYP2D6_direct=0.5933 CYP3A4_direct=0.3241 CYP1A2_tdic=0.5545 CYP2C9_tdic=0.4486 CYP2D6_tdic=0.7627 CYP3A4_tdic=0.3903 is_TDI_2D6=0.1938 is_TDI_3A4=0.1874 CYP1A2_log2fc=0.6680 CYP2C9_log2fc=0.4089 CYP2D6_log2fc=0.5399 CYP3A4_log2fc=0.4467
ep11 train_mse=0.0510 val=0.3053 CYP1A2_direct=0.5245 CYP2C9_direct=0.4950 CYP2D6_direct=0.5603 CYP3A4_direct=0.3253 CYP1A2_tdic=0.5566 CYP2C9_tdic=0.4395 CYP2D6_tdic=0.7604 CYP3A4_tdic=0.3976 is_TDI_2D6=0.1890 is_TDI_3A4=0.1856 CYP1A2_log2fc=0.6699 CYP2C9_log2fc=0.4236 CYP2D6_log2fc=0.5297 CYP3A4_log2fc=0.4617
ep12 train_mse=0.0409 val=0.3118 CYP1A2_direct=0.5289 CYP2C9_direct=0.5216 CYP2D6_direct=0.5636 CYP3A4_direct=0.3353 CYP1A2_tdic=0.5579 CYP2C9_tdic=0.4526 CYP2D6_tdic=0.7433 CYP3A4_tdic=0.4091 is_TDI_2D6=0.1933 is_TDI_3A4=0.1884 CYP1A2_log2fc=0.6560 CYP2C9_log2fc=0.4000 CYP2D6_log2fc=0.5242 CYP3A4_log2fc=0.4624
[L2_s7] fold 3 done 814s
[L2_s7 fold4] trainable 17.7M
GPU available: True (cuda), used: True
TPU available: False, using: 0 TPU cores
💡 Tip: For seamless cloud logging and experiment tracking, try installing [litlogger](https://pypi.org/project/litlogger/) to enable LitLogger, which logs metrics and artifacts automatically to the Lightning Experiments platform.
Seed set to 7
LOCAL_RANK: 0 - CUDA_VISIBLE_DEVICES: [0]
Loading `train_dataloader` to estimate number of stepping batches.
ep1 train_mse=0.0000 val=0.4397 CYP1A2_direct=1.1834 CYP2C9_direct=0.7599 CYP2D6_direct=0.9796 CYP3A4_direct=1.0151 CYP1A2_tdic=1.1247 CYP2C9_tdic=0.7731 CYP2D6_tdic=0.9730 CYP3A4_tdic=1.2292 is_TDI_2D6=0.2609 is_TDI_3A4=0.1992 CYP1A2_log2fc=0.9659 CYP2C9_log2fc=1.0148 CYP2D6_log2fc=0.8876 CYP3A4_log2fc=1.0985
ep1 train_mse=0.4539 val=0.2708 CYP1A2_direct=0.6924 CYP2C9_direct=0.4107 CYP2D6_direct=0.8212 CYP3A4_direct=0.3251 CYP1A2_tdic=0.7126 CYP2C9_tdic=0.4568 CYP2D6_tdic=0.7969 CYP3A4_tdic=0.4664 is_TDI_2D6=0.2657 is_TDI_3A4=0.1877 CYP1A2_log2fc=0.6725 CYP2C9_log2fc=0.4916 CYP2D6_log2fc=0.6425 CYP3A4_log2fc=0.5374
ep2 train_mse=0.3376 val=0.2600 CYP1A2_direct=0.6805 CYP2C9_direct=0.4621 CYP2D6_direct=0.7235 CYP3A4_direct=0.3453 CYP1A2_tdic=0.6779 CYP2C9_tdic=0.4524 CYP2D6_tdic=0.7366 CYP3A4_tdic=0.5334 is_TDI_2D6=0.2723 is_TDI_3A4=0.1796 CYP1A2_log2fc=0.6159 CYP2C9_log2fc=0.5045 CYP2D6_log2fc=0.6661 CYP3A4_log2fc=0.5052
ep3 train_mse=0.2813 val=0.2409 CYP1A2_direct=0.6808 CYP2C9_direct=0.3899 CYP2D6_direct=0.6659 CYP3A4_direct=0.3068 CYP1A2_tdic=0.6629 CYP2C9_tdic=0.4180 CYP2D6_tdic=0.7565 CYP3A4_tdic=0.4672 is_TDI_2D6=0.2583 is_TDI_3A4=0.1702 CYP1A2_log2fc=0.5537 CYP2C9_log2fc=0.4787 CYP2D6_log2fc=0.5465 CYP3A4_log2fc=0.4940
ep4 train_mse=0.2158 val=0.2617 CYP1A2_direct=0.5802 CYP2C9_direct=0.5277 CYP2D6_direct=0.7828 CYP3A4_direct=0.3390 CYP1A2_tdic=0.5923 CYP2C9_tdic=0.4920 CYP2D6_tdic=0.8017 CYP3A4_tdic=0.4449 is_TDI_2D6=0.2631 is_TDI_3A4=0.1826 CYP1A2_log2fc=0.5333 CYP2C9_log2fc=0.5037 CYP2D6_log2fc=0.5839 CYP3A4_log2fc=0.4823
ep5 train_mse=0.1718 val=0.2888 CYP1A2_direct=0.6366 CYP2C9_direct=0.4184 CYP2D6_direct=0.7093 CYP3A4_direct=0.3066 CYP1A2_tdic=0.6480 CYP2C9_tdic=0.3997 CYP2D6_tdic=0.7770 CYP3A4_tdic=0.4313 is_TDI_2D6=0.2483 is_TDI_3A4=0.1772 CYP1A2_log2fc=0.5071 CYP2C9_log2fc=0.4368 CYP2D6_log2fc=0.5580 CYP3A4_log2fc=0.4460
ep6 train_mse=0.1410 val=0.2968 CYP1A2_direct=0.6018 CYP2C9_direct=0.4499 CYP2D6_direct=0.6891 CYP3A4_direct=0.3197 CYP1A2_tdic=0.6021 CYP2C9_tdic=0.4255 CYP2D6_tdic=0.7565 CYP3A4_tdic=0.4585 is_TDI_2D6=0.2582 is_TDI_3A4=0.1741 CYP1A2_log2fc=0.4967 CYP2C9_log2fc=0.4200 CYP2D6_log2fc=0.5037 CYP3A4_log2fc=0.4406
ep7 train_mse=0.1206 val=0.3241 CYP1A2_direct=0.6871 CYP2C9_direct=0.5036 CYP2D6_direct=0.6545 CYP3A4_direct=0.3205 CYP1A2_tdic=0.7080 CYP2C9_tdic=0.4408 CYP2D6_tdic=0.7609 CYP3A4_tdic=0.4560 is_TDI_2D6=0.2545 is_TDI_3A4=0.1742 CYP1A2_log2fc=0.5317 CYP2C9_log2fc=0.4413 CYP2D6_log2fc=0.5138 CYP3A4_log2fc=0.4458
ep8 train_mse=0.1014 val=0.3364 CYP1A2_direct=0.6357 CYP2C9_direct=0.4821 CYP2D6_direct=0.6909 CYP3A4_direct=0.3333 CYP1A2_tdic=0.6444 CYP2C9_tdic=0.4304 CYP2D6_tdic=0.7362 CYP3A4_tdic=0.4372 is_TDI_2D6=0.2492 is_TDI_3A4=0.1684 CYP1A2_log2fc=0.5323 CYP2C9_log2fc=0.4325 CYP2D6_log2fc=0.5380 CYP3A4_log2fc=0.4503
ep9 train_mse=0.0815 val=0.3355 CYP1A2_direct=0.6830 CYP2C9_direct=0.4123 CYP2D6_direct=0.6153 CYP3A4_direct=0.3115 CYP1A2_tdic=0.7015 CYP2C9_tdic=0.4062 CYP2D6_tdic=0.6726 CYP3A4_tdic=0.4258 is_TDI_2D6=0.2462 is_TDI_3A4=0.1714 CYP1A2_log2fc=0.5330 CYP2C9_log2fc=0.4205 CYP2D6_log2fc=0.5067 CYP3A4_log2fc=0.4310
ep10 train_mse=0.0624 val=0.3438 CYP1A2_direct=0.6521 CYP2C9_direct=0.4157 CYP2D6_direct=0.6555 CYP3A4_direct=0.2983 CYP1A2_tdic=0.6615 CYP2C9_tdic=0.4127 CYP2D6_tdic=0.7271 CYP3A4_tdic=0.4293 is_TDI_2D6=0.2485 is_TDI_3A4=0.1702 CYP1A2_log2fc=0.5165 CYP2C9_log2fc=0.4110 CYP2D6_log2fc=0.5418 CYP3A4_log2fc=0.4323
ep11 train_mse=0.0490 val=0.3529 CYP1A2_direct=0.6689 CYP2C9_direct=0.4230 CYP2D6_direct=0.6386 CYP3A4_direct=0.3161 CYP1A2_tdic=0.6847 CYP2C9_tdic=0.3977 CYP2D6_tdic=0.6964 CYP3A4_tdic=0.4344 is_TDI_2D6=0.2472 is_TDI_3A4=0.1718 CYP1A2_log2fc=0.5275 CYP2C9_log2fc=0.4240 CYP2D6_log2fc=0.5360 CYP3A4_log2fc=0.4510
[L2_s7] fold 4 done 1020s
[L2_s7 all] trainable 17.7M
GPU available: True (cuda), used: True
TPU available: False, using: 0 TPU cores
💡 Tip: For seamless cloud logging and experiment tracking, try installing [litlogger](https://pypi.org/project/litlogger/) to enable LitLogger, which logs metrics and artifacts automatically to the Lightning Experiments platform.
Seed set to 7
LOCAL_RANK: 0 - CUDA_VISIBLE_DEVICES: [0]
Loading `train_dataloader` to estimate number of stepping batches.
ep1 train_mse=0.0000 val=0.4858 CYP1A2_direct=0.9563 CYP2C9_direct=0.7256 CYP2D6_direct=1.8393 CYP3A4_direct=1.2155 CYP1A2_tdic=0.9664 CYP2C9_tdic=0.6254 CYP2D6_tdic=1.5817 CYP3A4_tdic=1.2462 is_TDI_2D6=0.2663 is_TDI_3A4=0.2557 CYP1A2_log2fc=0.8621 CYP2C9_log2fc=1.0831 CYP2D6_log2fc=1.0597 CYP3A4_log2fc=1.1700
ep1 train_mse=0.4881 val=0.2995 CYP1A2_direct=0.7605 CYP2C9_direct=0.4772 CYP2D6_direct=1.0840 CYP3A4_direct=0.4181 CYP1A2_tdic=0.7491 CYP2C9_tdic=0.4551 CYP2D6_tdic=1.0747 CYP3A4_tdic=0.4920 is_TDI_2D6=0.2297 is_TDI_3A4=0.2146 CYP1A2_log2fc=0.6541 CYP2C9_log2fc=0.4739 CYP2D6_log2fc=0.7089 CYP3A4_log2fc=0.4940
ep2 train_mse=0.3665 val=0.2994 CYP1A2_direct=0.6773 CYP2C9_direct=0.4946 CYP2D6_direct=1.2698 CYP3A4_direct=0.4703 CYP1A2_tdic=0.6950 CYP2C9_tdic=0.4830 CYP2D6_tdic=1.1987 CYP3A4_tdic=0.5537 is_TDI_2D6=0.2279 is_TDI_3A4=0.2083 CYP1A2_log2fc=0.6097 CYP2C9_log2fc=0.4930 CYP2D6_log2fc=0.8157 CYP3A4_log2fc=0.5631
ep3 train_mse=0.2993 val=0.2929 CYP1A2_direct=0.6964 CYP2C9_direct=0.4127 CYP2D6_direct=1.2212 CYP3A4_direct=0.4047 CYP1A2_tdic=0.7249 CYP2C9_tdic=0.4040 CYP2D6_tdic=1.1736 CYP3A4_tdic=0.4888 is_TDI_2D6=0.2177 is_TDI_3A4=0.2055 CYP1A2_log2fc=0.5813 CYP2C9_log2fc=0.4307 CYP2D6_log2fc=0.6661 CYP3A4_log2fc=0.4628
ep4 train_mse=0.2302 val=0.2936 CYP1A2_direct=0.8352 CYP2C9_direct=0.4523 CYP2D6_direct=1.2196 CYP3A4_direct=0.3539 CYP1A2_tdic=0.8530 CYP2C9_tdic=0.4560 CYP2D6_tdic=1.2175 CYP3A4_tdic=0.4378 is_TDI_2D6=0.2302 is_TDI_3A4=0.2024 CYP1A2_log2fc=0.5792 CYP2C9_log2fc=0.4264 CYP2D6_log2fc=0.6829 CYP3A4_log2fc=0.4406
ep5 train_mse=0.1884 val=0.3103 CYP1A2_direct=0.6281 CYP2C9_direct=0.4328 CYP2D6_direct=1.1749 CYP3A4_direct=0.4664 CYP1A2_tdic=0.6559 CYP2C9_tdic=0.4289 CYP2D6_tdic=1.1472 CYP3A4_tdic=0.5257 is_TDI_2D6=0.2218 is_TDI_3A4=0.2127 CYP1A2_log2fc=0.5266 CYP2C9_log2fc=0.4056 CYP2D6_log2fc=0.6348 CYP3A4_log2fc=0.5108
ep6 train_mse=0.1511 val=0.3709 CYP1A2_direct=0.6801 CYP2C9_direct=0.4171 CYP2D6_direct=1.2390 CYP3A4_direct=0.3915 CYP1A2_tdic=0.7032 CYP2C9_tdic=0.4127 CYP2D6_tdic=1.1944 CYP3A4_tdic=0.5126 is_TDI_2D6=0.2283 is_TDI_3A4=0.2134 CYP1A2_log2fc=0.5417 CYP2C9_log2fc=0.3944 CYP2D6_log2fc=0.6719 CYP3A4_log2fc=0.4391
ep7 train_mse=0.1291 val=0.3839 CYP1A2_direct=0.6815 CYP2C9_direct=0.4436 CYP2D6_direct=1.1465 CYP3A4_direct=0.3697 CYP1A2_tdic=0.7065 CYP2C9_tdic=0.4666 CYP2D6_tdic=1.1322 CYP3A4_tdic=0.4697 is_TDI_2D6=0.2285 is_TDI_3A4=0.2129 CYP1A2_log2fc=0.5212 CYP2C9_log2fc=0.4025 CYP2D6_log2fc=0.6651 CYP3A4_log2fc=0.4393
ep8 train_mse=0.1028 val=0.4102 CYP1A2_direct=0.6200 CYP2C9_direct=0.4056 CYP2D6_direct=1.1805 CYP3A4_direct=0.3796 CYP1A2_tdic=0.6482 CYP2C9_tdic=0.4159 CYP2D6_tdic=1.1802 CYP3A4_tdic=0.4599 is_TDI_2D6=0.2279 is_TDI_3A4=0.2078 CYP1A2_log2fc=0.5239 CYP2C9_log2fc=0.3865 CYP2D6_log2fc=0.6632 CYP3A4_log2fc=0.4217
ep9 train_mse=0.0827 val=0.3999 CYP1A2_direct=0.5985 CYP2C9_direct=0.4094 CYP2D6_direct=1.1524 CYP3A4_direct=0.3408 CYP1A2_tdic=0.6226 CYP2C9_tdic=0.4001 CYP2D6_tdic=1.1547 CYP3A4_tdic=0.4484 is_TDI_2D6=0.2265 is_TDI_3A4=0.2108 CYP1A2_log2fc=0.5142 CYP2C9_log2fc=0.3973 CYP2D6_log2fc=0.6793 CYP3A4_log2fc=0.4187
ep10 train_mse=0.0667 val=0.4116 CYP1A2_direct=0.6310 CYP2C9_direct=0.4326 CYP2D6_direct=1.1467 CYP3A4_direct=0.3405 CYP1A2_tdic=0.6611 CYP2C9_tdic=0.4258 CYP2D6_tdic=1.1908 CYP3A4_tdic=0.4518 is_TDI_2D6=0.2260 is_TDI_3A4=0.2073 CYP1A2_log2fc=0.5536 CYP2C9_log2fc=0.4133 CYP2D6_log2fc=0.6814 CYP3A4_log2fc=0.4487
ep11 train_mse=0.0551 val=0.4241 CYP1A2_direct=0.6192 CYP2C9_direct=0.4134 CYP2D6_direct=1.1753 CYP3A4_direct=0.3495 CYP1A2_tdic=0.6544 CYP2C9_tdic=0.4151 CYP2D6_tdic=1.3046 CYP3A4_tdic=0.4496 is_TDI_2D6=0.2338 is_TDI_3A4=0.2077 CYP1A2_log2fc=0.5130 CYP2C9_log2fc=0.3721 CYP2D6_log2fc=0.7699 CYP3A4_log2fc=0.4244
DONE L2_s7 1236s
