[L2_s2] rows: challenge 6145; fold col fold_reg; weights=plan
[L2_s2 fold0] trainable 17.7M
GPU available: True (cuda), used: True
TPU available: False, using: 0 TPU cores
💡 Tip: For seamless cloud logging and experiment tracking, try installing [litlogger](https://pypi.org/project/litlogger/) to enable LitLogger, which logs metrics and artifacts automatically to the Lightning Experiments platform.
Seed set to 2
LOCAL_RANK: 0 - CUDA_VISIBLE_DEVICES: [0]
Loading `train_dataloader` to estimate number of stepping batches.
ep1 train_mse=0.0000 val=0.4352 CYP1A2_direct=0.8468 CYP2C9_direct=0.9469 CYP2D6_direct=0.8319 CYP3A4_direct=1.0472 CYP1A2_tdic=0.8967 CYP2C9_tdic=0.9135 CYP2D6_tdic=1.0000 CYP3A4_tdic=0.8888 is_TDI_2D6=0.2284 is_TDI_3A4=0.2849 CYP1A2_log2fc=1.1818 CYP2C9_log2fc=1.1505 CYP2D6_log2fc=0.9906 CYP3A4_log2fc=1.0882
ep1 train_mse=0.4546 val=0.2908 CYP1A2_direct=0.4901 CYP2C9_direct=0.6140 CYP2D6_direct=0.6713 CYP3A4_direct=0.6086 CYP1A2_tdic=0.5835 CYP2C9_tdic=0.6079 CYP2D6_tdic=0.7262 CYP3A4_tdic=0.5307 is_TDI_2D6=0.2185 is_TDI_3A4=0.2291 CYP1A2_log2fc=0.7098 CYP2C9_log2fc=0.5510 CYP2D6_log2fc=0.5768 CYP3A4_log2fc=0.6298
ep2 train_mse=0.3436 val=0.2784 CYP1A2_direct=0.6038 CYP2C9_direct=0.5982 CYP2D6_direct=0.7375 CYP3A4_direct=0.4161 CYP1A2_tdic=0.6178 CYP2C9_tdic=0.5466 CYP2D6_tdic=0.7706 CYP3A4_tdic=0.4257 is_TDI_2D6=0.2239 is_TDI_3A4=0.2387 CYP1A2_log2fc=0.8395 CYP2C9_log2fc=0.5368 CYP2D6_log2fc=0.6407 CYP3A4_log2fc=0.6242
ep3 train_mse=0.2854 val=0.2726 CYP1A2_direct=0.4985 CYP2C9_direct=0.5362 CYP2D6_direct=0.7619 CYP3A4_direct=0.3582 CYP1A2_tdic=0.5253 CYP2C9_tdic=0.5251 CYP2D6_tdic=0.7120 CYP3A4_tdic=0.3864 is_TDI_2D6=0.2214 is_TDI_3A4=0.2377 CYP1A2_log2fc=0.6613 CYP2C9_log2fc=0.4951 CYP2D6_log2fc=0.5823 CYP3A4_log2fc=0.5279
ep4 train_mse=0.2175 val=0.2880 CYP1A2_direct=0.4424 CYP2C9_direct=0.6124 CYP2D6_direct=0.8900 CYP3A4_direct=0.3327 CYP1A2_tdic=0.4656 CYP2C9_tdic=0.5503 CYP2D6_tdic=0.8473 CYP3A4_tdic=0.3690 is_TDI_2D6=0.2232 is_TDI_3A4=0.2487 CYP1A2_log2fc=0.6309 CYP2C9_log2fc=0.5054 CYP2D6_log2fc=0.5277 CYP3A4_log2fc=0.5076
ep5 train_mse=0.1787 val=0.3519 CYP1A2_direct=0.4435 CYP2C9_direct=0.5154 CYP2D6_direct=0.8255 CYP3A4_direct=0.3371 CYP1A2_tdic=0.4715 CYP2C9_tdic=0.4767 CYP2D6_tdic=0.8200 CYP3A4_tdic=0.3460 is_TDI_2D6=0.2222 is_TDI_3A4=0.2409 CYP1A2_log2fc=0.6411 CYP2C9_log2fc=0.4781 CYP2D6_log2fc=0.5328 CYP3A4_log2fc=0.5102
ep6 train_mse=0.1454 val=0.3098 CYP1A2_direct=0.4038 CYP2C9_direct=0.4975 CYP2D6_direct=0.7008 CYP3A4_direct=0.3531 CYP1A2_tdic=0.4348 CYP2C9_tdic=0.4714 CYP2D6_tdic=0.7137 CYP3A4_tdic=0.3654 is_TDI_2D6=0.2241 is_TDI_3A4=0.2398 CYP1A2_log2fc=0.6507 CYP2C9_log2fc=0.4248 CYP2D6_log2fc=0.5205 CYP3A4_log2fc=0.5013
ep7 train_mse=0.1186 val=0.3525 CYP1A2_direct=0.3782 CYP2C9_direct=0.4867 CYP2D6_direct=0.7449 CYP3A4_direct=0.3178 CYP1A2_tdic=0.4157 CYP2C9_tdic=0.4521 CYP2D6_tdic=0.7443 CYP3A4_tdic=0.3417 is_TDI_2D6=0.2328 is_TDI_3A4=0.2392 CYP1A2_log2fc=0.6104 CYP2C9_log2fc=0.4278 CYP2D6_log2fc=0.4943 CYP3A4_log2fc=0.4787
ep8 train_mse=0.0978 val=0.3646 CYP1A2_direct=0.4063 CYP2C9_direct=0.4971 CYP2D6_direct=0.7123 CYP3A4_direct=0.3348 CYP1A2_tdic=0.4464 CYP2C9_tdic=0.4594 CYP2D6_tdic=0.7382 CYP3A4_tdic=0.3610 is_TDI_2D6=0.2321 is_TDI_3A4=0.2531 CYP1A2_log2fc=0.6358 CYP2C9_log2fc=0.4245 CYP2D6_log2fc=0.4931 CYP3A4_log2fc=0.5114
ep9 train_mse=0.0821 val=0.3704 CYP1A2_direct=0.4130 CYP2C9_direct=0.5009 CYP2D6_direct=0.7883 CYP3A4_direct=0.3663 CYP1A2_tdic=0.4473 CYP2C9_tdic=0.4388 CYP2D6_tdic=0.7949 CYP3A4_tdic=0.3644 is_TDI_2D6=0.2305 is_TDI_3A4=0.2396 CYP1A2_log2fc=0.6480 CYP2C9_log2fc=0.4200 CYP2D6_log2fc=0.5222 CYP3A4_log2fc=0.4866
ep10 train_mse=0.0641 val=0.3815 CYP1A2_direct=0.4083 CYP2C9_direct=0.4762 CYP2D6_direct=0.7277 CYP3A4_direct=0.3266 CYP1A2_tdic=0.4536 CYP2C9_tdic=0.4352 CYP2D6_tdic=0.7337 CYP3A4_tdic=0.3498 is_TDI_2D6=0.2272 is_TDI_3A4=0.2469 CYP1A2_log2fc=0.7212 CYP2C9_log2fc=0.4212 CYP2D6_log2fc=0.5087 CYP3A4_log2fc=0.5027
ep11 train_mse=0.0525 val=0.3911 CYP1A2_direct=0.3884 CYP2C9_direct=0.4983 CYP2D6_direct=0.7757 CYP3A4_direct=0.3165 CYP1A2_tdic=0.4399 CYP2C9_tdic=0.4421 CYP2D6_tdic=0.8363 CYP3A4_tdic=0.3631 is_TDI_2D6=0.2282 is_TDI_3A4=0.2493 CYP1A2_log2fc=0.6632 CYP2C9_log2fc=0.3977 CYP2D6_log2fc=0.5133 CYP3A4_log2fc=0.5165
[L2_s2] fold 0 done 208s
[L2_s2 fold1] trainable 17.7M
GPU available: True (cuda), used: True
TPU available: False, using: 0 TPU cores
💡 Tip: For seamless cloud logging and experiment tracking, try installing [litlogger](https://pypi.org/project/litlogger/) to enable LitLogger, which logs metrics and artifacts automatically to the Lightning Experiments platform.
Seed set to 2
LOCAL_RANK: 0 - CUDA_VISIBLE_DEVICES: [0]
Loading `train_dataloader` to estimate number of stepping batches.
ep1 train_mse=0.0000 val=0.4773 CYP1A2_direct=1.3569 CYP2C9_direct=1.3458 CYP2D6_direct=0.9780 CYP3A4_direct=1.0066 CYP1A2_tdic=1.2241 CYP2C9_tdic=1.4700 CYP2D6_tdic=0.8890 CYP3A4_tdic=1.0364 is_TDI_2D6=0.2335 is_TDI_3A4=0.1831 CYP1A2_log2fc=1.0480 CYP2C9_log2fc=1.0704 CYP2D6_log2fc=0.9506 CYP3A4_log2fc=1.0442
ep1 train_mse=0.4399 val=0.3065 CYP1A2_direct=0.8408 CYP2C9_direct=0.7897 CYP2D6_direct=0.7505 CYP3A4_direct=0.4525 CYP1A2_tdic=0.8807 CYP2C9_tdic=0.8889 CYP2D6_tdic=0.8374 CYP3A4_tdic=0.5256 is_TDI_2D6=0.2005 is_TDI_3A4=0.1795 CYP1A2_log2fc=0.7130 CYP2C9_log2fc=0.5096 CYP2D6_log2fc=0.5978 CYP3A4_log2fc=0.5361
ep2 train_mse=0.3328 val=0.2949 CYP1A2_direct=0.8848 CYP2C9_direct=0.5922 CYP2D6_direct=0.8536 CYP3A4_direct=0.3892 CYP1A2_tdic=0.8791 CYP2C9_tdic=0.6747 CYP2D6_tdic=0.9271 CYP3A4_tdic=0.5513 is_TDI_2D6=0.2094 is_TDI_3A4=0.1776 CYP1A2_log2fc=0.6845 CYP2C9_log2fc=0.4624 CYP2D6_log2fc=0.7266 CYP3A4_log2fc=0.5420
ep3 train_mse=0.2679 val=0.2872 CYP1A2_direct=0.8363 CYP2C9_direct=0.5547 CYP2D6_direct=0.8984 CYP3A4_direct=0.3406 CYP1A2_tdic=0.8439 CYP2C9_tdic=0.6704 CYP2D6_tdic=0.9393 CYP3A4_tdic=0.4403 is_TDI_2D6=0.2094 is_TDI_3A4=0.1766 CYP1A2_log2fc=0.6706 CYP2C9_log2fc=0.4162 CYP2D6_log2fc=0.5849 CYP3A4_log2fc=0.4991
ep4 train_mse=0.2076 val=0.2840 CYP1A2_direct=0.9187 CYP2C9_direct=0.4790 CYP2D6_direct=0.8772 CYP3A4_direct=0.3460 CYP1A2_tdic=0.9264 CYP2C9_tdic=0.5881 CYP2D6_tdic=0.9252 CYP3A4_tdic=0.4380 is_TDI_2D6=0.2026 is_TDI_3A4=0.1750 CYP1A2_log2fc=0.6523 CYP2C9_log2fc=0.4129 CYP2D6_log2fc=0.6368 CYP3A4_log2fc=0.4528
ep5 train_mse=0.1740 val=0.3007 CYP1A2_direct=0.7972 CYP2C9_direct=0.6061 CYP2D6_direct=0.8075 CYP3A4_direct=0.3883 CYP1A2_tdic=0.7966 CYP2C9_tdic=0.7405 CYP2D6_tdic=0.8610 CYP3A4_tdic=0.4805 is_TDI_2D6=0.2124 is_TDI_3A4=0.1801 CYP1A2_log2fc=0.6079 CYP2C9_log2fc=0.4182 CYP2D6_log2fc=0.5782 CYP3A4_log2fc=0.4167
ep6 train_mse=0.1443 val=0.3452 CYP1A2_direct=0.8631 CYP2C9_direct=0.5524 CYP2D6_direct=0.7817 CYP3A4_direct=0.3542 CYP1A2_tdic=0.8830 CYP2C9_tdic=0.6514 CYP2D6_tdic=0.8412 CYP3A4_tdic=0.4179 is_TDI_2D6=0.2016 is_TDI_3A4=0.1781 CYP1A2_log2fc=0.6249 CYP2C9_log2fc=0.3948 CYP2D6_log2fc=0.5452 CYP3A4_log2fc=0.4530
ep7 train_mse=0.1173 val=0.3298 CYP1A2_direct=0.7913 CYP2C9_direct=0.4990 CYP2D6_direct=0.7194 CYP3A4_direct=0.3292 CYP1A2_tdic=0.7982 CYP2C9_tdic=0.6340 CYP2D6_tdic=0.7669 CYP3A4_tdic=0.3983 is_TDI_2D6=0.2047 is_TDI_3A4=0.1739 CYP1A2_log2fc=0.5857 CYP2C9_log2fc=0.3735 CYP2D6_log2fc=0.5532 CYP3A4_log2fc=0.4019
ep8 train_mse=0.0964 val=0.3397 CYP1A2_direct=0.8057 CYP2C9_direct=0.4788 CYP2D6_direct=0.7561 CYP3A4_direct=0.3411 CYP1A2_tdic=0.8112 CYP2C9_tdic=0.5977 CYP2D6_tdic=0.8421 CYP3A4_tdic=0.4174 is_TDI_2D6=0.2146 is_TDI_3A4=0.1767 CYP1A2_log2fc=0.5711 CYP2C9_log2fc=0.3759 CYP2D6_log2fc=0.5197 CYP3A4_log2fc=0.3752
ep9 train_mse=0.0799 val=0.3415 CYP1A2_direct=0.7978 CYP2C9_direct=0.5368 CYP2D6_direct=0.7336 CYP3A4_direct=0.3315 CYP1A2_tdic=0.8072 CYP2C9_tdic=0.6737 CYP2D6_tdic=0.8466 CYP3A4_tdic=0.4262 is_TDI_2D6=0.2060 is_TDI_3A4=0.1769 CYP1A2_log2fc=0.5922 CYP2C9_log2fc=0.3931 CYP2D6_log2fc=0.5366 CYP3A4_log2fc=0.4035
ep10 train_mse=0.0637 val=0.3493 CYP1A2_direct=0.8064 CYP2C9_direct=0.4932 CYP2D6_direct=0.7591 CYP3A4_direct=0.3407 CYP1A2_tdic=0.8046 CYP2C9_tdic=0.6177 CYP2D6_tdic=0.8559 CYP3A4_tdic=0.4145 is_TDI_2D6=0.2076 is_TDI_3A4=0.1784 CYP1A2_log2fc=0.5728 CYP2C9_log2fc=0.3625 CYP2D6_log2fc=0.5271 CYP3A4_log2fc=0.3887
ep11 train_mse=0.0491 val=0.3605 CYP1A2_direct=0.8060 CYP2C9_direct=0.4950 CYP2D6_direct=0.7048 CYP3A4_direct=0.3460 CYP1A2_tdic=0.8022 CYP2C9_tdic=0.6289 CYP2D6_tdic=0.8524 CYP3A4_tdic=0.4147 is_TDI_2D6=0.2154 is_TDI_3A4=0.1776 CYP1A2_log2fc=0.5562 CYP2C9_log2fc=0.3676 CYP2D6_log2fc=0.5734 CYP3A4_log2fc=0.4145
ep12 train_mse=0.0404 val=0.3593 CYP1A2_direct=0.8167 CYP2C9_direct=0.5010 CYP2D6_direct=0.7621 CYP3A4_direct=0.3252 CYP1A2_tdic=0.8155 CYP2C9_tdic=0.6026 CYP2D6_tdic=0.9142 CYP3A4_tdic=0.4095 is_TDI_2D6=0.2138 is_TDI_3A4=0.1771 CYP1A2_log2fc=0.5616 CYP2C9_log2fc=0.3571 CYP2D6_log2fc=0.5530 CYP3A4_log2fc=0.3900
[L2_s2] fold 1 done 434s
[L2_s2 fold2] trainable 17.7M
GPU available: True (cuda), used: True
TPU available: False, using: 0 TPU cores
💡 Tip: For seamless cloud logging and experiment tracking, try installing [litlogger](https://pypi.org/project/litlogger/) to enable LitLogger, which logs metrics and artifacts automatically to the Lightning Experiments platform.
Seed set to 2
LOCAL_RANK: 0 - CUDA_VISIBLE_DEVICES: [0]
Loading `train_dataloader` to estimate number of stepping batches.
ep1 train_mse=0.0000 val=0.4222 CYP1A2_direct=1.0505 CYP2C9_direct=0.7453 CYP2D6_direct=0.7518 CYP3A4_direct=1.0349 CYP1A2_tdic=0.9603 CYP2C9_tdic=0.8196 CYP2D6_tdic=0.8654 CYP3A4_tdic=0.9436 is_TDI_2D6=0.2066 is_TDI_3A4=0.2395 CYP1A2_log2fc=0.9987 CYP2C9_log2fc=1.0456 CYP2D6_log2fc=1.0858 CYP3A4_log2fc=1.1509
ep1 train_mse=0.4367 val=0.2998 CYP1A2_direct=0.7087 CYP2C9_direct=0.4229 CYP2D6_direct=0.6622 CYP3A4_direct=0.7951 CYP1A2_tdic=0.8067 CYP2C9_tdic=0.5182 CYP2D6_tdic=0.7703 CYP3A4_tdic=0.6496 is_TDI_2D6=0.2010 is_TDI_3A4=0.2035 CYP1A2_log2fc=0.6587 CYP2C9_log2fc=0.6058 CYP2D6_log2fc=0.6680 CYP3A4_log2fc=0.6359
ep2 train_mse=0.3315 val=0.2911 CYP1A2_direct=0.7401 CYP2C9_direct=0.5445 CYP2D6_direct=0.8112 CYP3A4_direct=0.5768 CYP1A2_tdic=0.7400 CYP2C9_tdic=0.5996 CYP2D6_tdic=0.9241 CYP3A4_tdic=0.5389 is_TDI_2D6=0.2126 is_TDI_3A4=0.2077 CYP1A2_log2fc=0.6364 CYP2C9_log2fc=0.5932 CYP2D6_log2fc=0.7018 CYP3A4_log2fc=0.5995
ep3 train_mse=0.2647 val=0.2965 CYP1A2_direct=0.7395 CYP2C9_direct=0.5482 CYP2D6_direct=0.7694 CYP3A4_direct=0.7252 CYP1A2_tdic=0.7610 CYP2C9_tdic=0.6460 CYP2D6_tdic=0.8462 CYP3A4_tdic=0.6250 is_TDI_2D6=0.2034 is_TDI_3A4=0.2099 CYP1A2_log2fc=0.6535 CYP2C9_log2fc=0.6352 CYP2D6_log2fc=0.7312 CYP3A4_log2fc=0.6881
ep4 train_mse=0.2025 val=0.2930 CYP1A2_direct=0.7577 CYP2C9_direct=0.3994 CYP2D6_direct=0.6873 CYP3A4_direct=0.6146 CYP1A2_tdic=0.7818 CYP2C9_tdic=0.4605 CYP2D6_tdic=0.8076 CYP3A4_tdic=0.5589 is_TDI_2D6=0.1983 is_TDI_3A4=0.2004 CYP1A2_log2fc=0.6096 CYP2C9_log2fc=0.5234 CYP2D6_log2fc=0.7289 CYP3A4_log2fc=0.5514
ep5 train_mse=0.1682 val=0.3339 CYP1A2_direct=0.5941 CYP2C9_direct=0.4488 CYP2D6_direct=0.7465 CYP3A4_direct=0.6156 CYP1A2_tdic=0.6438 CYP2C9_tdic=0.5419 CYP2D6_tdic=0.8298 CYP3A4_tdic=0.5597 is_TDI_2D6=0.2010 is_TDI_3A4=0.2006 CYP1A2_log2fc=0.5762 CYP2C9_log2fc=0.5649 CYP2D6_log2fc=0.6847 CYP3A4_log2fc=0.5248
ep6 train_mse=0.1406 val=0.3674 CYP1A2_direct=0.6634 CYP2C9_direct=0.4619 CYP2D6_direct=0.9657 CYP3A4_direct=0.6341 CYP1A2_tdic=0.7267 CYP2C9_tdic=0.5411 CYP2D6_tdic=1.0529 CYP3A4_tdic=0.5191 is_TDI_2D6=0.1926 is_TDI_3A4=0.1984 CYP1A2_log2fc=0.6271 CYP2C9_log2fc=0.5651 CYP2D6_log2fc=0.6794 CYP3A4_log2fc=0.5406
ep7 train_mse=0.1150 val=0.3443 CYP1A2_direct=0.6259 CYP2C9_direct=0.4306 CYP2D6_direct=0.6956 CYP3A4_direct=0.5790 CYP1A2_tdic=0.6669 CYP2C9_tdic=0.5101 CYP2D6_tdic=0.8167 CYP3A4_tdic=0.5314 is_TDI_2D6=0.1948 is_TDI_3A4=0.1980 CYP1A2_log2fc=0.5994 CYP2C9_log2fc=0.5616 CYP2D6_log2fc=0.5783 CYP3A4_log2fc=0.5237
ep8 train_mse=0.0966 val=0.4074 CYP1A2_direct=0.6850 CYP2C9_direct=0.4143 CYP2D6_direct=0.8665 CYP3A4_direct=0.5760 CYP1A2_tdic=0.7503 CYP2C9_tdic=0.4997 CYP2D6_tdic=0.9414 CYP3A4_tdic=0.4887 is_TDI_2D6=0.1975 is_TDI_3A4=0.1975 CYP1A2_log2fc=0.6439 CYP2C9_log2fc=0.6165 CYP2D6_log2fc=0.6517 CYP3A4_log2fc=0.5452
ep9 train_mse=0.0800 val=0.3887 CYP1A2_direct=0.6466 CYP2C9_direct=0.4576 CYP2D6_direct=0.7983 CYP3A4_direct=0.5589 CYP1A2_tdic=0.6862 CYP2C9_tdic=0.5488 CYP2D6_tdic=0.9433 CYP3A4_tdic=0.4876 is_TDI_2D6=0.1978 is_TDI_3A4=0.1942 CYP1A2_log2fc=0.6435 CYP2C9_log2fc=0.5874 CYP2D6_log2fc=0.6413 CYP3A4_log2fc=0.5765
ep10 train_mse=0.0643 val=0.3873 CYP1A2_direct=0.6567 CYP2C9_direct=0.4567 CYP2D6_direct=0.7815 CYP3A4_direct=0.5488 CYP1A2_tdic=0.6983 CYP2C9_tdic=0.5541 CYP2D6_tdic=0.9070 CYP3A4_tdic=0.5015 is_TDI_2D6=0.1971 is_TDI_3A4=0.1918 CYP1A2_log2fc=0.6192 CYP2C9_log2fc=0.6044 CYP2D6_log2fc=0.6801 CYP3A4_log2fc=0.5349
[L2_s2] fold 2 done 624s
[L2_s2 fold3] trainable 17.7M
GPU available: True (cuda), used: True
TPU available: False, using: 0 TPU cores
💡 Tip: For seamless cloud logging and experiment tracking, try installing [litlogger](https://pypi.org/project/litlogger/) to enable LitLogger, which logs metrics and artifacts automatically to the Lightning Experiments platform.
Seed set to 2
LOCAL_RANK: 0 - CUDA_VISIBLE_DEVICES: [0]
Loading `train_dataloader` to estimate number of stepping batches.
ep1 train_mse=0.0000 val=0.4398 CYP1A2_direct=1.0503 CYP2C9_direct=0.7053 CYP2D6_direct=1.1981 CYP3A4_direct=1.0590 CYP1A2_tdic=1.0690 CYP2C9_tdic=0.7942 CYP2D6_tdic=1.1905 CYP3A4_tdic=1.2759 is_TDI_2D6=0.2212 is_TDI_3A4=0.1810 CYP1A2_log2fc=0.9964 CYP2C9_log2fc=0.9541 CYP2D6_log2fc=1.0257 CYP3A4_log2fc=1.0746
ep1 train_mse=0.4537 val=0.2915 CYP1A2_direct=0.7047 CYP2C9_direct=0.4436 CYP2D6_direct=0.8499 CYP3A4_direct=0.4035 CYP1A2_tdic=0.7780 CYP2C9_tdic=0.4375 CYP2D6_tdic=0.9572 CYP3A4_tdic=0.5389 is_TDI_2D6=0.2495 is_TDI_3A4=0.2013 CYP1A2_log2fc=0.7060 CYP2C9_log2fc=0.5004 CYP2D6_log2fc=0.6456 CYP3A4_log2fc=0.5778
ep2 train_mse=0.3459 val=0.3195 CYP1A2_direct=0.9112 CYP2C9_direct=0.4475 CYP2D6_direct=1.2064 CYP3A4_direct=0.4344 CYP1A2_tdic=0.9232 CYP2C9_tdic=0.4692 CYP2D6_tdic=1.2546 CYP3A4_tdic=0.5494 is_TDI_2D6=0.2479 is_TDI_3A4=0.1978 CYP1A2_log2fc=0.7712 CYP2C9_log2fc=0.4761 CYP2D6_log2fc=0.7437 CYP3A4_log2fc=0.5344
ep3 train_mse=0.2746 val=0.3209 CYP1A2_direct=0.7098 CYP2C9_direct=0.4355 CYP2D6_direct=1.6488 CYP3A4_direct=0.3510 CYP1A2_tdic=0.7299 CYP2C9_tdic=0.5036 CYP2D6_tdic=1.5919 CYP3A4_tdic=0.4510 is_TDI_2D6=0.2766 is_TDI_3A4=0.1805 CYP1A2_log2fc=0.6603 CYP2C9_log2fc=0.4573 CYP2D6_log2fc=0.8625 CYP3A4_log2fc=0.4959
ep4 train_mse=0.2112 val=0.3023 CYP1A2_direct=0.7035 CYP2C9_direct=0.4380 CYP2D6_direct=1.0831 CYP3A4_direct=0.3754 CYP1A2_tdic=0.7561 CYP2C9_tdic=0.4725 CYP2D6_tdic=1.2912 CYP3A4_tdic=0.4422 is_TDI_2D6=0.2525 is_TDI_3A4=0.1911 CYP1A2_log2fc=0.6100 CYP2C9_log2fc=0.4486 CYP2D6_log2fc=0.6267 CYP3A4_log2fc=0.4969
ep5 train_mse=0.1774 val=0.3114 CYP1A2_direct=0.6501 CYP2C9_direct=0.4497 CYP2D6_direct=1.0298 CYP3A4_direct=0.3556 CYP1A2_tdic=0.6841 CYP2C9_tdic=0.4852 CYP2D6_tdic=1.1088 CYP3A4_tdic=0.4472 is_TDI_2D6=0.2511 is_TDI_3A4=0.1961 CYP1A2_log2fc=0.5745 CYP2C9_log2fc=0.4292 CYP2D6_log2fc=0.6187 CYP3A4_log2fc=0.4306
ep6 train_mse=0.1451 val=0.3661 CYP1A2_direct=0.7381 CYP2C9_direct=0.4711 CYP2D6_direct=1.0053 CYP3A4_direct=0.3521 CYP1A2_tdic=0.7830 CYP2C9_tdic=0.4552 CYP2D6_tdic=1.2160 CYP3A4_tdic=0.4301 is_TDI_2D6=0.2512 is_TDI_3A4=0.1927 CYP1A2_log2fc=0.6259 CYP2C9_log2fc=0.4656 CYP2D6_log2fc=0.6348 CYP3A4_log2fc=0.4318
ep7 train_mse=0.1247 val=0.3706 CYP1A2_direct=0.7341 CYP2C9_direct=0.4053 CYP2D6_direct=1.1278 CYP3A4_direct=0.3747 CYP1A2_tdic=0.7602 CYP2C9_tdic=0.4185 CYP2D6_tdic=1.2934 CYP3A4_tdic=0.4407 is_TDI_2D6=0.2534 is_TDI_3A4=0.1889 CYP1A2_log2fc=0.6138 CYP2C9_log2fc=0.4044 CYP2D6_log2fc=0.5722 CYP3A4_log2fc=0.4442
ep8 train_mse=0.1019 val=0.3695 CYP1A2_direct=0.7516 CYP2C9_direct=0.4155 CYP2D6_direct=0.9150 CYP3A4_direct=0.3444 CYP1A2_tdic=0.7880 CYP2C9_tdic=0.4485 CYP2D6_tdic=1.0228 CYP3A4_tdic=0.4432 is_TDI_2D6=0.2507 is_TDI_3A4=0.1907 CYP1A2_log2fc=0.6221 CYP2C9_log2fc=0.4103 CYP2D6_log2fc=0.6036 CYP3A4_log2fc=0.4507
ep9 train_mse=0.0856 val=0.3814 CYP1A2_direct=0.6716 CYP2C9_direct=0.3933 CYP2D6_direct=1.0392 CYP3A4_direct=0.3600 CYP1A2_tdic=0.7127 CYP2C9_tdic=0.4085 CYP2D6_tdic=1.2462 CYP3A4_tdic=0.4379 is_TDI_2D6=0.2551 is_TDI_3A4=0.1864 CYP1A2_log2fc=0.6127 CYP2C9_log2fc=0.4240 CYP2D6_log2fc=0.6304 CYP3A4_log2fc=0.4331
[L2_s2] fold 3 done 797s
[L2_s2 fold4] trainable 17.7M
GPU available: True (cuda), used: True
TPU available: False, using: 0 TPU cores
💡 Tip: For seamless cloud logging and experiment tracking, try installing [litlogger](https://pypi.org/project/litlogger/) to enable LitLogger, which logs metrics and artifacts automatically to the Lightning Experiments platform.
Seed set to 2
LOCAL_RANK: 0 - CUDA_VISIBLE_DEVICES: [0]
Loading `train_dataloader` to estimate number of stepping batches.
ep1 train_mse=0.0000 val=0.4437 CYP1A2_direct=0.9528 CYP2C9_direct=1.0533 CYP2D6_direct=1.0366 CYP3A4_direct=1.0117 CYP1A2_tdic=0.8768 CYP2C9_tdic=1.0695 CYP2D6_tdic=0.8247 CYP3A4_tdic=1.1559 is_TDI_2D6=0.1605 is_TDI_3A4=0.2046 CYP1A2_log2fc=0.8683 CYP2C9_log2fc=1.0230 CYP2D6_log2fc=0.9748 CYP3A4_log2fc=0.9743
ep1 train_mse=0.4412 val=0.2965 CYP1A2_direct=0.7624 CYP2C9_direct=0.6652 CYP2D6_direct=0.8512 CYP3A4_direct=0.4825 CYP1A2_tdic=0.7088 CYP2C9_tdic=0.6718 CYP2D6_tdic=0.7498 CYP3A4_tdic=0.5163 is_TDI_2D6=0.1727 is_TDI_3A4=0.1831 CYP1A2_log2fc=0.7686 CYP2C9_log2fc=0.5041 CYP2D6_log2fc=0.6475 CYP3A4_log2fc=0.5294
ep2 train_mse=0.3384 val=0.2991 CYP1A2_direct=0.7991 CYP2C9_direct=0.6844 CYP2D6_direct=0.9711 CYP3A4_direct=0.5072 CYP1A2_tdic=0.6930 CYP2C9_tdic=0.6679 CYP2D6_tdic=0.9003 CYP3A4_tdic=0.5535 is_TDI_2D6=0.1731 is_TDI_3A4=0.1880 CYP1A2_log2fc=0.7348 CYP2C9_log2fc=0.4927 CYP2D6_log2fc=0.7654 CYP3A4_log2fc=0.5331
ep3 train_mse=0.2728 val=0.2861 CYP1A2_direct=0.7341 CYP2C9_direct=0.6489 CYP2D6_direct=0.9520 CYP3A4_direct=0.4515 CYP1A2_tdic=0.6692 CYP2C9_tdic=0.6392 CYP2D6_tdic=0.7747 CYP3A4_tdic=0.5605 is_TDI_2D6=0.1712 is_TDI_3A4=0.1798 CYP1A2_log2fc=0.7252 CYP2C9_log2fc=0.4995 CYP2D6_log2fc=0.6936 CYP3A4_log2fc=0.5550
ep4 train_mse=0.2090 val=0.3154 CYP1A2_direct=0.7222 CYP2C9_direct=0.7640 CYP2D6_direct=0.9827 CYP3A4_direct=0.4684 CYP1A2_tdic=0.6567 CYP2C9_tdic=0.7976 CYP2D6_tdic=0.8207 CYP3A4_tdic=0.4851 is_TDI_2D6=0.1732 is_TDI_3A4=0.1768 CYP1A2_log2fc=0.7634 CYP2C9_log2fc=0.5676 CYP2D6_log2fc=0.6009 CYP3A4_log2fc=0.4960
ep5 train_mse=0.1713 val=0.3287 CYP1A2_direct=0.7310 CYP2C9_direct=0.6733 CYP2D6_direct=0.9912 CYP3A4_direct=0.4893 CYP1A2_tdic=0.6832 CYP2C9_tdic=0.6752 CYP2D6_tdic=0.8291 CYP3A4_tdic=0.4811 is_TDI_2D6=0.1708 is_TDI_3A4=0.1736 CYP1A2_log2fc=0.7420 CYP2C9_log2fc=0.4813 CYP2D6_log2fc=0.6044 CYP3A4_log2fc=0.5100
ep6 train_mse=0.1407 val=0.3692 CYP1A2_direct=0.6753 CYP2C9_direct=0.6650 CYP2D6_direct=0.9622 CYP3A4_direct=0.4834 CYP1A2_tdic=0.6159 CYP2C9_tdic=0.6709 CYP2D6_tdic=0.7827 CYP3A4_tdic=0.4781 is_TDI_2D6=0.1759 is_TDI_3A4=0.1826 CYP1A2_log2fc=0.6987 CYP2C9_log2fc=0.4691 CYP2D6_log2fc=0.6004 CYP3A4_log2fc=0.4478
ep7 train_mse=0.1184 val=0.3652 CYP1A2_direct=0.6819 CYP2C9_direct=0.6565 CYP2D6_direct=0.9111 CYP3A4_direct=0.4564 CYP1A2_tdic=0.6234 CYP2C9_tdic=0.6765 CYP2D6_tdic=0.7881 CYP3A4_tdic=0.4706 is_TDI_2D6=0.1721 is_TDI_3A4=0.1790 CYP1A2_log2fc=0.7379 CYP2C9_log2fc=0.4741 CYP2D6_log2fc=0.6217 CYP3A4_log2fc=0.4749
ep8 train_mse=0.0943 val=0.3902 CYP1A2_direct=0.7062 CYP2C9_direct=0.6306 CYP2D6_direct=0.9441 CYP3A4_direct=0.4500 CYP1A2_tdic=0.6488 CYP2C9_tdic=0.6366 CYP2D6_tdic=0.8446 CYP3A4_tdic=0.4537 is_TDI_2D6=0.1688 is_TDI_3A4=0.1735 CYP1A2_log2fc=0.7651 CYP2C9_log2fc=0.4890 CYP2D6_log2fc=0.5508 CYP3A4_log2fc=0.4971
ep9 train_mse=0.0784 val=0.4050 CYP1A2_direct=0.6767 CYP2C9_direct=0.6696 CYP2D6_direct=0.8895 CYP3A4_direct=0.4447 CYP1A2_tdic=0.6280 CYP2C9_tdic=0.6719 CYP2D6_tdic=0.8013 CYP3A4_tdic=0.4463 is_TDI_2D6=0.1672 is_TDI_3A4=0.1780 CYP1A2_log2fc=0.7212 CYP2C9_log2fc=0.4633 CYP2D6_log2fc=0.5775 CYP3A4_log2fc=0.4445
ep10 train_mse=0.0618 val=0.4027 CYP1A2_direct=0.6722 CYP2C9_direct=0.6652 CYP2D6_direct=0.9671 CYP3A4_direct=0.4299 CYP1A2_tdic=0.6164 CYP2C9_tdic=0.6846 CYP2D6_tdic=0.8102 CYP3A4_tdic=0.4379 is_TDI_2D6=0.1700 is_TDI_3A4=0.1740 CYP1A2_log2fc=0.7105 CYP2C9_log2fc=0.4721 CYP2D6_log2fc=0.5867 CYP3A4_log2fc=0.4368
ep11 train_mse=0.0484 val=0.4022 CYP1A2_direct=0.6359 CYP2C9_direct=0.6842 CYP2D6_direct=0.9036 CYP3A4_direct=0.4375 CYP1A2_tdic=0.5779 CYP2C9_tdic=0.6882 CYP2D6_tdic=0.7637 CYP3A4_tdic=0.4817 is_TDI_2D6=0.1678 is_TDI_3A4=0.1754 CYP1A2_log2fc=0.7436 CYP2C9_log2fc=0.4754 CYP2D6_log2fc=0.5993 CYP3A4_log2fc=0.4617
[L2_s2] fold 4 done 1003s
[L2_s2 all] trainable 17.7M
GPU available: True (cuda), used: True
TPU available: False, using: 0 TPU cores
💡 Tip: For seamless cloud logging and experiment tracking, try installing [litlogger](https://pypi.org/project/litlogger/) to enable LitLogger, which logs metrics and artifacts automatically to the Lightning Experiments platform.
Seed set to 2
LOCAL_RANK: 0 - CUDA_VISIBLE_DEVICES: [0]
Loading `train_dataloader` to estimate number of stepping batches.
ep1 train_mse=0.0000 val=0.4120 CYP1A2_direct=1.0478 CYP2C9_direct=0.6127 CYP2D6_direct=1.1236 CYP3A4_direct=0.8287 CYP1A2_tdic=1.0699 CYP2C9_tdic=0.5511 CYP2D6_tdic=1.1594 CYP3A4_tdic=0.9513 is_TDI_2D6=0.2119 is_TDI_3A4=0.2412 CYP1A2_log2fc=0.9375 CYP2C9_log2fc=0.9536 CYP2D6_log2fc=0.9064 CYP3A4_log2fc=1.0259
ep1 train_mse=0.4886 val=0.3113 CYP1A2_direct=0.9514 CYP2C9_direct=0.5671 CYP2D6_direct=0.9910 CYP3A4_direct=0.3063 CYP1A2_tdic=0.9559 CYP2C9_tdic=0.5008 CYP2D6_tdic=0.9068 CYP3A4_tdic=0.3941 is_TDI_2D6=0.2116 is_TDI_3A4=0.2056 CYP1A2_log2fc=0.6892 CYP2C9_log2fc=0.4591 CYP2D6_log2fc=0.6967 CYP3A4_log2fc=0.5405
ep2 train_mse=0.3675 val=0.3137 CYP1A2_direct=0.8036 CYP2C9_direct=0.6265 CYP2D6_direct=1.2257 CYP3A4_direct=0.3620 CYP1A2_tdic=0.8422 CYP2C9_tdic=0.5661 CYP2D6_tdic=1.0373 CYP3A4_tdic=0.4151 is_TDI_2D6=0.2129 is_TDI_3A4=0.1975 CYP1A2_log2fc=0.6423 CYP2C9_log2fc=0.5489 CYP2D6_log2fc=0.6655 CYP3A4_log2fc=0.5098
ep3 train_mse=0.3017 val=0.3040 CYP1A2_direct=0.7490 CYP2C9_direct=0.6082 CYP2D6_direct=1.1685 CYP3A4_direct=0.3728 CYP1A2_tdic=0.7614 CYP2C9_tdic=0.5662 CYP2D6_tdic=1.0687 CYP3A4_tdic=0.4137 is_TDI_2D6=0.2056 is_TDI_3A4=0.2025 CYP1A2_log2fc=0.5957 CYP2C9_log2fc=0.4660 CYP2D6_log2fc=0.7818 CYP3A4_log2fc=0.4978
ep4 train_mse=0.2286 val=0.3143 CYP1A2_direct=0.8408 CYP2C9_direct=0.5790 CYP2D6_direct=1.1518 CYP3A4_direct=0.4066 CYP1A2_tdic=0.8379 CYP2C9_tdic=0.5329 CYP2D6_tdic=1.0247 CYP3A4_tdic=0.4417 is_TDI_2D6=0.2111 is_TDI_3A4=0.1975 CYP1A2_log2fc=0.5822 CYP2C9_log2fc=0.4595 CYP2D6_log2fc=0.6684 CYP3A4_log2fc=0.5280
ep5 train_mse=0.1867 val=0.3303 CYP1A2_direct=0.7748 CYP2C9_direct=0.4939 CYP2D6_direct=1.1147 CYP3A4_direct=0.3077 CYP1A2_tdic=0.7985 CYP2C9_tdic=0.4563 CYP2D6_tdic=0.9580 CYP3A4_tdic=0.3425 is_TDI_2D6=0.2085 is_TDI_3A4=0.2000 CYP1A2_log2fc=0.5921 CYP2C9_log2fc=0.4341 CYP2D6_log2fc=0.6741 CYP3A4_log2fc=0.4482
ep6 train_mse=0.1539 val=0.4025 CYP1A2_direct=0.7279 CYP2C9_direct=0.5484 CYP2D6_direct=1.1769 CYP3A4_direct=0.3606 CYP1A2_tdic=0.7428 CYP2C9_tdic=0.5071 CYP2D6_tdic=0.9571 CYP3A4_tdic=0.3602 is_TDI_2D6=0.2037 is_TDI_3A4=0.1989 CYP1A2_log2fc=0.5862 CYP2C9_log2fc=0.4309 CYP2D6_log2fc=0.6625 CYP3A4_log2fc=0.4509
ep7 train_mse=0.1275 val=0.3765 CYP1A2_direct=0.7435 CYP2C9_direct=0.4914 CYP2D6_direct=1.1188 CYP3A4_direct=0.3067 CYP1A2_tdic=0.7594 CYP2C9_tdic=0.4761 CYP2D6_tdic=0.9655 CYP3A4_tdic=0.3205 is_TDI_2D6=0.2104 is_TDI_3A4=0.1995 CYP1A2_log2fc=0.5511 CYP2C9_log2fc=0.4207 CYP2D6_log2fc=0.6227 CYP3A4_log2fc=0.4305
ep8 train_mse=0.1051 val=0.4063 CYP1A2_direct=0.7011 CYP2C9_direct=0.5270 CYP2D6_direct=1.0913 CYP3A4_direct=0.3305 CYP1A2_tdic=0.7244 CYP2C9_tdic=0.4862 CYP2D6_tdic=0.9590 CYP3A4_tdic=0.3286 is_TDI_2D6=0.2095 is_TDI_3A4=0.2030 CYP1A2_log2fc=0.5595 CYP2C9_log2fc=0.4170 CYP2D6_log2fc=0.6550 CYP3A4_log2fc=0.4013
ep9 train_mse=0.0856 val=0.4286 CYP1A2_direct=0.7278 CYP2C9_direct=0.4976 CYP2D6_direct=1.1371 CYP3A4_direct=0.3226 CYP1A2_tdic=0.7433 CYP2C9_tdic=0.4601 CYP2D6_tdic=0.9700 CYP3A4_tdic=0.3450 is_TDI_2D6=0.2091 is_TDI_3A4=0.2013 CYP1A2_log2fc=0.5691 CYP2C9_log2fc=0.4069 CYP2D6_log2fc=0.6270 CYP3A4_log2fc=0.4201
ep10 train_mse=0.0751 val=0.4131 CYP1A2_direct=0.7394 CYP2C9_direct=0.4837 CYP2D6_direct=1.0060 CYP3A4_direct=0.3098 CYP1A2_tdic=0.7537 CYP2C9_tdic=0.4471 CYP2D6_tdic=0.9633 CYP3A4_tdic=0.3159 is_TDI_2D6=0.2120 is_TDI_3A4=0.2008 CYP1A2_log2fc=0.5665 CYP2C9_log2fc=0.4218 CYP2D6_log2fc=0.6879 CYP3A4_log2fc=0.4083
ep11 train_mse=0.0657 val=0.4350 CYP1A2_direct=0.7295 CYP2C9_direct=0.4833 CYP2D6_direct=1.0851 CYP3A4_direct=0.3244 CYP1A2_tdic=0.7554 CYP2C9_tdic=0.4534 CYP2D6_tdic=0.9838 CYP3A4_tdic=0.3390 is_TDI_2D6=0.2132 is_TDI_3A4=0.2019 CYP1A2_log2fc=0.5582 CYP2C9_log2fc=0.4060 CYP2D6_log2fc=0.6011 CYP3A4_log2fc=0.4168
DONE L2_s2 1219s
