[L2_primary] rows: challenge 6145; fold col fold_reg; weights=primary
[L2_primary fold0] trainable 17.2M
GPU available: True (cuda), used: True
TPU available: False, using: 0 TPU cores
💡 Tip: For seamless cloud logging and experiment tracking, try installing [litlogger](https://pypi.org/project/litlogger/) to enable LitLogger, which logs metrics and artifacts automatically to the Lightning Experiments platform.
Seed set to 0
LOCAL_RANK: 0 - CUDA_VISIBLE_DEVICES: [0]
Loading `train_dataloader` to estimate number of stepping batches.
ep1 train_mse=0.0000 val=0.7508 CYP1A2_direct=0.8202 CYP2C9_direct=0.6500 CYP2D6_direct=0.9300 CYP3A4_direct=0.8242 CYP1A2_tdic=0.7385 CYP2C9_tdic=0.6323 CYP2D6_tdic=1.1345 CYP3A4_tdic=0.9354 is_TDI_2D6=0.1250 is_TDI_3A4=0.2299 CYP1A2_log2fc=0.8011 CYP2C9_log2fc=1.0180 CYP2D6_log2fc=0.9477 CYP3A4_log2fc=0.8944
ep1 train_mse=0.8500 val=0.6109 CYP1A2_direct=0.7483 CYP2C9_direct=0.4984 CYP2D6_direct=0.9631 CYP3A4_direct=0.4427 CYP1A2_tdic=1.1444 CYP2C9_tdic=0.7341 CYP2D6_tdic=1.1761 CYP3A4_tdic=0.9798 is_TDI_2D6=0.1749 is_TDI_3A4=0.2994 CYP1A2_log2fc=0.9567 CYP2C9_log2fc=1.0816 CYP2D6_log2fc=0.8987 CYP3A4_log2fc=0.9684
ep2 train_mse=0.5781 val=0.5703 CYP1A2_direct=0.7132 CYP2C9_direct=0.5078 CYP2D6_direct=0.8843 CYP3A4_direct=0.3775 CYP1A2_tdic=1.1454 CYP2C9_tdic=0.7477 CYP2D6_tdic=1.1792 CYP3A4_tdic=0.9693 is_TDI_2D6=0.1742 is_TDI_3A4=0.2898 CYP1A2_log2fc=0.9453 CYP2C9_log2fc=1.0905 CYP2D6_log2fc=0.8988 CYP3A4_log2fc=0.9557
ep3 train_mse=0.3743 val=0.5894 CYP1A2_direct=0.6318 CYP2C9_direct=0.5538 CYP2D6_direct=0.9233 CYP3A4_direct=0.4529 CYP1A2_tdic=1.1585 CYP2C9_tdic=0.7747 CYP2D6_tdic=1.1705 CYP3A4_tdic=0.9886 is_TDI_2D6=0.1677 is_TDI_3A4=0.2937 CYP1A2_log2fc=0.9418 CYP2C9_log2fc=1.1077 CYP2D6_log2fc=0.8936 CYP3A4_log2fc=0.9517
ep4 train_mse=0.2081 val=0.5422 CYP1A2_direct=0.6197 CYP2C9_direct=0.5172 CYP2D6_direct=0.9065 CYP3A4_direct=0.3269 CYP1A2_tdic=1.1609 CYP2C9_tdic=0.7606 CYP2D6_tdic=1.1734 CYP3A4_tdic=0.9954 is_TDI_2D6=0.1661 is_TDI_3A4=0.2963 CYP1A2_log2fc=0.9421 CYP2C9_log2fc=1.1031 CYP2D6_log2fc=0.9115 CYP3A4_log2fc=0.9552
ep5 train_mse=0.1298 val=0.5572 CYP1A2_direct=0.7566 CYP2C9_direct=0.4934 CYP2D6_direct=0.8520 CYP3A4_direct=0.3277 CYP1A2_tdic=1.1599 CYP2C9_tdic=0.7623 CYP2D6_tdic=1.1720 CYP3A4_tdic=0.9854 is_TDI_2D6=0.1750 is_TDI_3A4=0.2888 CYP1A2_log2fc=0.9426 CYP2C9_log2fc=1.1193 CYP2D6_log2fc=0.9040 CYP3A4_log2fc=0.9544
ep6 train_mse=0.0849 val=0.5397 CYP1A2_direct=0.6956 CYP2C9_direct=0.4695 CYP2D6_direct=0.8563 CYP3A4_direct=0.3315 CYP1A2_tdic=1.1547 CYP2C9_tdic=0.7581 CYP2D6_tdic=1.1709 CYP3A4_tdic=0.9882 is_TDI_2D6=0.1741 is_TDI_3A4=0.2909 CYP1A2_log2fc=0.9414 CYP2C9_log2fc=1.0981 CYP2D6_log2fc=0.9028 CYP3A4_log2fc=0.9510
ep7 train_mse=0.0471 val=0.5425 CYP1A2_direct=0.6624 CYP2C9_direct=0.4832 CYP2D6_direct=0.8924 CYP3A4_direct=0.3298 CYP1A2_tdic=1.1600 CYP2C9_tdic=0.7604 CYP2D6_tdic=1.1697 CYP3A4_tdic=0.9854 is_TDI_2D6=0.1733 is_TDI_3A4=0.2938 CYP1A2_log2fc=0.9400 CYP2C9_log2fc=1.1019 CYP2D6_log2fc=0.9040 CYP3A4_log2fc=0.9545
ep8 train_mse=0.0283 val=0.5407 CYP1A2_direct=0.7126 CYP2C9_direct=0.4818 CYP2D6_direct=0.8359 CYP3A4_direct=0.3271 CYP1A2_tdic=1.1599 CYP2C9_tdic=0.7535 CYP2D6_tdic=1.1707 CYP3A4_tdic=0.9878 is_TDI_2D6=0.1753 is_TDI_3A4=0.2859 CYP1A2_log2fc=0.9429 CYP2C9_log2fc=1.0954 CYP2D6_log2fc=0.9009 CYP3A4_log2fc=0.9592
ep9 train_mse=0.0209 val=0.5420 CYP1A2_direct=0.6530 CYP2C9_direct=0.5031 CYP2D6_direct=0.8712 CYP3A4_direct=0.3381 CYP1A2_tdic=1.1585 CYP2C9_tdic=0.7578 CYP2D6_tdic=1.1707 CYP3A4_tdic=0.9859 is_TDI_2D6=0.1715 is_TDI_3A4=0.2908 CYP1A2_log2fc=0.9423 CYP2C9_log2fc=1.0953 CYP2D6_log2fc=0.9001 CYP3A4_log2fc=0.9563
ep10 train_mse=0.0154 val=0.5359 CYP1A2_direct=0.6504 CYP2C9_direct=0.5036 CYP2D6_direct=0.8629 CYP3A4_direct=0.3236 CYP1A2_tdic=1.1529 CYP2C9_tdic=0.7537 CYP2D6_tdic=1.1704 CYP3A4_tdic=0.9811 is_TDI_2D6=0.1736 is_TDI_3A4=0.2894 CYP1A2_log2fc=0.9469 CYP2C9_log2fc=1.0963 CYP2D6_log2fc=0.9014 CYP3A4_log2fc=0.9559
ep11 train_mse=0.0115 val=0.5328 CYP1A2_direct=0.6430 CYP2C9_direct=0.5012 CYP2D6_direct=0.8600 CYP3A4_direct=0.3225 CYP1A2_tdic=1.1530 CYP2C9_tdic=0.7546 CYP2D6_tdic=1.1730 CYP3A4_tdic=0.9865 is_TDI_2D6=0.1713 is_TDI_3A4=0.2905 CYP1A2_log2fc=0.9460 CYP2C9_log2fc=1.0907 CYP2D6_log2fc=0.9011 CYP3A4_log2fc=0.9572
ep12 train_mse=0.0095 val=0.5407 CYP1A2_direct=0.6760 CYP2C9_direct=0.4998 CYP2D6_direct=0.8628 CYP3A4_direct=0.3222 CYP1A2_tdic=1.1533 CYP2C9_tdic=0.7546 CYP2D6_tdic=1.1725 CYP3A4_tdic=0.9832 is_TDI_2D6=0.1725 is_TDI_3A4=0.2889 CYP1A2_log2fc=0.9448 CYP2C9_log2fc=1.0927 CYP2D6_log2fc=0.9011 CYP3A4_log2fc=0.9533
ep13 train_mse=0.0068 val=0.5313 CYP1A2_direct=0.6523 CYP2C9_direct=0.4903 CYP2D6_direct=0.8529 CYP3A4_direct=0.3237 CYP1A2_tdic=1.1533 CYP2C9_tdic=0.7531 CYP2D6_tdic=1.1728 CYP3A4_tdic=0.9835 is_TDI_2D6=0.1724 is_TDI_3A4=0.2891 CYP1A2_log2fc=0.9451 CYP2C9_log2fc=1.0938 CYP2D6_log2fc=0.9026 CYP3A4_log2fc=0.9562
ep14 train_mse=0.0058 val=0.5355 CYP1A2_direct=0.6579 CYP2C9_direct=0.4955 CYP2D6_direct=0.8563 CYP3A4_direct=0.3275 CYP1A2_tdic=1.1524 CYP2C9_tdic=0.7531 CYP2D6_tdic=1.1725 CYP3A4_tdic=0.9835 is_TDI_2D6=0.1719 is_TDI_3A4=0.2885 CYP1A2_log2fc=0.9462 CYP2C9_log2fc=1.0923 CYP2D6_log2fc=0.9008 CYP3A4_log2fc=0.9545
ep15 train_mse=0.0048 val=0.5341 CYP1A2_direct=0.6549 CYP2C9_direct=0.4927 CYP2D6_direct=0.8554 CYP3A4_direct=0.3278 CYP1A2_tdic=1.1515 CYP2C9_tdic=0.7509 CYP2D6_tdic=1.1726 CYP3A4_tdic=0.9831 is_TDI_2D6=0.1720 is_TDI_3A4=0.2884 CYP1A2_log2fc=0.9465 CYP2C9_log2fc=1.0896 CYP2D6_log2fc=0.9004 CYP3A4_log2fc=0.9543
ep16 train_mse=0.0041 val=0.5341 CYP1A2_direct=0.6579 CYP2C9_direct=0.4954 CYP2D6_direct=0.8544 CYP3A4_direct=0.3238 CYP1A2_tdic=1.1524 CYP2C9_tdic=0.7497 CYP2D6_tdic=1.1717 CYP3A4_tdic=0.9823 is_TDI_2D6=0.1721 is_TDI_3A4=0.2872 CYP1A2_log2fc=0.9477 CYP2C9_log2fc=1.0894 CYP2D6_log2fc=0.8998 CYP3A4_log2fc=0.9528
ep17 train_mse=0.0042 val=0.5341 CYP1A2_direct=0.6570 CYP2C9_direct=0.4916 CYP2D6_direct=0.8583 CYP3A4_direct=0.3244 CYP1A2_tdic=1.1516 CYP2C9_tdic=0.7505 CYP2D6_tdic=1.1728 CYP3A4_tdic=0.9834 is_TDI_2D6=0.1721 is_TDI_3A4=0.2868 CYP1A2_log2fc=0.9471 CYP2C9_log2fc=1.0901 CYP2D6_log2fc=0.9000 CYP3A4_log2fc=0.9540
ep18 train_mse=0.0040 val=0.5312 CYP1A2_direct=0.6519 CYP2C9_direct=0.4895 CYP2D6_direct=0.8539 CYP3A4_direct=0.3233 CYP1A2_tdic=1.1510 CYP2C9_tdic=0.7487 CYP2D6_tdic=1.1724 CYP3A4_tdic=0.9852 is_TDI_2D6=0.1724 is_TDI_3A4=0.2857 CYP1A2_log2fc=0.9475 CYP2C9_log2fc=1.0873 CYP2D6_log2fc=0.9001 CYP3A4_log2fc=0.9553
ep19 train_mse=0.0035 val=0.5353 CYP1A2_direct=0.6585 CYP2C9_direct=0.4973 CYP2D6_direct=0.8555 CYP3A4_direct=0.3254 CYP1A2_tdic=1.1512 CYP2C9_tdic=0.7491 CYP2D6_tdic=1.1720 CYP3A4_tdic=0.9846 is_TDI_2D6=0.1729 is_TDI_3A4=0.2856 CYP1A2_log2fc=0.9484 CYP2C9_log2fc=1.0867 CYP2D6_log2fc=0.9001 CYP3A4_log2fc=0.9550
ep20 train_mse=0.0031 val=0.5337 CYP1A2_direct=0.6584 CYP2C9_direct=0.4973 CYP2D6_direct=0.8479 CYP3A4_direct=0.3258 CYP1A2_tdic=1.1506 CYP2C9_tdic=0.7488 CYP2D6_tdic=1.1715 CYP3A4_tdic=0.9832 is_TDI_2D6=0.1728 is_TDI_3A4=0.2859 CYP1A2_log2fc=0.9493 CYP2C9_log2fc=1.0867 CYP2D6_log2fc=0.8993 CYP3A4_log2fc=0.9550
ep21 train_mse=0.0028 val=0.5333 CYP1A2_direct=0.6569 CYP2C9_direct=0.4924 CYP2D6_direct=0.8506 CYP3A4_direct=0.3276 CYP1A2_tdic=1.1498 CYP2C9_tdic=0.7479 CYP2D6_tdic=1.1709 CYP3A4_tdic=0.9837 is_TDI_2D6=0.1730 is_TDI_3A4=0.2851 CYP1A2_log2fc=0.9505 CYP2C9_log2fc=1.0845 CYP2D6_log2fc=0.8991 CYP3A4_log2fc=0.9543
ep22 train_mse=0.0029 val=0.5350 CYP1A2_direct=0.6621 CYP2C9_direct=0.4896 CYP2D6_direct=0.8597 CYP3A4_direct=0.3240 CYP1A2_tdic=1.1490 CYP2C9_tdic=0.7473 CYP2D6_tdic=1.1707 CYP3A4_tdic=0.9814 is_TDI_2D6=0.1730 is_TDI_3A4=0.2849 CYP1A2_log2fc=0.9499 CYP2C9_log2fc=1.0870 CYP2D6_log2fc=0.8991 CYP3A4_log2fc=0.9533
ep23 train_mse=0.0030 val=0.5355 CYP1A2_direct=0.6594 CYP2C9_direct=0.4916 CYP2D6_direct=0.8608 CYP3A4_direct=0.3256 CYP1A2_tdic=1.1498 CYP2C9_tdic=0.7468 CYP2D6_tdic=1.1702 CYP3A4_tdic=0.9814 is_TDI_2D6=0.1732 is_TDI_3A4=0.2848 CYP1A2_log2fc=0.9504 CYP2C9_log2fc=1.0858 CYP2D6_log2fc=0.8991 CYP3A4_log2fc=0.9542
ep24 train_mse=0.0029 val=0.5350 CYP1A2_direct=0.6586 CYP2C9_direct=0.4960 CYP2D6_direct=0.8532 CYP3A4_direct=0.3274 CYP1A2_tdic=1.1500 CYP2C9_tdic=0.7458 CYP2D6_tdic=1.1705 CYP3A4_tdic=0.9830 is_TDI_2D6=0.1728 is_TDI_3A4=0.2850 CYP1A2_log2fc=0.9502 CYP2C9_log2fc=1.0854 CYP2D6_log2fc=0.8996 CYP3A4_log2fc=0.9541
ep25 train_mse=0.0026 val=0.5347 CYP1A2_direct=0.6596 CYP2C9_direct=0.4948 CYP2D6_direct=0.8542 CYP3A4_direct=0.3254 CYP1A2_tdic=1.1493 CYP2C9_tdic=0.7445 CYP2D6_tdic=1.1702 CYP3A4_tdic=0.9831 is_TDI_2D6=0.1733 is_TDI_3A4=0.2837 CYP1A2_log2fc=0.9498 CYP2C9_log2fc=1.0845 CYP2D6_log2fc=0.8989 CYP3A4_log2fc=0.9537
ep26 train_mse=0.0028 val=0.5362 CYP1A2_direct=0.6643 CYP2C9_direct=0.4940 CYP2D6_direct=0.8580 CYP3A4_direct=0.3245 CYP1A2_tdic=1.1487 CYP2C9_tdic=0.7452 CYP2D6_tdic=1.1705 CYP3A4_tdic=0.9829 is_TDI_2D6=0.1731 is_TDI_3A4=0.2848 CYP1A2_log2fc=0.9506 CYP2C9_log2fc=1.0859 CYP2D6_log2fc=0.8987 CYP3A4_log2fc=0.9536
[L2_primary] fold 0 done 161s
[L2_primary fold1] trainable 17.2M
GPU available: True (cuda), used: True
TPU available: False, using: 0 TPU cores
💡 Tip: For seamless cloud logging and experiment tracking, try installing [litlogger](https://pypi.org/project/litlogger/) to enable LitLogger, which logs metrics and artifacts automatically to the Lightning Experiments platform.
Seed set to 0
LOCAL_RANK: 0 - CUDA_VISIBLE_DEVICES: [0]
Loading `train_dataloader` to estimate number of stepping batches.
ep1 train_mse=0.0000 val=1.1880 CYP1A2_direct=1.1190 CYP2C9_direct=1.2147 CYP2D6_direct=1.3715 CYP3A4_direct=1.2970 CYP1A2_tdic=1.2178 CYP2C9_tdic=1.3655 CYP2D6_tdic=1.5524 CYP3A4_tdic=1.1979 is_TDI_2D6=0.2282 is_TDI_3A4=0.1980 CYP1A2_log2fc=1.1722 CYP2C9_log2fc=1.0734 CYP2D6_log2fc=1.0896 CYP3A4_log2fc=1.0438
ep1 train_mse=0.8453 val=0.7076 CYP1A2_direct=0.7716 CYP2C9_direct=0.7535 CYP2D6_direct=0.7952 CYP3A4_direct=0.6559 CYP1A2_tdic=1.2160 CYP2C9_tdic=1.0422 CYP2D6_tdic=1.2085 CYP3A4_tdic=1.2098 is_TDI_2D6=0.2833 is_TDI_3A4=0.1701 CYP1A2_log2fc=1.1396 CYP2C9_log2fc=1.0565 CYP2D6_log2fc=1.0032 CYP3A4_log2fc=1.0370
ep2 train_mse=0.5638 val=0.6548 CYP1A2_direct=0.8127 CYP2C9_direct=0.5678 CYP2D6_direct=0.9505 CYP3A4_direct=0.4286 CYP1A2_tdic=1.2117 CYP2C9_tdic=1.0668 CYP2D6_tdic=1.2189 CYP3A4_tdic=1.1879 is_TDI_2D6=0.2730 is_TDI_3A4=0.1765 CYP1A2_log2fc=1.1378 CYP2C9_log2fc=1.0580 CYP2D6_log2fc=0.9923 CYP3A4_log2fc=1.0142
ep3 train_mse=0.3635 val=0.6435 CYP1A2_direct=0.7412 CYP2C9_direct=0.6266 CYP2D6_direct=0.8505 CYP3A4_direct=0.4934 CYP1A2_tdic=1.2140 CYP2C9_tdic=1.0568 CYP2D6_tdic=1.2134 CYP3A4_tdic=1.1594 is_TDI_2D6=0.2751 is_TDI_3A4=0.1774 CYP1A2_log2fc=1.1499 CYP2C9_log2fc=1.0587 CYP2D6_log2fc=0.9912 CYP3A4_log2fc=1.0291
ep4 train_mse=0.2044 val=0.6378 CYP1A2_direct=0.8187 CYP2C9_direct=0.6250 CYP2D6_direct=0.7906 CYP3A4_direct=0.4371 CYP1A2_tdic=1.2201 CYP2C9_tdic=1.0503 CYP2D6_tdic=1.2264 CYP3A4_tdic=1.1639 is_TDI_2D6=0.2673 is_TDI_3A4=0.1766 CYP1A2_log2fc=1.1539 CYP2C9_log2fc=1.0366 CYP2D6_log2fc=0.9907 CYP3A4_log2fc=1.0302
ep5 train_mse=0.1218 val=0.6214 CYP1A2_direct=0.8038 CYP2C9_direct=0.5603 CYP2D6_direct=0.8545 CYP3A4_direct=0.3913 CYP1A2_tdic=1.2213 CYP2C9_tdic=1.0389 CYP2D6_tdic=1.2251 CYP3A4_tdic=1.1515 is_TDI_2D6=0.2576 is_TDI_3A4=0.1812 CYP1A2_log2fc=1.1505 CYP2C9_log2fc=1.0322 CYP2D6_log2fc=0.9914 CYP3A4_log2fc=1.0242
ep6 train_mse=0.0718 val=0.6524 CYP1A2_direct=0.8746 CYP2C9_direct=0.6153 CYP2D6_direct=0.8312 CYP3A4_direct=0.4087 CYP1A2_tdic=1.2203 CYP2C9_tdic=1.0384 CYP2D6_tdic=1.2245 CYP3A4_tdic=1.1514 is_TDI_2D6=0.2627 is_TDI_3A4=0.1775 CYP1A2_log2fc=1.1586 CYP2C9_log2fc=1.0353 CYP2D6_log2fc=0.9935 CYP3A4_log2fc=1.0315
ep7 train_mse=0.0458 val=0.6617 CYP1A2_direct=0.8281 CYP2C9_direct=0.6322 CYP2D6_direct=0.8709 CYP3A4_direct=0.4474 CYP1A2_tdic=1.2174 CYP2C9_tdic=1.0302 CYP2D6_tdic=1.2266 CYP3A4_tdic=1.1333 is_TDI_2D6=0.2576 is_TDI_3A4=0.1771 CYP1A2_log2fc=1.1559 CYP2C9_log2fc=1.0427 CYP2D6_log2fc=0.9955 CYP3A4_log2fc=1.0319
ep8 train_mse=0.0296 val=0.6184 CYP1A2_direct=0.8165 CYP2C9_direct=0.5948 CYP2D6_direct=0.7949 CYP3A4_direct=0.3829 CYP1A2_tdic=1.2178 CYP2C9_tdic=1.0368 CYP2D6_tdic=1.2259 CYP3A4_tdic=1.1448 is_TDI_2D6=0.2564 is_TDI_3A4=0.1775 CYP1A2_log2fc=1.1493 CYP2C9_log2fc=1.0354 CYP2D6_log2fc=0.9933 CYP3A4_log2fc=1.0213
ep9 train_mse=0.0212 val=0.6373 CYP1A2_direct=0.8435 CYP2C9_direct=0.6250 CYP2D6_direct=0.8183 CYP3A4_direct=0.3801 CYP1A2_tdic=1.2164 CYP2C9_tdic=1.0364 CYP2D6_tdic=1.2270 CYP3A4_tdic=1.1464 is_TDI_2D6=0.2580 is_TDI_3A4=0.1781 CYP1A2_log2fc=1.1461 CYP2C9_log2fc=1.0365 CYP2D6_log2fc=0.9946 CYP3A4_log2fc=1.0190
ep10 train_mse=0.0145 val=0.6552 CYP1A2_direct=0.8703 CYP2C9_direct=0.6553 CYP2D6_direct=0.8223 CYP3A4_direct=0.3916 CYP1A2_tdic=1.2151 CYP2C9_tdic=1.0364 CYP2D6_tdic=1.2291 CYP3A4_tdic=1.1429 is_TDI_2D6=0.2564 is_TDI_3A4=0.1778 CYP1A2_log2fc=1.1499 CYP2C9_log2fc=1.0413 CYP2D6_log2fc=0.9951 CYP3A4_log2fc=1.0177
ep11 train_mse=0.0103 val=0.6317 CYP1A2_direct=0.8395 CYP2C9_direct=0.6010 CYP2D6_direct=0.8269 CYP3A4_direct=0.3776 CYP1A2_tdic=1.2163 CYP2C9_tdic=1.0368 CYP2D6_tdic=1.2277 CYP3A4_tdic=1.1454 is_TDI_2D6=0.2583 is_TDI_3A4=0.1758 CYP1A2_log2fc=1.1498 CYP2C9_log2fc=1.0443 CYP2D6_log2fc=0.9921 CYP3A4_log2fc=1.0196
ep12 train_mse=0.0074 val=0.6446 CYP1A2_direct=0.8258 CYP2C9_direct=0.6686 CYP2D6_direct=0.8210 CYP3A4_direct=0.3837 CYP1A2_tdic=1.2153 CYP2C9_tdic=1.0359 CYP2D6_tdic=1.2266 CYP3A4_tdic=1.1420 is_TDI_2D6=0.2555 is_TDI_3A4=0.1749 CYP1A2_log2fc=1.1474 CYP2C9_log2fc=1.0465 CYP2D6_log2fc=0.9931 CYP3A4_log2fc=1.0194
ep13 train_mse=0.0063 val=0.6359 CYP1A2_direct=0.8381 CYP2C9_direct=0.6142 CYP2D6_direct=0.8257 CYP3A4_direct=0.3849 CYP1A2_tdic=1.2163 CYP2C9_tdic=1.0365 CYP2D6_tdic=1.2283 CYP3A4_tdic=1.1439 is_TDI_2D6=0.2568 is_TDI_3A4=0.1743 CYP1A2_log2fc=1.1459 CYP2C9_log2fc=1.0435 CYP2D6_log2fc=0.9937 CYP3A4_log2fc=1.0209
ep14 train_mse=0.0053 val=0.6455 CYP1A2_direct=0.8503 CYP2C9_direct=0.6454 CYP2D6_direct=0.8227 CYP3A4_direct=0.3821 CYP1A2_tdic=1.2169 CYP2C9_tdic=1.0334 CYP2D6_tdic=1.2268 CYP3A4_tdic=1.1444 is_TDI_2D6=0.2559 is_TDI_3A4=0.1748 CYP1A2_log2fc=1.1461 CYP2C9_log2fc=1.0414 CYP2D6_log2fc=0.9936 CYP3A4_log2fc=1.0185
ep15 train_mse=0.0046 val=0.6361 CYP1A2_direct=0.8430 CYP2C9_direct=0.6172 CYP2D6_direct=0.8172 CYP3A4_direct=0.3848 CYP1A2_tdic=1.2179 CYP2C9_tdic=1.0334 CYP2D6_tdic=1.2284 CYP3A4_tdic=1.1494 is_TDI_2D6=0.2565 is_TDI_3A4=0.1752 CYP1A2_log2fc=1.1449 CYP2C9_log2fc=1.0416 CYP2D6_log2fc=0.9934 CYP3A4_log2fc=1.0171
ep16 train_mse=0.0048 val=0.6344 CYP1A2_direct=0.8339 CYP2C9_direct=0.6231 CYP2D6_direct=0.8209 CYP3A4_direct=0.3779 CYP1A2_tdic=1.2171 CYP2C9_tdic=1.0331 CYP2D6_tdic=1.2276 CYP3A4_tdic=1.1504 is_TDI_2D6=0.2583 is_TDI_3A4=0.1752 CYP1A2_log2fc=1.1440 CYP2C9_log2fc=1.0429 CYP2D6_log2fc=0.9932 CYP3A4_log2fc=1.0218
[L2_primary] fold 1 done 267s
[L2_primary fold2] trainable 17.2M
GPU available: True (cuda), used: True
TPU available: False, using: 0 TPU cores
💡 Tip: For seamless cloud logging and experiment tracking, try installing [litlogger](https://pypi.org/project/litlogger/) to enable LitLogger, which logs metrics and artifacts automatically to the Lightning Experiments platform.
Seed set to 0
LOCAL_RANK: 0 - CUDA_VISIBLE_DEVICES: [0]
Loading `train_dataloader` to estimate number of stepping batches.
ep1 train_mse=0.0000 val=1.1001 CYP1A2_direct=0.9335 CYP2C9_direct=1.3176 CYP2D6_direct=1.4594 CYP3A4_direct=1.0116 CYP1A2_tdic=0.9287 CYP2C9_tdic=1.4167 CYP2D6_tdic=0.9984 CYP3A4_tdic=0.9790 is_TDI_2D6=0.2555 is_TDI_3A4=0.2626 CYP1A2_log2fc=1.0927 CYP2C9_log2fc=1.0042 CYP2D6_log2fc=0.9255 CYP3A4_log2fc=1.0297
ep1 train_mse=0.8486 val=0.5864 CYP1A2_direct=0.7259 CYP2C9_direct=0.5714 CYP2D6_direct=0.7005 CYP3A4_direct=0.5025 CYP1A2_tdic=0.9361 CYP2C9_tdic=1.3651 CYP2D6_tdic=0.7837 CYP3A4_tdic=0.9749 is_TDI_2D6=0.2705 is_TDI_3A4=0.2505 CYP1A2_log2fc=1.1520 CYP2C9_log2fc=1.0543 CYP2D6_log2fc=0.9744 CYP3A4_log2fc=1.0629
ep2 train_mse=0.5549 val=0.5541 CYP1A2_direct=0.6385 CYP2C9_direct=0.5843 CYP2D6_direct=0.6577 CYP3A4_direct=0.4815 CYP1A2_tdic=0.9459 CYP2C9_tdic=1.3566 CYP2D6_tdic=0.7739 CYP3A4_tdic=0.9568 is_TDI_2D6=0.2734 is_TDI_3A4=0.2452 CYP1A2_log2fc=1.1821 CYP2C9_log2fc=1.0302 CYP2D6_log2fc=0.9782 CYP3A4_log2fc=1.0649
ep3 train_mse=0.3432 val=0.6366 CYP1A2_direct=0.7780 CYP2C9_direct=0.6231 CYP2D6_direct=0.8173 CYP3A4_direct=0.5028 CYP1A2_tdic=0.9425 CYP2C9_tdic=1.3622 CYP2D6_tdic=0.7749 CYP3A4_tdic=0.9492 is_TDI_2D6=0.2705 is_TDI_3A4=0.2536 CYP1A2_log2fc=1.1785 CYP2C9_log2fc=1.0522 CYP2D6_log2fc=0.9802 CYP3A4_log2fc=1.0752
ep4 train_mse=0.2047 val=0.6116 CYP1A2_direct=0.6880 CYP2C9_direct=0.5441 CYP2D6_direct=0.9500 CYP3A4_direct=0.4480 CYP1A2_tdic=0.9478 CYP2C9_tdic=1.3551 CYP2D6_tdic=0.7757 CYP3A4_tdic=0.9541 is_TDI_2D6=0.2662 is_TDI_3A4=0.2518 CYP1A2_log2fc=1.1878 CYP2C9_log2fc=1.0307 CYP2D6_log2fc=0.9841 CYP3A4_log2fc=1.0535
ep5 train_mse=0.1277 val=0.5925 CYP1A2_direct=0.6665 CYP2C9_direct=0.5594 CYP2D6_direct=0.8477 CYP3A4_direct=0.4664 CYP1A2_tdic=0.9465 CYP2C9_tdic=1.3723 CYP2D6_tdic=0.7766 CYP3A4_tdic=0.9566 is_TDI_2D6=0.2700 is_TDI_3A4=0.2446 CYP1A2_log2fc=1.1766 CYP2C9_log2fc=1.0420 CYP2D6_log2fc=0.9717 CYP3A4_log2fc=1.0654
ep6 train_mse=0.0798 val=0.5686 CYP1A2_direct=0.6219 CYP2C9_direct=0.5521 CYP2D6_direct=0.7921 CYP3A4_direct=0.4687 CYP1A2_tdic=0.9510 CYP2C9_tdic=1.3632 CYP2D6_tdic=0.7778 CYP3A4_tdic=0.9602 is_TDI_2D6=0.2697 is_TDI_3A4=0.2439 CYP1A2_log2fc=1.1799 CYP2C9_log2fc=1.0446 CYP2D6_log2fc=0.9712 CYP3A4_log2fc=1.0631
ep7 train_mse=0.0516 val=0.5659 CYP1A2_direct=0.6368 CYP2C9_direct=0.5651 CYP2D6_direct=0.7630 CYP3A4_direct=0.4566 CYP1A2_tdic=0.9509 CYP2C9_tdic=1.3619 CYP2D6_tdic=0.7798 CYP3A4_tdic=0.9594 is_TDI_2D6=0.2702 is_TDI_3A4=0.2474 CYP1A2_log2fc=1.1806 CYP2C9_log2fc=1.0460 CYP2D6_log2fc=0.9716 CYP3A4_log2fc=1.0676
ep8 train_mse=0.0308 val=0.5621 CYP1A2_direct=0.6154 CYP2C9_direct=0.5507 CYP2D6_direct=0.8003 CYP3A4_direct=0.4428 CYP1A2_tdic=0.9504 CYP2C9_tdic=1.3625 CYP2D6_tdic=0.7803 CYP3A4_tdic=0.9603 is_TDI_2D6=0.2716 is_TDI_3A4=0.2471 CYP1A2_log2fc=1.1783 CYP2C9_log2fc=1.0418 CYP2D6_log2fc=0.9705 CYP3A4_log2fc=1.0616
ep9 train_mse=0.0221 val=0.5709 CYP1A2_direct=0.6525 CYP2C9_direct=0.5608 CYP2D6_direct=0.7867 CYP3A4_direct=0.4452 CYP1A2_tdic=0.9524 CYP2C9_tdic=1.3602 CYP2D6_tdic=0.7817 CYP3A4_tdic=0.9605 is_TDI_2D6=0.2740 is_TDI_3A4=0.2465 CYP1A2_log2fc=1.1793 CYP2C9_log2fc=1.0474 CYP2D6_log2fc=0.9712 CYP3A4_log2fc=1.0678
ep10 train_mse=0.0137 val=0.5696 CYP1A2_direct=0.6518 CYP2C9_direct=0.5510 CYP2D6_direct=0.7797 CYP3A4_direct=0.4563 CYP1A2_tdic=0.9516 CYP2C9_tdic=1.3577 CYP2D6_tdic=0.7805 CYP3A4_tdic=0.9582 is_TDI_2D6=0.2730 is_TDI_3A4=0.2458 CYP1A2_log2fc=1.1796 CYP2C9_log2fc=1.0517 CYP2D6_log2fc=0.9695 CYP3A4_log2fc=1.0685
[L2_primary] fold 2 done 338s
[L2_primary fold3] trainable 17.2M
GPU available: True (cuda), used: True
TPU available: False, using: 0 TPU cores
💡 Tip: For seamless cloud logging and experiment tracking, try installing [litlogger](https://pypi.org/project/litlogger/) to enable LitLogger, which logs metrics and artifacts automatically to the Lightning Experiments platform.
Seed set to 0
LOCAL_RANK: 0 - CUDA_VISIBLE_DEVICES: [0]
Loading `train_dataloader` to estimate number of stepping batches.
ep1 train_mse=0.0000 val=0.9053 CYP1A2_direct=0.9719 CYP2C9_direct=0.8594 CYP2D6_direct=0.7763 CYP3A4_direct=1.1724 CYP1A2_tdic=0.9961 CYP2C9_tdic=0.9562 CYP2D6_tdic=0.5494 CYP3A4_tdic=0.9661 is_TDI_2D6=0.1690 is_TDI_3A4=0.2277 CYP1A2_log2fc=0.8918 CYP2C9_log2fc=1.0301 CYP2D6_log2fc=0.8384 CYP3A4_log2fc=0.9585
ep1 train_mse=0.8637 val=0.5339 CYP1A2_direct=0.6582 CYP2C9_direct=0.4500 CYP2D6_direct=0.7120 CYP3A4_direct=0.4182 CYP1A2_tdic=0.9254 CYP2C9_tdic=0.7966 CYP2D6_tdic=0.7667 CYP3A4_tdic=0.9943 is_TDI_2D6=0.1812 is_TDI_3A4=0.2225 CYP1A2_log2fc=1.0087 CYP2C9_log2fc=1.0103 CYP2D6_log2fc=0.9916 CYP3A4_log2fc=1.0511
ep2 train_mse=0.5898 val=0.5409 CYP1A2_direct=0.6553 CYP2C9_direct=0.4678 CYP2D6_direct=0.7670 CYP3A4_direct=0.3792 CYP1A2_tdic=0.9187 CYP2C9_tdic=0.7990 CYP2D6_tdic=0.7687 CYP3A4_tdic=1.0112 is_TDI_2D6=0.1908 is_TDI_3A4=0.2250 CYP1A2_log2fc=0.9986 CYP2C9_log2fc=1.0144 CYP2D6_log2fc=0.9958 CYP3A4_log2fc=1.0418
ep3 train_mse=0.3896 val=0.5640 CYP1A2_direct=0.5865 CYP2C9_direct=0.4795 CYP2D6_direct=0.9157 CYP3A4_direct=0.3908 CYP1A2_tdic=0.9344 CYP2C9_tdic=0.7965 CYP2D6_tdic=0.7692 CYP3A4_tdic=1.0041 is_TDI_2D6=0.1893 is_TDI_3A4=0.2098 CYP1A2_log2fc=1.0073 CYP2C9_log2fc=1.0359 CYP2D6_log2fc=0.9948 CYP3A4_log2fc=1.0494
ep4 train_mse=0.2148 val=0.5320 CYP1A2_direct=0.6828 CYP2C9_direct=0.5204 CYP2D6_direct=0.7076 CYP3A4_direct=0.3178 CYP1A2_tdic=0.9222 CYP2C9_tdic=0.7874 CYP2D6_tdic=0.7666 CYP3A4_tdic=0.9874 is_TDI_2D6=0.1936 is_TDI_3A4=0.2158 CYP1A2_log2fc=1.0124 CYP2C9_log2fc=1.0360 CYP2D6_log2fc=0.9896 CYP3A4_log2fc=1.0584
ep5 train_mse=0.1193 val=0.5104 CYP1A2_direct=0.6256 CYP2C9_direct=0.4887 CYP2D6_direct=0.6985 CYP3A4_direct=0.3270 CYP1A2_tdic=0.9278 CYP2C9_tdic=0.7891 CYP2D6_tdic=0.7681 CYP3A4_tdic=0.9983 is_TDI_2D6=0.1902 is_TDI_3A4=0.2180 CYP1A2_log2fc=1.0148 CYP2C9_log2fc=1.0313 CYP2D6_log2fc=0.9958 CYP3A4_log2fc=1.0419
ep6 train_mse=0.0769 val=0.5044 CYP1A2_direct=0.6431 CYP2C9_direct=0.4523 CYP2D6_direct=0.6788 CYP3A4_direct=0.3393 CYP1A2_tdic=0.9214 CYP2C9_tdic=0.7889 CYP2D6_tdic=0.7663 CYP3A4_tdic=0.9966 is_TDI_2D6=0.1967 is_TDI_3A4=0.2144 CYP1A2_log2fc=1.0176 CYP2C9_log2fc=1.0319 CYP2D6_log2fc=0.9959 CYP3A4_log2fc=1.0425
ep7 train_mse=0.0540 val=0.5103 CYP1A2_direct=0.6747 CYP2C9_direct=0.4308 CYP2D6_direct=0.6963 CYP3A4_direct=0.3363 CYP1A2_tdic=0.9321 CYP2C9_tdic=0.7902 CYP2D6_tdic=0.7684 CYP3A4_tdic=1.0021 is_TDI_2D6=0.1962 is_TDI_3A4=0.2151 CYP1A2_log2fc=1.0203 CYP2C9_log2fc=1.0184 CYP2D6_log2fc=0.9967 CYP3A4_log2fc=1.0409
ep8 train_mse=0.0358 val=0.5100 CYP1A2_direct=0.6382 CYP2C9_direct=0.4789 CYP2D6_direct=0.6924 CYP3A4_direct=0.3281 CYP1A2_tdic=0.9261 CYP2C9_tdic=0.7905 CYP2D6_tdic=0.7693 CYP3A4_tdic=1.0078 is_TDI_2D6=0.1924 is_TDI_3A4=0.2139 CYP1A2_log2fc=1.0174 CYP2C9_log2fc=1.0174 CYP2D6_log2fc=0.9972 CYP3A4_log2fc=1.0358
ep9 train_mse=0.0244 val=0.5147 CYP1A2_direct=0.6433 CYP2C9_direct=0.4534 CYP2D6_direct=0.7210 CYP3A4_direct=0.3404 CYP1A2_tdic=0.9314 CYP2C9_tdic=0.7937 CYP2D6_tdic=0.7698 CYP3A4_tdic=1.0032 is_TDI_2D6=0.1929 is_TDI_3A4=0.2138 CYP1A2_log2fc=1.0192 CYP2C9_log2fc=1.0122 CYP2D6_log2fc=0.9957 CYP3A4_log2fc=1.0395
ep10 train_mse=0.0170 val=0.5020 CYP1A2_direct=0.6310 CYP2C9_direct=0.4528 CYP2D6_direct=0.6940 CYP3A4_direct=0.3267 CYP1A2_tdic=0.9279 CYP2C9_tdic=0.7979 CYP2D6_tdic=0.7686 CYP3A4_tdic=1.0082 is_TDI_2D6=0.1920 is_TDI_3A4=0.2143 CYP1A2_log2fc=1.0200 CYP2C9_log2fc=1.0130 CYP2D6_log2fc=0.9941 CYP3A4_log2fc=1.0386
ep11 train_mse=0.0126 val=0.4957 CYP1A2_direct=0.6233 CYP2C9_direct=0.4547 CYP2D6_direct=0.6683 CYP3A4_direct=0.3312 CYP1A2_tdic=0.9307 CYP2C9_tdic=0.7975 CYP2D6_tdic=0.7679 CYP3A4_tdic=1.0073 is_TDI_2D6=0.1918 is_TDI_3A4=0.2150 CYP1A2_log2fc=1.0185 CYP2C9_log2fc=1.0072 CYP2D6_log2fc=0.9943 CYP3A4_log2fc=1.0398
ep12 train_mse=0.0096 val=0.4998 CYP1A2_direct=0.6232 CYP2C9_direct=0.4549 CYP2D6_direct=0.6832 CYP3A4_direct=0.3339 CYP1A2_tdic=0.9303 CYP2C9_tdic=0.7971 CYP2D6_tdic=0.7688 CYP3A4_tdic=1.0057 is_TDI_2D6=0.1916 is_TDI_3A4=0.2144 CYP1A2_log2fc=1.0207 CYP2C9_log2fc=1.0066 CYP2D6_log2fc=0.9935 CYP3A4_log2fc=1.0402
ep13 train_mse=0.0074 val=0.4951 CYP1A2_direct=0.6132 CYP2C9_direct=0.4439 CYP2D6_direct=0.6801 CYP3A4_direct=0.3386 CYP1A2_tdic=0.9303 CYP2C9_tdic=0.7964 CYP2D6_tdic=0.7696 CYP3A4_tdic=1.0062 is_TDI_2D6=0.1918 is_TDI_3A4=0.2139 CYP1A2_log2fc=1.0172 CYP2C9_log2fc=1.0113 CYP2D6_log2fc=0.9946 CYP3A4_log2fc=1.0403
ep14 train_mse=0.0058 val=0.4982 CYP1A2_direct=0.6203 CYP2C9_direct=0.4533 CYP2D6_direct=0.6791 CYP3A4_direct=0.3359 CYP1A2_tdic=0.9296 CYP2C9_tdic=0.7956 CYP2D6_tdic=0.7689 CYP3A4_tdic=1.0052 is_TDI_2D6=0.1930 is_TDI_3A4=0.2144 CYP1A2_log2fc=1.0177 CYP2C9_log2fc=1.0089 CYP2D6_log2fc=0.9940 CYP3A4_log2fc=1.0404
ep15 train_mse=0.0050 val=0.4974 CYP1A2_direct=0.6255 CYP2C9_direct=0.4474 CYP2D6_direct=0.6771 CYP3A4_direct=0.3350 CYP1A2_tdic=0.9294 CYP2C9_tdic=0.7966 CYP2D6_tdic=0.7688 CYP3A4_tdic=1.0034 is_TDI_2D6=0.1932 is_TDI_3A4=0.2141 CYP1A2_log2fc=1.0188 CYP2C9_log2fc=1.0140 CYP2D6_log2fc=0.9940 CYP3A4_log2fc=1.0422
ep16 train_mse=0.0045 val=0.4898 CYP1A2_direct=0.6135 CYP2C9_direct=0.4403 CYP2D6_direct=0.6639 CYP3A4_direct=0.3351 CYP1A2_tdic=0.9291 CYP2C9_tdic=0.7968 CYP2D6_tdic=0.7689 CYP3A4_tdic=1.0029 is_TDI_2D6=0.1933 is_TDI_3A4=0.2145 CYP1A2_log2fc=1.0178 CYP2C9_log2fc=1.0102 CYP2D6_log2fc=0.9947 CYP3A4_log2fc=1.0418
ep17 train_mse=0.0043 val=0.5011 CYP1A2_direct=0.6158 CYP2C9_direct=0.4546 CYP2D6_direct=0.6971 CYP3A4_direct=0.3337 CYP1A2_tdic=0.9304 CYP2C9_tdic=0.7966 CYP2D6_tdic=0.7683 CYP3A4_tdic=1.0031 is_TDI_2D6=0.1922 is_TDI_3A4=0.2149 CYP1A2_log2fc=1.0199 CYP2C9_log2fc=1.0117 CYP2D6_log2fc=0.9956 CYP3A4_log2fc=1.0422
ep18 train_mse=0.0038 val=0.4975 CYP1A2_direct=0.6216 CYP2C9_direct=0.4514 CYP2D6_direct=0.6812 CYP3A4_direct=0.3313 CYP1A2_tdic=0.9299 CYP2C9_tdic=0.7956 CYP2D6_tdic=0.7682 CYP3A4_tdic=1.0035 is_TDI_2D6=0.1936 is_TDI_3A4=0.2149 CYP1A2_log2fc=1.0189 CYP2C9_log2fc=1.0122 CYP2D6_log2fc=0.9951 CYP3A4_log2fc=1.0433
ep19 train_mse=0.0036 val=0.4972 CYP1A2_direct=0.6120 CYP2C9_direct=0.4485 CYP2D6_direct=0.6892 CYP3A4_direct=0.3352 CYP1A2_tdic=0.9297 CYP2C9_tdic=0.7963 CYP2D6_tdic=0.7686 CYP3A4_tdic=1.0045 is_TDI_2D6=0.1928 is_TDI_3A4=0.2153 CYP1A2_log2fc=1.0197 CYP2C9_log2fc=1.0130 CYP2D6_log2fc=0.9947 CYP3A4_log2fc=1.0426
ep20 train_mse=0.0034 val=0.4948 CYP1A2_direct=0.6241 CYP2C9_direct=0.4480 CYP2D6_direct=0.6665 CYP3A4_direct=0.3348 CYP1A2_tdic=0.9287 CYP2C9_tdic=0.7958 CYP2D6_tdic=0.7685 CYP3A4_tdic=1.0054 is_TDI_2D6=0.1933 is_TDI_3A4=0.2154 CYP1A2_log2fc=1.0183 CYP2C9_log2fc=1.0127 CYP2D6_log2fc=0.9953 CYP3A4_log2fc=1.0411
ep21 train_mse=0.0031 val=0.4987 CYP1A2_direct=0.6215 CYP2C9_direct=0.4522 CYP2D6_direct=0.6844 CYP3A4_direct=0.3324 CYP1A2_tdic=0.9294 CYP2C9_tdic=0.7956 CYP2D6_tdic=0.7684 CYP3A4_tdic=1.0060 is_TDI_2D6=0.1921 is_TDI_3A4=0.2152 CYP1A2_log2fc=1.0196 CYP2C9_log2fc=1.0109 CYP2D6_log2fc=0.9951 CYP3A4_log2fc=1.0398
ep22 train_mse=0.0030 val=0.4934 CYP1A2_direct=0.6151 CYP2C9_direct=0.4409 CYP2D6_direct=0.6786 CYP3A4_direct=0.3341 CYP1A2_tdic=0.9298 CYP2C9_tdic=0.7961 CYP2D6_tdic=0.7694 CYP3A4_tdic=1.0064 is_TDI_2D6=0.1927 is_TDI_3A4=0.2155 CYP1A2_log2fc=1.0176 CYP2C9_log2fc=1.0125 CYP2D6_log2fc=0.9954 CYP3A4_log2fc=1.0410
ep23 train_mse=0.0028 val=0.4979 CYP1A2_direct=0.6234 CYP2C9_direct=0.4526 CYP2D6_direct=0.6765 CYP3A4_direct=0.3343 CYP1A2_tdic=0.9278 CYP2C9_tdic=0.7976 CYP2D6_tdic=0.7687 CYP3A4_tdic=1.0083 is_TDI_2D6=0.1927 is_TDI_3A4=0.2151 CYP1A2_log2fc=1.0196 CYP2C9_log2fc=1.0136 CYP2D6_log2fc=0.9961 CYP3A4_log2fc=1.0418
ep24 train_mse=0.0026 val=0.4972 CYP1A2_direct=0.6195 CYP2C9_direct=0.4491 CYP2D6_direct=0.6844 CYP3A4_direct=0.3316 CYP1A2_tdic=0.9287 CYP2C9_tdic=0.7958 CYP2D6_tdic=0.7684 CYP3A4_tdic=1.0062 is_TDI_2D6=0.1924 is_TDI_3A4=0.2159 CYP1A2_log2fc=1.0190 CYP2C9_log2fc=1.0136 CYP2D6_log2fc=0.9958 CYP3A4_log2fc=1.0413
[L2_primary] fold 3 done 488s
[L2_primary fold4] trainable 17.2M
GPU available: True (cuda), used: True
TPU available: False, using: 0 TPU cores
💡 Tip: For seamless cloud logging and experiment tracking, try installing [litlogger](https://pypi.org/project/litlogger/) to enable LitLogger, which logs metrics and artifacts automatically to the Lightning Experiments platform.
Seed set to 0
LOCAL_RANK: 0 - CUDA_VISIBLE_DEVICES: [0]
Loading `train_dataloader` to estimate number of stepping batches.
ep1 train_mse=0.0000 val=0.9230 CYP1A2_direct=0.9328 CYP2C9_direct=0.9802 CYP2D6_direct=1.0252 CYP3A4_direct=0.9492 CYP1A2_tdic=0.9371 CYP2C9_tdic=1.0910 CYP2D6_tdic=0.9805 CYP3A4_tdic=0.8275 is_TDI_2D6=0.2402 is_TDI_3A4=0.2359 CYP1A2_log2fc=0.9605 CYP2C9_log2fc=0.9542 CYP2D6_log2fc=0.9583 CYP3A4_log2fc=1.0401
ep1 train_mse=0.8578 val=0.5438 CYP1A2_direct=0.8181 CYP2C9_direct=0.3584 CYP2D6_direct=0.7364 CYP3A4_direct=0.4181 CYP1A2_tdic=0.9383 CYP2C9_tdic=0.9830 CYP2D6_tdic=0.8278 CYP3A4_tdic=0.8523 is_TDI_2D6=0.1916 is_TDI_3A4=0.2081 CYP1A2_log2fc=0.9826 CYP2C9_log2fc=1.0395 CYP2D6_log2fc=0.9508 CYP3A4_log2fc=1.0149
ep2 train_mse=0.5555 val=0.5810 CYP1A2_direct=0.9197 CYP2C9_direct=0.3980 CYP2D6_direct=0.7404 CYP3A4_direct=0.4333 CYP1A2_tdic=0.9462 CYP2C9_tdic=0.9906 CYP2D6_tdic=0.8451 CYP3A4_tdic=0.8276 is_TDI_2D6=0.1862 is_TDI_3A4=0.2104 CYP1A2_log2fc=0.9920 CYP2C9_log2fc=1.0526 CYP2D6_log2fc=0.9407 CYP3A4_log2fc=0.9870
ep3 train_mse=0.3536 val=0.6324 CYP1A2_direct=0.9413 CYP2C9_direct=0.4109 CYP2D6_direct=0.9340 CYP3A4_direct=0.4312 CYP1A2_tdic=0.9572 CYP2C9_tdic=0.9745 CYP2D6_tdic=0.8265 CYP3A4_tdic=0.8355 is_TDI_2D6=0.1889 is_TDI_3A4=0.2192 CYP1A2_log2fc=0.9828 CYP2C9_log2fc=1.0523 CYP2D6_log2fc=0.9322 CYP3A4_log2fc=0.9906
ep4 train_mse=0.2004 val=0.6263 CYP1A2_direct=0.9827 CYP2C9_direct=0.4387 CYP2D6_direct=0.8241 CYP3A4_direct=0.4422 CYP1A2_tdic=0.9489 CYP2C9_tdic=0.9758 CYP2D6_tdic=0.8235 CYP3A4_tdic=0.8153 is_TDI_2D6=0.1921 is_TDI_3A4=0.2108 CYP1A2_log2fc=0.9807 CYP2C9_log2fc=1.0649 CYP2D6_log2fc=0.9375 CYP3A4_log2fc=0.9982
ep5 train_mse=0.1195 val=0.5692 CYP1A2_direct=0.9153 CYP2C9_direct=0.3522 CYP2D6_direct=0.7848 CYP3A4_direct=0.3934 CYP1A2_tdic=0.9510 CYP2C9_tdic=0.9836 CYP2D6_tdic=0.8204 CYP3A4_tdic=0.8279 is_TDI_2D6=0.1929 is_TDI_3A4=0.2087 CYP1A2_log2fc=0.9852 CYP2C9_log2fc=1.0606 CYP2D6_log2fc=0.9333 CYP3A4_log2fc=0.9964
ep6 train_mse=0.0694 val=0.5877 CYP1A2_direct=0.8730 CYP2C9_direct=0.3757 CYP2D6_direct=0.8551 CYP3A4_direct=0.4196 CYP1A2_tdic=0.9529 CYP2C9_tdic=0.9844 CYP2D6_tdic=0.8089 CYP3A4_tdic=0.8160 is_TDI_2D6=0.1932 is_TDI_3A4=0.2103 CYP1A2_log2fc=0.9840 CYP2C9_log2fc=1.0569 CYP2D6_log2fc=0.9335 CYP3A4_log2fc=1.0058
ep7 train_mse=0.0424 val=0.5724 CYP1A2_direct=0.8988 CYP2C9_direct=0.3612 CYP2D6_direct=0.7979 CYP3A4_direct=0.4007 CYP1A2_tdic=0.9530 CYP2C9_tdic=0.9833 CYP2D6_tdic=0.8127 CYP3A4_tdic=0.8197 is_TDI_2D6=0.1921 is_TDI_3A4=0.2080 CYP1A2_log2fc=0.9876 CYP2C9_log2fc=1.0645 CYP2D6_log2fc=0.9338 CYP3A4_log2fc=0.9989
ep8 train_mse=0.0312 val=0.6010 CYP1A2_direct=0.9395 CYP2C9_direct=0.3772 CYP2D6_direct=0.8501 CYP3A4_direct=0.4156 CYP1A2_tdic=0.9518 CYP2C9_tdic=0.9769 CYP2D6_tdic=0.8128 CYP3A4_tdic=0.8206 is_TDI_2D6=0.1930 is_TDI_3A4=0.2083 CYP1A2_log2fc=0.9875 CYP2C9_log2fc=1.0516 CYP2D6_log2fc=0.9315 CYP3A4_log2fc=0.9996
ep9 train_mse=0.0232 val=0.5794 CYP1A2_direct=0.9250 CYP2C9_direct=0.3576 CYP2D6_direct=0.8122 CYP3A4_direct=0.3956 CYP1A2_tdic=0.9518 CYP2C9_tdic=0.9764 CYP2D6_tdic=0.8130 CYP3A4_tdic=0.8312 is_TDI_2D6=0.1953 is_TDI_3A4=0.2058 CYP1A2_log2fc=0.9880 CYP2C9_log2fc=1.0564 CYP2D6_log2fc=0.9360 CYP3A4_log2fc=1.0003
[L2_primary] fold 4 done 552s
DONE-OOF-ONLY L2_primary 552s
