[L2] rows: challenge 6145; fold col fold_reg; weights=plan
[L2 fold0] trainable 17.7M
GPU available: True (cuda), used: True
TPU available: False, using: 0 TPU cores
💡 Tip: For seamless cloud logging and experiment tracking, try installing [litlogger](https://pypi.org/project/litlogger/) to enable LitLogger, which logs metrics and artifacts automatically to the Lightning Experiments platform.
Seed set to 0
LOCAL_RANK: 0 - CUDA_VISIBLE_DEVICES: [0]
Loading `train_dataloader` to estimate number of stepping batches.
ep1 train_mse=0.0000 val=0.4419 CYP1A2_direct=1.0834 CYP2C9_direct=0.9697 CYP2D6_direct=1.0628 CYP3A4_direct=1.0355 CYP1A2_tdic=1.1634 CYP2C9_tdic=1.0474 CYP2D6_tdic=1.1305 CYP3A4_tdic=1.0993 is_TDI_2D6=0.2789 is_TDI_3A4=0.1960 CYP1A2_log2fc=0.7720 CYP2C9_log2fc=1.1305 CYP2D6_log2fc=0.9883 CYP3A4_log2fc=0.9828
ep1 train_mse=0.4520 val=0.3136 CYP1A2_direct=0.7244 CYP2C9_direct=0.8849 CYP2D6_direct=0.9001 CYP3A4_direct=0.5003 CYP1A2_tdic=0.7898 CYP2C9_tdic=0.8149 CYP2D6_tdic=0.8600 CYP3A4_tdic=0.4746 is_TDI_2D6=0.2676 is_TDI_3A4=0.2213 CYP1A2_log2fc=0.5691 CYP2C9_log2fc=0.5624 CYP2D6_log2fc=0.7306 CYP3A4_log2fc=0.4800
ep2 train_mse=0.3416 val=0.3074 CYP1A2_direct=0.7585 CYP2C9_direct=0.9434 CYP2D6_direct=0.8717 CYP3A4_direct=0.4436 CYP1A2_tdic=0.7880 CYP2C9_tdic=0.9037 CYP2D6_tdic=0.7635 CYP3A4_tdic=0.4341 is_TDI_2D6=0.2546 is_TDI_3A4=0.2232 CYP1A2_log2fc=0.5557 CYP2C9_log2fc=0.5385 CYP2D6_log2fc=0.6890 CYP3A4_log2fc=0.4341
ep3 train_mse=0.2769 val=0.2986 CYP1A2_direct=0.7383 CYP2C9_direct=0.9029 CYP2D6_direct=0.8655 CYP3A4_direct=0.4887 CYP1A2_tdic=0.7791 CYP2C9_tdic=0.8150 CYP2D6_tdic=0.8376 CYP3A4_tdic=0.5160 is_TDI_2D6=0.2593 is_TDI_3A4=0.2170 CYP1A2_log2fc=0.5614 CYP2C9_log2fc=0.5514 CYP2D6_log2fc=0.6538 CYP3A4_log2fc=0.5057
ep4 train_mse=0.2215 val=0.3192 CYP1A2_direct=0.7352 CYP2C9_direct=0.9933 CYP2D6_direct=0.8453 CYP3A4_direct=0.4434 CYP1A2_tdic=0.7448 CYP2C9_tdic=0.9331 CYP2D6_tdic=0.8278 CYP3A4_tdic=0.4100 is_TDI_2D6=0.2550 is_TDI_3A4=0.2110 CYP1A2_log2fc=0.5466 CYP2C9_log2fc=0.5185 CYP2D6_log2fc=0.6467 CYP3A4_log2fc=0.4693
ep5 train_mse=0.1730 val=0.3646 CYP1A2_direct=0.7687 CYP2C9_direct=1.1795 CYP2D6_direct=0.9126 CYP3A4_direct=0.4598 CYP1A2_tdic=0.7932 CYP2C9_tdic=0.9738 CYP2D6_tdic=0.9221 CYP3A4_tdic=0.4105 is_TDI_2D6=0.2600 is_TDI_3A4=0.2124 CYP1A2_log2fc=0.5611 CYP2C9_log2fc=0.4781 CYP2D6_log2fc=0.5629 CYP3A4_log2fc=0.4272
ep6 train_mse=0.1465 val=0.3746 CYP1A2_direct=0.8110 CYP2C9_direct=0.8190 CYP2D6_direct=0.9250 CYP3A4_direct=0.4293 CYP1A2_tdic=0.8336 CYP2C9_tdic=0.7249 CYP2D6_tdic=0.8491 CYP3A4_tdic=0.4001 is_TDI_2D6=0.2630 is_TDI_3A4=0.2224 CYP1A2_log2fc=0.5547 CYP2C9_log2fc=0.4344 CYP2D6_log2fc=0.5648 CYP3A4_log2fc=0.4045
ep7 train_mse=0.1206 val=0.4198 CYP1A2_direct=0.7959 CYP2C9_direct=0.9479 CYP2D6_direct=0.9695 CYP3A4_direct=0.4473 CYP1A2_tdic=0.8133 CYP2C9_tdic=0.9147 CYP2D6_tdic=0.9064 CYP3A4_tdic=0.4044 is_TDI_2D6=0.2688 is_TDI_3A4=0.2171 CYP1A2_log2fc=0.5465 CYP2C9_log2fc=0.4209 CYP2D6_log2fc=0.5869 CYP3A4_log2fc=0.4087
ep8 train_mse=0.0978 val=0.4137 CYP1A2_direct=0.7991 CYP2C9_direct=0.8640 CYP2D6_direct=0.9172 CYP3A4_direct=0.4586 CYP1A2_tdic=0.8183 CYP2C9_tdic=0.7878 CYP2D6_tdic=0.8532 CYP3A4_tdic=0.4023 is_TDI_2D6=0.2644 is_TDI_3A4=0.2216 CYP1A2_log2fc=0.5666 CYP2C9_log2fc=0.4218 CYP2D6_log2fc=0.5544 CYP3A4_log2fc=0.3953
ep9 train_mse=0.0802 val=0.4283 CYP1A2_direct=0.8024 CYP2C9_direct=0.8205 CYP2D6_direct=0.8665 CYP3A4_direct=0.4682 CYP1A2_tdic=0.8194 CYP2C9_tdic=0.7286 CYP2D6_tdic=0.8400 CYP3A4_tdic=0.3864 is_TDI_2D6=0.2719 is_TDI_3A4=0.2200 CYP1A2_log2fc=0.5583 CYP2C9_log2fc=0.3939 CYP2D6_log2fc=0.5398 CYP3A4_log2fc=0.3907
ep10 train_mse=0.0655 val=0.4428 CYP1A2_direct=0.7808 CYP2C9_direct=0.8931 CYP2D6_direct=0.8979 CYP3A4_direct=0.4528 CYP1A2_tdic=0.7994 CYP2C9_tdic=0.7936 CYP2D6_tdic=0.8725 CYP3A4_tdic=0.3866 is_TDI_2D6=0.2737 is_TDI_3A4=0.2201 CYP1A2_log2fc=0.5582 CYP2C9_log2fc=0.3971 CYP2D6_log2fc=0.5593 CYP3A4_log2fc=0.3952
ep11 train_mse=0.0527 val=0.4467 CYP1A2_direct=0.8141 CYP2C9_direct=0.8298 CYP2D6_direct=0.8854 CYP3A4_direct=0.4402 CYP1A2_tdic=0.8189 CYP2C9_tdic=0.7546 CYP2D6_tdic=0.8603 CYP3A4_tdic=0.3871 is_TDI_2D6=0.2770 is_TDI_3A4=0.2261 CYP1A2_log2fc=0.5539 CYP2C9_log2fc=0.3929 CYP2D6_log2fc=0.5748 CYP3A4_log2fc=0.3889
[L2] fold 0 done 209s
[L2 fold1] trainable 17.7M
GPU available: True (cuda), used: True
TPU available: False, using: 0 TPU cores
💡 Tip: For seamless cloud logging and experiment tracking, try installing [litlogger](https://pypi.org/project/litlogger/) to enable LitLogger, which logs metrics and artifacts automatically to the Lightning Experiments platform.
Seed set to 0
LOCAL_RANK: 0 - CUDA_VISIBLE_DEVICES: [0]
Loading `train_dataloader` to estimate number of stepping batches.
ep1 train_mse=0.0000 val=0.4569 CYP1A2_direct=1.1843 CYP2C9_direct=1.2114 CYP2D6_direct=0.5882 CYP3A4_direct=1.1190 CYP1A2_tdic=1.1674 CYP2C9_tdic=1.1806 CYP2D6_tdic=0.6895 CYP3A4_tdic=0.9703 is_TDI_2D6=0.2609 is_TDI_3A4=0.1706 CYP1A2_log2fc=1.3414 CYP2C9_log2fc=1.0348 CYP2D6_log2fc=1.1676 CYP3A4_log2fc=1.0788
ep1 train_mse=0.4394 val=0.3199 CYP1A2_direct=0.8331 CYP2C9_direct=0.8956 CYP2D6_direct=0.5772 CYP3A4_direct=0.5162 CYP1A2_tdic=0.8182 CYP2C9_tdic=0.8263 CYP2D6_tdic=0.6292 CYP3A4_tdic=0.5174 is_TDI_2D6=0.3006 is_TDI_3A4=0.2274 CYP1A2_log2fc=0.9230 CYP2C9_log2fc=0.6662 CYP2D6_log2fc=0.7983 CYP3A4_log2fc=0.6475
ep2 train_mse=0.3310 val=0.2830 CYP1A2_direct=0.7848 CYP2C9_direct=0.6023 CYP2D6_direct=0.5495 CYP3A4_direct=0.4363 CYP1A2_tdic=0.7652 CYP2C9_tdic=0.5445 CYP2D6_tdic=0.6388 CYP3A4_tdic=0.4453 is_TDI_2D6=0.2898 is_TDI_3A4=0.2250 CYP1A2_log2fc=0.8704 CYP2C9_log2fc=0.5833 CYP2D6_log2fc=0.7529 CYP3A4_log2fc=0.6128
ep3 train_mse=0.2704 val=0.2806 CYP1A2_direct=0.7688 CYP2C9_direct=0.6121 CYP2D6_direct=0.5741 CYP3A4_direct=0.3672 CYP1A2_tdic=0.8004 CYP2C9_tdic=0.5767 CYP2D6_tdic=0.7111 CYP3A4_tdic=0.3777 is_TDI_2D6=0.3146 is_TDI_3A4=0.2255 CYP1A2_log2fc=0.9005 CYP2C9_log2fc=0.5111 CYP2D6_log2fc=0.8185 CYP3A4_log2fc=0.5073
ep4 train_mse=0.2090 val=0.3114 CYP1A2_direct=0.7358 CYP2C9_direct=0.6336 CYP2D6_direct=0.5305 CYP3A4_direct=0.3618 CYP1A2_tdic=0.7234 CYP2C9_tdic=0.5738 CYP2D6_tdic=0.6602 CYP3A4_tdic=0.3735 is_TDI_2D6=0.2939 is_TDI_3A4=0.2286 CYP1A2_log2fc=0.8794 CYP2C9_log2fc=0.5041 CYP2D6_log2fc=0.7491 CYP3A4_log2fc=0.5288
ep5 train_mse=0.1674 val=0.3443 CYP1A2_direct=0.6998 CYP2C9_direct=0.6357 CYP2D6_direct=0.8842 CYP3A4_direct=0.3834 CYP1A2_tdic=0.6970 CYP2C9_tdic=0.5769 CYP2D6_tdic=0.8532 CYP3A4_tdic=0.3750 is_TDI_2D6=0.2919 is_TDI_3A4=0.2249 CYP1A2_log2fc=0.8973 CYP2C9_log2fc=0.5270 CYP2D6_log2fc=0.7203 CYP3A4_log2fc=0.5304
ep6 train_mse=0.1380 val=0.3329 CYP1A2_direct=0.6982 CYP2C9_direct=0.6609 CYP2D6_direct=0.5784 CYP3A4_direct=0.3570 CYP1A2_tdic=0.6788 CYP2C9_tdic=0.5913 CYP2D6_tdic=0.6943 CYP3A4_tdic=0.3782 is_TDI_2D6=0.3117 is_TDI_3A4=0.2164 CYP1A2_log2fc=0.8896 CYP2C9_log2fc=0.5075 CYP2D6_log2fc=0.7290 CYP3A4_log2fc=0.5513
ep7 train_mse=0.1164 val=0.3911 CYP1A2_direct=0.7512 CYP2C9_direct=0.7067 CYP2D6_direct=0.7245 CYP3A4_direct=0.4381 CYP1A2_tdic=0.7189 CYP2C9_tdic=0.8251 CYP2D6_tdic=0.7375 CYP3A4_tdic=0.4172 is_TDI_2D6=0.3123 is_TDI_3A4=0.2188 CYP1A2_log2fc=0.8932 CYP2C9_log2fc=0.5218 CYP2D6_log2fc=0.7221 CYP3A4_log2fc=0.5543
ep8 train_mse=0.0959 val=0.3860 CYP1A2_direct=0.6702 CYP2C9_direct=0.5464 CYP2D6_direct=0.5679 CYP3A4_direct=0.3615 CYP1A2_tdic=0.6610 CYP2C9_tdic=0.5240 CYP2D6_tdic=0.7337 CYP3A4_tdic=0.3457 is_TDI_2D6=0.3139 is_TDI_3A4=0.2149 CYP1A2_log2fc=0.8503 CYP2C9_log2fc=0.4429 CYP2D6_log2fc=0.7004 CYP3A4_log2fc=0.4788
ep9 train_mse=0.0768 val=0.4040 CYP1A2_direct=0.7924 CYP2C9_direct=0.6014 CYP2D6_direct=0.5249 CYP3A4_direct=0.3864 CYP1A2_tdic=0.7549 CYP2C9_tdic=0.6509 CYP2D6_tdic=0.7085 CYP3A4_tdic=0.3443 is_TDI_2D6=0.3253 is_TDI_3A4=0.2172 CYP1A2_log2fc=0.8967 CYP2C9_log2fc=0.4621 CYP2D6_log2fc=0.7013 CYP3A4_log2fc=0.5738
ep10 train_mse=0.0601 val=0.4049 CYP1A2_direct=0.6742 CYP2C9_direct=0.5384 CYP2D6_direct=0.6039 CYP3A4_direct=0.3564 CYP1A2_tdic=0.6746 CYP2C9_tdic=0.5153 CYP2D6_tdic=0.6856 CYP3A4_tdic=0.3230 is_TDI_2D6=0.3238 is_TDI_3A4=0.2190 CYP1A2_log2fc=0.8653 CYP2C9_log2fc=0.4334 CYP2D6_log2fc=0.7066 CYP3A4_log2fc=0.4354
ep11 train_mse=0.0485 val=0.4031 CYP1A2_direct=0.7318 CYP2C9_direct=0.5544 CYP2D6_direct=0.5799 CYP3A4_direct=0.3572 CYP1A2_tdic=0.6889 CYP2C9_tdic=0.5117 CYP2D6_tdic=0.7578 CYP3A4_tdic=0.3328 is_TDI_2D6=0.3226 is_TDI_3A4=0.2173 CYP1A2_log2fc=0.8735 CYP2C9_log2fc=0.4198 CYP2D6_log2fc=0.6954 CYP3A4_log2fc=0.4534
[L2] fold 1 done 420s
[L2 fold2] trainable 17.7M
GPU available: True (cuda), used: True
TPU available: False, using: 0 TPU cores
💡 Tip: For seamless cloud logging and experiment tracking, try installing [litlogger](https://pypi.org/project/litlogger/) to enable LitLogger, which logs metrics and artifacts automatically to the Lightning Experiments platform.
Seed set to 0
LOCAL_RANK: 0 - CUDA_VISIBLE_DEVICES: [0]
Loading `train_dataloader` to estimate number of stepping batches.
ep1 train_mse=0.0000 val=0.4572 CYP1A2_direct=1.3049 CYP2C9_direct=0.6940 CYP2D6_direct=1.1591 CYP3A4_direct=1.0604 CYP1A2_tdic=1.1500 CYP2C9_tdic=0.7660 CYP2D6_tdic=1.0209 CYP3A4_tdic=1.0481 is_TDI_2D6=0.1531 is_TDI_3A4=0.2171 CYP1A2_log2fc=0.9650 CYP2C9_log2fc=0.9713 CYP2D6_log2fc=1.1129 CYP3A4_log2fc=0.9953
ep1 train_mse=0.4428 val=0.2869 CYP1A2_direct=0.6775 CYP2C9_direct=0.4890 CYP2D6_direct=1.0552 CYP3A4_direct=0.3952 CYP1A2_tdic=0.7093 CYP2C9_tdic=0.5712 CYP2D6_tdic=0.9203 CYP3A4_tdic=0.4624 is_TDI_2D6=0.1652 is_TDI_3A4=0.2028 CYP1A2_log2fc=0.6381 CYP2C9_log2fc=0.4297 CYP2D6_log2fc=0.7010 CYP3A4_log2fc=0.4730
ep2 train_mse=0.3300 val=0.3035 CYP1A2_direct=0.6663 CYP2C9_direct=0.4924 CYP2D6_direct=1.2642 CYP3A4_direct=0.5243 CYP1A2_tdic=0.6767 CYP2C9_tdic=0.5222 CYP2D6_tdic=1.1061 CYP3A4_tdic=0.5874 is_TDI_2D6=0.1816 is_TDI_3A4=0.1942 CYP1A2_log2fc=0.6875 CYP2C9_log2fc=0.5745 CYP2D6_log2fc=0.8977 CYP3A4_log2fc=0.6911
ep3 train_mse=0.2784 val=0.2813 CYP1A2_direct=0.6499 CYP2C9_direct=0.4573 CYP2D6_direct=1.1092 CYP3A4_direct=0.4746 CYP1A2_tdic=0.6732 CYP2C9_tdic=0.5228 CYP2D6_tdic=0.8978 CYP3A4_tdic=0.4670 is_TDI_2D6=0.1710 is_TDI_3A4=0.1949 CYP1A2_log2fc=0.6592 CYP2C9_log2fc=0.4388 CYP2D6_log2fc=0.7550 CYP3A4_log2fc=0.4850
ep4 train_mse=0.2046 val=0.3008 CYP1A2_direct=0.7011 CYP2C9_direct=0.4270 CYP2D6_direct=1.1533 CYP3A4_direct=0.4335 CYP1A2_tdic=0.7203 CYP2C9_tdic=0.4635 CYP2D6_tdic=1.0297 CYP3A4_tdic=0.4720 is_TDI_2D6=0.1768 is_TDI_3A4=0.1921 CYP1A2_log2fc=0.6261 CYP2C9_log2fc=0.4269 CYP2D6_log2fc=0.7470 CYP3A4_log2fc=0.4512
ep5 train_mse=0.1724 val=0.3297 CYP1A2_direct=0.6444 CYP2C9_direct=0.4441 CYP2D6_direct=1.1645 CYP3A4_direct=0.4418 CYP1A2_tdic=0.6686 CYP2C9_tdic=0.4957 CYP2D6_tdic=0.9819 CYP3A4_tdic=0.4704 is_TDI_2D6=0.1716 is_TDI_3A4=0.1906 CYP1A2_log2fc=0.5538 CYP2C9_log2fc=0.3817 CYP2D6_log2fc=0.7135 CYP3A4_log2fc=0.5202
ep6 train_mse=0.1385 val=0.3532 CYP1A2_direct=0.6915 CYP2C9_direct=0.4532 CYP2D6_direct=1.2104 CYP3A4_direct=0.4012 CYP1A2_tdic=0.7163 CYP2C9_tdic=0.5089 CYP2D6_tdic=1.0179 CYP3A4_tdic=0.4105 is_TDI_2D6=0.1672 is_TDI_3A4=0.1981 CYP1A2_log2fc=0.5881 CYP2C9_log2fc=0.3623 CYP2D6_log2fc=0.7363 CYP3A4_log2fc=0.3937
ep7 train_mse=0.1165 val=0.3543 CYP1A2_direct=0.7118 CYP2C9_direct=0.4228 CYP2D6_direct=1.1763 CYP3A4_direct=0.4507 CYP1A2_tdic=0.7330 CYP2C9_tdic=0.4829 CYP2D6_tdic=1.0090 CYP3A4_tdic=0.4650 is_TDI_2D6=0.1739 is_TDI_3A4=0.1940 CYP1A2_log2fc=0.5995 CYP2C9_log2fc=0.3818 CYP2D6_log2fc=0.7770 CYP3A4_log2fc=0.5050
ep8 train_mse=0.0948 val=0.3416 CYP1A2_direct=0.6697 CYP2C9_direct=0.4222 CYP2D6_direct=1.1326 CYP3A4_direct=0.4025 CYP1A2_tdic=0.6965 CYP2C9_tdic=0.4687 CYP2D6_tdic=0.9834 CYP3A4_tdic=0.3863 is_TDI_2D6=0.1869 is_TDI_3A4=0.1989 CYP1A2_log2fc=0.5844 CYP2C9_log2fc=0.3619 CYP2D6_log2fc=0.7361 CYP3A4_log2fc=0.3930
ep9 train_mse=0.0744 val=0.3746 CYP1A2_direct=0.7107 CYP2C9_direct=0.4124 CYP2D6_direct=1.1892 CYP3A4_direct=0.3918 CYP1A2_tdic=0.7355 CYP2C9_tdic=0.4769 CYP2D6_tdic=1.0538 CYP3A4_tdic=0.4044 is_TDI_2D6=0.1798 is_TDI_3A4=0.1972 CYP1A2_log2fc=0.5898 CYP2C9_log2fc=0.3514 CYP2D6_log2fc=0.7186 CYP3A4_log2fc=0.4222
ep10 train_mse=0.0615 val=0.3726 CYP1A2_direct=0.6808 CYP2C9_direct=0.4215 CYP2D6_direct=1.2166 CYP3A4_direct=0.3836 CYP1A2_tdic=0.6947 CYP2C9_tdic=0.4844 CYP2D6_tdic=1.1849 CYP3A4_tdic=0.3936 is_TDI_2D6=0.1800 is_TDI_3A4=0.1922 CYP1A2_log2fc=0.5751 CYP2C9_log2fc=0.3209 CYP2D6_log2fc=0.7248 CYP3A4_log2fc=0.3778
ep11 train_mse=0.0492 val=0.3888 CYP1A2_direct=0.7020 CYP2C9_direct=0.4240 CYP2D6_direct=1.2726 CYP3A4_direct=0.4027 CYP1A2_tdic=0.7186 CYP2C9_tdic=0.4864 CYP2D6_tdic=1.2247 CYP3A4_tdic=0.4010 is_TDI_2D6=0.1833 is_TDI_3A4=0.1909 CYP1A2_log2fc=0.5897 CYP2C9_log2fc=0.3326 CYP2D6_log2fc=0.7456 CYP3A4_log2fc=0.3867
[L2] fold 2 done 629s
[L2 fold3] trainable 17.7M
GPU available: True (cuda), used: True
TPU available: False, using: 0 TPU cores
💡 Tip: For seamless cloud logging and experiment tracking, try installing [litlogger](https://pypi.org/project/litlogger/) to enable LitLogger, which logs metrics and artifacts automatically to the Lightning Experiments platform.
Seed set to 0
LOCAL_RANK: 0 - CUDA_VISIBLE_DEVICES: [0]
Loading `train_dataloader` to estimate number of stepping batches.
ep1 train_mse=0.0000 val=0.3845 CYP1A2_direct=0.8089 CYP2C9_direct=0.4984 CYP2D6_direct=0.5958 CYP3A4_direct=1.0458 CYP1A2_tdic=0.7228 CYP2C9_tdic=0.5042 CYP2D6_tdic=0.6488 CYP3A4_tdic=1.0096 is_TDI_2D6=0.2171 is_TDI_3A4=0.2486 CYP1A2_log2fc=1.0124 CYP2C9_log2fc=0.9424 CYP2D6_log2fc=1.2170 CYP3A4_log2fc=0.9454
ep1 train_mse=0.4480 val=0.2806 CYP1A2_direct=0.6302 CYP2C9_direct=0.4970 CYP2D6_direct=0.6309 CYP3A4_direct=0.4742 CYP1A2_tdic=0.6194 CYP2C9_tdic=0.5062 CYP2D6_tdic=0.7407 CYP3A4_tdic=0.5018 is_TDI_2D6=0.2398 is_TDI_3A4=0.2202 CYP1A2_log2fc=0.8011 CYP2C9_log2fc=0.5453 CYP2D6_log2fc=0.7155 CYP3A4_log2fc=0.5978
ep2 train_mse=0.3382 val=0.2891 CYP1A2_direct=0.6734 CYP2C9_direct=0.7384 CYP2D6_direct=0.6415 CYP3A4_direct=0.5301 CYP1A2_tdic=0.6630 CYP2C9_tdic=0.6397 CYP2D6_tdic=0.7586 CYP3A4_tdic=0.5510 is_TDI_2D6=0.2526 is_TDI_3A4=0.2224 CYP1A2_log2fc=0.7902 CYP2C9_log2fc=0.5702 CYP2D6_log2fc=0.8436 CYP3A4_log2fc=0.6007
ep3 train_mse=0.2744 val=0.2781 CYP1A2_direct=0.6420 CYP2C9_direct=0.6112 CYP2D6_direct=0.6766 CYP3A4_direct=0.5318 CYP1A2_tdic=0.6258 CYP2C9_tdic=0.5796 CYP2D6_tdic=0.8134 CYP3A4_tdic=0.5131 is_TDI_2D6=0.2529 is_TDI_3A4=0.2186 CYP1A2_log2fc=0.6772 CYP2C9_log2fc=0.5346 CYP2D6_log2fc=0.7942 CYP3A4_log2fc=0.5714
ep4 train_mse=0.2130 val=0.2921 CYP1A2_direct=0.6000 CYP2C9_direct=0.6205 CYP2D6_direct=0.7657 CYP3A4_direct=0.5014 CYP1A2_tdic=0.5781 CYP2C9_tdic=0.5921 CYP2D6_tdic=0.8987 CYP3A4_tdic=0.5206 is_TDI_2D6=0.2624 is_TDI_3A4=0.2220 CYP1A2_log2fc=0.6776 CYP2C9_log2fc=0.5399 CYP2D6_log2fc=0.7943 CYP3A4_log2fc=0.5600
ep5 train_mse=0.1745 val=0.3197 CYP1A2_direct=0.6514 CYP2C9_direct=0.6418 CYP2D6_direct=0.7653 CYP3A4_direct=0.4728 CYP1A2_tdic=0.6470 CYP2C9_tdic=0.6439 CYP2D6_tdic=0.8267 CYP3A4_tdic=0.4707 is_TDI_2D6=0.2567 is_TDI_3A4=0.2136 CYP1A2_log2fc=0.6814 CYP2C9_log2fc=0.4970 CYP2D6_log2fc=0.8093 CYP3A4_log2fc=0.5065
ep6 train_mse=0.1423 val=0.3438 CYP1A2_direct=0.6033 CYP2C9_direct=0.6095 CYP2D6_direct=0.7226 CYP3A4_direct=0.4544 CYP1A2_tdic=0.5910 CYP2C9_tdic=0.5733 CYP2D6_tdic=0.7249 CYP3A4_tdic=0.4442 is_TDI_2D6=0.2532 is_TDI_3A4=0.2207 CYP1A2_log2fc=0.6219 CYP2C9_log2fc=0.5255 CYP2D6_log2fc=0.7076 CYP3A4_log2fc=0.5163
ep7 train_mse=0.1177 val=0.3511 CYP1A2_direct=0.6632 CYP2C9_direct=0.5734 CYP2D6_direct=0.7613 CYP3A4_direct=0.4673 CYP1A2_tdic=0.6403 CYP2C9_tdic=0.5367 CYP2D6_tdic=0.7247 CYP3A4_tdic=0.4425 is_TDI_2D6=0.2584 is_TDI_3A4=0.2242 CYP1A2_log2fc=0.6313 CYP2C9_log2fc=0.5397 CYP2D6_log2fc=0.6560 CYP3A4_log2fc=0.5288
ep8 train_mse=0.1000 val=0.3679 CYP1A2_direct=0.6528 CYP2C9_direct=0.5855 CYP2D6_direct=0.6918 CYP3A4_direct=0.4939 CYP1A2_tdic=0.6362 CYP2C9_tdic=0.5636 CYP2D6_tdic=0.6926 CYP3A4_tdic=0.4535 is_TDI_2D6=0.2549 is_TDI_3A4=0.2288 CYP1A2_log2fc=0.6265 CYP2C9_log2fc=0.4936 CYP2D6_log2fc=0.6765 CYP3A4_log2fc=0.5032
ep9 train_mse=0.0817 val=0.3729 CYP1A2_direct=0.6630 CYP2C9_direct=0.5577 CYP2D6_direct=0.7012 CYP3A4_direct=0.4683 CYP1A2_tdic=0.6449 CYP2C9_tdic=0.5561 CYP2D6_tdic=0.7268 CYP3A4_tdic=0.4193 is_TDI_2D6=0.2539 is_TDI_3A4=0.2214 CYP1A2_log2fc=0.6391 CYP2C9_log2fc=0.4774 CYP2D6_log2fc=0.6520 CYP3A4_log2fc=0.4996
ep10 train_mse=0.0638 val=0.3693 CYP1A2_direct=0.6246 CYP2C9_direct=0.5272 CYP2D6_direct=0.6605 CYP3A4_direct=0.5229 CYP1A2_tdic=0.6134 CYP2C9_tdic=0.5242 CYP2D6_tdic=0.7068 CYP3A4_tdic=0.4608 is_TDI_2D6=0.2467 is_TDI_3A4=0.2187 CYP1A2_log2fc=0.6316 CYP2C9_log2fc=0.4759 CYP2D6_log2fc=0.6519 CYP3A4_log2fc=0.4886
ep11 train_mse=0.0511 val=0.3942 CYP1A2_direct=0.6512 CYP2C9_direct=0.5431 CYP2D6_direct=0.6653 CYP3A4_direct=0.4864 CYP1A2_tdic=0.6420 CYP2C9_tdic=0.5551 CYP2D6_tdic=0.7097 CYP3A4_tdic=0.4362 is_TDI_2D6=0.2528 is_TDI_3A4=0.2143 CYP1A2_log2fc=0.6306 CYP2C9_log2fc=0.4837 CYP2D6_log2fc=0.6562 CYP3A4_log2fc=0.4987
[L2] fold 3 done 837s
[L2 fold4] trainable 17.7M
GPU available: True (cuda), used: True
TPU available: False, using: 0 TPU cores
💡 Tip: For seamless cloud logging and experiment tracking, try installing [litlogger](https://pypi.org/project/litlogger/) to enable LitLogger, which logs metrics and artifacts automatically to the Lightning Experiments platform.
Seed set to 0
LOCAL_RANK: 0 - CUDA_VISIBLE_DEVICES: [0]
Loading `train_dataloader` to estimate number of stepping batches.
ep1 train_mse=0.0000 val=0.4232 CYP1A2_direct=0.5308 CYP2C9_direct=0.7299 CYP2D6_direct=1.3786 CYP3A4_direct=1.0105 CYP1A2_tdic=0.5578 CYP2C9_tdic=0.9218 CYP2D6_tdic=1.2162 CYP3A4_tdic=0.8724 is_TDI_2D6=0.1417 is_TDI_3A4=0.2092 CYP1A2_log2fc=0.8186 CYP2C9_log2fc=0.9673 CYP2D6_log2fc=1.0483 CYP3A4_log2fc=0.9593
ep1 train_mse=0.4450 val=0.2762 CYP1A2_direct=0.5229 CYP2C9_direct=0.5856 CYP2D6_direct=0.9275 CYP3A4_direct=0.3562 CYP1A2_tdic=0.6067 CYP2C9_tdic=0.6717 CYP2D6_tdic=0.9184 CYP3A4_tdic=0.3951 is_TDI_2D6=0.1994 is_TDI_3A4=0.1975 CYP1A2_log2fc=0.7391 CYP2C9_log2fc=0.5061 CYP2D6_log2fc=0.7349 CYP3A4_log2fc=0.5233
ep2 train_mse=0.3384 val=0.2683 CYP1A2_direct=0.5048 CYP2C9_direct=0.5674 CYP2D6_direct=0.9307 CYP3A4_direct=0.4406 CYP1A2_tdic=0.5450 CYP2C9_tdic=0.6443 CYP2D6_tdic=0.9014 CYP3A4_tdic=0.3967 is_TDI_2D6=0.1906 is_TDI_3A4=0.1971 CYP1A2_log2fc=0.7921 CYP2C9_log2fc=0.4985 CYP2D6_log2fc=0.8643 CYP3A4_log2fc=0.5795
ep3 train_mse=0.2731 val=0.2590 CYP1A2_direct=0.4816 CYP2C9_direct=0.5060 CYP2D6_direct=0.8961 CYP3A4_direct=0.4509 CYP1A2_tdic=0.5263 CYP2C9_tdic=0.5937 CYP2D6_tdic=0.9071 CYP3A4_tdic=0.3802 is_TDI_2D6=0.1949 is_TDI_3A4=0.1904 CYP1A2_log2fc=0.7207 CYP2C9_log2fc=0.4637 CYP2D6_log2fc=0.7223 CYP3A4_log2fc=0.4970
ep4 train_mse=0.2042 val=0.2786 CYP1A2_direct=0.7445 CYP2C9_direct=0.6163 CYP2D6_direct=0.8596 CYP3A4_direct=0.3833 CYP1A2_tdic=0.7530 CYP2C9_tdic=0.6992 CYP2D6_tdic=0.8219 CYP3A4_tdic=0.3596 is_TDI_2D6=0.2004 is_TDI_3A4=0.1835 CYP1A2_log2fc=0.7770 CYP2C9_log2fc=0.4824 CYP2D6_log2fc=0.6902 CYP3A4_log2fc=0.5154
ep5 train_mse=0.1758 val=0.2876 CYP1A2_direct=0.5235 CYP2C9_direct=0.5720 CYP2D6_direct=0.8522 CYP3A4_direct=0.3950 CYP1A2_tdic=0.5631 CYP2C9_tdic=0.6357 CYP2D6_tdic=0.7998 CYP3A4_tdic=0.3621 is_TDI_2D6=0.1892 is_TDI_3A4=0.1976 CYP1A2_log2fc=0.8005 CYP2C9_log2fc=0.5217 CYP2D6_log2fc=0.6755 CYP3A4_log2fc=0.4802
ep6 train_mse=0.1429 val=0.3090 CYP1A2_direct=0.5132 CYP2C9_direct=0.5464 CYP2D6_direct=0.8626 CYP3A4_direct=0.3699 CYP1A2_tdic=0.5606 CYP2C9_tdic=0.5969 CYP2D6_tdic=0.7835 CYP3A4_tdic=0.3230 is_TDI_2D6=0.1923 is_TDI_3A4=0.1960 CYP1A2_log2fc=0.6833 CYP2C9_log2fc=0.4149 CYP2D6_log2fc=0.6565 CYP3A4_log2fc=0.4436
ep7 train_mse=0.1171 val=0.3313 CYP1A2_direct=0.5478 CYP2C9_direct=0.6375 CYP2D6_direct=0.8370 CYP3A4_direct=0.3800 CYP1A2_tdic=0.5719 CYP2C9_tdic=0.6695 CYP2D6_tdic=0.7625 CYP3A4_tdic=0.3223 is_TDI_2D6=0.2038 is_TDI_3A4=0.1928 CYP1A2_log2fc=0.6870 CYP2C9_log2fc=0.4412 CYP2D6_log2fc=0.6191 CYP3A4_log2fc=0.4536
ep8 train_mse=0.0970 val=0.3230 CYP1A2_direct=0.5807 CYP2C9_direct=0.5728 CYP2D6_direct=0.8797 CYP3A4_direct=0.3586 CYP1A2_tdic=0.6206 CYP2C9_tdic=0.5978 CYP2D6_tdic=0.8101 CYP3A4_tdic=0.2992 is_TDI_2D6=0.1988 is_TDI_3A4=0.1952 CYP1A2_log2fc=0.6960 CYP2C9_log2fc=0.4145 CYP2D6_log2fc=0.6628 CYP3A4_log2fc=0.4372
ep9 train_mse=0.0796 val=0.3341 CYP1A2_direct=0.5178 CYP2C9_direct=0.5269 CYP2D6_direct=0.8318 CYP3A4_direct=0.3539 CYP1A2_tdic=0.5487 CYP2C9_tdic=0.5866 CYP2D6_tdic=0.7763 CYP3A4_tdic=0.2970 is_TDI_2D6=0.1944 is_TDI_3A4=0.1905 CYP1A2_log2fc=0.6887 CYP2C9_log2fc=0.3985 CYP2D6_log2fc=0.6517 CYP3A4_log2fc=0.4065
ep10 train_mse=0.0640 val=0.3409 CYP1A2_direct=0.5659 CYP2C9_direct=0.5271 CYP2D6_direct=0.8341 CYP3A4_direct=0.3777 CYP1A2_tdic=0.6088 CYP2C9_tdic=0.5848 CYP2D6_tdic=0.7722 CYP3A4_tdic=0.2966 is_TDI_2D6=0.2001 is_TDI_3A4=0.1886 CYP1A2_log2fc=0.6778 CYP2C9_log2fc=0.4029 CYP2D6_log2fc=0.6270 CYP3A4_log2fc=0.4209
ep11 train_mse=0.0500 val=0.3478 CYP1A2_direct=0.5557 CYP2C9_direct=0.5174 CYP2D6_direct=0.8337 CYP3A4_direct=0.3667 CYP1A2_tdic=0.5941 CYP2C9_tdic=0.5706 CYP2D6_tdic=0.8735 CYP3A4_tdic=0.3004 is_TDI_2D6=0.2014 is_TDI_3A4=0.1907 CYP1A2_log2fc=0.7411 CYP2C9_log2fc=0.4028 CYP2D6_log2fc=0.6201 CYP3A4_log2fc=0.4215
[L2] fold 4 done 1045s
[L2 all] trainable 17.7M
GPU available: True (cuda), used: True
TPU available: False, using: 0 TPU cores
💡 Tip: For seamless cloud logging and experiment tracking, try installing [litlogger](https://pypi.org/project/litlogger/) to enable LitLogger, which logs metrics and artifacts automatically to the Lightning Experiments platform.
Seed set to 0
LOCAL_RANK: 0 - CUDA_VISIBLE_DEVICES: [0]
Loading `train_dataloader` to estimate number of stepping batches.
ep1 train_mse=0.0000 val=0.4584 CYP1A2_direct=1.4850 CYP2C9_direct=0.9678 CYP2D6_direct=0.6900 CYP3A4_direct=1.1812 CYP1A2_tdic=1.4865 CYP2C9_tdic=0.9631 CYP2D6_tdic=0.7406 CYP3A4_tdic=1.1032 is_TDI_2D6=0.2178 is_TDI_3A4=0.2350 CYP1A2_log2fc=0.9568 CYP2C9_log2fc=0.9188 CYP2D6_log2fc=0.8936 CYP3A4_log2fc=1.0492
ep1 train_mse=0.4839 val=0.2870 CYP1A2_direct=0.8387 CYP2C9_direct=0.5205 CYP2D6_direct=0.7829 CYP3A4_direct=0.5579 CYP1A2_tdic=0.8565 CYP2C9_tdic=0.4866 CYP2D6_tdic=0.6694 CYP3A4_tdic=0.4859 is_TDI_2D6=0.1828 is_TDI_3A4=0.2159 CYP1A2_log2fc=0.6271 CYP2C9_log2fc=0.5064 CYP2D6_log2fc=0.6861 CYP3A4_log2fc=0.5836
ep2 train_mse=0.3657 val=0.2809 CYP1A2_direct=1.0097 CYP2C9_direct=0.4744 CYP2D6_direct=0.8331 CYP3A4_direct=0.5618 CYP1A2_tdic=0.9859 CYP2C9_tdic=0.4151 CYP2D6_tdic=0.7193 CYP3A4_tdic=0.4911 is_TDI_2D6=0.1747 is_TDI_3A4=0.2018 CYP1A2_log2fc=0.6310 CYP2C9_log2fc=0.4506 CYP2D6_log2fc=0.6103 CYP3A4_log2fc=0.5993
ep3 train_mse=0.2992 val=0.2740 CYP1A2_direct=0.8211 CYP2C9_direct=0.5148 CYP2D6_direct=0.7977 CYP3A4_direct=0.4682 CYP1A2_tdic=0.8212 CYP2C9_tdic=0.4387 CYP2D6_tdic=0.7135 CYP3A4_tdic=0.4214 is_TDI_2D6=0.1789 is_TDI_3A4=0.2094 CYP1A2_log2fc=0.5864 CYP2C9_log2fc=0.4947 CYP2D6_log2fc=0.6027 CYP3A4_log2fc=0.5641
ep4 train_mse=0.2277 val=0.2746 CYP1A2_direct=0.7601 CYP2C9_direct=0.5384 CYP2D6_direct=0.7983 CYP3A4_direct=0.4275 CYP1A2_tdic=0.7577 CYP2C9_tdic=0.4586 CYP2D6_tdic=0.7039 CYP3A4_tdic=0.4420 is_TDI_2D6=0.1820 is_TDI_3A4=0.1983 CYP1A2_log2fc=0.5831 CYP2C9_log2fc=0.4488 CYP2D6_log2fc=0.5903 CYP3A4_log2fc=0.5011
ep5 train_mse=0.1877 val=0.2886 CYP1A2_direct=0.8024 CYP2C9_direct=0.5377 CYP2D6_direct=0.9241 CYP3A4_direct=0.3982 CYP1A2_tdic=0.8027 CYP2C9_tdic=0.4489 CYP2D6_tdic=0.8313 CYP3A4_tdic=0.3911 is_TDI_2D6=0.1791 is_TDI_3A4=0.2075 CYP1A2_log2fc=0.5738 CYP2C9_log2fc=0.4637 CYP2D6_log2fc=0.6109 CYP3A4_log2fc=0.4887
ep6 train_mse=0.1607 val=0.3154 CYP1A2_direct=0.8313 CYP2C9_direct=0.4908 CYP2D6_direct=0.9053 CYP3A4_direct=0.4231 CYP1A2_tdic=0.8222 CYP2C9_tdic=0.4123 CYP2D6_tdic=0.8068 CYP3A4_tdic=0.3934 is_TDI_2D6=0.1795 is_TDI_3A4=0.2063 CYP1A2_log2fc=0.6138 CYP2C9_log2fc=0.4819 CYP2D6_log2fc=0.5521 CYP3A4_log2fc=0.4703
ep7 train_mse=0.1313 val=0.3444 CYP1A2_direct=0.8118 CYP2C9_direct=0.4998 CYP2D6_direct=0.8374 CYP3A4_direct=0.4053 CYP1A2_tdic=0.8095 CYP2C9_tdic=0.4233 CYP2D6_tdic=0.7615 CYP3A4_tdic=0.3874 is_TDI_2D6=0.1864 is_TDI_3A4=0.2042 CYP1A2_log2fc=0.5825 CYP2C9_log2fc=0.4419 CYP2D6_log2fc=0.5464 CYP3A4_log2fc=0.4565
ep8 train_mse=0.1087 val=0.3613 CYP1A2_direct=0.8420 CYP2C9_direct=0.4978 CYP2D6_direct=0.8394 CYP3A4_direct=0.4133 CYP1A2_tdic=0.8240 CYP2C9_tdic=0.4164 CYP2D6_tdic=0.7813 CYP3A4_tdic=0.4056 is_TDI_2D6=0.1848 is_TDI_3A4=0.2029 CYP1A2_log2fc=0.5690 CYP2C9_log2fc=0.4379 CYP2D6_log2fc=0.5547 CYP3A4_log2fc=0.4581
ep9 train_mse=0.0871 val=0.3548 CYP1A2_direct=0.8235 CYP2C9_direct=0.4714 CYP2D6_direct=0.8022 CYP3A4_direct=0.4232 CYP1A2_tdic=0.8150 CYP2C9_tdic=0.3986 CYP2D6_tdic=0.7365 CYP3A4_tdic=0.3982 is_TDI_2D6=0.1822 is_TDI_3A4=0.1997 CYP1A2_log2fc=0.5738 CYP2C9_log2fc=0.4295 CYP2D6_log2fc=0.5502 CYP3A4_log2fc=0.4486
ep10 train_mse=0.0721 val=0.3716 CYP1A2_direct=0.7997 CYP2C9_direct=0.4939 CYP2D6_direct=0.8135 CYP3A4_direct=0.4373 CYP1A2_tdic=0.7944 CYP2C9_tdic=0.4275 CYP2D6_tdic=0.7364 CYP3A4_tdic=0.4267 is_TDI_2D6=0.1846 is_TDI_3A4=0.1993 CYP1A2_log2fc=0.5698 CYP2C9_log2fc=0.4521 CYP2D6_log2fc=0.5494 CYP3A4_log2fc=0.4423
ep11 train_mse=0.0591 val=0.3773 CYP1A2_direct=0.8023 CYP2C9_direct=0.4877 CYP2D6_direct=0.7918 CYP3A4_direct=0.4480 CYP1A2_tdic=0.7973 CYP2C9_tdic=0.4139 CYP2D6_tdic=0.7430 CYP3A4_tdic=0.4343 is_TDI_2D6=0.1880 is_TDI_3A4=0.1974 CYP1A2_log2fc=0.5648 CYP2C9_log2fc=0.4357 CYP2D6_log2fc=0.5307 CYP3A4_log2fc=0.4272
DONE L2 1264s
