[L1_s2] rows: challenge 6145; fold col fold_reg; weights=plan
[L1_s2 fold0] trainable 17.7M
GPU available: True (cuda), used: True
TPU available: False, using: 0 TPU cores
💡 Tip: For seamless cloud logging and experiment tracking, try installing [litlogger](https://pypi.org/project/litlogger/) to enable LitLogger, which logs metrics and artifacts automatically to the Lightning Experiments platform.
Seed set to 2
LOCAL_RANK: 0 - CUDA_VISIBLE_DEVICES: [0]
Loading `train_dataloader` to estimate number of stepping batches.
ep1 train_mse=0.0000 val=0.4367 CYP1A2_direct=0.8487 CYP2C9_direct=0.9472 CYP2D6_direct=0.8318 CYP3A4_direct=1.0520 CYP1A2_tdic=0.8941 CYP2C9_tdic=0.9134 CYP2D6_tdic=0.9980 CYP3A4_tdic=0.8909 is_TDI_2D6=0.2357 is_TDI_3A4=0.2854 CYP1A2_log2fc=1.1820 CYP2C9_log2fc=1.1522 CYP2D6_log2fc=0.9910 CYP3A4_log2fc=1.0814
ep1 train_mse=0.4998 val=0.3249 CYP1A2_direct=0.5953 CYP2C9_direct=0.7608 CYP2D6_direct=0.9303 CYP3A4_direct=0.6353 CYP1A2_tdic=0.6525 CYP2C9_tdic=0.7466 CYP2D6_tdic=0.9373 CYP3A4_tdic=0.5108 is_TDI_2D6=0.2244 is_TDI_3A4=0.2452 CYP1A2_log2fc=0.7988 CYP2C9_log2fc=0.6682 CYP2D6_log2fc=0.7459 CYP3A4_log2fc=0.7033
ep2 train_mse=0.4044 val=0.2888 CYP1A2_direct=0.5760 CYP2C9_direct=0.6481 CYP2D6_direct=0.7606 CYP3A4_direct=0.4584 CYP1A2_tdic=0.6205 CYP2C9_tdic=0.5600 CYP2D6_tdic=0.8051 CYP3A4_tdic=0.4681 is_TDI_2D6=0.2285 is_TDI_3A4=0.2533 CYP1A2_log2fc=0.7659 CYP2C9_log2fc=0.5945 CYP2D6_log2fc=0.6725 CYP3A4_log2fc=0.6452
ep3 train_mse=0.3532 val=0.2921 CYP1A2_direct=0.6387 CYP2C9_direct=0.5983 CYP2D6_direct=0.8338 CYP3A4_direct=0.4100 CYP1A2_tdic=0.6769 CYP2C9_tdic=0.5801 CYP2D6_tdic=0.8202 CYP3A4_tdic=0.3903 is_TDI_2D6=0.2303 is_TDI_3A4=0.2695 CYP1A2_log2fc=0.7980 CYP2C9_log2fc=0.5575 CYP2D6_log2fc=0.6637 CYP3A4_log2fc=0.5920
ep4 train_mse=0.3055 val=0.3045 CYP1A2_direct=0.4969 CYP2C9_direct=0.6385 CYP2D6_direct=0.9605 CYP3A4_direct=0.4561 CYP1A2_tdic=0.5264 CYP2C9_tdic=0.6241 CYP2D6_tdic=0.9620 CYP3A4_tdic=0.4375 is_TDI_2D6=0.2287 is_TDI_3A4=0.2598 CYP1A2_log2fc=0.7401 CYP2C9_log2fc=0.5899 CYP2D6_log2fc=0.7304 CYP3A4_log2fc=0.6433
ep5 train_mse=0.2530 val=0.3114 CYP1A2_direct=0.5472 CYP2C9_direct=0.6318 CYP2D6_direct=0.8406 CYP3A4_direct=0.3917 CYP1A2_tdic=0.5694 CYP2C9_tdic=0.5768 CYP2D6_tdic=0.8398 CYP3A4_tdic=0.3999 is_TDI_2D6=0.2499 is_TDI_3A4=0.2540 CYP1A2_log2fc=0.7460 CYP2C9_log2fc=0.5044 CYP2D6_log2fc=0.6244 CYP3A4_log2fc=0.5384
ep6 train_mse=0.2160 val=0.3169 CYP1A2_direct=0.5805 CYP2C9_direct=0.5780 CYP2D6_direct=0.8827 CYP3A4_direct=0.4210 CYP1A2_tdic=0.5995 CYP2C9_tdic=0.5269 CYP2D6_tdic=0.8091 CYP3A4_tdic=0.4216 is_TDI_2D6=0.2386 is_TDI_3A4=0.2527 CYP1A2_log2fc=0.8020 CYP2C9_log2fc=0.4966 CYP2D6_log2fc=0.5622 CYP3A4_log2fc=0.5483
ep7 train_mse=0.1838 val=0.3390 CYP1A2_direct=0.4962 CYP2C9_direct=0.5310 CYP2D6_direct=0.7490 CYP3A4_direct=0.4069 CYP1A2_tdic=0.5353 CYP2C9_tdic=0.4829 CYP2D6_tdic=0.7686 CYP3A4_tdic=0.3970 is_TDI_2D6=0.2388 is_TDI_3A4=0.2596 CYP1A2_log2fc=0.7395 CYP2C9_log2fc=0.4947 CYP2D6_log2fc=0.6204 CYP3A4_log2fc=0.5428
ep8 train_mse=0.1591 val=0.3528 CYP1A2_direct=0.5855 CYP2C9_direct=0.5405 CYP2D6_direct=0.7840 CYP3A4_direct=0.3923 CYP1A2_tdic=0.6207 CYP2C9_tdic=0.5071 CYP2D6_tdic=0.7825 CYP3A4_tdic=0.3953 is_TDI_2D6=0.2382 is_TDI_3A4=0.2638 CYP1A2_log2fc=0.7330 CYP2C9_log2fc=0.4753 CYP2D6_log2fc=0.5817 CYP3A4_log2fc=0.5304
ep9 train_mse=0.1382 val=0.3657 CYP1A2_direct=0.5557 CYP2C9_direct=0.5722 CYP2D6_direct=0.7858 CYP3A4_direct=0.4127 CYP1A2_tdic=0.5689 CYP2C9_tdic=0.5135 CYP2D6_tdic=0.8120 CYP3A4_tdic=0.4245 is_TDI_2D6=0.2375 is_TDI_3A4=0.2530 CYP1A2_log2fc=0.7214 CYP2C9_log2fc=0.4643 CYP2D6_log2fc=0.5811 CYP3A4_log2fc=0.5174
ep10 train_mse=0.1174 val=0.3803 CYP1A2_direct=0.5027 CYP2C9_direct=0.5421 CYP2D6_direct=0.7561 CYP3A4_direct=0.3415 CYP1A2_tdic=0.5344 CYP2C9_tdic=0.4919 CYP2D6_tdic=0.7642 CYP3A4_tdic=0.3797 is_TDI_2D6=0.2356 is_TDI_3A4=0.2513 CYP1A2_log2fc=0.7632 CYP2C9_log2fc=0.4371 CYP2D6_log2fc=0.5704 CYP3A4_log2fc=0.4934
[L1_s2] fold 0 done 191s
[L1_s2 fold1] trainable 17.7M
GPU available: True (cuda), used: True
TPU available: False, using: 0 TPU cores
💡 Tip: For seamless cloud logging and experiment tracking, try installing [litlogger](https://pypi.org/project/litlogger/) to enable LitLogger, which logs metrics and artifacts automatically to the Lightning Experiments platform.
Seed set to 2
LOCAL_RANK: 0 - CUDA_VISIBLE_DEVICES: [0]
Loading `train_dataloader` to estimate number of stepping batches.
ep1 train_mse=0.0000 val=0.4712 CYP1A2_direct=1.3594 CYP2C9_direct=1.3419 CYP2D6_direct=0.9796 CYP3A4_direct=1.0085 CYP1A2_tdic=1.2282 CYP2C9_tdic=1.4675 CYP2D6_tdic=0.8894 CYP3A4_tdic=1.0364 is_TDI_2D6=0.2317 is_TDI_3A4=0.1946 CYP1A2_log2fc=1.0443 CYP2C9_log2fc=1.0708 CYP2D6_log2fc=0.9480 CYP3A4_log2fc=1.0453
ep1 train_mse=0.4947 val=0.3322 CYP1A2_direct=0.9347 CYP2C9_direct=0.8564 CYP2D6_direct=0.9018 CYP3A4_direct=0.5240 CYP1A2_tdic=0.9499 CYP2C9_tdic=0.9972 CYP2D6_tdic=0.9841 CYP3A4_tdic=0.5946 is_TDI_2D6=0.1989 is_TDI_3A4=0.2027 CYP1A2_log2fc=0.7399 CYP2C9_log2fc=0.6024 CYP2D6_log2fc=0.7350 CYP3A4_log2fc=0.6360
ep2 train_mse=0.3987 val=0.3094 CYP1A2_direct=0.8965 CYP2C9_direct=0.6599 CYP2D6_direct=0.8851 CYP3A4_direct=0.4553 CYP1A2_tdic=0.8692 CYP2C9_tdic=0.7418 CYP2D6_tdic=0.9640 CYP3A4_tdic=0.6127 is_TDI_2D6=0.2055 is_TDI_3A4=0.1965 CYP1A2_log2fc=0.7587 CYP2C9_log2fc=0.5255 CYP2D6_log2fc=0.7250 CYP3A4_log2fc=0.6174
ep3 train_mse=0.3433 val=0.2942 CYP1A2_direct=0.9482 CYP2C9_direct=0.6427 CYP2D6_direct=0.7664 CYP3A4_direct=0.4361 CYP1A2_tdic=0.9665 CYP2C9_tdic=0.7660 CYP2D6_tdic=0.8675 CYP3A4_tdic=0.5120 is_TDI_2D6=0.2038 is_TDI_3A4=0.1976 CYP1A2_log2fc=0.7062 CYP2C9_log2fc=0.5261 CYP2D6_log2fc=0.6321 CYP3A4_log2fc=0.5775
ep4 train_mse=0.2931 val=0.2829 CYP1A2_direct=0.8630 CYP2C9_direct=0.5192 CYP2D6_direct=0.8315 CYP3A4_direct=0.4094 CYP1A2_tdic=0.8583 CYP2C9_tdic=0.6610 CYP2D6_tdic=0.9003 CYP3A4_tdic=0.5136 is_TDI_2D6=0.2025 is_TDI_3A4=0.1955 CYP1A2_log2fc=0.6867 CYP2C9_log2fc=0.4736 CYP2D6_log2fc=0.6563 CYP3A4_log2fc=0.5371
ep5 train_mse=0.2477 val=0.3184 CYP1A2_direct=0.8863 CYP2C9_direct=0.6494 CYP2D6_direct=0.8203 CYP3A4_direct=0.4553 CYP1A2_tdic=0.8994 CYP2C9_tdic=0.7719 CYP2D6_tdic=0.9164 CYP3A4_tdic=0.5242 is_TDI_2D6=0.2017 is_TDI_3A4=0.1923 CYP1A2_log2fc=0.7060 CYP2C9_log2fc=0.5146 CYP2D6_log2fc=0.7375 CYP3A4_log2fc=0.5910
ep6 train_mse=0.2111 val=0.3261 CYP1A2_direct=0.8701 CYP2C9_direct=0.5914 CYP2D6_direct=0.9496 CYP3A4_direct=0.3844 CYP1A2_tdic=0.8588 CYP2C9_tdic=0.7131 CYP2D6_tdic=1.0324 CYP3A4_tdic=0.4469 is_TDI_2D6=0.2086 is_TDI_3A4=0.1982 CYP1A2_log2fc=0.6105 CYP2C9_log2fc=0.4621 CYP2D6_log2fc=0.6523 CYP3A4_log2fc=0.4962
ep7 train_mse=0.1812 val=0.3339 CYP1A2_direct=0.7934 CYP2C9_direct=0.6117 CYP2D6_direct=0.7942 CYP3A4_direct=0.4183 CYP1A2_tdic=0.8114 CYP2C9_tdic=0.7503 CYP2D6_tdic=0.8717 CYP3A4_tdic=0.5144 is_TDI_2D6=0.1967 is_TDI_3A4=0.1937 CYP1A2_log2fc=0.5914 CYP2C9_log2fc=0.4371 CYP2D6_log2fc=0.6520 CYP3A4_log2fc=0.5187
ep8 train_mse=0.1578 val=0.3510 CYP1A2_direct=0.8809 CYP2C9_direct=0.6196 CYP2D6_direct=0.8709 CYP3A4_direct=0.3924 CYP1A2_tdic=0.8914 CYP2C9_tdic=0.7558 CYP2D6_tdic=0.9287 CYP3A4_tdic=0.4657 is_TDI_2D6=0.1970 is_TDI_3A4=0.1900 CYP1A2_log2fc=0.5922 CYP2C9_log2fc=0.4368 CYP2D6_log2fc=0.6252 CYP3A4_log2fc=0.4847
ep9 train_mse=0.1341 val=0.3811 CYP1A2_direct=0.8326 CYP2C9_direct=0.5678 CYP2D6_direct=0.7976 CYP3A4_direct=0.3747 CYP1A2_tdic=0.8302 CYP2C9_tdic=0.7366 CYP2D6_tdic=0.9011 CYP3A4_tdic=0.4573 is_TDI_2D6=0.1946 is_TDI_3A4=0.1971 CYP1A2_log2fc=0.5694 CYP2C9_log2fc=0.4091 CYP2D6_log2fc=0.6195 CYP3A4_log2fc=0.5310
ep10 train_mse=0.1146 val=0.3848 CYP1A2_direct=0.8168 CYP2C9_direct=0.5325 CYP2D6_direct=0.8656 CYP3A4_direct=0.3794 CYP1A2_tdic=0.8161 CYP2C9_tdic=0.6749 CYP2D6_tdic=0.8846 CYP3A4_tdic=0.4602 is_TDI_2D6=0.2053 is_TDI_3A4=0.1946 CYP1A2_log2fc=0.5669 CYP2C9_log2fc=0.4332 CYP2D6_log2fc=0.6176 CYP3A4_log2fc=0.5128
ep11 train_mse=0.1001 val=0.3898 CYP1A2_direct=0.8291 CYP2C9_direct=0.5445 CYP2D6_direct=0.8689 CYP3A4_direct=0.3485 CYP1A2_tdic=0.8224 CYP2C9_tdic=0.6566 CYP2D6_tdic=0.9545 CYP3A4_tdic=0.4221 is_TDI_2D6=0.2008 is_TDI_3A4=0.1984 CYP1A2_log2fc=0.5614 CYP2C9_log2fc=0.4063 CYP2D6_log2fc=0.6562 CYP3A4_log2fc=0.4796
ep12 train_mse=0.0856 val=0.3913 CYP1A2_direct=0.8172 CYP2C9_direct=0.5170 CYP2D6_direct=0.8183 CYP3A4_direct=0.3544 CYP1A2_tdic=0.8190 CYP2C9_tdic=0.6496 CYP2D6_tdic=0.9198 CYP3A4_tdic=0.4341 is_TDI_2D6=0.1978 is_TDI_3A4=0.1935 CYP1A2_log2fc=0.5741 CYP2C9_log2fc=0.3903 CYP2D6_log2fc=0.6562 CYP3A4_log2fc=0.4677
[L1_s2] fold 1 done 417s
[L1_s2 fold2] trainable 17.7M
GPU available: True (cuda), used: True
TPU available: False, using: 0 TPU cores
💡 Tip: For seamless cloud logging and experiment tracking, try installing [litlogger](https://pypi.org/project/litlogger/) to enable LitLogger, which logs metrics and artifacts automatically to the Lightning Experiments platform.
Seed set to 2
LOCAL_RANK: 0 - CUDA_VISIBLE_DEVICES: [0]
Loading `train_dataloader` to estimate number of stepping batches.
ep1 train_mse=0.0000 val=0.4228 CYP1A2_direct=1.0513 CYP2C9_direct=0.7451 CYP2D6_direct=0.7521 CYP3A4_direct=1.0351 CYP1A2_tdic=0.9591 CYP2C9_tdic=0.8197 CYP2D6_tdic=0.8666 CYP3A4_tdic=0.9447 is_TDI_2D6=0.2082 is_TDI_3A4=0.2412 CYP1A2_log2fc=0.9984 CYP2C9_log2fc=1.0451 CYP2D6_log2fc=1.0863 CYP3A4_log2fc=1.1498
ep1 train_mse=0.4856 val=0.3173 CYP1A2_direct=0.8282 CYP2C9_direct=0.5200 CYP2D6_direct=0.6891 CYP3A4_direct=0.7928 CYP1A2_tdic=0.8960 CYP2C9_tdic=0.5974 CYP2D6_tdic=0.8266 CYP3A4_tdic=0.6763 is_TDI_2D6=0.2020 is_TDI_3A4=0.2133 CYP1A2_log2fc=0.7487 CYP2C9_log2fc=0.6714 CYP2D6_log2fc=0.8393 CYP3A4_log2fc=0.7295
ep2 train_mse=0.3908 val=0.3074 CYP1A2_direct=0.7842 CYP2C9_direct=0.5313 CYP2D6_direct=0.7026 CYP3A4_direct=0.8794 CYP1A2_tdic=0.8058 CYP2C9_tdic=0.6061 CYP2D6_tdic=0.7619 CYP3A4_tdic=0.7047 is_TDI_2D6=0.2141 is_TDI_3A4=0.2063 CYP1A2_log2fc=0.6921 CYP2C9_log2fc=0.7807 CYP2D6_log2fc=0.7440 CYP3A4_log2fc=0.7583
ep3 train_mse=0.3432 val=0.2908 CYP1A2_direct=0.7558 CYP2C9_direct=0.5175 CYP2D6_direct=0.7024 CYP3A4_direct=0.6854 CYP1A2_tdic=0.7668 CYP2C9_tdic=0.5833 CYP2D6_tdic=0.7791 CYP3A4_tdic=0.6246 is_TDI_2D6=0.2090 is_TDI_3A4=0.2128 CYP1A2_log2fc=0.6684 CYP2C9_log2fc=0.6076 CYP2D6_log2fc=0.7487 CYP3A4_log2fc=0.6585
ep4 train_mse=0.2807 val=0.2978 CYP1A2_direct=0.7748 CYP2C9_direct=0.4800 CYP2D6_direct=0.7749 CYP3A4_direct=0.6373 CYP1A2_tdic=0.7998 CYP2C9_tdic=0.5700 CYP2D6_tdic=0.8357 CYP3A4_tdic=0.5928 is_TDI_2D6=0.2050 is_TDI_3A4=0.2101 CYP1A2_log2fc=0.6404 CYP2C9_log2fc=0.6310 CYP2D6_log2fc=0.6875 CYP3A4_log2fc=0.6160
ep5 train_mse=0.2427 val=0.3328 CYP1A2_direct=0.7373 CYP2C9_direct=0.4572 CYP2D6_direct=0.9139 CYP3A4_direct=0.6047 CYP1A2_tdic=0.7692 CYP2C9_tdic=0.5634 CYP2D6_tdic=0.9485 CYP3A4_tdic=0.5566 is_TDI_2D6=0.2153 is_TDI_3A4=0.2131 CYP1A2_log2fc=0.5873 CYP2C9_log2fc=0.5875 CYP2D6_log2fc=0.6899 CYP3A4_log2fc=0.5981
ep6 train_mse=0.1969 val=0.3335 CYP1A2_direct=0.7251 CYP2C9_direct=0.4437 CYP2D6_direct=0.8892 CYP3A4_direct=0.6670 CYP1A2_tdic=0.7551 CYP2C9_tdic=0.5034 CYP2D6_tdic=0.9535 CYP3A4_tdic=0.5981 is_TDI_2D6=0.2049 is_TDI_3A4=0.2115 CYP1A2_log2fc=0.5936 CYP2C9_log2fc=0.6132 CYP2D6_log2fc=0.7028 CYP3A4_log2fc=0.5962
ep7 train_mse=0.1722 val=0.3398 CYP1A2_direct=0.7426 CYP2C9_direct=0.4526 CYP2D6_direct=0.8520 CYP3A4_direct=0.6221 CYP1A2_tdic=0.7917 CYP2C9_tdic=0.5478 CYP2D6_tdic=0.9971 CYP3A4_tdic=0.5677 is_TDI_2D6=0.2001 is_TDI_3A4=0.2132 CYP1A2_log2fc=0.5986 CYP2C9_log2fc=0.6105 CYP2D6_log2fc=0.6524 CYP3A4_log2fc=0.5979
ep8 train_mse=0.1438 val=0.3800 CYP1A2_direct=0.7067 CYP2C9_direct=0.4024 CYP2D6_direct=0.9413 CYP3A4_direct=0.6335 CYP1A2_tdic=0.7353 CYP2C9_tdic=0.4712 CYP2D6_tdic=1.0386 CYP3A4_tdic=0.5439 is_TDI_2D6=0.2111 is_TDI_3A4=0.2168 CYP1A2_log2fc=0.6411 CYP2C9_log2fc=0.6515 CYP2D6_log2fc=0.7089 CYP3A4_log2fc=0.5813
ep9 train_mse=0.1240 val=0.3718 CYP1A2_direct=0.7649 CYP2C9_direct=0.4429 CYP2D6_direct=0.7485 CYP3A4_direct=0.5773 CYP1A2_tdic=0.7839 CYP2C9_tdic=0.5044 CYP2D6_tdic=0.8814 CYP3A4_tdic=0.5264 is_TDI_2D6=0.2165 is_TDI_3A4=0.2079 CYP1A2_log2fc=0.6296 CYP2C9_log2fc=0.6095 CYP2D6_log2fc=0.6323 CYP3A4_log2fc=0.5775
ep10 train_mse=0.1083 val=0.3775 CYP1A2_direct=0.7181 CYP2C9_direct=0.4494 CYP2D6_direct=0.8704 CYP3A4_direct=0.5794 CYP1A2_tdic=0.7519 CYP2C9_tdic=0.5337 CYP2D6_tdic=0.9747 CYP3A4_tdic=0.5224 is_TDI_2D6=0.2173 is_TDI_3A4=0.2076 CYP1A2_log2fc=0.6132 CYP2C9_log2fc=0.6427 CYP2D6_log2fc=0.6519 CYP3A4_log2fc=0.5743
ep11 train_mse=0.0905 val=0.3965 CYP1A2_direct=0.7719 CYP2C9_direct=0.4679 CYP2D6_direct=0.8369 CYP3A4_direct=0.6221 CYP1A2_tdic=0.8112 CYP2C9_tdic=0.5224 CYP2D6_tdic=0.9396 CYP3A4_tdic=0.5517 is_TDI_2D6=0.2201 is_TDI_3A4=0.2077 CYP1A2_log2fc=0.6360 CYP2C9_log2fc=0.6309 CYP2D6_log2fc=0.6317 CYP3A4_log2fc=0.5689
[L1_s2] fold 2 done 624s
[L1_s2 fold3] trainable 17.7M
GPU available: True (cuda), used: True
TPU available: False, using: 0 TPU cores
💡 Tip: For seamless cloud logging and experiment tracking, try installing [litlogger](https://pypi.org/project/litlogger/) to enable LitLogger, which logs metrics and artifacts automatically to the Lightning Experiments platform.
Seed set to 2
LOCAL_RANK: 0 - CUDA_VISIBLE_DEVICES: [0]
Loading `train_dataloader` to estimate number of stepping batches.
ep1 train_mse=0.0000 val=0.4429 CYP1A2_direct=1.0439 CYP2C9_direct=0.7020 CYP2D6_direct=1.1890 CYP3A4_direct=1.0464 CYP1A2_tdic=1.0647 CYP2C9_tdic=0.7942 CYP2D6_tdic=1.1836 CYP3A4_tdic=1.2747 is_TDI_2D6=0.2251 is_TDI_3A4=0.1708 CYP1A2_log2fc=0.9975 CYP2C9_log2fc=0.9540 CYP2D6_log2fc=1.0269 CYP3A4_log2fc=1.0751
ep1 train_mse=0.5008 val=0.3209 CYP1A2_direct=0.8533 CYP2C9_direct=0.5481 CYP2D6_direct=0.9733 CYP3A4_direct=0.4828 CYP1A2_tdic=0.8954 CYP2C9_tdic=0.5339 CYP2D6_tdic=1.0609 CYP3A4_tdic=0.6262 is_TDI_2D6=0.2653 is_TDI_3A4=0.1878 CYP1A2_log2fc=0.7589 CYP2C9_log2fc=0.5507 CYP2D6_log2fc=0.7990 CYP3A4_log2fc=0.6410
ep2 train_mse=0.4077 val=0.3537 CYP1A2_direct=1.1489 CYP2C9_direct=0.5034 CYP2D6_direct=1.3437 CYP3A4_direct=0.4956 CYP1A2_tdic=1.0883 CYP2C9_tdic=0.5186 CYP2D6_tdic=1.4173 CYP3A4_tdic=0.6124 is_TDI_2D6=0.2713 is_TDI_3A4=0.1961 CYP1A2_log2fc=0.8947 CYP2C9_log2fc=0.5319 CYP2D6_log2fc=0.8346 CYP3A4_log2fc=0.6271
ep3 train_mse=0.3547 val=0.3255 CYP1A2_direct=0.8605 CYP2C9_direct=0.5814 CYP2D6_direct=1.2920 CYP3A4_direct=0.4176 CYP1A2_tdic=0.8639 CYP2C9_tdic=0.6398 CYP2D6_tdic=1.3145 CYP3A4_tdic=0.5083 is_TDI_2D6=0.2708 is_TDI_3A4=0.1812 CYP1A2_log2fc=0.7801 CYP2C9_log2fc=0.6446 CYP2D6_log2fc=0.7527 CYP3A4_log2fc=0.6938
ep4 train_mse=0.3015 val=0.3037 CYP1A2_direct=0.6930 CYP2C9_direct=0.4678 CYP2D6_direct=0.9675 CYP3A4_direct=0.4664 CYP1A2_tdic=0.7181 CYP2C9_tdic=0.5351 CYP2D6_tdic=1.1227 CYP3A4_tdic=0.5430 is_TDI_2D6=0.2687 is_TDI_3A4=0.1895 CYP1A2_log2fc=0.6543 CYP2C9_log2fc=0.5406 CYP2D6_log2fc=0.6866 CYP3A4_log2fc=0.6320
ep5 train_mse=0.2552 val=0.2969 CYP1A2_direct=0.6728 CYP2C9_direct=0.4766 CYP2D6_direct=0.9369 CYP3A4_direct=0.4252 CYP1A2_tdic=0.6786 CYP2C9_tdic=0.5162 CYP2D6_tdic=0.9751 CYP3A4_tdic=0.5393 is_TDI_2D6=0.2693 is_TDI_3A4=0.1904 CYP1A2_log2fc=0.6415 CYP2C9_log2fc=0.4828 CYP2D6_log2fc=0.6788 CYP3A4_log2fc=0.5650
ep6 train_mse=0.2092 val=0.3346 CYP1A2_direct=0.9159 CYP2C9_direct=0.6688 CYP2D6_direct=0.9099 CYP3A4_direct=0.3813 CYP1A2_tdic=0.9369 CYP2C9_tdic=0.6723 CYP2D6_tdic=1.0599 CYP3A4_tdic=0.4627 is_TDI_2D6=0.2655 is_TDI_3A4=0.1821 CYP1A2_log2fc=0.6941 CYP2C9_log2fc=0.5967 CYP2D6_log2fc=0.6582 CYP3A4_log2fc=0.5368
ep7 train_mse=0.1880 val=0.3622 CYP1A2_direct=0.7340 CYP2C9_direct=0.4844 CYP2D6_direct=1.1486 CYP3A4_direct=0.4141 CYP1A2_tdic=0.7810 CYP2C9_tdic=0.5214 CYP2D6_tdic=1.2715 CYP3A4_tdic=0.5330 is_TDI_2D6=0.2711 is_TDI_3A4=0.1852 CYP1A2_log2fc=0.6483 CYP2C9_log2fc=0.4674 CYP2D6_log2fc=0.7362 CYP3A4_log2fc=0.5085
ep8 train_mse=0.1576 val=0.3980 CYP1A2_direct=0.7670 CYP2C9_direct=0.4905 CYP2D6_direct=1.2707 CYP3A4_direct=0.4066 CYP1A2_tdic=0.7911 CYP2C9_tdic=0.5667 CYP2D6_tdic=1.3759 CYP3A4_tdic=0.4922 is_TDI_2D6=0.2779 is_TDI_3A4=0.1893 CYP1A2_log2fc=0.6691 CYP2C9_log2fc=0.4818 CYP2D6_log2fc=0.6297 CYP3A4_log2fc=0.5130
ep9 train_mse=0.1332 val=0.3943 CYP1A2_direct=0.7531 CYP2C9_direct=0.4850 CYP2D6_direct=1.0970 CYP3A4_direct=0.3743 CYP1A2_tdic=0.7916 CYP2C9_tdic=0.4827 CYP2D6_tdic=1.2359 CYP3A4_tdic=0.4653 is_TDI_2D6=0.2678 is_TDI_3A4=0.1883 CYP1A2_log2fc=0.6195 CYP2C9_log2fc=0.4726 CYP2D6_log2fc=0.6336 CYP3A4_log2fc=0.4826
ep10 train_mse=0.1139 val=0.4010 CYP1A2_direct=0.7192 CYP2C9_direct=0.4350 CYP2D6_direct=1.0839 CYP3A4_direct=0.3856 CYP1A2_tdic=0.7646 CYP2C9_tdic=0.4691 CYP2D6_tdic=1.2130 CYP3A4_tdic=0.4636 is_TDI_2D6=0.2619 is_TDI_3A4=0.1915 CYP1A2_log2fc=0.6329 CYP2C9_log2fc=0.4584 CYP2D6_log2fc=0.6332 CYP3A4_log2fc=0.4782
ep11 train_mse=0.0968 val=0.4296 CYP1A2_direct=0.7021 CYP2C9_direct=0.4488 CYP2D6_direct=1.0107 CYP3A4_direct=0.3696 CYP1A2_tdic=0.7425 CYP2C9_tdic=0.4963 CYP2D6_tdic=1.1210 CYP3A4_tdic=0.4544 is_TDI_2D6=0.2604 is_TDI_3A4=0.1919 CYP1A2_log2fc=0.5949 CYP2C9_log2fc=0.4497 CYP2D6_log2fc=0.6128 CYP3A4_log2fc=0.4793
ep12 train_mse=0.0830 val=0.4274 CYP1A2_direct=0.7337 CYP2C9_direct=0.4273 CYP2D6_direct=1.1110 CYP3A4_direct=0.3537 CYP1A2_tdic=0.7688 CYP2C9_tdic=0.4912 CYP2D6_tdic=1.1885 CYP3A4_tdic=0.4439 is_TDI_2D6=0.2661 is_TDI_3A4=0.1884 CYP1A2_log2fc=0.6165 CYP2C9_log2fc=0.4464 CYP2D6_log2fc=0.6272 CYP3A4_log2fc=0.4702
ep13 train_mse=0.0700 val=0.4450 CYP1A2_direct=0.6873 CYP2C9_direct=0.4804 CYP2D6_direct=1.1476 CYP3A4_direct=0.3819 CYP1A2_tdic=0.7178 CYP2C9_tdic=0.5179 CYP2D6_tdic=1.2370 CYP3A4_tdic=0.4643 is_TDI_2D6=0.2739 is_TDI_3A4=0.1902 CYP1A2_log2fc=0.6461 CYP2C9_log2fc=0.4640 CYP2D6_log2fc=0.6553 CYP3A4_log2fc=0.4933
[L1_s2] fold 3 done 866s
[L1_s2 fold4] trainable 17.7M
GPU available: True (cuda), used: True
TPU available: False, using: 0 TPU cores
💡 Tip: For seamless cloud logging and experiment tracking, try installing [litlogger](https://pypi.org/project/litlogger/) to enable LitLogger, which logs metrics and artifacts automatically to the Lightning Experiments platform.
Seed set to 2
LOCAL_RANK: 0 - CUDA_VISIBLE_DEVICES: [0]
Loading `train_dataloader` to estimate number of stepping batches.
ep1 train_mse=0.0000 val=0.4383 CYP1A2_direct=0.9478 CYP2C9_direct=1.0436 CYP2D6_direct=1.0359 CYP3A4_direct=1.0137 CYP1A2_tdic=0.8771 CYP2C9_tdic=1.0672 CYP2D6_tdic=0.8246 CYP3A4_tdic=1.1581 is_TDI_2D6=0.1556 is_TDI_3A4=0.2094 CYP1A2_log2fc=0.8658 CYP2C9_log2fc=1.0166 CYP2D6_log2fc=0.9748 CYP3A4_log2fc=0.9781
ep1 train_mse=0.4977 val=0.3387 CYP1A2_direct=0.9236 CYP2C9_direct=0.8072 CYP2D6_direct=1.0141 CYP3A4_direct=0.6318 CYP1A2_tdic=0.8762 CYP2C9_tdic=0.8558 CYP2D6_tdic=0.8850 CYP3A4_tdic=0.6724 is_TDI_2D6=0.1819 is_TDI_3A4=0.1896 CYP1A2_log2fc=0.8487 CYP2C9_log2fc=0.6602 CYP2D6_log2fc=0.8286 CYP3A4_log2fc=0.6776
ep2 train_mse=0.4018 val=0.3248 CYP1A2_direct=0.9464 CYP2C9_direct=0.7661 CYP2D6_direct=1.0031 CYP3A4_direct=0.5858 CYP1A2_tdic=0.8323 CYP2C9_tdic=0.8003 CYP2D6_tdic=0.9562 CYP3A4_tdic=0.5804 is_TDI_2D6=0.1794 is_TDI_3A4=0.1938 CYP1A2_log2fc=0.8117 CYP2C9_log2fc=0.5630 CYP2D6_log2fc=0.8077 CYP3A4_log2fc=0.5575
ep3 train_mse=0.3500 val=0.2987 CYP1A2_direct=0.9128 CYP2C9_direct=0.6928 CYP2D6_direct=0.9451 CYP3A4_direct=0.4973 CYP1A2_tdic=0.8445 CYP2C9_tdic=0.7170 CYP2D6_tdic=0.8230 CYP3A4_tdic=0.5540 is_TDI_2D6=0.1756 is_TDI_3A4=0.1906 CYP1A2_log2fc=0.8042 CYP2C9_log2fc=0.5336 CYP2D6_log2fc=0.6587 CYP3A4_log2fc=0.5510
ep4 train_mse=0.2980 val=0.2947 CYP1A2_direct=0.8865 CYP2C9_direct=0.7372 CYP2D6_direct=0.8356 CYP3A4_direct=0.5010 CYP1A2_tdic=0.8125 CYP2C9_tdic=0.7761 CYP2D6_tdic=0.7411 CYP3A4_tdic=0.5261 is_TDI_2D6=0.1796 is_TDI_3A4=0.1869 CYP1A2_log2fc=0.7788 CYP2C9_log2fc=0.5463 CYP2D6_log2fc=0.6227 CYP3A4_log2fc=0.5539
ep5 train_mse=0.2473 val=0.3211 CYP1A2_direct=0.8568 CYP2C9_direct=0.6977 CYP2D6_direct=1.0342 CYP3A4_direct=0.5663 CYP1A2_tdic=0.8092 CYP2C9_tdic=0.7349 CYP2D6_tdic=0.8996 CYP3A4_tdic=0.5446 is_TDI_2D6=0.1915 is_TDI_3A4=0.1791 CYP1A2_log2fc=0.7860 CYP2C9_log2fc=0.5163 CYP2D6_log2fc=0.6590 CYP3A4_log2fc=0.5455
ep6 train_mse=0.2035 val=0.3629 CYP1A2_direct=1.1452 CYP2C9_direct=0.7229 CYP2D6_direct=0.9180 CYP3A4_direct=0.5259 CYP1A2_tdic=1.1027 CYP2C9_tdic=0.7280 CYP2D6_tdic=0.7494 CYP3A4_tdic=0.5293 is_TDI_2D6=0.1937 is_TDI_3A4=0.1821 CYP1A2_log2fc=0.8319 CYP2C9_log2fc=0.5260 CYP2D6_log2fc=0.6181 CYP3A4_log2fc=0.5599
ep7 train_mse=0.1809 val=0.3808 CYP1A2_direct=0.8850 CYP2C9_direct=0.6927 CYP2D6_direct=0.9987 CYP3A4_direct=0.4848 CYP1A2_tdic=0.8146 CYP2C9_tdic=0.6913 CYP2D6_tdic=0.8466 CYP3A4_tdic=0.4976 is_TDI_2D6=0.1897 is_TDI_3A4=0.1839 CYP1A2_log2fc=0.7916 CYP2C9_log2fc=0.5050 CYP2D6_log2fc=0.6408 CYP3A4_log2fc=0.5174
ep8 train_mse=0.1565 val=0.4140 CYP1A2_direct=1.0445 CYP2C9_direct=0.6820 CYP2D6_direct=1.0889 CYP3A4_direct=0.5260 CYP1A2_tdic=0.9947 CYP2C9_tdic=0.6907 CYP2D6_tdic=0.9770 CYP3A4_tdic=0.5370 is_TDI_2D6=0.1827 is_TDI_3A4=0.1796 CYP1A2_log2fc=1.0059 CYP2C9_log2fc=0.5253 CYP2D6_log2fc=0.6209 CYP3A4_log2fc=0.5443
ep9 train_mse=0.1386 val=0.4013 CYP1A2_direct=0.8293 CYP2C9_direct=0.6659 CYP2D6_direct=0.9083 CYP3A4_direct=0.5012 CYP1A2_tdic=0.7913 CYP2C9_tdic=0.6504 CYP2D6_tdic=0.7762 CYP3A4_tdic=0.4940 is_TDI_2D6=0.1821 is_TDI_3A4=0.1786 CYP1A2_log2fc=0.7682 CYP2C9_log2fc=0.4893 CYP2D6_log2fc=0.5887 CYP3A4_log2fc=0.5048
ep10 train_mse=0.1152 val=0.4276 CYP1A2_direct=0.8434 CYP2C9_direct=0.6662 CYP2D6_direct=0.9780 CYP3A4_direct=0.4930 CYP1A2_tdic=0.7996 CYP2C9_tdic=0.6787 CYP2D6_tdic=0.8403 CYP3A4_tdic=0.4993 is_TDI_2D6=0.1849 is_TDI_3A4=0.1803 CYP1A2_log2fc=0.7446 CYP2C9_log2fc=0.4839 CYP2D6_log2fc=0.6033 CYP3A4_log2fc=0.5037
ep11 train_mse=0.0958 val=0.4327 CYP1A2_direct=0.8811 CYP2C9_direct=0.6789 CYP2D6_direct=0.9294 CYP3A4_direct=0.5098 CYP1A2_tdic=0.8359 CYP2C9_tdic=0.6763 CYP2D6_tdic=0.7837 CYP3A4_tdic=0.5100 is_TDI_2D6=0.1852 is_TDI_3A4=0.1784 CYP1A2_log2fc=0.7717 CYP2C9_log2fc=0.5178 CYP2D6_log2fc=0.5916 CYP3A4_log2fc=0.5095
ep12 train_mse=0.0800 val=0.4483 CYP1A2_direct=0.8717 CYP2C9_direct=0.6751 CYP2D6_direct=0.9501 CYP3A4_direct=0.4930 CYP1A2_tdic=0.8265 CYP2C9_tdic=0.6731 CYP2D6_tdic=0.8721 CYP3A4_tdic=0.4725 is_TDI_2D6=0.1829 is_TDI_3A4=0.1773 CYP1A2_log2fc=0.8779 CYP2C9_log2fc=0.5192 CYP2D6_log2fc=0.5992 CYP3A4_log2fc=0.5459
[L1_s2] fold 4 done 1089s
[L1_s2 all] trainable 17.7M
GPU available: True (cuda), used: True
TPU available: False, using: 0 TPU cores
💡 Tip: For seamless cloud logging and experiment tracking, try installing [litlogger](https://pypi.org/project/litlogger/) to enable LitLogger, which logs metrics and artifacts automatically to the Lightning Experiments platform.
Seed set to 2
LOCAL_RANK: 0 - CUDA_VISIBLE_DEVICES: [0]
Loading `train_dataloader` to estimate number of stepping batches.
ep1 train_mse=0.0000 val=0.4145 CYP1A2_direct=1.0503 CYP2C9_direct=0.6137 CYP2D6_direct=1.1267 CYP3A4_direct=0.8271 CYP1A2_tdic=1.0766 CYP2C9_tdic=0.5494 CYP2D6_tdic=1.1651 CYP3A4_tdic=0.9546 is_TDI_2D6=0.2130 is_TDI_3A4=0.2409 CYP1A2_log2fc=0.9380 CYP2C9_log2fc=0.9540 CYP2D6_log2fc=0.9031 CYP3A4_log2fc=1.0254
ep1 train_mse=0.5401 val=0.3348 CYP1A2_direct=1.0225 CYP2C9_direct=0.5793 CYP2D6_direct=1.0494 CYP3A4_direct=0.4746 CYP1A2_tdic=1.0077 CYP2C9_tdic=0.5202 CYP2D6_tdic=0.9835 CYP3A4_tdic=0.5853 is_TDI_2D6=0.2308 is_TDI_3A4=0.2319 CYP1A2_log2fc=0.7932 CYP2C9_log2fc=0.5292 CYP2D6_log2fc=0.8649 CYP3A4_log2fc=0.6287
ep2 train_mse=0.4297 val=0.3341 CYP1A2_direct=0.8892 CYP2C9_direct=0.6255 CYP2D6_direct=1.3250 CYP3A4_direct=0.4481 CYP1A2_tdic=0.9212 CYP2C9_tdic=0.5627 CYP2D6_tdic=1.1181 CYP3A4_tdic=0.5428 is_TDI_2D6=0.2332 is_TDI_3A4=0.2311 CYP1A2_log2fc=0.7140 CYP2C9_log2fc=0.5443 CYP2D6_log2fc=0.7611 CYP3A4_log2fc=0.5973
ep3 train_mse=0.3830 val=0.3004 CYP1A2_direct=0.7871 CYP2C9_direct=0.5355 CYP2D6_direct=1.0031 CYP3A4_direct=0.3907 CYP1A2_tdic=0.8139 CYP2C9_tdic=0.4834 CYP2D6_tdic=0.9251 CYP3A4_tdic=0.4760 is_TDI_2D6=0.2270 is_TDI_3A4=0.2224 CYP1A2_log2fc=0.6162 CYP2C9_log2fc=0.5270 CYP2D6_log2fc=0.7629 CYP3A4_log2fc=0.5697
ep4 train_mse=0.3158 val=0.3128 CYP1A2_direct=1.0075 CYP2C9_direct=0.5933 CYP2D6_direct=1.0218 CYP3A4_direct=0.4102 CYP1A2_tdic=1.0147 CYP2C9_tdic=0.5616 CYP2D6_tdic=0.9201 CYP3A4_tdic=0.4505 is_TDI_2D6=0.2272 is_TDI_3A4=0.2205 CYP1A2_log2fc=0.7340 CYP2C9_log2fc=0.5389 CYP2D6_log2fc=0.6996 CYP3A4_log2fc=0.5799
ep5 train_mse=0.2722 val=0.3123 CYP1A2_direct=0.8118 CYP2C9_direct=0.5407 CYP2D6_direct=1.0420 CYP3A4_direct=0.3816 CYP1A2_tdic=0.8331 CYP2C9_tdic=0.5135 CYP2D6_tdic=0.9467 CYP3A4_tdic=0.4243 is_TDI_2D6=0.2391 is_TDI_3A4=0.2264 CYP1A2_log2fc=0.6024 CYP2C9_log2fc=0.5123 CYP2D6_log2fc=0.7308 CYP3A4_log2fc=0.5412
ep6 train_mse=0.2200 val=0.3309 CYP1A2_direct=0.8611 CYP2C9_direct=0.5309 CYP2D6_direct=1.1714 CYP3A4_direct=0.3850 CYP1A2_tdic=0.8776 CYP2C9_tdic=0.5103 CYP2D6_tdic=0.9861 CYP3A4_tdic=0.4314 is_TDI_2D6=0.2342 is_TDI_3A4=0.2336 CYP1A2_log2fc=0.6052 CYP2C9_log2fc=0.4719 CYP2D6_log2fc=0.6716 CYP3A4_log2fc=0.5062
ep7 train_mse=0.1870 val=0.3662 CYP1A2_direct=0.9347 CYP2C9_direct=0.6519 CYP2D6_direct=1.0962 CYP3A4_direct=0.3805 CYP1A2_tdic=0.9336 CYP2C9_tdic=0.6337 CYP2D6_tdic=0.9471 CYP3A4_tdic=0.4004 is_TDI_2D6=0.2309 is_TDI_3A4=0.2305 CYP1A2_log2fc=0.6595 CYP2C9_log2fc=0.4936 CYP2D6_log2fc=0.7266 CYP3A4_log2fc=0.4937
ep8 train_mse=0.1672 val=0.3871 CYP1A2_direct=0.8390 CYP2C9_direct=0.5665 CYP2D6_direct=1.0753 CYP3A4_direct=0.3653 CYP1A2_tdic=0.8502 CYP2C9_tdic=0.5271 CYP2D6_tdic=0.9128 CYP3A4_tdic=0.4276 is_TDI_2D6=0.2319 is_TDI_3A4=0.2364 CYP1A2_log2fc=0.5824 CYP2C9_log2fc=0.4705 CYP2D6_log2fc=0.6897 CYP3A4_log2fc=0.4818
ep9 train_mse=0.1441 val=0.4267 CYP1A2_direct=0.8618 CYP2C9_direct=0.5414 CYP2D6_direct=1.1541 CYP3A4_direct=0.3701 CYP1A2_tdic=0.8704 CYP2C9_tdic=0.5090 CYP2D6_tdic=0.9570 CYP3A4_tdic=0.3786 is_TDI_2D6=0.2352 is_TDI_3A4=0.2333 CYP1A2_log2fc=0.6100 CYP2C9_log2fc=0.4484 CYP2D6_log2fc=0.6912 CYP3A4_log2fc=0.4946
ep10 train_mse=0.1226 val=0.4223 CYP1A2_direct=0.8379 CYP2C9_direct=0.5197 CYP2D6_direct=1.0995 CYP3A4_direct=0.3576 CYP1A2_tdic=0.8441 CYP2C9_tdic=0.4730 CYP2D6_tdic=0.9928 CYP3A4_tdic=0.3847 is_TDI_2D6=0.2379 is_TDI_3A4=0.2298 CYP1A2_log2fc=0.5928 CYP2C9_log2fc=0.4557 CYP2D6_log2fc=0.6616 CYP3A4_log2fc=0.4705
ep11 train_mse=0.1006 val=0.4532 CYP1A2_direct=0.8184 CYP2C9_direct=0.4904 CYP2D6_direct=1.1722 CYP3A4_direct=0.3680 CYP1A2_tdic=0.8404 CYP2C9_tdic=0.4688 CYP2D6_tdic=1.0048 CYP3A4_tdic=0.3670 is_TDI_2D6=0.2362 is_TDI_3A4=0.2293 CYP1A2_log2fc=0.6152 CYP2C9_log2fc=0.4515 CYP2D6_log2fc=0.6807 CYP3A4_log2fc=0.4752
DONE L1_s2 1305s
