=== GATE L1 ext (strict lineage repro of ft_ext) ===
umtm_oof_L1_ext              macro pearson 0.5746 | per-iso 1A2:0.529/0.882 2C9:0.628/0.609 2D6:0.396/0.853 3A4:0.745/0.730
ft_oof_ext                   macro pearson 0.5759 | per-iso 1A2:0.534/0.878 2C9:0.630/0.608 2D6:0.378/0.870 3A4:0.761/0.710

per-iso detail:
  CYP1A2  ft_oof_ext                   r=0.5344 rmse=0.8775
  CYP1A2  umtm_oof_L1_ext              r=0.5292 rmse=0.8815
  CYP2C9  ft_oof_ext                   r=0.6304 rmse=0.6077
  CYP2C9  umtm_oof_L1_ext              r=0.6278 rmse=0.6095
  CYP2D6  umtm_oof_L1_ext              r=0.3958 rmse=0.8535
  CYP2D6  ft_oof_ext                   r=0.3777 rmse=0.8696
  CYP3A4  ft_oof_ext                   r=0.7613 rmse=0.7102
  CYP3A4  umtm_oof_L1_ext              r=0.7454 rmse=0.7296
=== UMTM L1 seed 0 ===
=== UMTM L1 seed 1 ===
=== UMTM L1 seed 2 ===
=== UMTM L1 seed 3 ===
UMTM_L1_CHAIN_COMPLETE
=== UMTM L3 seed 0 ===
=== UMTM L3 seed 1 ===
=== UMTM L3 seed 2 ===
=== UMTM L3 seed 3 ===
UMTM_L3_CHAIN_COMPLETE
=== UMTM L4 seed 0 ===
