[L4] rows: challenge 6145; fold col fold_reg; weights=plan
[L4 fold0] trainable 5.2M
GPU available: True (cuda), used: True
TPU available: False, using: 0 TPU cores
💡 Tip: For seamless cloud logging and experiment tracking, try installing [litlogger](https://pypi.org/project/litlogger/) to enable LitLogger, which logs metrics and artifacts automatically to the Lightning Experiments platform.
Seed set to 0
LOCAL_RANK: 0 - CUDA_VISIBLE_DEVICES: [0]
Loading `train_dataloader` to estimate number of stepping batches.
ep1 train_mse=0.0000 val=0.4448 CYP1A2_direct=1.0841 CYP2C9_direct=0.9687 CYP2D6_direct=1.0594 CYP3A4_direct=1.0322 CYP1A2_tdic=1.1638 CYP2C9_tdic=1.0464 CYP2D6_tdic=1.1320 CYP3A4_tdic=1.1003 is_TDI_2D6=0.2748 is_TDI_3A4=0.1975 CYP1A2_log2fc=0.7784 CYP2C9_log2fc=1.1330 CYP2D6_log2fc=0.9898 CYP3A4_log2fc=0.9807
ep1 train_mse=0.5459 val=0.3997 CYP1A2_direct=0.9080 CYP2C9_direct=1.1315 CYP2D6_direct=1.0256 CYP3A4_direct=1.0554 CYP1A2_tdic=0.9813 CYP2C9_tdic=1.0494 CYP2D6_tdic=0.9687 CYP3A4_tdic=1.0391 is_TDI_2D6=0.2785 is_TDI_3A4=0.2163 CYP1A2_log2fc=0.7401 CYP2C9_log2fc=0.9534 CYP2D6_log2fc=0.9790 CYP3A4_log2fc=0.8835
ep2 train_mse=0.5294 val=0.3794 CYP1A2_direct=0.8529 CYP2C9_direct=1.0660 CYP2D6_direct=0.9994 CYP3A4_direct=0.9268 CYP1A2_tdic=0.9240 CYP2C9_tdic=0.9715 CYP2D6_tdic=0.9637 CYP3A4_tdic=0.9121 is_TDI_2D6=0.2583 is_TDI_3A4=0.2147 CYP1A2_log2fc=0.6605 CYP2C9_log2fc=0.8530 CYP2D6_log2fc=0.9398 CYP3A4_log2fc=0.8184
ep3 train_mse=0.5012 val=0.3632 CYP1A2_direct=0.7972 CYP2C9_direct=1.0608 CYP2D6_direct=1.0043 CYP3A4_direct=0.7743 CYP1A2_tdic=0.8487 CYP2C9_tdic=0.9554 CYP2D6_tdic=0.9718 CYP3A4_tdic=0.7813 is_TDI_2D6=0.2677 is_TDI_3A4=0.2156 CYP1A2_log2fc=0.6478 CYP2C9_log2fc=0.7948 CYP2D6_log2fc=0.8781 CYP3A4_log2fc=0.7339
ep4 train_mse=0.4677 val=0.3593 CYP1A2_direct=0.7676 CYP2C9_direct=1.1981 CYP2D6_direct=0.9681 CYP3A4_direct=0.6684 CYP1A2_tdic=0.8152 CYP2C9_tdic=1.0519 CYP2D6_tdic=0.9521 CYP3A4_tdic=0.7137 is_TDI_2D6=0.2660 is_TDI_3A4=0.2088 CYP1A2_log2fc=0.6342 CYP2C9_log2fc=0.7584 CYP2D6_log2fc=0.8820 CYP3A4_log2fc=0.7108
ep5 train_mse=0.4512 val=0.3434 CYP1A2_direct=0.7513 CYP2C9_direct=1.0626 CYP2D6_direct=0.9112 CYP3A4_direct=0.6350 CYP1A2_tdic=0.7822 CYP2C9_tdic=0.9414 CYP2D6_tdic=0.8657 CYP3A4_tdic=0.6920 is_TDI_2D6=0.2611 is_TDI_3A4=0.2143 CYP1A2_log2fc=0.6495 CYP2C9_log2fc=0.7317 CYP2D6_log2fc=0.7411 CYP3A4_log2fc=0.6701
ep6 train_mse=0.4246 val=0.3488 CYP1A2_direct=0.7289 CYP2C9_direct=1.1509 CYP2D6_direct=0.9522 CYP3A4_direct=0.6289 CYP1A2_tdic=0.7622 CYP2C9_tdic=1.0862 CYP2D6_tdic=0.8984 CYP3A4_tdic=0.6668 is_TDI_2D6=0.2718 is_TDI_3A4=0.2183 CYP1A2_log2fc=0.6151 CYP2C9_log2fc=0.7058 CYP2D6_log2fc=0.8202 CYP3A4_log2fc=0.6507
ep7 train_mse=0.4201 val=0.3237 CYP1A2_direct=0.7378 CYP2C9_direct=0.8865 CYP2D6_direct=0.8903 CYP3A4_direct=0.5940 CYP1A2_tdic=0.7766 CYP2C9_tdic=0.8083 CYP2D6_tdic=0.8320 CYP3A4_tdic=0.6317 is_TDI_2D6=0.2575 is_TDI_3A4=0.2147 CYP1A2_log2fc=0.6018 CYP2C9_log2fc=0.6356 CYP2D6_log2fc=0.6955 CYP3A4_log2fc=0.5972
ep8 train_mse=0.4060 val=0.3267 CYP1A2_direct=0.7380 CYP2C9_direct=0.9526 CYP2D6_direct=0.8883 CYP3A4_direct=0.5765 CYP1A2_tdic=0.7508 CYP2C9_tdic=0.8632 CYP2D6_tdic=0.8481 CYP3A4_tdic=0.6069 is_TDI_2D6=0.2600 is_TDI_3A4=0.2129 CYP1A2_log2fc=0.6089 CYP2C9_log2fc=0.6222 CYP2D6_log2fc=0.7256 CYP3A4_log2fc=0.5823
ep9 train_mse=0.4010 val=0.3391 CYP1A2_direct=0.7387 CYP2C9_direct=1.1470 CYP2D6_direct=0.8923 CYP3A4_direct=0.6104 CYP1A2_tdic=0.7492 CYP2C9_tdic=1.0431 CYP2D6_tdic=0.8535 CYP3A4_tdic=0.6475 is_TDI_2D6=0.2646 is_TDI_3A4=0.2164 CYP1A2_log2fc=0.5776 CYP2C9_log2fc=0.6748 CYP2D6_log2fc=0.6898 CYP3A4_log2fc=0.6283
ep10 train_mse=0.3890 val=0.3267 CYP1A2_direct=0.6998 CYP2C9_direct=0.9966 CYP2D6_direct=0.8701 CYP3A4_direct=0.6153 CYP1A2_tdic=0.7283 CYP2C9_tdic=0.8700 CYP2D6_tdic=0.8163 CYP3A4_tdic=0.6002 is_TDI_2D6=0.2628 is_TDI_3A4=0.2102 CYP1A2_log2fc=0.5608 CYP2C9_log2fc=0.6636 CYP2D6_log2fc=0.6500 CYP3A4_log2fc=0.5899
ep11 train_mse=0.3794 val=0.3247 CYP1A2_direct=0.7158 CYP2C9_direct=1.0355 CYP2D6_direct=0.8622 CYP3A4_direct=0.5985 CYP1A2_tdic=0.7267 CYP2C9_tdic=0.9365 CYP2D6_tdic=0.8452 CYP3A4_tdic=0.6042 is_TDI_2D6=0.2670 is_TDI_3A4=0.2136 CYP1A2_log2fc=0.5574 CYP2C9_log2fc=0.6059 CYP2D6_log2fc=0.7090 CYP3A4_log2fc=0.5650
ep12 train_mse=0.3722 val=0.3195 CYP1A2_direct=0.7200 CYP2C9_direct=1.0167 CYP2D6_direct=0.8495 CYP3A4_direct=0.5862 CYP1A2_tdic=0.7319 CYP2C9_tdic=0.9077 CYP2D6_tdic=0.8134 CYP3A4_tdic=0.5922 is_TDI_2D6=0.2652 is_TDI_3A4=0.2154 CYP1A2_log2fc=0.5468 CYP2C9_log2fc=0.5940 CYP2D6_log2fc=0.6555 CYP3A4_log2fc=0.5479
ep13 train_mse=0.3675 val=0.3169 CYP1A2_direct=0.7239 CYP2C9_direct=0.9601 CYP2D6_direct=0.8350 CYP3A4_direct=0.5888 CYP1A2_tdic=0.7365 CYP2C9_tdic=0.8466 CYP2D6_tdic=0.8166 CYP3A4_tdic=0.5947 is_TDI_2D6=0.2614 is_TDI_3A4=0.2116 CYP1A2_log2fc=0.5516 CYP2C9_log2fc=0.6192 CYP2D6_log2fc=0.6530 CYP3A4_log2fc=0.5552
ep14 train_mse=0.3603 val=0.3150 CYP1A2_direct=0.7216 CYP2C9_direct=0.9405 CYP2D6_direct=0.8572 CYP3A4_direct=0.5792 CYP1A2_tdic=0.7289 CYP2C9_tdic=0.8163 CYP2D6_tdic=0.8219 CYP3A4_tdic=0.5999 is_TDI_2D6=0.2631 is_TDI_3A4=0.2143 CYP1A2_log2fc=0.5281 CYP2C9_log2fc=0.5782 CYP2D6_log2fc=0.6298 CYP3A4_log2fc=0.5401
ep15 train_mse=0.3537 val=0.3227 CYP1A2_direct=0.7536 CYP2C9_direct=1.0294 CYP2D6_direct=0.8154 CYP3A4_direct=0.6258 CYP1A2_tdic=0.7540 CYP2C9_tdic=0.8552 CYP2D6_tdic=0.8014 CYP3A4_tdic=0.6313 is_TDI_2D6=0.2655 is_TDI_3A4=0.2110 CYP1A2_log2fc=0.5400 CYP2C9_log2fc=0.6202 CYP2D6_log2fc=0.6335 CYP3A4_log2fc=0.5864
ep16 train_mse=0.3495 val=0.3184 CYP1A2_direct=0.7402 CYP2C9_direct=1.0277 CYP2D6_direct=0.8332 CYP3A4_direct=0.5836 CYP1A2_tdic=0.7408 CYP2C9_tdic=0.8849 CYP2D6_tdic=0.8108 CYP3A4_tdic=0.5858 is_TDI_2D6=0.2674 is_TDI_3A4=0.2128 CYP1A2_log2fc=0.5283 CYP2C9_log2fc=0.5761 CYP2D6_log2fc=0.6128 CYP3A4_log2fc=0.5405
ep17 train_mse=0.3382 val=0.3149 CYP1A2_direct=0.7081 CYP2C9_direct=1.0042 CYP2D6_direct=0.8468 CYP3A4_direct=0.5627 CYP1A2_tdic=0.7120 CYP2C9_tdic=0.8595 CYP2D6_tdic=0.8156 CYP3A4_tdic=0.5510 is_TDI_2D6=0.2721 is_TDI_3A4=0.2122 CYP1A2_log2fc=0.5346 CYP2C9_log2fc=0.5880 CYP2D6_log2fc=0.6208 CYP3A4_log2fc=0.5367
ep18 train_mse=0.3349 val=0.3201 CYP1A2_direct=0.7292 CYP2C9_direct=1.0765 CYP2D6_direct=0.8535 CYP3A4_direct=0.5721 CYP1A2_tdic=0.7233 CYP2C9_tdic=0.9141 CYP2D6_tdic=0.8284 CYP3A4_tdic=0.5809 is_TDI_2D6=0.2717 is_TDI_3A4=0.2160 CYP1A2_log2fc=0.5250 CYP2C9_log2fc=0.5754 CYP2D6_log2fc=0.6252 CYP3A4_log2fc=0.5254
ep19 train_mse=0.3293 val=0.3184 CYP1A2_direct=0.7603 CYP2C9_direct=0.9564 CYP2D6_direct=0.8335 CYP3A4_direct=0.5922 CYP1A2_tdic=0.7499 CYP2C9_tdic=0.8414 CYP2D6_tdic=0.8167 CYP3A4_tdic=0.5872 is_TDI_2D6=0.2728 is_TDI_3A4=0.2155 CYP1A2_log2fc=0.5122 CYP2C9_log2fc=0.5678 CYP2D6_log2fc=0.6274 CYP3A4_log2fc=0.5424
ep20 train_mse=0.3215 val=0.3155 CYP1A2_direct=0.7182 CYP2C9_direct=1.0409 CYP2D6_direct=0.8586 CYP3A4_direct=0.5648 CYP1A2_tdic=0.7105 CYP2C9_tdic=0.8891 CYP2D6_tdic=0.8258 CYP3A4_tdic=0.5508 is_TDI_2D6=0.2749 is_TDI_3A4=0.2141 CYP1A2_log2fc=0.5208 CYP2C9_log2fc=0.5574 CYP2D6_log2fc=0.6097 CYP3A4_log2fc=0.5075
ep21 train_mse=0.3198 val=0.3150 CYP1A2_direct=0.7474 CYP2C9_direct=0.9831 CYP2D6_direct=0.8860 CYP3A4_direct=0.5713 CYP1A2_tdic=0.7486 CYP2C9_tdic=0.8146 CYP2D6_tdic=0.8404 CYP3A4_tdic=0.5515 is_TDI_2D6=0.2753 is_TDI_3A4=0.2134 CYP1A2_log2fc=0.5127 CYP2C9_log2fc=0.5538 CYP2D6_log2fc=0.6137 CYP3A4_log2fc=0.5233
ep22 train_mse=0.3114 val=0.3231 CYP1A2_direct=0.7396 CYP2C9_direct=1.1165 CYP2D6_direct=0.8802 CYP3A4_direct=0.5705 CYP1A2_tdic=0.7268 CYP2C9_tdic=0.9616 CYP2D6_tdic=0.8421 CYP3A4_tdic=0.5623 is_TDI_2D6=0.2770 is_TDI_3A4=0.2179 CYP1A2_log2fc=0.5127 CYP2C9_log2fc=0.5539 CYP2D6_log2fc=0.6354 CYP3A4_log2fc=0.5217
ep23 train_mse=0.3077 val=0.3223 CYP1A2_direct=0.7176 CYP2C9_direct=1.1058 CYP2D6_direct=0.8890 CYP3A4_direct=0.5918 CYP1A2_tdic=0.7186 CYP2C9_tdic=0.9681 CYP2D6_tdic=0.8563 CYP3A4_tdic=0.5624 is_TDI_2D6=0.2746 is_TDI_3A4=0.2154 CYP1A2_log2fc=0.5273 CYP2C9_log2fc=0.5689 CYP2D6_log2fc=0.6540 CYP3A4_log2fc=0.5120
ep24 train_mse=0.2990 val=0.3132 CYP1A2_direct=0.7379 CYP2C9_direct=1.0003 CYP2D6_direct=0.8993 CYP3A4_direct=0.5487 CYP1A2_tdic=0.7333 CYP2C9_tdic=0.8201 CYP2D6_tdic=0.8699 CYP3A4_tdic=0.5366 is_TDI_2D6=0.2772 is_TDI_3A4=0.2149 CYP1A2_log2fc=0.5084 CYP2C9_log2fc=0.5413 CYP2D6_log2fc=0.6432 CYP3A4_log2fc=0.4923
ep25 train_mse=0.2987 val=0.3194 CYP1A2_direct=0.7766 CYP2C9_direct=1.0256 CYP2D6_direct=0.8943 CYP3A4_direct=0.5516 CYP1A2_tdic=0.7632 CYP2C9_tdic=0.8325 CYP2D6_tdic=0.8402 CYP3A4_tdic=0.5359 is_TDI_2D6=0.2791 is_TDI_3A4=0.2144 CYP1A2_log2fc=0.5356 CYP2C9_log2fc=0.5421 CYP2D6_log2fc=0.6169 CYP3A4_log2fc=0.4931
ep26 train_mse=0.2888 val=0.3266 CYP1A2_direct=0.7466 CYP2C9_direct=1.0817 CYP2D6_direct=0.9220 CYP3A4_direct=0.6011 CYP1A2_tdic=0.7387 CYP2C9_tdic=0.8915 CYP2D6_tdic=0.8873 CYP3A4_tdic=0.5583 is_TDI_2D6=0.2803 is_TDI_3A4=0.2173 CYP1A2_log2fc=0.5235 CYP2C9_log2fc=0.5525 CYP2D6_log2fc=0.6366 CYP3A4_log2fc=0.5090
ep27 train_mse=0.2825 val=0.3178 CYP1A2_direct=0.7463 CYP2C9_direct=1.0651 CYP2D6_direct=0.8901 CYP3A4_direct=0.5535 CYP1A2_tdic=0.7327 CYP2C9_tdic=0.8749 CYP2D6_tdic=0.8586 CYP3A4_tdic=0.5307 is_TDI_2D6=0.2812 is_TDI_3A4=0.2163 CYP1A2_log2fc=0.5060 CYP2C9_log2fc=0.5389 CYP2D6_log2fc=0.6189 CYP3A4_log2fc=0.4980
ep28 train_mse=0.2792 val=0.3224 CYP1A2_direct=0.7388 CYP2C9_direct=1.0632 CYP2D6_direct=0.9485 CYP3A4_direct=0.5555 CYP1A2_tdic=0.7266 CYP2C9_tdic=0.8638 CYP2D6_tdic=0.8993 CYP3A4_tdic=0.5232 is_TDI_2D6=0.2819 is_TDI_3A4=0.2150 CYP1A2_log2fc=0.5124 CYP2C9_log2fc=0.5290 CYP2D6_log2fc=0.6231 CYP3A4_log2fc=0.4873
ep29 train_mse=0.2699 val=0.3189 CYP1A2_direct=0.7295 CYP2C9_direct=1.0693 CYP2D6_direct=0.9383 CYP3A4_direct=0.5706 CYP1A2_tdic=0.7232 CYP2C9_tdic=0.8565 CYP2D6_tdic=0.8877 CYP3A4_tdic=0.5181 is_TDI_2D6=0.2852 is_TDI_3A4=0.2160 CYP1A2_log2fc=0.5151 CYP2C9_log2fc=0.5333 CYP2D6_log2fc=0.6411 CYP3A4_log2fc=0.4871
ep30 train_mse=0.2709 val=0.3219 CYP1A2_direct=0.7355 CYP2C9_direct=1.0230 CYP2D6_direct=0.9316 CYP3A4_direct=0.6025 CYP1A2_tdic=0.7294 CYP2C9_tdic=0.8181 CYP2D6_tdic=0.8882 CYP3A4_tdic=0.5549 is_TDI_2D6=0.2832 is_TDI_3A4=0.2120 CYP1A2_log2fc=0.5179 CYP2C9_log2fc=0.5541 CYP2D6_log2fc=0.6192 CYP3A4_log2fc=0.5038
ep31 train_mse=0.2632 val=0.3197 CYP1A2_direct=0.7059 CYP2C9_direct=1.0797 CYP2D6_direct=0.9331 CYP3A4_direct=0.5572 CYP1A2_tdic=0.7047 CYP2C9_tdic=0.9069 CYP2D6_tdic=0.8725 CYP3A4_tdic=0.5247 is_TDI_2D6=0.2850 is_TDI_3A4=0.2169 CYP1A2_log2fc=0.5165 CYP2C9_log2fc=0.5448 CYP2D6_log2fc=0.6334 CYP3A4_log2fc=0.4929
ep32 train_mse=0.2556 val=0.3265 CYP1A2_direct=0.7241 CYP2C9_direct=1.0365 CYP2D6_direct=1.0192 CYP3A4_direct=0.5904 CYP1A2_tdic=0.7205 CYP2C9_tdic=0.8430 CYP2D6_tdic=0.9323 CYP3A4_tdic=0.5357 is_TDI_2D6=0.2859 is_TDI_3A4=0.2139 CYP1A2_log2fc=0.5212 CYP2C9_log2fc=0.5411 CYP2D6_log2fc=0.6354 CYP3A4_log2fc=0.4980
[L4] fold 0 done 218s
[L4 fold1] trainable 5.2M
GPU available: True (cuda), used: True
TPU available: False, using: 0 TPU cores
💡 Tip: For seamless cloud logging and experiment tracking, try installing [litlogger](https://pypi.org/project/litlogger/) to enable LitLogger, which logs metrics and artifacts automatically to the Lightning Experiments platform.
Seed set to 0
LOCAL_RANK: 0 - CUDA_VISIBLE_DEVICES: [0]
Loading `train_dataloader` to estimate number of stepping batches.
ep1 train_mse=0.0000 val=0.4474 CYP1A2_direct=1.1644 CYP2C9_direct=1.2327 CYP2D6_direct=0.5879 CYP3A4_direct=1.1196 CYP1A2_tdic=1.1416 CYP2C9_tdic=1.1765 CYP2D6_tdic=0.6823 CYP3A4_tdic=0.9581 is_TDI_2D6=0.2459 is_TDI_3A4=0.1774 CYP1A2_log2fc=1.3440 CYP2C9_log2fc=1.0203 CYP2D6_log2fc=1.1644 CYP3A4_log2fc=1.0814
ep1 train_mse=0.5505 val=0.3900 CYP1A2_direct=1.1268 CYP2C9_direct=1.0791 CYP2D6_direct=0.5801 CYP3A4_direct=0.9649 CYP1A2_tdic=1.1200 CYP2C9_tdic=1.0585 CYP2D6_tdic=0.7248 CYP3A4_tdic=0.9070 is_TDI_2D6=0.2805 is_TDI_3A4=0.2116 CYP1A2_log2fc=1.1427 CYP2C9_log2fc=0.9141 CYP2D6_log2fc=1.0553 CYP3A4_log2fc=0.9239
ep2 train_mse=0.5274 val=0.3851 CYP1A2_direct=1.0585 CYP2C9_direct=1.0367 CYP2D6_direct=0.5891 CYP3A4_direct=0.9855 CYP1A2_tdic=1.0351 CYP2C9_tdic=0.9758 CYP2D6_tdic=0.7201 CYP3A4_tdic=0.8618 is_TDI_2D6=0.3107 is_TDI_3A4=0.2157 CYP1A2_log2fc=1.1857 CYP2C9_log2fc=0.9946 CYP2D6_log2fc=1.0691 CYP3A4_log2fc=0.9884
ep3 train_mse=0.5002 val=0.3475 CYP1A2_direct=0.9463 CYP2C9_direct=0.7916 CYP2D6_direct=0.6290 CYP3A4_direct=0.6611 CYP1A2_tdic=0.9437 CYP2C9_tdic=0.7952 CYP2D6_tdic=0.7472 CYP3A4_tdic=0.7189 is_TDI_2D6=0.2978 is_TDI_3A4=0.2132 CYP1A2_log2fc=1.0438 CYP2C9_log2fc=0.7960 CYP2D6_log2fc=0.9752 CYP3A4_log2fc=0.8156
ep4 train_mse=0.4681 val=0.3455 CYP1A2_direct=0.9900 CYP2C9_direct=0.8798 CYP2D6_direct=0.5691 CYP3A4_direct=0.6044 CYP1A2_tdic=0.9785 CYP2C9_tdic=0.9110 CYP2D6_tdic=0.7076 CYP3A4_tdic=0.6505 is_TDI_2D6=0.2812 is_TDI_3A4=0.2124 CYP1A2_log2fc=1.0608 CYP2C9_log2fc=0.7861 CYP2D6_log2fc=0.9466 CYP3A4_log2fc=0.7834
ep5 train_mse=0.4458 val=0.3343 CYP1A2_direct=0.9267 CYP2C9_direct=0.8155 CYP2D6_direct=0.6479 CYP3A4_direct=0.5371 CYP1A2_tdic=0.9213 CYP2C9_tdic=0.8130 CYP2D6_tdic=0.7367 CYP3A4_tdic=0.5789 is_TDI_2D6=0.2893 is_TDI_3A4=0.2153 CYP1A2_log2fc=0.9988 CYP2C9_log2fc=0.7595 CYP2D6_log2fc=0.7937 CYP3A4_log2fc=0.7502
ep6 train_mse=0.4316 val=0.3283 CYP1A2_direct=0.9038 CYP2C9_direct=0.8832 CYP2D6_direct=0.5447 CYP3A4_direct=0.5245 CYP1A2_tdic=0.9004 CYP2C9_tdic=0.8757 CYP2D6_tdic=0.6849 CYP3A4_tdic=0.5680 is_TDI_2D6=0.2909 is_TDI_3A4=0.2119 CYP1A2_log2fc=0.9865 CYP2C9_log2fc=0.7195 CYP2D6_log2fc=0.7526 CYP3A4_log2fc=0.7229
ep7 train_mse=0.4140 val=0.3256 CYP1A2_direct=0.9863 CYP2C9_direct=0.7638 CYP2D6_direct=0.5603 CYP3A4_direct=0.5520 CYP1A2_tdic=0.9393 CYP2C9_tdic=0.7608 CYP2D6_tdic=0.7016 CYP3A4_tdic=0.5721 is_TDI_2D6=0.2973 is_TDI_3A4=0.2121 CYP1A2_log2fc=1.0327 CYP2C9_log2fc=0.7888 CYP2D6_log2fc=0.7405 CYP3A4_log2fc=0.7724
ep8 train_mse=0.3969 val=0.3214 CYP1A2_direct=0.9560 CYP2C9_direct=0.7875 CYP2D6_direct=0.5526 CYP3A4_direct=0.5182 CYP1A2_tdic=0.9115 CYP2C9_tdic=0.7678 CYP2D6_tdic=0.7236 CYP3A4_tdic=0.5121 is_TDI_2D6=0.2958 is_TDI_3A4=0.2125 CYP1A2_log2fc=0.9702 CYP2C9_log2fc=0.6881 CYP2D6_log2fc=0.7305 CYP3A4_log2fc=0.7018
ep9 train_mse=0.3904 val=0.3085 CYP1A2_direct=0.8691 CYP2C9_direct=0.7590 CYP2D6_direct=0.5509 CYP3A4_direct=0.4579 CYP1A2_tdic=0.8712 CYP2C9_tdic=0.7402 CYP2D6_tdic=0.6991 CYP3A4_tdic=0.4979 is_TDI_2D6=0.2838 is_TDI_3A4=0.2099 CYP1A2_log2fc=0.9492 CYP2C9_log2fc=0.6505 CYP2D6_log2fc=0.7519 CYP3A4_log2fc=0.6637
ep10 train_mse=0.3839 val=0.3102 CYP1A2_direct=0.8668 CYP2C9_direct=0.7145 CYP2D6_direct=0.5180 CYP3A4_direct=0.4743 CYP1A2_tdic=0.8314 CYP2C9_tdic=0.6980 CYP2D6_tdic=0.6582 CYP3A4_tdic=0.4897 is_TDI_2D6=0.2940 is_TDI_3A4=0.2068 CYP1A2_log2fc=0.9955 CYP2C9_log2fc=0.6971 CYP2D6_log2fc=0.7332 CYP3A4_log2fc=0.7154
ep11 train_mse=0.3705 val=0.3221 CYP1A2_direct=0.8648 CYP2C9_direct=0.9076 CYP2D6_direct=0.5572 CYP3A4_direct=0.5207 CYP1A2_tdic=0.8243 CYP2C9_tdic=0.8669 CYP2D6_tdic=0.6839 CYP3A4_tdic=0.5185 is_TDI_2D6=0.2943 is_TDI_3A4=0.2094 CYP1A2_log2fc=0.9668 CYP2C9_log2fc=0.7245 CYP2D6_log2fc=0.7260 CYP3A4_log2fc=0.7387
ep12 train_mse=0.3693 val=0.3200 CYP1A2_direct=0.8442 CYP2C9_direct=0.9413 CYP2D6_direct=0.4894 CYP3A4_direct=0.5180 CYP1A2_tdic=0.8465 CYP2C9_tdic=0.9648 CYP2D6_tdic=0.6306 CYP3A4_tdic=0.5723 is_TDI_2D6=0.2831 is_TDI_3A4=0.2092 CYP1A2_log2fc=0.9686 CYP2C9_log2fc=0.7151 CYP2D6_log2fc=0.7394 CYP3A4_log2fc=0.7128
ep13 train_mse=0.3538 val=0.3030 CYP1A2_direct=0.8768 CYP2C9_direct=0.7090 CYP2D6_direct=0.5542 CYP3A4_direct=0.4371 CYP1A2_tdic=0.8500 CYP2C9_tdic=0.6752 CYP2D6_tdic=0.6736 CYP3A4_tdic=0.4623 is_TDI_2D6=0.2917 is_TDI_3A4=0.2098 CYP1A2_log2fc=0.9879 CYP2C9_log2fc=0.5978 CYP2D6_log2fc=0.7212 CYP3A4_log2fc=0.6402
ep14 train_mse=0.3538 val=0.3226 CYP1A2_direct=0.8246 CYP2C9_direct=0.9075 CYP2D6_direct=0.6754 CYP3A4_direct=0.4698 CYP1A2_tdic=0.8130 CYP2C9_tdic=0.8301 CYP2D6_tdic=0.8397 CYP3A4_tdic=0.4786 is_TDI_2D6=0.2835 is_TDI_3A4=0.2100 CYP1A2_log2fc=0.9568 CYP2C9_log2fc=0.6051 CYP2D6_log2fc=0.8312 CYP3A4_log2fc=0.6438
ep15 train_mse=0.3453 val=0.3007 CYP1A2_direct=0.8348 CYP2C9_direct=0.6917 CYP2D6_direct=0.4970 CYP3A4_direct=0.4678 CYP1A2_tdic=0.7984 CYP2C9_tdic=0.6860 CYP2D6_tdic=0.6414 CYP3A4_tdic=0.4947 is_TDI_2D6=0.2887 is_TDI_3A4=0.2130 CYP1A2_log2fc=0.9029 CYP2C9_log2fc=0.6240 CYP2D6_log2fc=0.7089 CYP3A4_log2fc=0.6564
ep16 train_mse=0.3348 val=0.3009 CYP1A2_direct=0.8719 CYP2C9_direct=0.6606 CYP2D6_direct=0.5158 CYP3A4_direct=0.4443 CYP1A2_tdic=0.8269 CYP2C9_tdic=0.6616 CYP2D6_tdic=0.6526 CYP3A4_tdic=0.4720 is_TDI_2D6=0.2836 is_TDI_3A4=0.2138 CYP1A2_log2fc=0.9006 CYP2C9_log2fc=0.5901 CYP2D6_log2fc=0.7099 CYP3A4_log2fc=0.6310
ep17 train_mse=0.3288 val=0.2948 CYP1A2_direct=0.8389 CYP2C9_direct=0.6157 CYP2D6_direct=0.5621 CYP3A4_direct=0.4289 CYP1A2_tdic=0.8314 CYP2C9_tdic=0.5780 CYP2D6_tdic=0.7134 CYP3A4_tdic=0.4345 is_TDI_2D6=0.2779 is_TDI_3A4=0.2150 CYP1A2_log2fc=0.8999 CYP2C9_log2fc=0.5880 CYP2D6_log2fc=0.7099 CYP3A4_log2fc=0.6088
ep18 train_mse=0.3247 val=0.3102 CYP1A2_direct=0.8424 CYP2C9_direct=0.6908 CYP2D6_direct=0.6205 CYP3A4_direct=0.4872 CYP1A2_tdic=0.8199 CYP2C9_tdic=0.6734 CYP2D6_tdic=0.7295 CYP3A4_tdic=0.5072 is_TDI_2D6=0.2786 is_TDI_3A4=0.2120 CYP1A2_log2fc=0.9041 CYP2C9_log2fc=0.6200 CYP2D6_log2fc=0.7317 CYP3A4_log2fc=0.6514
ep19 train_mse=0.3163 val=0.2947 CYP1A2_direct=0.7917 CYP2C9_direct=0.6311 CYP2D6_direct=0.5735 CYP3A4_direct=0.4173 CYP1A2_tdic=0.7827 CYP2C9_tdic=0.5959 CYP2D6_tdic=0.7099 CYP3A4_tdic=0.4219 is_TDI_2D6=0.2854 is_TDI_3A4=0.2139 CYP1A2_log2fc=0.8696 CYP2C9_log2fc=0.5722 CYP2D6_log2fc=0.6934 CYP3A4_log2fc=0.5924
ep20 train_mse=0.3098 val=0.3094 CYP1A2_direct=0.8337 CYP2C9_direct=0.6419 CYP2D6_direct=0.8015 CYP3A4_direct=0.4237 CYP1A2_tdic=0.8260 CYP2C9_tdic=0.6019 CYP2D6_tdic=0.9478 CYP3A4_tdic=0.4233 is_TDI_2D6=0.2854 is_TDI_3A4=0.2110 CYP1A2_log2fc=0.8527 CYP2C9_log2fc=0.5679 CYP2D6_log2fc=0.8410 CYP3A4_log2fc=0.6064
ep21 train_mse=0.3053 val=0.3050 CYP1A2_direct=0.8755 CYP2C9_direct=0.6443 CYP2D6_direct=0.6215 CYP3A4_direct=0.4533 CYP1A2_tdic=0.8482 CYP2C9_tdic=0.6132 CYP2D6_tdic=0.7279 CYP3A4_tdic=0.4589 is_TDI_2D6=0.2925 is_TDI_3A4=0.2151 CYP1A2_log2fc=0.8970 CYP2C9_log2fc=0.5916 CYP2D6_log2fc=0.7040 CYP3A4_log2fc=0.6244
ep22 train_mse=0.2986 val=0.2943 CYP1A2_direct=0.8737 CYP2C9_direct=0.5402 CYP2D6_direct=0.5744 CYP3A4_direct=0.4308 CYP1A2_tdic=0.8519 CYP2C9_tdic=0.5224 CYP2D6_tdic=0.6945 CYP3A4_tdic=0.4246 is_TDI_2D6=0.2876 is_TDI_3A4=0.2150 CYP1A2_log2fc=0.8817 CYP2C9_log2fc=0.5725 CYP2D6_log2fc=0.6951 CYP3A4_log2fc=0.5951
ep23 train_mse=0.2919 val=0.3009 CYP1A2_direct=0.9021 CYP2C9_direct=0.5822 CYP2D6_direct=0.6021 CYP3A4_direct=0.4132 CYP1A2_tdic=0.9106 CYP2C9_tdic=0.5349 CYP2D6_tdic=0.7431 CYP3A4_tdic=0.4121 is_TDI_2D6=0.2819 is_TDI_3A4=0.2145 CYP1A2_log2fc=0.8885 CYP2C9_log2fc=0.5564 CYP2D6_log2fc=0.7243 CYP3A4_log2fc=0.5976
ep24 train_mse=0.2884 val=0.2960 CYP1A2_direct=0.8579 CYP2C9_direct=0.5754 CYP2D6_direct=0.6180 CYP3A4_direct=0.4220 CYP1A2_tdic=0.8434 CYP2C9_tdic=0.5799 CYP2D6_tdic=0.7411 CYP3A4_tdic=0.4134 is_TDI_2D6=0.2917 is_TDI_3A4=0.2132 CYP1A2_log2fc=0.8808 CYP2C9_log2fc=0.5639 CYP2D6_log2fc=0.7293 CYP3A4_log2fc=0.5744
ep25 train_mse=0.2806 val=0.3072 CYP1A2_direct=0.9049 CYP2C9_direct=0.5877 CYP2D6_direct=0.7010 CYP3A4_direct=0.4605 CYP1A2_tdic=0.8922 CYP2C9_tdic=0.5513 CYP2D6_tdic=0.7904 CYP3A4_tdic=0.4276 is_TDI_2D6=0.2936 is_TDI_3A4=0.2169 CYP1A2_log2fc=0.8983 CYP2C9_log2fc=0.5762 CYP2D6_log2fc=0.7239 CYP3A4_log2fc=0.6263
ep26 train_mse=0.2763 val=0.3064 CYP1A2_direct=0.9161 CYP2C9_direct=0.5939 CYP2D6_direct=0.6702 CYP3A4_direct=0.4426 CYP1A2_tdic=0.8885 CYP2C9_tdic=0.5797 CYP2D6_tdic=0.7830 CYP3A4_tdic=0.4277 is_TDI_2D6=0.2937 is_TDI_3A4=0.2139 CYP1A2_log2fc=0.8970 CYP2C9_log2fc=0.5741 CYP2D6_log2fc=0.7063 CYP3A4_log2fc=0.5995
ep27 train_mse=0.2681 val=0.3100 CYP1A2_direct=0.9619 CYP2C9_direct=0.6048 CYP2D6_direct=0.6302 CYP3A4_direct=0.4665 CYP1A2_tdic=0.9060 CYP2C9_tdic=0.6190 CYP2D6_tdic=0.7233 CYP3A4_tdic=0.4850 is_TDI_2D6=0.2992 is_TDI_3A4=0.2140 CYP1A2_log2fc=0.8854 CYP2C9_log2fc=0.5867 CYP2D6_log2fc=0.6987 CYP3A4_log2fc=0.6274
ep28 train_mse=0.2622 val=0.3080 CYP1A2_direct=1.0020 CYP2C9_direct=0.5529 CYP2D6_direct=0.6287 CYP3A4_direct=0.4490 CYP1A2_tdic=0.9616 CYP2C9_tdic=0.5511 CYP2D6_tdic=0.7351 CYP3A4_tdic=0.4214 is_TDI_2D6=0.2949 is_TDI_3A4=0.2151 CYP1A2_log2fc=0.9267 CYP2C9_log2fc=0.5512 CYP2D6_log2fc=0.7040 CYP3A4_log2fc=0.5852
ep29 train_mse=0.2585 val=0.3052 CYP1A2_direct=0.9700 CYP2C9_direct=0.5501 CYP2D6_direct=0.6261 CYP3A4_direct=0.4621 CYP1A2_tdic=0.9212 CYP2C9_tdic=0.5470 CYP2D6_tdic=0.7263 CYP3A4_tdic=0.4334 is_TDI_2D6=0.2982 is_TDI_3A4=0.2148 CYP1A2_log2fc=0.9163 CYP2C9_log2fc=0.5671 CYP2D6_log2fc=0.7139 CYP3A4_log2fc=0.5962
ep30 train_mse=0.2509 val=0.2999 CYP1A2_direct=0.8570 CYP2C9_direct=0.5127 CYP2D6_direct=0.6321 CYP3A4_direct=0.4490 CYP1A2_tdic=0.8520 CYP2C9_tdic=0.5075 CYP2D6_tdic=0.7459 CYP3A4_tdic=0.4303 is_TDI_2D6=0.2950 is_TDI_3A4=0.2146 CYP1A2_log2fc=0.8607 CYP2C9_log2fc=0.5480 CYP2D6_log2fc=0.7297 CYP3A4_log2fc=0.5842
[L4] fold 1 done 418s
[L4 fold2] trainable 5.2M
GPU available: True (cuda), used: True
TPU available: False, using: 0 TPU cores
💡 Tip: For seamless cloud logging and experiment tracking, try installing [litlogger](https://pypi.org/project/litlogger/) to enable LitLogger, which logs metrics and artifacts automatically to the Lightning Experiments platform.
Seed set to 0
LOCAL_RANK: 0 - CUDA_VISIBLE_DEVICES: [0]
Loading `train_dataloader` to estimate number of stepping batches.
ep1 train_mse=0.0000 val=0.4572 CYP1A2_direct=1.3171 CYP2C9_direct=0.7154 CYP2D6_direct=1.1743 CYP3A4_direct=1.0643 CYP1A2_tdic=1.1476 CYP2C9_tdic=0.7812 CYP2D6_tdic=1.0035 CYP3A4_tdic=1.0426 is_TDI_2D6=0.1486 is_TDI_3A4=0.2289 CYP1A2_log2fc=0.9690 CYP2C9_log2fc=0.9735 CYP2D6_log2fc=1.1133 CYP3A4_log2fc=0.9928
ep1 train_mse=0.5426 val=0.3895 CYP1A2_direct=0.9617 CYP2C9_direct=0.7582 CYP2D6_direct=1.3579 CYP3A4_direct=0.9221 CYP1A2_tdic=0.9579 CYP2C9_tdic=0.8319 CYP2D6_tdic=1.2099 CYP3A4_tdic=0.9687 is_TDI_2D6=0.1546 is_TDI_3A4=0.2040 CYP1A2_log2fc=0.8901 CYP2C9_log2fc=0.8696 CYP2D6_log2fc=1.1087 CYP3A4_log2fc=0.9326
ep2 train_mse=0.5225 val=0.3776 CYP1A2_direct=0.9189 CYP2C9_direct=0.7781 CYP2D6_direct=1.2947 CYP3A4_direct=0.8496 CYP1A2_tdic=0.9199 CYP2C9_tdic=0.8305 CYP2D6_tdic=1.1345 CYP3A4_tdic=0.9004 is_TDI_2D6=0.1575 is_TDI_3A4=0.2100 CYP1A2_log2fc=0.8757 CYP2C9_log2fc=0.8267 CYP2D6_log2fc=1.0530 CYP3A4_log2fc=0.8919
ep3 train_mse=0.5055 val=0.3567 CYP1A2_direct=0.8629 CYP2C9_direct=0.6991 CYP2D6_direct=1.3010 CYP3A4_direct=0.6795 CYP1A2_tdic=0.8583 CYP2C9_tdic=0.7531 CYP2D6_tdic=1.1135 CYP3A4_tdic=0.8088 is_TDI_2D6=0.1574 is_TDI_3A4=0.2099 CYP1A2_log2fc=0.8105 CYP2C9_log2fc=0.6984 CYP2D6_log2fc=1.0219 CYP3A4_log2fc=0.7680
ep4 train_mse=0.4707 val=0.3497 CYP1A2_direct=0.8438 CYP2C9_direct=0.6838 CYP2D6_direct=1.3441 CYP3A4_direct=0.6130 CYP1A2_tdic=0.8495 CYP2C9_tdic=0.7240 CYP2D6_tdic=1.1547 CYP3A4_tdic=0.7417 is_TDI_2D6=0.1624 is_TDI_3A4=0.2092 CYP1A2_log2fc=0.7210 CYP2C9_log2fc=0.6781 CYP2D6_log2fc=1.0105 CYP3A4_log2fc=0.7166
ep5 train_mse=0.4560 val=0.3358 CYP1A2_direct=0.8609 CYP2C9_direct=0.6209 CYP2D6_direct=1.2680 CYP3A4_direct=0.5312 CYP1A2_tdic=0.8568 CYP2C9_tdic=0.6684 CYP2D6_tdic=1.1215 CYP3A4_tdic=0.6504 is_TDI_2D6=0.1623 is_TDI_3A4=0.2069 CYP1A2_log2fc=0.7615 CYP2C9_log2fc=0.6387 CYP2D6_log2fc=0.9288 CYP3A4_log2fc=0.6734
ep6 train_mse=0.4361 val=0.3255 CYP1A2_direct=0.8515 CYP2C9_direct=0.5881 CYP2D6_direct=1.1698 CYP3A4_direct=0.5083 CYP1A2_tdic=0.8472 CYP2C9_tdic=0.6388 CYP2D6_tdic=1.0065 CYP3A4_tdic=0.6384 is_TDI_2D6=0.1652 is_TDI_3A4=0.2069 CYP1A2_log2fc=0.7816 CYP2C9_log2fc=0.6223 CYP2D6_log2fc=0.8734 CYP3A4_log2fc=0.6700
ep7 train_mse=0.4264 val=0.3323 CYP1A2_direct=0.8603 CYP2C9_direct=0.6138 CYP2D6_direct=1.1446 CYP3A4_direct=0.5984 CYP1A2_tdic=0.8543 CYP2C9_tdic=0.6600 CYP2D6_tdic=0.9730 CYP3A4_tdic=0.6736 is_TDI_2D6=0.1618 is_TDI_3A4=0.2088 CYP1A2_log2fc=0.7555 CYP2C9_log2fc=0.6858 CYP2D6_log2fc=0.8729 CYP3A4_log2fc=0.6975
ep8 train_mse=0.4144 val=0.3205 CYP1A2_direct=0.8066 CYP2C9_direct=0.5513 CYP2D6_direct=1.1914 CYP3A4_direct=0.5179 CYP1A2_tdic=0.8115 CYP2C9_tdic=0.5976 CYP2D6_tdic=1.0649 CYP3A4_tdic=0.5857 is_TDI_2D6=0.1622 is_TDI_3A4=0.2094 CYP1A2_log2fc=0.7628 CYP2C9_log2fc=0.6126 CYP2D6_log2fc=0.8425 CYP3A4_log2fc=0.6557
ep9 train_mse=0.4075 val=0.3202 CYP1A2_direct=0.8137 CYP2C9_direct=0.5396 CYP2D6_direct=1.2224 CYP3A4_direct=0.5087 CYP1A2_tdic=0.8166 CYP2C9_tdic=0.5826 CYP2D6_tdic=1.0830 CYP3A4_tdic=0.5923 is_TDI_2D6=0.1625 is_TDI_3A4=0.2195 CYP1A2_log2fc=0.7087 CYP2C9_log2fc=0.5692 CYP2D6_log2fc=0.8098 CYP3A4_log2fc=0.6419
ep10 train_mse=0.3963 val=0.3152 CYP1A2_direct=0.7940 CYP2C9_direct=0.5402 CYP2D6_direct=1.2197 CYP3A4_direct=0.5183 CYP1A2_tdic=0.8054 CYP2C9_tdic=0.5617 CYP2D6_tdic=1.0763 CYP3A4_tdic=0.5560 is_TDI_2D6=0.1617 is_TDI_3A4=0.2090 CYP1A2_log2fc=0.6798 CYP2C9_log2fc=0.5974 CYP2D6_log2fc=0.8120 CYP3A4_log2fc=0.6148
ep11 train_mse=0.3862 val=0.3014 CYP1A2_direct=0.7711 CYP2C9_direct=0.5076 CYP2D6_direct=1.1415 CYP3A4_direct=0.4636 CYP1A2_tdic=0.7789 CYP2C9_tdic=0.5399 CYP2D6_tdic=1.0076 CYP3A4_tdic=0.5106 is_TDI_2D6=0.1643 is_TDI_3A4=0.2122 CYP1A2_log2fc=0.7000 CYP2C9_log2fc=0.5206 CYP2D6_log2fc=0.7758 CYP3A4_log2fc=0.5557
ep12 train_mse=0.3752 val=0.3028 CYP1A2_direct=0.7359 CYP2C9_direct=0.5028 CYP2D6_direct=1.1667 CYP3A4_direct=0.4675 CYP1A2_tdic=0.7532 CYP2C9_tdic=0.5081 CYP2D6_tdic=1.0605 CYP3A4_tdic=0.5591 is_TDI_2D6=0.1616 is_TDI_3A4=0.2127 CYP1A2_log2fc=0.6748 CYP2C9_log2fc=0.5310 CYP2D6_log2fc=0.8081 CYP3A4_log2fc=0.5704
ep13 train_mse=0.3735 val=0.3012 CYP1A2_direct=0.7562 CYP2C9_direct=0.5099 CYP2D6_direct=1.0922 CYP3A4_direct=0.5110 CYP1A2_tdic=0.7677 CYP2C9_tdic=0.5318 CYP2D6_tdic=0.9555 CYP3A4_tdic=0.5359 is_TDI_2D6=0.1651 is_TDI_3A4=0.2119 CYP1A2_log2fc=0.6511 CYP2C9_log2fc=0.5194 CYP2D6_log2fc=0.7827 CYP3A4_log2fc=0.5687
ep14 train_mse=0.3687 val=0.2965 CYP1A2_direct=0.7379 CYP2C9_direct=0.5217 CYP2D6_direct=1.0808 CYP3A4_direct=0.4941 CYP1A2_tdic=0.7484 CYP2C9_tdic=0.5351 CYP2D6_tdic=0.9526 CYP3A4_tdic=0.5136 is_TDI_2D6=0.1641 is_TDI_3A4=0.2109 CYP1A2_log2fc=0.6621 CYP2C9_log2fc=0.5092 CYP2D6_log2fc=0.7620 CYP3A4_log2fc=0.5649
ep15 train_mse=0.3609 val=0.2945 CYP1A2_direct=0.7432 CYP2C9_direct=0.4977 CYP2D6_direct=1.1186 CYP3A4_direct=0.4682 CYP1A2_tdic=0.7594 CYP2C9_tdic=0.5098 CYP2D6_tdic=0.9875 CYP3A4_tdic=0.4912 is_TDI_2D6=0.1650 is_TDI_3A4=0.2115 CYP1A2_log2fc=0.6479 CYP2C9_log2fc=0.4803 CYP2D6_log2fc=0.7529 CYP3A4_log2fc=0.5363
ep16 train_mse=0.3550 val=0.2992 CYP1A2_direct=0.7320 CYP2C9_direct=0.5724 CYP2D6_direct=1.1048 CYP3A4_direct=0.5144 CYP1A2_tdic=0.7488 CYP2C9_tdic=0.5929 CYP2D6_tdic=0.9878 CYP3A4_tdic=0.5233 is_TDI_2D6=0.1668 is_TDI_3A4=0.2136 CYP1A2_log2fc=0.6317 CYP2C9_log2fc=0.5120 CYP2D6_log2fc=0.7518 CYP3A4_log2fc=0.5339
ep17 train_mse=0.3469 val=0.2922 CYP1A2_direct=0.7278 CYP2C9_direct=0.4887 CYP2D6_direct=1.1105 CYP3A4_direct=0.4521 CYP1A2_tdic=0.7477 CYP2C9_tdic=0.5115 CYP2D6_tdic=0.9760 CYP3A4_tdic=0.4840 is_TDI_2D6=0.1634 is_TDI_3A4=0.2140 CYP1A2_log2fc=0.6403 CYP2C9_log2fc=0.4700 CYP2D6_log2fc=0.7473 CYP3A4_log2fc=0.5257
ep18 train_mse=0.3405 val=0.2954 CYP1A2_direct=0.7392 CYP2C9_direct=0.4893 CYP2D6_direct=1.1241 CYP3A4_direct=0.4964 CYP1A2_tdic=0.7494 CYP2C9_tdic=0.5130 CYP2D6_tdic=0.9794 CYP3A4_tdic=0.4953 is_TDI_2D6=0.1643 is_TDI_3A4=0.2159 CYP1A2_log2fc=0.6689 CYP2C9_log2fc=0.4734 CYP2D6_log2fc=0.7460 CYP3A4_log2fc=0.5461
ep19 train_mse=0.3338 val=0.2926 CYP1A2_direct=0.7284 CYP2C9_direct=0.5178 CYP2D6_direct=1.1084 CYP3A4_direct=0.4856 CYP1A2_tdic=0.7477 CYP2C9_tdic=0.5401 CYP2D6_tdic=0.9587 CYP3A4_tdic=0.5043 is_TDI_2D6=0.1627 is_TDI_3A4=0.2152 CYP1A2_log2fc=0.6364 CYP2C9_log2fc=0.4911 CYP2D6_log2fc=0.7483 CYP3A4_log2fc=0.5643
ep20 train_mse=0.3278 val=0.3049 CYP1A2_direct=0.7264 CYP2C9_direct=0.5004 CYP2D6_direct=1.2295 CYP3A4_direct=0.5385 CYP1A2_tdic=0.7463 CYP2C9_tdic=0.5128 CYP2D6_tdic=1.0715 CYP3A4_tdic=0.5280 is_TDI_2D6=0.1671 is_TDI_3A4=0.2144 CYP1A2_log2fc=0.6383 CYP2C9_log2fc=0.4936 CYP2D6_log2fc=0.7438 CYP3A4_log2fc=0.5438
ep21 train_mse=0.3256 val=0.2884 CYP1A2_direct=0.7108 CYP2C9_direct=0.4812 CYP2D6_direct=1.1470 CYP3A4_direct=0.4559 CYP1A2_tdic=0.7366 CYP2C9_tdic=0.4895 CYP2D6_tdic=1.0055 CYP3A4_tdic=0.4771 is_TDI_2D6=0.1651 is_TDI_3A4=0.2137 CYP1A2_log2fc=0.6297 CYP2C9_log2fc=0.4578 CYP2D6_log2fc=0.7689 CYP3A4_log2fc=0.5115
ep22 train_mse=0.3167 val=0.2901 CYP1A2_direct=0.7033 CYP2C9_direct=0.4740 CYP2D6_direct=1.1655 CYP3A4_direct=0.4498 CYP1A2_tdic=0.7294 CYP2C9_tdic=0.4870 CYP2D6_tdic=1.0184 CYP3A4_tdic=0.4819 is_TDI_2D6=0.1643 is_TDI_3A4=0.2141 CYP1A2_log2fc=0.6373 CYP2C9_log2fc=0.4516 CYP2D6_log2fc=0.7498 CYP3A4_log2fc=0.5145
ep23 train_mse=0.3112 val=0.2872 CYP1A2_direct=0.7175 CYP2C9_direct=0.4875 CYP2D6_direct=1.1391 CYP3A4_direct=0.4591 CYP1A2_tdic=0.7451 CYP2C9_tdic=0.4942 CYP2D6_tdic=0.9909 CYP3A4_tdic=0.4768 is_TDI_2D6=0.1653 is_TDI_3A4=0.2102 CYP1A2_log2fc=0.6297 CYP2C9_log2fc=0.4472 CYP2D6_log2fc=0.7447 CYP3A4_log2fc=0.4975
ep24 train_mse=0.3057 val=0.2880 CYP1A2_direct=0.7178 CYP2C9_direct=0.4863 CYP2D6_direct=1.1577 CYP3A4_direct=0.4421 CYP1A2_tdic=0.7489 CYP2C9_tdic=0.5101 CYP2D6_tdic=0.9913 CYP3A4_tdic=0.4755 is_TDI_2D6=0.1649 is_TDI_3A4=0.2121 CYP1A2_log2fc=0.6218 CYP2C9_log2fc=0.4534 CYP2D6_log2fc=0.7385 CYP3A4_log2fc=0.5395
ep25 train_mse=0.3000 val=0.2927 CYP1A2_direct=0.7541 CYP2C9_direct=0.4754 CYP2D6_direct=1.1678 CYP3A4_direct=0.4641 CYP1A2_tdic=0.7803 CYP2C9_tdic=0.5010 CYP2D6_tdic=1.0214 CYP3A4_tdic=0.4818 is_TDI_2D6=0.1656 is_TDI_3A4=0.2134 CYP1A2_log2fc=0.6657 CYP2C9_log2fc=0.4524 CYP2D6_log2fc=0.7456 CYP3A4_log2fc=0.5474
ep26 train_mse=0.2954 val=0.2923 CYP1A2_direct=0.7221 CYP2C9_direct=0.5076 CYP2D6_direct=1.2070 CYP3A4_direct=0.4640 CYP1A2_tdic=0.7578 CYP2C9_tdic=0.5125 CYP2D6_tdic=1.0406 CYP3A4_tdic=0.4766 is_TDI_2D6=0.1663 is_TDI_3A4=0.2106 CYP1A2_log2fc=0.6286 CYP2C9_log2fc=0.4562 CYP2D6_log2fc=0.7386 CYP3A4_log2fc=0.5246
ep27 train_mse=0.2892 val=0.2928 CYP1A2_direct=0.7271 CYP2C9_direct=0.4767 CYP2D6_direct=1.2491 CYP3A4_direct=0.4404 CYP1A2_tdic=0.7598 CYP2C9_tdic=0.4917 CYP2D6_tdic=1.0969 CYP3A4_tdic=0.4708 is_TDI_2D6=0.1666 is_TDI_3A4=0.2131 CYP1A2_log2fc=0.6295 CYP2C9_log2fc=0.4404 CYP2D6_log2fc=0.7475 CYP3A4_log2fc=0.5117
ep28 train_mse=0.2838 val=0.2930 CYP1A2_direct=0.7301 CYP2C9_direct=0.5090 CYP2D6_direct=1.2411 CYP3A4_direct=0.4340 CYP1A2_tdic=0.7616 CYP2C9_tdic=0.5180 CYP2D6_tdic=1.0490 CYP3A4_tdic=0.4720 is_TDI_2D6=0.1677 is_TDI_3A4=0.2128 CYP1A2_log2fc=0.6239 CYP2C9_log2fc=0.4502 CYP2D6_log2fc=0.7302 CYP3A4_log2fc=0.5145
ep29 train_mse=0.2784 val=0.2913 CYP1A2_direct=0.7374 CYP2C9_direct=0.5062 CYP2D6_direct=1.1653 CYP3A4_direct=0.4517 CYP1A2_tdic=0.7655 CYP2C9_tdic=0.5168 CYP2D6_tdic=1.0089 CYP3A4_tdic=0.4896 is_TDI_2D6=0.1659 is_TDI_3A4=0.2108 CYP1A2_log2fc=0.6529 CYP2C9_log2fc=0.4649 CYP2D6_log2fc=0.7570 CYP3A4_log2fc=0.5219
ep30 train_mse=0.2722 val=0.2866 CYP1A2_direct=0.7235 CYP2C9_direct=0.4984 CYP2D6_direct=1.1464 CYP3A4_direct=0.4368 CYP1A2_tdic=0.7576 CYP2C9_tdic=0.5105 CYP2D6_tdic=0.9827 CYP3A4_tdic=0.4651 is_TDI_2D6=0.1669 is_TDI_3A4=0.2105 CYP1A2_log2fc=0.6183 CYP2C9_log2fc=0.4404 CYP2D6_log2fc=0.7516 CYP3A4_log2fc=0.4878
ep31 train_mse=0.2689 val=0.2937 CYP1A2_direct=0.7566 CYP2C9_direct=0.5178 CYP2D6_direct=1.2097 CYP3A4_direct=0.4497 CYP1A2_tdic=0.7927 CYP2C9_tdic=0.5211 CYP2D6_tdic=1.0453 CYP3A4_tdic=0.4760 is_TDI_2D6=0.1661 is_TDI_3A4=0.2082 CYP1A2_log2fc=0.6212 CYP2C9_log2fc=0.4475 CYP2D6_log2fc=0.7300 CYP3A4_log2fc=0.4952
ep32 train_mse=0.2611 val=0.2950 CYP1A2_direct=0.7787 CYP2C9_direct=0.4771 CYP2D6_direct=1.2297 CYP3A4_direct=0.4412 CYP1A2_tdic=0.8161 CYP2C9_tdic=0.4866 CYP2D6_tdic=1.0740 CYP3A4_tdic=0.4710 is_TDI_2D6=0.1668 is_TDI_3A4=0.2100 CYP1A2_log2fc=0.6216 CYP2C9_log2fc=0.4338 CYP2D6_log2fc=0.7435 CYP3A4_log2fc=0.4965
ep33 train_mse=0.2583 val=0.2950 CYP1A2_direct=0.7510 CYP2C9_direct=0.5332 CYP2D6_direct=1.1940 CYP3A4_direct=0.4496 CYP1A2_tdic=0.7841 CYP2C9_tdic=0.5375 CYP2D6_tdic=1.0428 CYP3A4_tdic=0.4900 is_TDI_2D6=0.1658 is_TDI_3A4=0.2098 CYP1A2_log2fc=0.6226 CYP2C9_log2fc=0.4565 CYP2D6_log2fc=0.7628 CYP3A4_log2fc=0.5193
ep34 train_mse=0.2551 val=0.2949 CYP1A2_direct=0.7849 CYP2C9_direct=0.5002 CYP2D6_direct=1.1939 CYP3A4_direct=0.4572 CYP1A2_tdic=0.8208 CYP2C9_tdic=0.5110 CYP2D6_tdic=1.0297 CYP3A4_tdic=0.4772 is_TDI_2D6=0.1674 is_TDI_3A4=0.2086 CYP1A2_log2fc=0.6223 CYP2C9_log2fc=0.4419 CYP2D6_log2fc=0.7356 CYP3A4_log2fc=0.4877
ep35 train_mse=0.2483 val=0.3018 CYP1A2_direct=0.7874 CYP2C9_direct=0.5120 CYP2D6_direct=1.2981 CYP3A4_direct=0.4426 CYP1A2_tdic=0.8265 CYP2C9_tdic=0.5201 CYP2D6_tdic=1.1240 CYP3A4_tdic=0.4708 is_TDI_2D6=0.1673 is_TDI_3A4=0.2124 CYP1A2_log2fc=0.6302 CYP2C9_log2fc=0.4366 CYP2D6_log2fc=0.7467 CYP3A4_log2fc=0.4852
ep36 train_mse=0.2428 val=0.3037 CYP1A2_direct=0.8038 CYP2C9_direct=0.5151 CYP2D6_direct=1.2980 CYP3A4_direct=0.4311 CYP1A2_tdic=0.8446 CYP2C9_tdic=0.5192 CYP2D6_tdic=1.1137 CYP3A4_tdic=0.4613 is_TDI_2D6=0.1667 is_TDI_3A4=0.2117 CYP1A2_log2fc=0.6161 CYP2C9_log2fc=0.4430 CYP2D6_log2fc=0.7406 CYP3A4_log2fc=0.4799
ep37 train_mse=0.2420 val=0.2970 CYP1A2_direct=0.8001 CYP2C9_direct=0.5303 CYP2D6_direct=1.1924 CYP3A4_direct=0.4443 CYP1A2_tdic=0.8355 CYP2C9_tdic=0.5326 CYP2D6_tdic=1.0301 CYP3A4_tdic=0.4682 is_TDI_2D6=0.1660 is_TDI_3A4=0.2086 CYP1A2_log2fc=0.6223 CYP2C9_log2fc=0.4442 CYP2D6_log2fc=0.7484 CYP3A4_log2fc=0.4851
ep38 train_mse=0.2369 val=0.2963 CYP1A2_direct=0.7833 CYP2C9_direct=0.5163 CYP2D6_direct=1.2077 CYP3A4_direct=0.4468 CYP1A2_tdic=0.8186 CYP2C9_tdic=0.5179 CYP2D6_tdic=1.0332 CYP3A4_tdic=0.4696 is_TDI_2D6=0.1660 is_TDI_3A4=0.2103 CYP1A2_log2fc=0.6181 CYP2C9_log2fc=0.4368 CYP2D6_log2fc=0.7422 CYP3A4_log2fc=0.4782
[L4] fold 2 done 671s
[L4 fold3] trainable 5.2M
GPU available: True (cuda), used: True
TPU available: False, using: 0 TPU cores
💡 Tip: For seamless cloud logging and experiment tracking, try installing [litlogger](https://pypi.org/project/litlogger/) to enable LitLogger, which logs metrics and artifacts automatically to the Lightning Experiments platform.
Seed set to 0
LOCAL_RANK: 0 - CUDA_VISIBLE_DEVICES: [0]
Loading `train_dataloader` to estimate number of stepping batches.
ep1 train_mse=0.0000 val=0.3855 CYP1A2_direct=0.8138 CYP2C9_direct=0.4888 CYP2D6_direct=0.6257 CYP3A4_direct=1.0479 CYP1A2_tdic=0.7289 CYP2C9_tdic=0.5126 CYP2D6_tdic=0.6317 CYP3A4_tdic=1.0085 is_TDI_2D6=0.1995 is_TDI_3A4=0.2305 CYP1A2_log2fc=1.0284 CYP2C9_log2fc=0.9419 CYP2D6_log2fc=1.2190 CYP3A4_log2fc=0.9434
ep1 train_mse=0.5589 val=0.3629 CYP1A2_direct=0.7566 CYP2C9_direct=0.7196 CYP2D6_direct=0.8165 CYP3A4_direct=0.9825 CYP1A2_tdic=0.7366 CYP2C9_tdic=0.8171 CYP2D6_tdic=0.9207 CYP3A4_tdic=0.9063 is_TDI_2D6=0.2228 is_TDI_3A4=0.2268 CYP1A2_log2fc=0.9568 CYP2C9_log2fc=0.8871 CYP2D6_log2fc=1.1623 CYP3A4_log2fc=0.8925
ep2 train_mse=0.5308 val=0.3538 CYP1A2_direct=0.7117 CYP2C9_direct=0.6768 CYP2D6_direct=0.8165 CYP3A4_direct=0.9972 CYP1A2_tdic=0.6888 CYP2C9_tdic=0.7690 CYP2D6_tdic=0.9165 CYP3A4_tdic=0.8963 is_TDI_2D6=0.2222 is_TDI_3A4=0.2166 CYP1A2_log2fc=0.9029 CYP2C9_log2fc=0.8900 CYP2D6_log2fc=1.1274 CYP3A4_log2fc=0.8884
ep3 train_mse=0.5006 val=0.3378 CYP1A2_direct=0.6635 CYP2C9_direct=0.6294 CYP2D6_direct=0.8012 CYP3A4_direct=0.8193 CYP1A2_tdic=0.6364 CYP2C9_tdic=0.6664 CYP2D6_tdic=0.9299 CYP3A4_tdic=0.8224 is_TDI_2D6=0.2253 is_TDI_3A4=0.2162 CYP1A2_log2fc=0.8543 CYP2C9_log2fc=0.7770 CYP2D6_log2fc=1.0610 CYP3A4_log2fc=0.7760
ep4 train_mse=0.4764 val=0.3520 CYP1A2_direct=0.7498 CYP2C9_direct=0.7168 CYP2D6_direct=0.8079 CYP3A4_direct=0.9527 CYP1A2_tdic=0.7030 CYP2C9_tdic=0.7655 CYP2D6_tdic=0.9022 CYP3A4_tdic=0.9364 is_TDI_2D6=0.2174 is_TDI_3A4=0.2159 CYP1A2_log2fc=0.8793 CYP2C9_log2fc=0.8545 CYP2D6_log2fc=0.9929 CYP3A4_log2fc=0.8881
ep5 train_mse=0.4671 val=0.3192 CYP1A2_direct=0.6544 CYP2C9_direct=0.5661 CYP2D6_direct=0.7141 CYP3A4_direct=0.7641 CYP1A2_tdic=0.6288 CYP2C9_tdic=0.6118 CYP2D6_tdic=0.7914 CYP3A4_tdic=0.8000 is_TDI_2D6=0.2198 is_TDI_3A4=0.2242 CYP1A2_log2fc=0.8233 CYP2C9_log2fc=0.6973 CYP2D6_log2fc=0.9435 CYP3A4_log2fc=0.7329
ep6 train_mse=0.4436 val=0.3130 CYP1A2_direct=0.6743 CYP2C9_direct=0.5679 CYP2D6_direct=0.7016 CYP3A4_direct=0.7092 CYP1A2_tdic=0.6421 CYP2C9_tdic=0.6111 CYP2D6_tdic=0.7847 CYP3A4_tdic=0.7217 is_TDI_2D6=0.2205 is_TDI_3A4=0.2242 CYP1A2_log2fc=0.7945 CYP2C9_log2fc=0.6952 CYP2D6_log2fc=0.8922 CYP3A4_log2fc=0.7145
ep7 train_mse=0.4298 val=0.3113 CYP1A2_direct=0.6992 CYP2C9_direct=0.5856 CYP2D6_direct=0.6623 CYP3A4_direct=0.7231 CYP1A2_tdic=0.6620 CYP2C9_tdic=0.6311 CYP2D6_tdic=0.7324 CYP3A4_tdic=0.7219 is_TDI_2D6=0.2142 is_TDI_3A4=0.2168 CYP1A2_log2fc=0.7790 CYP2C9_log2fc=0.6820 CYP2D6_log2fc=0.8459 CYP3A4_log2fc=0.7195
ep8 train_mse=0.4167 val=0.3025 CYP1A2_direct=0.6587 CYP2C9_direct=0.5672 CYP2D6_direct=0.7242 CYP3A4_direct=0.5850 CYP1A2_tdic=0.6296 CYP2C9_tdic=0.6018 CYP2D6_tdic=0.8243 CYP3A4_tdic=0.6526 is_TDI_2D6=0.2199 is_TDI_3A4=0.2236 CYP1A2_log2fc=0.7786 CYP2C9_log2fc=0.6315 CYP2D6_log2fc=0.9519 CYP3A4_log2fc=0.6398
ep9 train_mse=0.4080 val=0.2989 CYP1A2_direct=0.6493 CYP2C9_direct=0.5972 CYP2D6_direct=0.6888 CYP3A4_direct=0.5770 CYP1A2_tdic=0.6286 CYP2C9_tdic=0.6127 CYP2D6_tdic=0.7537 CYP3A4_tdic=0.6552 is_TDI_2D6=0.2194 is_TDI_3A4=0.2268 CYP1A2_log2fc=0.7680 CYP2C9_log2fc=0.6085 CYP2D6_log2fc=0.8453 CYP3A4_log2fc=0.6523
ep10 train_mse=0.4016 val=0.2965 CYP1A2_direct=0.6297 CYP2C9_direct=0.6085 CYP2D6_direct=0.6748 CYP3A4_direct=0.5697 CYP1A2_tdic=0.6102 CYP2C9_tdic=0.6171 CYP2D6_tdic=0.7563 CYP3A4_tdic=0.6317 is_TDI_2D6=0.2165 is_TDI_3A4=0.2234 CYP1A2_log2fc=0.7500 CYP2C9_log2fc=0.5974 CYP2D6_log2fc=0.8261 CYP3A4_log2fc=0.6443
ep11 train_mse=0.3887 val=0.2972 CYP1A2_direct=0.6397 CYP2C9_direct=0.6321 CYP2D6_direct=0.6864 CYP3A4_direct=0.5933 CYP1A2_tdic=0.6065 CYP2C9_tdic=0.6309 CYP2D6_tdic=0.7547 CYP3A4_tdic=0.6389 is_TDI_2D6=0.2144 is_TDI_3A4=0.2241 CYP1A2_log2fc=0.7561 CYP2C9_log2fc=0.6149 CYP2D6_log2fc=0.8180 CYP3A4_log2fc=0.6656
