[L1_s3] rows: challenge 6145; fold col fold_reg; weights=plan
[L1_s3 fold0] trainable 17.7M
GPU available: True (cuda), used: True
TPU available: False, using: 0 TPU cores
💡 Tip: For seamless cloud logging and experiment tracking, try installing [litlogger](https://pypi.org/project/litlogger/) to enable LitLogger, which logs metrics and artifacts automatically to the Lightning Experiments platform.
Seed set to 3
LOCAL_RANK: 0 - CUDA_VISIBLE_DEVICES: [0]
Loading `train_dataloader` to estimate number of stepping batches.
ep1 train_mse=0.0000 val=0.4552 CYP1A2_direct=1.3109 CYP2C9_direct=0.5481 CYP2D6_direct=1.4888 CYP3A4_direct=0.9900 CYP1A2_tdic=1.2455 CYP2C9_tdic=0.5334 CYP2D6_tdic=1.3815 CYP3A4_tdic=1.0971 is_TDI_2D6=0.1704 is_TDI_3A4=0.2215 CYP1A2_log2fc=1.0073 CYP2C9_log2fc=0.9248 CYP2D6_log2fc=0.8962 CYP3A4_log2fc=0.9826
ep1 train_mse=0.4994 val=0.3321 CYP1A2_direct=0.7094 CYP2C9_direct=0.4822 CYP2D6_direct=1.0944 CYP3A4_direct=0.8266 CYP1A2_tdic=0.7544 CYP2C9_tdic=0.5233 CYP2D6_tdic=0.9513 CYP3A4_tdic=0.9734 is_TDI_2D6=0.1641 is_TDI_3A4=0.2389 CYP1A2_log2fc=0.8352 CYP2C9_log2fc=0.7301 CYP2D6_log2fc=0.8490 CYP3A4_log2fc=0.7882
ep2 train_mse=0.4045 val=0.2840 CYP1A2_direct=0.6309 CYP2C9_direct=0.4537 CYP2D6_direct=1.0557 CYP3A4_direct=0.4038 CYP1A2_tdic=0.6336 CYP2C9_tdic=0.4675 CYP2D6_tdic=0.8891 CYP3A4_tdic=0.5445 is_TDI_2D6=0.1564 is_TDI_3A4=0.2362 CYP1A2_log2fc=0.7298 CYP2C9_log2fc=0.5077 CYP2D6_log2fc=0.7209 CYP3A4_log2fc=0.6019
ep3 train_mse=0.3566 val=0.2907 CYP1A2_direct=0.6925 CYP2C9_direct=0.4908 CYP2D6_direct=0.9577 CYP3A4_direct=0.5097 CYP1A2_tdic=0.7081 CYP2C9_tdic=0.4973 CYP2D6_tdic=0.8102 CYP3A4_tdic=0.5326 is_TDI_2D6=0.1583 is_TDI_3A4=0.2371 CYP1A2_log2fc=0.7817 CYP2C9_log2fc=0.4973 CYP2D6_log2fc=0.6854 CYP3A4_log2fc=0.5792
ep4 train_mse=0.2953 val=0.2964 CYP1A2_direct=0.5695 CYP2C9_direct=0.4685 CYP2D6_direct=0.9428 CYP3A4_direct=0.4499 CYP1A2_tdic=0.5928 CYP2C9_tdic=0.4736 CYP2D6_tdic=0.7937 CYP3A4_tdic=0.5164 is_TDI_2D6=0.1642 is_TDI_3A4=0.2330 CYP1A2_log2fc=0.7010 CYP2C9_log2fc=0.5378 CYP2D6_log2fc=0.6415 CYP3A4_log2fc=0.5919
ep5 train_mse=0.2563 val=0.3151 CYP1A2_direct=0.5950 CYP2C9_direct=0.4735 CYP2D6_direct=0.9928 CYP3A4_direct=0.4836 CYP1A2_tdic=0.6200 CYP2C9_tdic=0.4817 CYP2D6_tdic=0.9168 CYP3A4_tdic=0.5496 is_TDI_2D6=0.1619 is_TDI_3A4=0.2337 CYP1A2_log2fc=0.6966 CYP2C9_log2fc=0.4835 CYP2D6_log2fc=0.7342 CYP3A4_log2fc=0.5798
ep6 train_mse=0.2082 val=0.3360 CYP1A2_direct=0.6641 CYP2C9_direct=0.5241 CYP2D6_direct=1.0737 CYP3A4_direct=0.4839 CYP1A2_tdic=0.6805 CYP2C9_tdic=0.5170 CYP2D6_tdic=0.9083 CYP3A4_tdic=0.5048 is_TDI_2D6=0.1549 is_TDI_3A4=0.2477 CYP1A2_log2fc=0.6490 CYP2C9_log2fc=0.5032 CYP2D6_log2fc=0.6158 CYP3A4_log2fc=0.5726
ep7 train_mse=0.1779 val=0.3593 CYP1A2_direct=0.6787 CYP2C9_direct=0.4759 CYP2D6_direct=0.9474 CYP3A4_direct=0.4664 CYP1A2_tdic=0.7157 CYP2C9_tdic=0.5012 CYP2D6_tdic=0.8147 CYP3A4_tdic=0.4784 is_TDI_2D6=0.1577 is_TDI_3A4=0.2433 CYP1A2_log2fc=0.6919 CYP2C9_log2fc=0.4599 CYP2D6_log2fc=0.6213 CYP3A4_log2fc=0.5075
ep8 train_mse=0.1561 val=0.3497 CYP1A2_direct=0.6242 CYP2C9_direct=0.4968 CYP2D6_direct=0.9615 CYP3A4_direct=0.4912 CYP1A2_tdic=0.6445 CYP2C9_tdic=0.5068 CYP2D6_tdic=0.8313 CYP3A4_tdic=0.5024 is_TDI_2D6=0.1588 is_TDI_3A4=0.2407 CYP1A2_log2fc=0.6556 CYP2C9_log2fc=0.4508 CYP2D6_log2fc=0.6154 CYP3A4_log2fc=0.5219
ep9 train_mse=0.1327 val=0.3738 CYP1A2_direct=0.6465 CYP2C9_direct=0.4272 CYP2D6_direct=0.9241 CYP3A4_direct=0.4838 CYP1A2_tdic=0.6715 CYP2C9_tdic=0.4380 CYP2D6_tdic=0.8154 CYP3A4_tdic=0.4886 is_TDI_2D6=0.1580 is_TDI_3A4=0.2482 CYP1A2_log2fc=0.6505 CYP2C9_log2fc=0.4591 CYP2D6_log2fc=0.6378 CYP3A4_log2fc=0.5313
ep10 train_mse=0.1122 val=0.3987 CYP1A2_direct=0.6901 CYP2C9_direct=0.4459 CYP2D6_direct=0.9116 CYP3A4_direct=0.4579 CYP1A2_tdic=0.7058 CYP2C9_tdic=0.4527 CYP2D6_tdic=0.8048 CYP3A4_tdic=0.4591 is_TDI_2D6=0.1548 is_TDI_3A4=0.2467 CYP1A2_log2fc=0.6515 CYP2C9_log2fc=0.4349 CYP2D6_log2fc=0.6611 CYP3A4_log2fc=0.4875
[L1_s3] fold 0 done 192s
[L1_s3 fold1] trainable 17.7M
GPU available: True (cuda), used: True
TPU available: False, using: 0 TPU cores
💡 Tip: For seamless cloud logging and experiment tracking, try installing [litlogger](https://pypi.org/project/litlogger/) to enable LitLogger, which logs metrics and artifacts automatically to the Lightning Experiments platform.
Seed set to 3
LOCAL_RANK: 0 - CUDA_VISIBLE_DEVICES: [0]
Loading `train_dataloader` to estimate number of stepping batches.
ep1 train_mse=0.0000 val=0.3690 CYP1A2_direct=0.8123 CYP2C9_direct=0.6703 CYP2D6_direct=0.4236 CYP3A4_direct=0.9217 CYP1A2_tdic=0.8077 CYP2C9_tdic=0.5869 CYP2D6_tdic=0.4029 CYP3A4_tdic=1.0590 is_TDI_2D6=0.1230 is_TDI_3A4=0.1815 CYP1A2_log2fc=0.9826 CYP2C9_log2fc=0.9283 CYP2D6_log2fc=0.9032 CYP3A4_log2fc=0.9093
ep1 train_mse=0.4829 val=0.3151 CYP1A2_direct=0.8928 CYP2C9_direct=0.6317 CYP2D6_direct=0.6932 CYP3A4_direct=0.6260 CYP1A2_tdic=0.8112 CYP2C9_tdic=0.6752 CYP2D6_tdic=0.9485 CYP3A4_tdic=0.6488 is_TDI_2D6=0.1644 is_TDI_3A4=0.2048 CYP1A2_log2fc=0.7237 CYP2C9_log2fc=0.6062 CYP2D6_log2fc=0.7781 CYP3A4_log2fc=0.6438
ep2 train_mse=0.3898 val=0.3218 CYP1A2_direct=0.8417 CYP2C9_direct=0.9119 CYP2D6_direct=0.7175 CYP3A4_direct=0.6667 CYP1A2_tdic=0.7686 CYP2C9_tdic=0.9182 CYP2D6_tdic=0.9006 CYP3A4_tdic=0.6235 is_TDI_2D6=0.1627 is_TDI_3A4=0.2028 CYP1A2_log2fc=0.7925 CYP2C9_log2fc=0.6946 CYP2D6_log2fc=0.7734 CYP3A4_log2fc=0.7446
ep3 train_mse=0.3566 val=0.2748 CYP1A2_direct=0.7723 CYP2C9_direct=0.5436 CYP2D6_direct=0.7025 CYP3A4_direct=0.3938 CYP1A2_tdic=0.6850 CYP2C9_tdic=0.5606 CYP2D6_tdic=0.9496 CYP3A4_tdic=0.4710 is_TDI_2D6=0.1681 is_TDI_3A4=0.2089 CYP1A2_log2fc=0.6344 CYP2C9_log2fc=0.4966 CYP2D6_log2fc=0.6980 CYP3A4_log2fc=0.5729
ep4 train_mse=0.2980 val=0.2781 CYP1A2_direct=0.7735 CYP2C9_direct=0.5742 CYP2D6_direct=0.6906 CYP3A4_direct=0.4282 CYP1A2_tdic=0.6865 CYP2C9_tdic=0.5967 CYP2D6_tdic=0.8304 CYP3A4_tdic=0.4409 is_TDI_2D6=0.1649 is_TDI_3A4=0.2104 CYP1A2_log2fc=0.5881 CYP2C9_log2fc=0.4659 CYP2D6_log2fc=0.6558 CYP3A4_log2fc=0.4939
ep5 train_mse=0.2595 val=0.2785 CYP1A2_direct=0.7842 CYP2C9_direct=0.6227 CYP2D6_direct=0.6782 CYP3A4_direct=0.3822 CYP1A2_tdic=0.6884 CYP2C9_tdic=0.6534 CYP2D6_tdic=0.8902 CYP3A4_tdic=0.4194 is_TDI_2D6=0.1670 is_TDI_3A4=0.2081 CYP1A2_log2fc=0.6212 CYP2C9_log2fc=0.4727 CYP2D6_log2fc=0.6809 CYP3A4_log2fc=0.4879
ep6 train_mse=0.2148 val=0.2986 CYP1A2_direct=0.7508 CYP2C9_direct=0.6371 CYP2D6_direct=0.7464 CYP3A4_direct=0.4301 CYP1A2_tdic=0.6526 CYP2C9_tdic=0.6356 CYP2D6_tdic=0.9529 CYP3A4_tdic=0.4379 is_TDI_2D6=0.1693 is_TDI_3A4=0.2086 CYP1A2_log2fc=0.5995 CYP2C9_log2fc=0.4573 CYP2D6_log2fc=0.6835 CYP3A4_log2fc=0.4687
ep7 train_mse=0.1843 val=0.3151 CYP1A2_direct=0.7433 CYP2C9_direct=0.6452 CYP2D6_direct=0.7256 CYP3A4_direct=0.3733 CYP1A2_tdic=0.6468 CYP2C9_tdic=0.6419 CYP2D6_tdic=0.9794 CYP3A4_tdic=0.4146 is_TDI_2D6=0.1654 is_TDI_3A4=0.2092 CYP1A2_log2fc=0.6094 CYP2C9_log2fc=0.4665 CYP2D6_log2fc=0.6318 CYP3A4_log2fc=0.4787
ep8 train_mse=0.1578 val=0.3199 CYP1A2_direct=0.7461 CYP2C9_direct=0.5762 CYP2D6_direct=0.6970 CYP3A4_direct=0.3930 CYP1A2_tdic=0.6526 CYP2C9_tdic=0.5853 CYP2D6_tdic=0.9000 CYP3A4_tdic=0.4007 is_TDI_2D6=0.1644 is_TDI_3A4=0.2139 CYP1A2_log2fc=0.6139 CYP2C9_log2fc=0.4490 CYP2D6_log2fc=0.6278 CYP3A4_log2fc=0.4797
ep9 train_mse=0.1317 val=0.3545 CYP1A2_direct=0.7417 CYP2C9_direct=0.6589 CYP2D6_direct=0.7091 CYP3A4_direct=0.3792 CYP1A2_tdic=0.6453 CYP2C9_tdic=0.6650 CYP2D6_tdic=0.9342 CYP3A4_tdic=0.4054 is_TDI_2D6=0.1682 is_TDI_3A4=0.2074 CYP1A2_log2fc=0.6518 CYP2C9_log2fc=0.4725 CYP2D6_log2fc=0.6554 CYP3A4_log2fc=0.4823
ep10 train_mse=0.1168 val=0.3383 CYP1A2_direct=0.7336 CYP2C9_direct=0.6330 CYP2D6_direct=0.6918 CYP3A4_direct=0.3496 CYP1A2_tdic=0.6390 CYP2C9_tdic=0.6594 CYP2D6_tdic=0.9390 CYP3A4_tdic=0.3927 is_TDI_2D6=0.1699 is_TDI_3A4=0.2048 CYP1A2_log2fc=0.5943 CYP2C9_log2fc=0.4780 CYP2D6_log2fc=0.6306 CYP3A4_log2fc=0.4382
ep11 train_mse=0.1001 val=0.3492 CYP1A2_direct=0.7172 CYP2C9_direct=0.6127 CYP2D6_direct=0.7032 CYP3A4_direct=0.3677 CYP1A2_tdic=0.6269 CYP2C9_tdic=0.5967 CYP2D6_tdic=0.9411 CYP3A4_tdic=0.3914 is_TDI_2D6=0.1697 is_TDI_3A4=0.2067 CYP1A2_log2fc=0.5709 CYP2C9_log2fc=0.4523 CYP2D6_log2fc=0.6402 CYP3A4_log2fc=0.4442
[L1_s3] fold 1 done 400s
[L1_s3 fold2] trainable 17.7M
GPU available: True (cuda), used: True
TPU available: False, using: 0 TPU cores
💡 Tip: For seamless cloud logging and experiment tracking, try installing [litlogger](https://pypi.org/project/litlogger/) to enable LitLogger, which logs metrics and artifacts automatically to the Lightning Experiments platform.
Seed set to 3
LOCAL_RANK: 0 - CUDA_VISIBLE_DEVICES: [0]
Loading `train_dataloader` to estimate number of stepping batches.
ep1 train_mse=0.0000 val=0.4510 CYP1A2_direct=1.0553 CYP2C9_direct=0.8341 CYP2D6_direct=1.2790 CYP3A4_direct=1.1242 CYP1A2_tdic=0.9691 CYP2C9_tdic=0.9462 CYP2D6_tdic=0.8203 CYP3A4_tdic=1.0766 is_TDI_2D6=0.2575 is_TDI_3A4=0.2136 CYP1A2_log2fc=0.9458 CYP2C9_log2fc=1.0061 CYP2D6_log2fc=1.0087 CYP3A4_log2fc=1.1839
ep1 train_mse=0.4805 val=0.3249 CYP1A2_direct=0.9736 CYP2C9_direct=0.5131 CYP2D6_direct=0.9147 CYP3A4_direct=0.6387 CYP1A2_tdic=0.9581 CYP2C9_tdic=0.5858 CYP2D6_tdic=0.7301 CYP3A4_tdic=0.5910 is_TDI_2D6=0.1669 is_TDI_3A4=0.2307 CYP1A2_log2fc=0.6692 CYP2C9_log2fc=0.5962 CYP2D6_log2fc=0.8247 CYP3A4_log2fc=0.7114
ep2 train_mse=0.4011 val=0.2990 CYP1A2_direct=0.9096 CYP2C9_direct=0.4506 CYP2D6_direct=0.8437 CYP3A4_direct=0.5566 CYP1A2_tdic=0.9063 CYP2C9_tdic=0.4520 CYP2D6_tdic=0.6593 CYP3A4_tdic=0.5383 is_TDI_2D6=0.1742 is_TDI_3A4=0.2164 CYP1A2_log2fc=0.6353 CYP2C9_log2fc=0.6054 CYP2D6_log2fc=0.7093 CYP3A4_log2fc=0.6660
ep3 train_mse=0.3482 val=0.2956 CYP1A2_direct=0.8443 CYP2C9_direct=0.4003 CYP2D6_direct=0.8788 CYP3A4_direct=0.4745 CYP1A2_tdic=0.8132 CYP2C9_tdic=0.4689 CYP2D6_tdic=0.6599 CYP3A4_tdic=0.4710 is_TDI_2D6=0.1698 is_TDI_3A4=0.2409 CYP1A2_log2fc=0.6204 CYP2C9_log2fc=0.5320 CYP2D6_log2fc=0.7742 CYP3A4_log2fc=0.5999
ep4 train_mse=0.2895 val=0.3071 CYP1A2_direct=0.9612 CYP2C9_direct=0.4492 CYP2D6_direct=0.9339 CYP3A4_direct=0.4587 CYP1A2_tdic=0.9325 CYP2C9_tdic=0.4751 CYP2D6_tdic=0.7011 CYP3A4_tdic=0.4525 is_TDI_2D6=0.1681 is_TDI_3A4=0.2201 CYP1A2_log2fc=0.6065 CYP2C9_log2fc=0.4759 CYP2D6_log2fc=0.6619 CYP3A4_log2fc=0.5461
ep5 train_mse=0.2404 val=0.3213 CYP1A2_direct=0.8942 CYP2C9_direct=0.4864 CYP2D6_direct=1.0811 CYP3A4_direct=0.4799 CYP1A2_tdic=0.8926 CYP2C9_tdic=0.5065 CYP2D6_tdic=0.8392 CYP3A4_tdic=0.4861 is_TDI_2D6=0.1664 is_TDI_3A4=0.2177 CYP1A2_log2fc=0.5920 CYP2C9_log2fc=0.5306 CYP2D6_log2fc=0.6850 CYP3A4_log2fc=0.5810
ep6 train_mse=0.2122 val=0.3427 CYP1A2_direct=0.9973 CYP2C9_direct=0.5412 CYP2D6_direct=0.8743 CYP3A4_direct=0.5364 CYP1A2_tdic=1.0039 CYP2C9_tdic=0.5785 CYP2D6_tdic=0.6676 CYP3A4_tdic=0.4903 is_TDI_2D6=0.1715 is_TDI_3A4=0.2289 CYP1A2_log2fc=0.6243 CYP2C9_log2fc=0.5446 CYP2D6_log2fc=0.6928 CYP3A4_log2fc=0.5399
ep7 train_mse=0.1835 val=0.3392 CYP1A2_direct=0.8850 CYP2C9_direct=0.4927 CYP2D6_direct=0.9013 CYP3A4_direct=0.4456 CYP1A2_tdic=0.8977 CYP2C9_tdic=0.5174 CYP2D6_tdic=0.6432 CYP3A4_tdic=0.4432 is_TDI_2D6=0.1681 is_TDI_3A4=0.2280 CYP1A2_log2fc=0.5929 CYP2C9_log2fc=0.4985 CYP2D6_log2fc=0.6090 CYP3A4_log2fc=0.5224
ep8 train_mse=0.1509 val=0.4487 CYP1A2_direct=0.8998 CYP2C9_direct=0.4582 CYP2D6_direct=0.8789 CYP3A4_direct=0.5026 CYP1A2_tdic=0.9111 CYP2C9_tdic=0.5035 CYP2D6_tdic=0.6574 CYP3A4_tdic=0.4966 is_TDI_2D6=0.1659 is_TDI_3A4=0.2248 CYP1A2_log2fc=0.5850 CYP2C9_log2fc=0.4794 CYP2D6_log2fc=0.6479 CYP3A4_log2fc=0.5310
ep9 train_mse=0.1336 val=0.4244 CYP1A2_direct=0.9477 CYP2C9_direct=0.4857 CYP2D6_direct=0.8521 CYP3A4_direct=0.4575 CYP1A2_tdic=0.9501 CYP2C9_tdic=0.5158 CYP2D6_tdic=0.6317 CYP3A4_tdic=0.4501 is_TDI_2D6=0.1645 is_TDI_3A4=0.2270 CYP1A2_log2fc=0.5884 CYP2C9_log2fc=0.4843 CYP2D6_log2fc=0.5791 CYP3A4_log2fc=0.5071
ep10 train_mse=0.1122 val=0.4153 CYP1A2_direct=0.9387 CYP2C9_direct=0.4371 CYP2D6_direct=0.8925 CYP3A4_direct=0.4108 CYP1A2_tdic=0.9503 CYP2C9_tdic=0.4665 CYP2D6_tdic=0.7004 CYP3A4_tdic=0.4184 is_TDI_2D6=0.1668 is_TDI_3A4=0.2229 CYP1A2_log2fc=0.5860 CYP2C9_log2fc=0.4947 CYP2D6_log2fc=0.5891 CYP3A4_log2fc=0.5197
ep11 train_mse=0.0955 val=0.4559 CYP1A2_direct=0.9572 CYP2C9_direct=0.4344 CYP2D6_direct=0.9260 CYP3A4_direct=0.4095 CYP1A2_tdic=0.9583 CYP2C9_tdic=0.4713 CYP2D6_tdic=0.6681 CYP3A4_tdic=0.4188 is_TDI_2D6=0.1658 is_TDI_3A4=0.2258 CYP1A2_log2fc=0.5765 CYP2C9_log2fc=0.4855 CYP2D6_log2fc=0.5710 CYP3A4_log2fc=0.4916
[L1_s3] fold 2 done 608s
[L1_s3 fold3] trainable 17.7M
GPU available: True (cuda), used: True
TPU available: False, using: 0 TPU cores
💡 Tip: For seamless cloud logging and experiment tracking, try installing [litlogger](https://pypi.org/project/litlogger/) to enable LitLogger, which logs metrics and artifacts automatically to the Lightning Experiments platform.
Seed set to 3
LOCAL_RANK: 0 - CUDA_VISIBLE_DEVICES: [0]
Loading `train_dataloader` to estimate number of stepping batches.
ep1 train_mse=0.0000 val=0.4340 CYP1A2_direct=1.1237 CYP2C9_direct=1.0969 CYP2D6_direct=0.7612 CYP3A4_direct=0.9504 CYP1A2_tdic=1.2573 CYP2C9_tdic=1.0813 CYP2D6_tdic=0.5979 CYP3A4_tdic=0.9667 is_TDI_2D6=0.2593 is_TDI_3A4=0.2082 CYP1A2_log2fc=1.0089 CYP2C9_log2fc=1.0706 CYP2D6_log2fc=0.8129 CYP3A4_log2fc=1.0218
ep1 train_mse=0.4973 val=0.3174 CYP1A2_direct=0.9684 CYP2C9_direct=0.6511 CYP2D6_direct=0.7787 CYP3A4_direct=0.4956 CYP1A2_tdic=0.8422 CYP2C9_tdic=0.6579 CYP2D6_tdic=0.7744 CYP3A4_tdic=0.5483 is_TDI_2D6=0.2248 is_TDI_3A4=0.2184 CYP1A2_log2fc=0.8345 CYP2C9_log2fc=0.6871 CYP2D6_log2fc=0.7559 CYP3A4_log2fc=0.6596
ep2 train_mse=0.4031 val=0.2972 CYP1A2_direct=0.7028 CYP2C9_direct=0.8232 CYP2D6_direct=0.7131 CYP3A4_direct=0.4487 CYP1A2_tdic=0.6803 CYP2C9_tdic=0.7914 CYP2D6_tdic=0.7135 CYP3A4_tdic=0.5215 is_TDI_2D6=0.2258 is_TDI_3A4=0.2364 CYP1A2_log2fc=0.8616 CYP2C9_log2fc=0.8098 CYP2D6_log2fc=0.7429 CYP3A4_log2fc=0.7137
ep3 train_mse=0.3438 val=0.2709 CYP1A2_direct=0.6486 CYP2C9_direct=0.7159 CYP2D6_direct=0.6887 CYP3A4_direct=0.3482 CYP1A2_tdic=0.6593 CYP2C9_tdic=0.6844 CYP2D6_tdic=0.7079 CYP3A4_tdic=0.4214 is_TDI_2D6=0.2319 is_TDI_3A4=0.2375 CYP1A2_log2fc=0.6810 CYP2C9_log2fc=0.5857 CYP2D6_log2fc=0.6784 CYP3A4_log2fc=0.5195
ep4 train_mse=0.2954 val=0.2856 CYP1A2_direct=0.6772 CYP2C9_direct=0.6129 CYP2D6_direct=0.9775 CYP3A4_direct=0.4153 CYP1A2_tdic=0.6873 CYP2C9_tdic=0.6059 CYP2D6_tdic=0.9758 CYP3A4_tdic=0.5166 is_TDI_2D6=0.2335 is_TDI_3A4=0.2257 CYP1A2_log2fc=0.6420 CYP2C9_log2fc=0.5497 CYP2D6_log2fc=0.7173 CYP3A4_log2fc=0.5350
ep5 train_mse=0.2450 val=0.3175 CYP1A2_direct=0.6921 CYP2C9_direct=0.7368 CYP2D6_direct=1.2014 CYP3A4_direct=0.3813 CYP1A2_tdic=0.6949 CYP2C9_tdic=0.7448 CYP2D6_tdic=1.1797 CYP3A4_tdic=0.4366 is_TDI_2D6=0.2349 is_TDI_3A4=0.2254 CYP1A2_log2fc=0.6685 CYP2C9_log2fc=0.5618 CYP2D6_log2fc=0.7926 CYP3A4_log2fc=0.5059
ep6 train_mse=0.2112 val=0.3127 CYP1A2_direct=0.6242 CYP2C9_direct=0.6300 CYP2D6_direct=0.9081 CYP3A4_direct=0.4198 CYP1A2_tdic=0.6151 CYP2C9_tdic=0.6092 CYP2D6_tdic=0.9089 CYP3A4_tdic=0.4979 is_TDI_2D6=0.2369 is_TDI_3A4=0.2354 CYP1A2_log2fc=0.6038 CYP2C9_log2fc=0.5354 CYP2D6_log2fc=0.7195 CYP3A4_log2fc=0.5601
ep7 train_mse=0.1856 val=0.3368 CYP1A2_direct=0.6869 CYP2C9_direct=0.6259 CYP2D6_direct=0.8760 CYP3A4_direct=0.3669 CYP1A2_tdic=0.6886 CYP2C9_tdic=0.6267 CYP2D6_tdic=0.8964 CYP3A4_tdic=0.4330 is_TDI_2D6=0.2326 is_TDI_3A4=0.2413 CYP1A2_log2fc=0.6022 CYP2C9_log2fc=0.5269 CYP2D6_log2fc=0.6033 CYP3A4_log2fc=0.4842
ep8 train_mse=0.1587 val=0.3507 CYP1A2_direct=0.5749 CYP2C9_direct=0.6108 CYP2D6_direct=0.7982 CYP3A4_direct=0.4018 CYP1A2_tdic=0.5794 CYP2C9_tdic=0.6104 CYP2D6_tdic=0.8716 CYP3A4_tdic=0.4387 is_TDI_2D6=0.2363 is_TDI_3A4=0.2455 CYP1A2_log2fc=0.5860 CYP2C9_log2fc=0.5442 CYP2D6_log2fc=0.6216 CYP3A4_log2fc=0.4686
ep9 train_mse=0.1390 val=0.4012 CYP1A2_direct=0.6253 CYP2C9_direct=0.6049 CYP2D6_direct=0.9102 CYP3A4_direct=0.3585 CYP1A2_tdic=0.6277 CYP2C9_tdic=0.5957 CYP2D6_tdic=1.0172 CYP3A4_tdic=0.3999 is_TDI_2D6=0.2359 is_TDI_3A4=0.2551 CYP1A2_log2fc=0.5820 CYP2C9_log2fc=0.5213 CYP2D6_log2fc=0.6280 CYP3A4_log2fc=0.4464
ep10 train_mse=0.1190 val=0.3926 CYP1A2_direct=0.6548 CYP2C9_direct=0.6005 CYP2D6_direct=0.9412 CYP3A4_direct=0.3830 CYP1A2_tdic=0.6515 CYP2C9_tdic=0.6065 CYP2D6_tdic=1.0650 CYP3A4_tdic=0.4199 is_TDI_2D6=0.2369 is_TDI_3A4=0.2469 CYP1A2_log2fc=0.6090 CYP2C9_log2fc=0.5024 CYP2D6_log2fc=0.6603 CYP3A4_log2fc=0.4444
ep11 train_mse=0.1030 val=0.4011 CYP1A2_direct=0.6558 CYP2C9_direct=0.5837 CYP2D6_direct=0.8549 CYP3A4_direct=0.3679 CYP1A2_tdic=0.6588 CYP2C9_tdic=0.5768 CYP2D6_tdic=1.0530 CYP3A4_tdic=0.4111 is_TDI_2D6=0.2353 is_TDI_3A4=0.2534 CYP1A2_log2fc=0.5949 CYP2C9_log2fc=0.5171 CYP2D6_log2fc=0.6578 CYP3A4_log2fc=0.4310
[L1_s3] fold 3 done 816s
[L1_s3 fold4] trainable 17.7M
GPU available: True (cuda), used: True
TPU available: False, using: 0 TPU cores
💡 Tip: For seamless cloud logging and experiment tracking, try installing [litlogger](https://pypi.org/project/litlogger/) to enable LitLogger, which logs metrics and artifacts automatically to the Lightning Experiments platform.
Seed set to 3
LOCAL_RANK: 0 - CUDA_VISIBLE_DEVICES: [0]
Loading `train_dataloader` to estimate number of stepping batches.
ep1 train_mse=0.0000 val=0.4078 CYP1A2_direct=0.9782 CYP2C9_direct=0.6922 CYP2D6_direct=1.0105 CYP3A4_direct=0.9125 CYP1A2_tdic=0.8817 CYP2C9_tdic=0.6102 CYP2D6_tdic=0.7780 CYP3A4_tdic=0.9809 is_TDI_2D6=0.2749 is_TDI_3A4=0.2089 CYP1A2_log2fc=0.8363 CYP2C9_log2fc=0.8990 CYP2D6_log2fc=1.1240 CYP3A4_log2fc=1.0040
ep1 train_mse=0.5027 val=0.3195 CYP1A2_direct=0.8545 CYP2C9_direct=0.7215 CYP2D6_direct=0.9074 CYP3A4_direct=0.5269 CYP1A2_tdic=0.9192 CYP2C9_tdic=0.6384 CYP2D6_tdic=0.9610 CYP3A4_tdic=0.5418 is_TDI_2D6=0.2265 is_TDI_3A4=0.2278 CYP1A2_log2fc=0.7069 CYP2C9_log2fc=0.6126 CYP2D6_log2fc=0.9291 CYP3A4_log2fc=0.6753
ep2 train_mse=0.4073 val=0.3248 CYP1A2_direct=0.9342 CYP2C9_direct=0.8942 CYP2D6_direct=0.9114 CYP3A4_direct=0.5314 CYP1A2_tdic=0.9488 CYP2C9_tdic=0.9623 CYP2D6_tdic=0.9192 CYP3A4_tdic=0.5960 is_TDI_2D6=0.2162 is_TDI_3A4=0.2298 CYP1A2_log2fc=0.6479 CYP2C9_log2fc=0.5616 CYP2D6_log2fc=1.0007 CYP3A4_log2fc=0.6090
ep3 train_mse=0.3518 val=0.3112 CYP1A2_direct=0.9005 CYP2C9_direct=0.7628 CYP2D6_direct=0.8895 CYP3A4_direct=0.5029 CYP1A2_tdic=0.8991 CYP2C9_tdic=0.6934 CYP2D6_tdic=0.8753 CYP3A4_tdic=0.5303 is_TDI_2D6=0.2149 is_TDI_3A4=0.2213 CYP1A2_log2fc=0.6931 CYP2C9_log2fc=0.5826 CYP2D6_log2fc=0.7792 CYP3A4_log2fc=0.6515
ep4 train_mse=0.2864 val=0.3149 CYP1A2_direct=0.8466 CYP2C9_direct=0.8430 CYP2D6_direct=0.8754 CYP3A4_direct=0.4393 CYP1A2_tdic=0.8476 CYP2C9_tdic=0.7499 CYP2D6_tdic=0.8680 CYP3A4_tdic=0.4660 is_TDI_2D6=0.2258 is_TDI_3A4=0.2327 CYP1A2_log2fc=0.6275 CYP2C9_log2fc=0.4783 CYP2D6_log2fc=0.7369 CYP3A4_log2fc=0.5792
ep5 train_mse=0.2408 val=0.3310 CYP1A2_direct=0.9816 CYP2C9_direct=0.7047 CYP2D6_direct=1.0166 CYP3A4_direct=0.4007 CYP1A2_tdic=0.9857 CYP2C9_tdic=0.6542 CYP2D6_tdic=0.9726 CYP3A4_tdic=0.4102 is_TDI_2D6=0.2221 is_TDI_3A4=0.2235 CYP1A2_log2fc=0.8768 CYP2C9_log2fc=0.4567 CYP2D6_log2fc=0.7758 CYP3A4_log2fc=0.5710
ep6 train_mse=0.2065 val=0.3453 CYP1A2_direct=0.8165 CYP2C9_direct=0.7174 CYP2D6_direct=1.0071 CYP3A4_direct=0.3858 CYP1A2_tdic=0.8347 CYP2C9_tdic=0.6335 CYP2D6_tdic=0.9875 CYP3A4_tdic=0.4246 is_TDI_2D6=0.2208 is_TDI_3A4=0.2322 CYP1A2_log2fc=0.5729 CYP2C9_log2fc=0.4631 CYP2D6_log2fc=0.7570 CYP3A4_log2fc=0.5656
ep7 train_mse=0.1770 val=0.4118 CYP1A2_direct=0.9145 CYP2C9_direct=0.8451 CYP2D6_direct=1.0555 CYP3A4_direct=0.4488 CYP1A2_tdic=0.9283 CYP2C9_tdic=0.7548 CYP2D6_tdic=1.0452 CYP3A4_tdic=0.5276 is_TDI_2D6=0.2229 is_TDI_3A4=0.2256 CYP1A2_log2fc=0.6512 CYP2C9_log2fc=0.5186 CYP2D6_log2fc=0.8153 CYP3A4_log2fc=0.7169
ep8 train_mse=0.1526 val=0.4028 CYP1A2_direct=0.8912 CYP2C9_direct=0.7823 CYP2D6_direct=0.9992 CYP3A4_direct=0.4410 CYP1A2_tdic=0.9023 CYP2C9_tdic=0.7305 CYP2D6_tdic=0.9640 CYP3A4_tdic=0.4316 is_TDI_2D6=0.2254 is_TDI_3A4=0.2274 CYP1A2_log2fc=0.6043 CYP2C9_log2fc=0.4499 CYP2D6_log2fc=0.7458 CYP3A4_log2fc=0.5453
ep9 train_mse=0.1359 val=0.4241 CYP1A2_direct=0.9771 CYP2C9_direct=0.7723 CYP2D6_direct=1.0133 CYP3A4_direct=0.4917 CYP1A2_tdic=0.9717 CYP2C9_tdic=0.6943 CYP2D6_tdic=0.9831 CYP3A4_tdic=0.4586 is_TDI_2D6=0.2229 is_TDI_3A4=0.2265 CYP1A2_log2fc=0.7450 CYP2C9_log2fc=0.4880 CYP2D6_log2fc=0.7271 CYP3A4_log2fc=0.5669
ep10 train_mse=0.1135 val=0.4196 CYP1A2_direct=0.8541 CYP2C9_direct=0.7470 CYP2D6_direct=1.0622 CYP3A4_direct=0.3632 CYP1A2_tdic=0.8830 CYP2C9_tdic=0.6848 CYP2D6_tdic=1.0400 CYP3A4_tdic=0.3914 is_TDI_2D6=0.2213 is_TDI_3A4=0.2211 CYP1A2_log2fc=0.6518 CYP2C9_log2fc=0.4410 CYP2D6_log2fc=0.7489 CYP3A4_log2fc=0.4997
ep11 train_mse=0.0925 val=0.4416 CYP1A2_direct=0.7835 CYP2C9_direct=0.7902 CYP2D6_direct=1.0104 CYP3A4_direct=0.3965 CYP1A2_tdic=0.8105 CYP2C9_tdic=0.7139 CYP2D6_tdic=1.0418 CYP3A4_tdic=0.3830 is_TDI_2D6=0.2209 is_TDI_3A4=0.2246 CYP1A2_log2fc=0.6267 CYP2C9_log2fc=0.4451 CYP2D6_log2fc=0.7178 CYP3A4_log2fc=0.4865
[L1_s3] fold 4 done 1024s
[L1_s3 all] trainable 17.7M
GPU available: True (cuda), used: True
TPU available: False, using: 0 TPU cores
💡 Tip: For seamless cloud logging and experiment tracking, try installing [litlogger](https://pypi.org/project/litlogger/) to enable LitLogger, which logs metrics and artifacts automatically to the Lightning Experiments platform.
Seed set to 3
LOCAL_RANK: 0 - CUDA_VISIBLE_DEVICES: [0]
Loading `train_dataloader` to estimate number of stepping batches.
ep1 train_mse=0.0000 val=0.4020 CYP1A2_direct=1.3173 CYP2C9_direct=0.6756 CYP2D6_direct=0.5762 CYP3A4_direct=0.7671 CYP1A2_tdic=1.2184 CYP2C9_tdic=0.5392 CYP2D6_tdic=0.6961 CYP3A4_tdic=0.9826 is_TDI_2D6=0.2561 is_TDI_3A4=0.2244 CYP1A2_log2fc=0.9682 CYP2C9_log2fc=0.8573 CYP2D6_log2fc=0.8353 CYP3A4_log2fc=0.8438
ep1 train_mse=0.5348 val=0.3198 CYP1A2_direct=1.0432 CYP2C9_direct=0.5179 CYP2D6_direct=0.7182 CYP3A4_direct=0.5593 CYP1A2_tdic=0.9936 CYP2C9_tdic=0.4968 CYP2D6_tdic=0.7299 CYP3A4_tdic=0.5636 is_TDI_2D6=0.2529 is_TDI_3A4=0.2084 CYP1A2_log2fc=0.8521 CYP2C9_log2fc=0.5761 CYP2D6_log2fc=0.7646 CYP3A4_log2fc=0.5953
ep2 train_mse=0.4240 val=0.2868 CYP1A2_direct=0.8314 CYP2C9_direct=0.5077 CYP2D6_direct=0.7112 CYP3A4_direct=0.4376 CYP1A2_tdic=0.8391 CYP2C9_tdic=0.4686 CYP2D6_tdic=0.7018 CYP3A4_tdic=0.5373 is_TDI_2D6=0.2493 is_TDI_3A4=0.2085 CYP1A2_log2fc=0.6716 CYP2C9_log2fc=0.5047 CYP2D6_log2fc=0.7581 CYP3A4_log2fc=0.5394
ep3 train_mse=0.3677 val=0.2892 CYP1A2_direct=0.8448 CYP2C9_direct=0.5248 CYP2D6_direct=0.6930 CYP3A4_direct=0.4290 CYP1A2_tdic=0.8412 CYP2C9_tdic=0.4788 CYP2D6_tdic=0.6548 CYP3A4_tdic=0.5099 is_TDI_2D6=0.2476 is_TDI_3A4=0.2114 CYP1A2_log2fc=0.6807 CYP2C9_log2fc=0.5226 CYP2D6_log2fc=0.6654 CYP3A4_log2fc=0.5366
ep4 train_mse=0.3186 val=0.2851 CYP1A2_direct=0.8441 CYP2C9_direct=0.4945 CYP2D6_direct=0.6423 CYP3A4_direct=0.4104 CYP1A2_tdic=0.8540 CYP2C9_tdic=0.4594 CYP2D6_tdic=0.6217 CYP3A4_tdic=0.4823 is_TDI_2D6=0.2532 is_TDI_3A4=0.2077 CYP1A2_log2fc=0.6224 CYP2C9_log2fc=0.4804 CYP2D6_log2fc=0.6867 CYP3A4_log2fc=0.5212
ep5 train_mse=0.2660 val=0.3045 CYP1A2_direct=0.9371 CYP2C9_direct=0.5112 CYP2D6_direct=0.6816 CYP3A4_direct=0.4785 CYP1A2_tdic=0.9215 CYP2C9_tdic=0.4950 CYP2D6_tdic=0.6344 CYP3A4_tdic=0.4936 is_TDI_2D6=0.2489 is_TDI_3A4=0.2039 CYP1A2_log2fc=0.6565 CYP2C9_log2fc=0.5089 CYP2D6_log2fc=0.6178 CYP3A4_log2fc=0.5200
ep6 train_mse=0.2258 val=0.3126 CYP1A2_direct=0.8738 CYP2C9_direct=0.4608 CYP2D6_direct=0.6737 CYP3A4_direct=0.3996 CYP1A2_tdic=0.8850 CYP2C9_tdic=0.4269 CYP2D6_tdic=0.6107 CYP3A4_tdic=0.4393 is_TDI_2D6=0.2471 is_TDI_3A4=0.2084 CYP1A2_log2fc=0.6424 CYP2C9_log2fc=0.4784 CYP2D6_log2fc=0.6992 CYP3A4_log2fc=0.4650
ep7 train_mse=0.1938 val=0.4071 CYP1A2_direct=0.8269 CYP2C9_direct=0.5303 CYP2D6_direct=0.6800 CYP3A4_direct=0.4549 CYP1A2_tdic=0.8392 CYP2C9_tdic=0.5412 CYP2D6_tdic=0.6123 CYP3A4_tdic=0.4565 is_TDI_2D6=0.2468 is_TDI_3A4=0.2045 CYP1A2_log2fc=0.6268 CYP2C9_log2fc=0.4913 CYP2D6_log2fc=0.6563 CYP3A4_log2fc=0.4752
ep8 train_mse=0.1686 val=0.3828 CYP1A2_direct=0.8937 CYP2C9_direct=0.5496 CYP2D6_direct=0.6318 CYP3A4_direct=0.4328 CYP1A2_tdic=0.8838 CYP2C9_tdic=0.5236 CYP2D6_tdic=0.5683 CYP3A4_tdic=0.4828 is_TDI_2D6=0.2515 is_TDI_3A4=0.2016 CYP1A2_log2fc=0.6109 CYP2C9_log2fc=0.4918 CYP2D6_log2fc=0.6303 CYP3A4_log2fc=0.4663
ep9 train_mse=0.1402 val=0.4153 CYP1A2_direct=0.7964 CYP2C9_direct=0.6030 CYP2D6_direct=0.6537 CYP3A4_direct=0.4379 CYP1A2_tdic=0.8022 CYP2C9_tdic=0.5624 CYP2D6_tdic=0.5676 CYP3A4_tdic=0.4529 is_TDI_2D6=0.2466 is_TDI_3A4=0.2033 CYP1A2_log2fc=0.5951 CYP2C9_log2fc=0.5524 CYP2D6_log2fc=0.6489 CYP3A4_log2fc=0.5131
ep10 train_mse=0.1204 val=0.4535 CYP1A2_direct=0.8501 CYP2C9_direct=0.4980 CYP2D6_direct=0.6253 CYP3A4_direct=0.4194 CYP1A2_tdic=0.8385 CYP2C9_tdic=0.4807 CYP2D6_tdic=0.5521 CYP3A4_tdic=0.4513 is_TDI_2D6=0.2528 is_TDI_3A4=0.1976 CYP1A2_log2fc=0.6111 CYP2C9_log2fc=0.4760 CYP2D6_log2fc=0.6490 CYP3A4_log2fc=0.4458
ep11 train_mse=0.1057 val=0.4596 CYP1A2_direct=0.8111 CYP2C9_direct=0.5129 CYP2D6_direct=0.6028 CYP3A4_direct=0.4073 CYP1A2_tdic=0.7987 CYP2C9_tdic=0.4923 CYP2D6_tdic=0.5699 CYP3A4_tdic=0.4355 is_TDI_2D6=0.2494 is_TDI_3A4=0.1998 CYP1A2_log2fc=0.5949 CYP2C9_log2fc=0.5007 CYP2D6_log2fc=0.6448 CYP3A4_log2fc=0.4528
ep12 train_mse=0.0862 val=0.4696 CYP1A2_direct=0.7923 CYP2C9_direct=0.5185 CYP2D6_direct=0.6145 CYP3A4_direct=0.4422 CYP1A2_tdic=0.7841 CYP2C9_tdic=0.4918 CYP2D6_tdic=0.5190 CYP3A4_tdic=0.4513 is_TDI_2D6=0.2572 is_TDI_3A4=0.1990 CYP1A2_log2fc=0.6154 CYP2C9_log2fc=0.4846 CYP2D6_log2fc=0.6462 CYP3A4_log2fc=0.4726
DONE L1_s3 1259s
