[L4_s1] rows: challenge 6145; fold col fold_reg; weights=plan
[L4_s1 fold0] trainable 5.2M
GPU available: True (cuda), used: True
TPU available: False, using: 0 TPU cores
💡 Tip: For seamless cloud logging and experiment tracking, try installing [litlogger](https://pypi.org/project/litlogger/) to enable LitLogger, which logs metrics and artifacts automatically to the Lightning Experiments platform.
Seed set to 1
LOCAL_RANK: 0 - CUDA_VISIBLE_DEVICES: [0]
Loading `train_dataloader` to estimate number of stepping batches.
ep1 train_mse=0.0000 val=0.4607 CYP1A2_direct=1.0204 CYP2C9_direct=1.1744 CYP2D6_direct=1.1682 CYP3A4_direct=1.0530 CYP1A2_tdic=1.0157 CYP2C9_tdic=1.2243 CYP2D6_tdic=1.0563 CYP3A4_tdic=1.0031 is_TDI_2D6=0.2276 is_TDI_3A4=0.2756 CYP1A2_log2fc=1.1050 CYP2C9_log2fc=0.9659 CYP2D6_log2fc=1.0737 CYP3A4_log2fc=0.9981
ep1 train_mse=0.5513 val=0.4217 CYP1A2_direct=1.0373 CYP2C9_direct=1.0407 CYP2D6_direct=1.3052 CYP3A4_direct=0.9896 CYP1A2_tdic=1.0794 CYP2C9_tdic=0.9602 CYP2D6_tdic=1.1717 CYP3A4_tdic=0.9110 is_TDI_2D6=0.2569 is_TDI_3A4=0.2345 CYP1A2_log2fc=0.9479 CYP2C9_log2fc=0.9349 CYP2D6_log2fc=1.0472 CYP3A4_log2fc=0.9633
ep2 train_mse=0.5199 val=0.4275 CYP1A2_direct=1.1047 CYP2C9_direct=1.1089 CYP2D6_direct=1.3640 CYP3A4_direct=0.9016 CYP1A2_tdic=1.1440 CYP2C9_tdic=0.9771 CYP2D6_tdic=1.1525 CYP3A4_tdic=0.8902 is_TDI_2D6=0.2334 is_TDI_3A4=0.2419 CYP1A2_log2fc=1.0763 CYP2C9_log2fc=0.9428 CYP2D6_log2fc=1.0081 CYP3A4_log2fc=0.9351
ep3 train_mse=0.4876 val=0.3835 CYP1A2_direct=0.8723 CYP2C9_direct=0.8635 CYP2D6_direct=1.3133 CYP3A4_direct=0.7714 CYP1A2_tdic=0.8988 CYP2C9_tdic=0.7983 CYP2D6_tdic=1.1357 CYP3A4_tdic=0.8332 is_TDI_2D6=0.2474 is_TDI_3A4=0.2373 CYP1A2_log2fc=0.8290 CYP2C9_log2fc=0.7277 CYP2D6_log2fc=0.9355 CYP3A4_log2fc=0.7832
ep4 train_mse=0.4689 val=0.3808 CYP1A2_direct=0.9471 CYP2C9_direct=0.8466 CYP2D6_direct=1.3197 CYP3A4_direct=0.7043 CYP1A2_tdic=0.9724 CYP2C9_tdic=0.7789 CYP2D6_tdic=1.1249 CYP3A4_tdic=0.7455 is_TDI_2D6=0.2448 is_TDI_3A4=0.2366 CYP1A2_log2fc=0.8438 CYP2C9_log2fc=0.7590 CYP2D6_log2fc=0.9326 CYP3A4_log2fc=0.7866
ep5 train_mse=0.4593 val=0.3532 CYP1A2_direct=0.8772 CYP2C9_direct=0.7672 CYP2D6_direct=1.1554 CYP3A4_direct=0.5825 CYP1A2_tdic=0.9297 CYP2C9_tdic=0.7270 CYP2D6_tdic=1.0092 CYP3A4_tdic=0.6476 is_TDI_2D6=0.2438 is_TDI_3A4=0.2382 CYP1A2_log2fc=0.8085 CYP2C9_log2fc=0.6467 CYP2D6_log2fc=0.8083 CYP3A4_log2fc=0.6936
ep6 train_mse=0.4349 val=0.3473 CYP1A2_direct=0.8901 CYP2C9_direct=0.7458 CYP2D6_direct=1.1108 CYP3A4_direct=0.5348 CYP1A2_tdic=0.9345 CYP2C9_tdic=0.7079 CYP2D6_tdic=0.9783 CYP3A4_tdic=0.6275 is_TDI_2D6=0.2372 is_TDI_3A4=0.2371 CYP1A2_log2fc=0.8400 CYP2C9_log2fc=0.6685 CYP2D6_log2fc=0.7626 CYP3A4_log2fc=0.6888
ep7 train_mse=0.4315 val=0.3473 CYP1A2_direct=0.8736 CYP2C9_direct=0.7736 CYP2D6_direct=1.0457 CYP3A4_direct=0.6023 CYP1A2_tdic=0.9089 CYP2C9_tdic=0.7717 CYP2D6_tdic=0.9205 CYP3A4_tdic=0.6884 is_TDI_2D6=0.2460 is_TDI_3A4=0.2423 CYP1A2_log2fc=0.7961 CYP2C9_log2fc=0.6507 CYP2D6_log2fc=0.7562 CYP3A4_log2fc=0.7213
ep8 train_mse=0.4117 val=0.3344 CYP1A2_direct=0.8647 CYP2C9_direct=0.6735 CYP2D6_direct=1.0800 CYP3A4_direct=0.4766 CYP1A2_tdic=0.8973 CYP2C9_tdic=0.6616 CYP2D6_tdic=0.9610 CYP3A4_tdic=0.5759 is_TDI_2D6=0.2436 is_TDI_3A4=0.2387 CYP1A2_log2fc=0.7835 CYP2C9_log2fc=0.5533 CYP2D6_log2fc=0.7479 CYP3A4_log2fc=0.6143
ep9 train_mse=0.4023 val=0.3276 CYP1A2_direct=0.8519 CYP2C9_direct=0.6654 CYP2D6_direct=1.0655 CYP3A4_direct=0.4566 CYP1A2_tdic=0.8897 CYP2C9_tdic=0.6492 CYP2D6_tdic=0.9273 CYP3A4_tdic=0.5574 is_TDI_2D6=0.2446 is_TDI_3A4=0.2390 CYP1A2_log2fc=0.7742 CYP2C9_log2fc=0.5475 CYP2D6_log2fc=0.7023 CYP3A4_log2fc=0.6076
ep10 train_mse=0.3936 val=0.3214 CYP1A2_direct=0.8383 CYP2C9_direct=0.6688 CYP2D6_direct=0.9701 CYP3A4_direct=0.4510 CYP1A2_tdic=0.8738 CYP2C9_tdic=0.6389 CYP2D6_tdic=0.8640 CYP3A4_tdic=0.5531 is_TDI_2D6=0.2494 is_TDI_3A4=0.2413 CYP1A2_log2fc=0.7855 CYP2C9_log2fc=0.5659 CYP2D6_log2fc=0.6756 CYP3A4_log2fc=0.6093
ep11 train_mse=0.3851 val=0.3229 CYP1A2_direct=0.8526 CYP2C9_direct=0.6808 CYP2D6_direct=0.9631 CYP3A4_direct=0.4347 CYP1A2_tdic=0.8775 CYP2C9_tdic=0.6213 CYP2D6_tdic=0.8803 CYP3A4_tdic=0.5355 is_TDI_2D6=0.2453 is_TDI_3A4=0.2406 CYP1A2_log2fc=0.7580 CYP2C9_log2fc=0.5132 CYP2D6_log2fc=0.6815 CYP3A4_log2fc=0.5903
ep12 train_mse=0.3796 val=0.3275 CYP1A2_direct=0.8583 CYP2C9_direct=0.6631 CYP2D6_direct=1.0411 CYP3A4_direct=0.4272 CYP1A2_tdic=0.8841 CYP2C9_tdic=0.6293 CYP2D6_tdic=0.9052 CYP3A4_tdic=0.5433 is_TDI_2D6=0.2537 is_TDI_3A4=0.2395 CYP1A2_log2fc=0.7640 CYP2C9_log2fc=0.5201 CYP2D6_log2fc=0.6758 CYP3A4_log2fc=0.5907
ep13 train_mse=0.3715 val=0.3199 CYP1A2_direct=0.8275 CYP2C9_direct=0.6660 CYP2D6_direct=1.0629 CYP3A4_direct=0.3912 CYP1A2_tdic=0.8667 CYP2C9_tdic=0.6119 CYP2D6_tdic=0.9129 CYP3A4_tdic=0.5242 is_TDI_2D6=0.2565 is_TDI_3A4=0.2433 CYP1A2_log2fc=0.7712 CYP2C9_log2fc=0.5179 CYP2D6_log2fc=0.7073 CYP3A4_log2fc=0.5645
ep14 train_mse=0.3643 val=0.3185 CYP1A2_direct=0.8553 CYP2C9_direct=0.7157 CYP2D6_direct=0.9698 CYP3A4_direct=0.4164 CYP1A2_tdic=0.8985 CYP2C9_tdic=0.6641 CYP2D6_tdic=0.8865 CYP3A4_tdic=0.5262 is_TDI_2D6=0.2427 is_TDI_3A4=0.2449 CYP1A2_log2fc=0.7830 CYP2C9_log2fc=0.5336 CYP2D6_log2fc=0.6824 CYP3A4_log2fc=0.5835
ep15 train_mse=0.3558 val=0.3093 CYP1A2_direct=0.8334 CYP2C9_direct=0.6428 CYP2D6_direct=0.9456 CYP3A4_direct=0.3770 CYP1A2_tdic=0.8702 CYP2C9_tdic=0.6016 CYP2D6_tdic=0.8542 CYP3A4_tdic=0.5057 is_TDI_2D6=0.2503 is_TDI_3A4=0.2437 CYP1A2_log2fc=0.7418 CYP2C9_log2fc=0.4874 CYP2D6_log2fc=0.6264 CYP3A4_log2fc=0.5460
ep16 train_mse=0.3522 val=0.3138 CYP1A2_direct=0.8221 CYP2C9_direct=0.6145 CYP2D6_direct=0.9868 CYP3A4_direct=0.3869 CYP1A2_tdic=0.8533 CYP2C9_tdic=0.5871 CYP2D6_tdic=0.8657 CYP3A4_tdic=0.5104 is_TDI_2D6=0.2585 is_TDI_3A4=0.2443 CYP1A2_log2fc=0.7535 CYP2C9_log2fc=0.4912 CYP2D6_log2fc=0.6489 CYP3A4_log2fc=0.5553
ep17 train_mse=0.3458 val=0.3222 CYP1A2_direct=0.8777 CYP2C9_direct=0.7032 CYP2D6_direct=1.0230 CYP3A4_direct=0.4182 CYP1A2_tdic=0.9129 CYP2C9_tdic=0.6603 CYP2D6_tdic=0.8867 CYP3A4_tdic=0.5407 is_TDI_2D6=0.2507 is_TDI_3A4=0.2450 CYP1A2_log2fc=0.7533 CYP2C9_log2fc=0.5405 CYP2D6_log2fc=0.6395 CYP3A4_log2fc=0.5966
ep18 train_mse=0.3384 val=0.3140 CYP1A2_direct=0.8799 CYP2C9_direct=0.6598 CYP2D6_direct=0.9589 CYP3A4_direct=0.3984 CYP1A2_tdic=0.9032 CYP2C9_tdic=0.6291 CYP2D6_tdic=0.8920 CYP3A4_tdic=0.5238 is_TDI_2D6=0.2474 is_TDI_3A4=0.2451 CYP1A2_log2fc=0.7613 CYP2C9_log2fc=0.4906 CYP2D6_log2fc=0.6438 CYP3A4_log2fc=0.5598
ep19 train_mse=0.3349 val=0.3116 CYP1A2_direct=0.8961 CYP2C9_direct=0.6091 CYP2D6_direct=0.9612 CYP3A4_direct=0.3944 CYP1A2_tdic=0.9237 CYP2C9_tdic=0.6030 CYP2D6_tdic=0.8774 CYP3A4_tdic=0.5073 is_TDI_2D6=0.2512 is_TDI_3A4=0.2476 CYP1A2_log2fc=0.7440 CYP2C9_log2fc=0.4914 CYP2D6_log2fc=0.6346 CYP3A4_log2fc=0.5439
ep20 train_mse=0.3271 val=0.3221 CYP1A2_direct=0.8964 CYP2C9_direct=0.6045 CYP2D6_direct=1.0276 CYP3A4_direct=0.4067 CYP1A2_tdic=0.9497 CYP2C9_tdic=0.5847 CYP2D6_tdic=0.9099 CYP3A4_tdic=0.5215 is_TDI_2D6=0.2578 is_TDI_3A4=0.2496 CYP1A2_log2fc=0.7453 CYP2C9_log2fc=0.5016 CYP2D6_log2fc=0.6458 CYP3A4_log2fc=0.5559
ep21 train_mse=0.3250 val=0.3127 CYP1A2_direct=0.8687 CYP2C9_direct=0.6248 CYP2D6_direct=0.9687 CYP3A4_direct=0.3986 CYP1A2_tdic=0.9054 CYP2C9_tdic=0.6228 CYP2D6_tdic=0.9014 CYP3A4_tdic=0.5246 is_TDI_2D6=0.2500 is_TDI_3A4=0.2459 CYP1A2_log2fc=0.7476 CYP2C9_log2fc=0.4849 CYP2D6_log2fc=0.6559 CYP3A4_log2fc=0.5451
ep22 train_mse=0.3162 val=0.3126 CYP1A2_direct=0.8881 CYP2C9_direct=0.6341 CYP2D6_direct=0.9766 CYP3A4_direct=0.3848 CYP1A2_tdic=0.9384 CYP2C9_tdic=0.6095 CYP2D6_tdic=0.9033 CYP3A4_tdic=0.5006 is_TDI_2D6=0.2484 is_TDI_3A4=0.2465 CYP1A2_log2fc=0.7527 CYP2C9_log2fc=0.4836 CYP2D6_log2fc=0.6479 CYP3A4_log2fc=0.5207
ep23 train_mse=0.3140 val=0.3163 CYP1A2_direct=0.8849 CYP2C9_direct=0.7064 CYP2D6_direct=0.9509 CYP3A4_direct=0.4138 CYP1A2_tdic=0.9330 CYP2C9_tdic=0.6689 CYP2D6_tdic=0.8862 CYP3A4_tdic=0.5154 is_TDI_2D6=0.2463 is_TDI_3A4=0.2478 CYP1A2_log2fc=0.7546 CYP2C9_log2fc=0.5409 CYP2D6_log2fc=0.6496 CYP3A4_log2fc=0.5643
[L4_s1] fold 0 done 154s
[L4_s1 fold1] trainable 5.2M
GPU available: True (cuda), used: True
TPU available: False, using: 0 TPU cores
💡 Tip: For seamless cloud logging and experiment tracking, try installing [litlogger](https://pypi.org/project/litlogger/) to enable LitLogger, which logs metrics and artifacts automatically to the Lightning Experiments platform.
Seed set to 1
LOCAL_RANK: 0 - CUDA_VISIBLE_DEVICES: [0]
Loading `train_dataloader` to estimate number of stepping batches.
ep1 train_mse=0.0000 val=0.4959 CYP1A2_direct=0.9034 CYP2C9_direct=1.2416 CYP2D6_direct=1.7316 CYP3A4_direct=1.1360 CYP1A2_tdic=0.8324 CYP2C9_tdic=1.1521 CYP2D6_tdic=1.7407 CYP3A4_tdic=0.9545 is_TDI_2D6=0.2986 is_TDI_3A4=0.1986 CYP1A2_log2fc=1.2253 CYP2C9_log2fc=1.0919 CYP2D6_log2fc=1.0256 CYP3A4_log2fc=1.1040
ep1 train_mse=0.5495 val=0.4321 CYP1A2_direct=0.9412 CYP2C9_direct=1.1376 CYP2D6_direct=1.3697 CYP3A4_direct=1.0823 CYP1A2_tdic=0.8755 CYP2C9_tdic=1.0524 CYP2D6_tdic=1.4363 CYP3A4_tdic=0.9649 is_TDI_2D6=0.2748 is_TDI_3A4=0.1946 CYP1A2_log2fc=1.1261 CYP2C9_log2fc=1.0108 CYP2D6_log2fc=1.0315 CYP3A4_log2fc=0.9642
ep2 train_mse=0.5235 val=0.4266 CYP1A2_direct=0.9584 CYP2C9_direct=1.0695 CYP2D6_direct=1.3900 CYP3A4_direct=1.0705 CYP1A2_tdic=0.8771 CYP2C9_tdic=0.9739 CYP2D6_tdic=1.4431 CYP3A4_tdic=0.9583 is_TDI_2D6=0.2880 is_TDI_3A4=0.1838 CYP1A2_log2fc=1.1763 CYP2C9_log2fc=1.0489 CYP2D6_log2fc=1.0177 CYP3A4_log2fc=0.9655
ep3 train_mse=0.4906 val=0.3986 CYP1A2_direct=0.9449 CYP2C9_direct=1.0193 CYP2D6_direct=1.4017 CYP3A4_direct=0.6931 CYP1A2_tdic=0.8647 CYP2C9_tdic=0.9730 CYP2D6_tdic=1.4597 CYP3A4_tdic=0.7324 is_TDI_2D6=0.2719 is_TDI_3A4=0.1876 CYP1A2_log2fc=1.0145 CYP2C9_log2fc=0.8377 CYP2D6_log2fc=0.9467 CYP3A4_log2fc=0.7832
ep4 train_mse=0.4744 val=0.3997 CYP1A2_direct=0.9551 CYP2C9_direct=0.9909 CYP2D6_direct=1.3620 CYP3A4_direct=0.7344 CYP1A2_tdic=0.8858 CYP2C9_tdic=0.9650 CYP2D6_tdic=1.4248 CYP3A4_tdic=0.7716 is_TDI_2D6=0.2769 is_TDI_3A4=0.1970 CYP1A2_log2fc=1.0738 CYP2C9_log2fc=0.9000 CYP2D6_log2fc=0.9342 CYP3A4_log2fc=0.8377
ep5 train_mse=0.4488 val=0.3733 CYP1A2_direct=0.9620 CYP2C9_direct=0.8921 CYP2D6_direct=1.2461 CYP3A4_direct=0.6411 CYP1A2_tdic=0.8837 CYP2C9_tdic=0.8818 CYP2D6_tdic=1.3422 CYP3A4_tdic=0.6615 is_TDI_2D6=0.2824 is_TDI_3A4=0.1913 CYP1A2_log2fc=1.0015 CYP2C9_log2fc=0.7596 CYP2D6_log2fc=0.8171 CYP3A4_log2fc=0.7419
ep6 train_mse=0.4265 val=0.3676 CYP1A2_direct=1.0079 CYP2C9_direct=0.8428 CYP2D6_direct=1.1892 CYP3A4_direct=0.5930 CYP1A2_tdic=0.9390 CYP2C9_tdic=0.8021 CYP2D6_tdic=1.2742 CYP3A4_tdic=0.6440 is_TDI_2D6=0.2839 is_TDI_3A4=0.1904 CYP1A2_log2fc=1.0212 CYP2C9_log2fc=0.7031 CYP2D6_log2fc=0.7721 CYP3A4_log2fc=0.6968
ep7 train_mse=0.4166 val=0.3585 CYP1A2_direct=0.9036 CYP2C9_direct=0.8950 CYP2D6_direct=1.1684 CYP3A4_direct=0.5174 CYP1A2_tdic=0.8269 CYP2C9_tdic=0.8710 CYP2D6_tdic=1.2426 CYP3A4_tdic=0.5870 is_TDI_2D6=0.2809 is_TDI_3A4=0.1958 CYP1A2_log2fc=0.9527 CYP2C9_log2fc=0.6975 CYP2D6_log2fc=0.7606 CYP3A4_log2fc=0.6738
ep8 train_mse=0.4060 val=0.3473 CYP1A2_direct=0.8762 CYP2C9_direct=0.8349 CYP2D6_direct=1.1594 CYP3A4_direct=0.4824 CYP1A2_tdic=0.8113 CYP2C9_tdic=0.8099 CYP2D6_tdic=1.2375 CYP3A4_tdic=0.5715 is_TDI_2D6=0.2764 is_TDI_3A4=0.1984 CYP1A2_log2fc=0.9508 CYP2C9_log2fc=0.6669 CYP2D6_log2fc=0.7699 CYP3A4_log2fc=0.6599
ep9 train_mse=0.3995 val=0.3506 CYP1A2_direct=0.8956 CYP2C9_direct=0.8150 CYP2D6_direct=1.1326 CYP3A4_direct=0.5095 CYP1A2_tdic=0.8422 CYP2C9_tdic=0.7934 CYP2D6_tdic=1.2255 CYP3A4_tdic=0.5875 is_TDI_2D6=0.2797 is_TDI_3A4=0.1918 CYP1A2_log2fc=0.9942 CYP2C9_log2fc=0.6782 CYP2D6_log2fc=0.8611 CYP3A4_log2fc=0.6933
ep10 train_mse=0.3909 val=0.3289 CYP1A2_direct=0.8487 CYP2C9_direct=0.7547 CYP2D6_direct=1.0444 CYP3A4_direct=0.4489 CYP1A2_tdic=0.7777 CYP2C9_tdic=0.7058 CYP2D6_tdic=1.1338 CYP3A4_tdic=0.5209 is_TDI_2D6=0.2820 is_TDI_3A4=0.1914 CYP1A2_log2fc=0.9065 CYP2C9_log2fc=0.6152 CYP2D6_log2fc=0.6913 CYP3A4_log2fc=0.6086
ep11 train_mse=0.3794 val=0.3289 CYP1A2_direct=0.8097 CYP2C9_direct=0.7325 CYP2D6_direct=1.0128 CYP3A4_direct=0.5263 CYP1A2_tdic=0.7610 CYP2C9_tdic=0.7131 CYP2D6_tdic=1.0824 CYP3A4_tdic=0.5592 is_TDI_2D6=0.2854 is_TDI_3A4=0.1973 CYP1A2_log2fc=0.9214 CYP2C9_log2fc=0.6292 CYP2D6_log2fc=0.6817 CYP3A4_log2fc=0.6115
ep12 train_mse=0.3710 val=0.3224 CYP1A2_direct=0.8384 CYP2C9_direct=0.7814 CYP2D6_direct=0.9473 CYP3A4_direct=0.4437 CYP1A2_tdic=0.7853 CYP2C9_tdic=0.7636 CYP2D6_tdic=1.0383 CYP3A4_tdic=0.5213 is_TDI_2D6=0.2842 is_TDI_3A4=0.1958 CYP1A2_log2fc=0.9265 CYP2C9_log2fc=0.6242 CYP2D6_log2fc=0.6885 CYP3A4_log2fc=0.6264
ep13 train_mse=0.3691 val=0.3232 CYP1A2_direct=0.8721 CYP2C9_direct=0.7101 CYP2D6_direct=0.9828 CYP3A4_direct=0.4439 CYP1A2_tdic=0.8130 CYP2C9_tdic=0.6679 CYP2D6_tdic=1.0786 CYP3A4_tdic=0.5061 is_TDI_2D6=0.2821 is_TDI_3A4=0.1951 CYP1A2_log2fc=0.9160 CYP2C9_log2fc=0.6091 CYP2D6_log2fc=0.7062 CYP3A4_log2fc=0.5957
ep14 train_mse=0.3572 val=0.3276 CYP1A2_direct=0.8702 CYP2C9_direct=0.7177 CYP2D6_direct=1.0690 CYP3A4_direct=0.4532 CYP1A2_tdic=0.8009 CYP2C9_tdic=0.6871 CYP2D6_tdic=1.1463 CYP3A4_tdic=0.5109 is_TDI_2D6=0.2860 is_TDI_3A4=0.1952 CYP1A2_log2fc=0.9038 CYP2C9_log2fc=0.5938 CYP2D6_log2fc=0.6884 CYP3A4_log2fc=0.5744
ep15 train_mse=0.3513 val=0.3220 CYP1A2_direct=0.8225 CYP2C9_direct=0.7372 CYP2D6_direct=1.0288 CYP3A4_direct=0.4938 CYP1A2_tdic=0.7627 CYP2C9_tdic=0.7205 CYP2D6_tdic=1.1050 CYP3A4_tdic=0.5064 is_TDI_2D6=0.2839 is_TDI_3A4=0.1976 CYP1A2_log2fc=0.8762 CYP2C9_log2fc=0.6111 CYP2D6_log2fc=0.6583 CYP3A4_log2fc=0.5819
ep16 train_mse=0.3457 val=0.3151 CYP1A2_direct=0.8259 CYP2C9_direct=0.7519 CYP2D6_direct=0.9738 CYP3A4_direct=0.4026 CYP1A2_tdic=0.7759 CYP2C9_tdic=0.7447 CYP2D6_tdic=1.0705 CYP3A4_tdic=0.4751 is_TDI_2D6=0.2797 is_TDI_3A4=0.1950 CYP1A2_log2fc=0.8694 CYP2C9_log2fc=0.5905 CYP2D6_log2fc=0.6684 CYP3A4_log2fc=0.5487
ep17 train_mse=0.3391 val=0.3153 CYP1A2_direct=0.8626 CYP2C9_direct=0.6571 CYP2D6_direct=0.9634 CYP3A4_direct=0.4441 CYP1A2_tdic=0.8062 CYP2C9_tdic=0.6324 CYP2D6_tdic=1.0623 CYP3A4_tdic=0.4693 is_TDI_2D6=0.2819 is_TDI_3A4=0.1952 CYP1A2_log2fc=0.8898 CYP2C9_log2fc=0.5943 CYP2D6_log2fc=0.6592 CYP3A4_log2fc=0.5666
ep18 train_mse=0.3352 val=0.3249 CYP1A2_direct=0.9068 CYP2C9_direct=0.7019 CYP2D6_direct=1.0340 CYP3A4_direct=0.4247 CYP1A2_tdic=0.8715 CYP2C9_tdic=0.6561 CYP2D6_tdic=1.0968 CYP3A4_tdic=0.4987 is_TDI_2D6=0.2811 is_TDI_3A4=0.1989 CYP1A2_log2fc=0.9159 CYP2C9_log2fc=0.6275 CYP2D6_log2fc=0.6569 CYP3A4_log2fc=0.5711
ep19 train_mse=0.3313 val=0.3092 CYP1A2_direct=0.8572 CYP2C9_direct=0.6230 CYP2D6_direct=0.9672 CYP3A4_direct=0.4200 CYP1A2_tdic=0.8011 CYP2C9_tdic=0.5864 CYP2D6_tdic=1.0657 CYP3A4_tdic=0.4594 is_TDI_2D6=0.2837 is_TDI_3A4=0.1954 CYP1A2_log2fc=0.8929 CYP2C9_log2fc=0.5932 CYP2D6_log2fc=0.6629 CYP3A4_log2fc=0.5374
ep20 train_mse=0.3225 val=0.3174 CYP1A2_direct=0.8824 CYP2C9_direct=0.6811 CYP2D6_direct=1.0249 CYP3A4_direct=0.4273 CYP1A2_tdic=0.8264 CYP2C9_tdic=0.6485 CYP2D6_tdic=1.1308 CYP3A4_tdic=0.4873 is_TDI_2D6=0.2847 is_TDI_3A4=0.1916 CYP1A2_log2fc=0.8845 CYP2C9_log2fc=0.5959 CYP2D6_log2fc=0.6623 CYP3A4_log2fc=0.5359
ep21 train_mse=0.3199 val=0.3121 CYP1A2_direct=0.8827 CYP2C9_direct=0.6689 CYP2D6_direct=0.9650 CYP3A4_direct=0.4141 CYP1A2_tdic=0.8249 CYP2C9_tdic=0.6354 CYP2D6_tdic=1.0777 CYP3A4_tdic=0.4495 is_TDI_2D6=0.2840 is_TDI_3A4=0.1919 CYP1A2_log2fc=0.9007 CYP2C9_log2fc=0.6033 CYP2D6_log2fc=0.6728 CYP3A4_log2fc=0.5257
ep22 train_mse=0.3133 val=0.3113 CYP1A2_direct=0.8987 CYP2C9_direct=0.6233 CYP2D6_direct=1.0075 CYP3A4_direct=0.3991 CYP1A2_tdic=0.8327 CYP2C9_tdic=0.5843 CYP2D6_tdic=1.0846 CYP3A4_tdic=0.4511 is_TDI_2D6=0.2870 is_TDI_3A4=0.1919 CYP1A2_log2fc=0.9051 CYP2C9_log2fc=0.5812 CYP2D6_log2fc=0.6641 CYP3A4_log2fc=0.5275
ep23 train_mse=0.3087 val=0.3084 CYP1A2_direct=0.8606 CYP2C9_direct=0.6190 CYP2D6_direct=1.0039 CYP3A4_direct=0.4216 CYP1A2_tdic=0.8037 CYP2C9_tdic=0.5621 CYP2D6_tdic=1.0947 CYP3A4_tdic=0.4563 is_TDI_2D6=0.2870 is_TDI_3A4=0.1923 CYP1A2_log2fc=0.8767 CYP2C9_log2fc=0.5876 CYP2D6_log2fc=0.6604 CYP3A4_log2fc=0.5284
ep24 train_mse=0.3009 val=0.3083 CYP1A2_direct=0.8899 CYP2C9_direct=0.6187 CYP2D6_direct=1.0176 CYP3A4_direct=0.3999 CYP1A2_tdic=0.8295 CYP2C9_tdic=0.5600 CYP2D6_tdic=1.1088 CYP3A4_tdic=0.4416 is_TDI_2D6=0.2861 is_TDI_3A4=0.1913 CYP1A2_log2fc=0.8820 CYP2C9_log2fc=0.5714 CYP2D6_log2fc=0.6632 CYP3A4_log2fc=0.5103
ep25 train_mse=0.2958 val=0.3048 CYP1A2_direct=0.8655 CYP2C9_direct=0.6155 CYP2D6_direct=0.9787 CYP3A4_direct=0.3901 CYP1A2_tdic=0.8303 CYP2C9_tdic=0.5680 CYP2D6_tdic=1.0711 CYP3A4_tdic=0.4426 is_TDI_2D6=0.2895 is_TDI_3A4=0.1938 CYP1A2_log2fc=0.8521 CYP2C9_log2fc=0.5436 CYP2D6_log2fc=0.6599 CYP3A4_log2fc=0.5009
ep26 train_mse=0.2918 val=0.3112 CYP1A2_direct=0.9055 CYP2C9_direct=0.6518 CYP2D6_direct=1.0010 CYP3A4_direct=0.4047 CYP1A2_tdic=0.8411 CYP2C9_tdic=0.5766 CYP2D6_tdic=1.0909 CYP3A4_tdic=0.4409 is_TDI_2D6=0.2848 is_TDI_3A4=0.1914 CYP1A2_log2fc=0.8635 CYP2C9_log2fc=0.5550 CYP2D6_log2fc=0.6629 CYP3A4_log2fc=0.5024
ep27 train_mse=0.2847 val=0.3126 CYP1A2_direct=0.9241 CYP2C9_direct=0.6614 CYP2D6_direct=1.0067 CYP3A4_direct=0.4027 CYP1A2_tdic=0.8725 CYP2C9_tdic=0.5835 CYP2D6_tdic=1.0925 CYP3A4_tdic=0.4357 is_TDI_2D6=0.2862 is_TDI_3A4=0.1912 CYP1A2_log2fc=0.8717 CYP2C9_log2fc=0.5522 CYP2D6_log2fc=0.6625 CYP3A4_log2fc=0.4995
ep28 train_mse=0.2821 val=0.3083 CYP1A2_direct=0.8636 CYP2C9_direct=0.6171 CYP2D6_direct=1.0104 CYP3A4_direct=0.4257 CYP1A2_tdic=0.8098 CYP2C9_tdic=0.5325 CYP2D6_tdic=1.1061 CYP3A4_tdic=0.4554 is_TDI_2D6=0.2847 is_TDI_3A4=0.1896 CYP1A2_log2fc=0.8542 CYP2C9_log2fc=0.5560 CYP2D6_log2fc=0.6784 CYP3A4_log2fc=0.5116
ep29 train_mse=0.2766 val=0.3065 CYP1A2_direct=0.8781 CYP2C9_direct=0.6370 CYP2D6_direct=1.0001 CYP3A4_direct=0.3844 CYP1A2_tdic=0.8306 CYP2C9_tdic=0.5642 CYP2D6_tdic=1.0940 CYP3A4_tdic=0.4406 is_TDI_2D6=0.2841 is_TDI_3A4=0.1911 CYP1A2_log2fc=0.8563 CYP2C9_log2fc=0.5518 CYP2D6_log2fc=0.6620 CYP3A4_log2fc=0.4970
ep30 train_mse=0.2694 val=0.3073 CYP1A2_direct=0.8740 CYP2C9_direct=0.6025 CYP2D6_direct=1.0355 CYP3A4_direct=0.4044 CYP1A2_tdic=0.8190 CYP2C9_tdic=0.5136 CYP2D6_tdic=1.1198 CYP3A4_tdic=0.4510 is_TDI_2D6=0.2858 is_TDI_3A4=0.1929 CYP1A2_log2fc=0.8545 CYP2C9_log2fc=0.5454 CYP2D6_log2fc=0.6885 CYP3A4_log2fc=0.4987
ep31 train_mse=0.2655 val=0.3119 CYP1A2_direct=0.8699 CYP2C9_direct=0.6685 CYP2D6_direct=1.0589 CYP3A4_direct=0.3969 CYP1A2_tdic=0.8204 CYP2C9_tdic=0.5753 CYP2D6_tdic=1.1365 CYP3A4_tdic=0.4423 is_TDI_2D6=0.2822 is_TDI_3A4=0.1911 CYP1A2_log2fc=0.8594 CYP2C9_log2fc=0.5594 CYP2D6_log2fc=0.6662 CYP3A4_log2fc=0.4894
ep32 train_mse=0.2631 val=0.3102 CYP1A2_direct=0.8759 CYP2C9_direct=0.6428 CYP2D6_direct=1.0847 CYP3A4_direct=0.3799 CYP1A2_tdic=0.8452 CYP2C9_tdic=0.5689 CYP2D6_tdic=1.1507 CYP3A4_tdic=0.4375 is_TDI_2D6=0.2856 is_TDI_3A4=0.1946 CYP1A2_log2fc=0.8569 CYP2C9_log2fc=0.5678 CYP2D6_log2fc=0.6698 CYP3A4_log2fc=0.5027
ep33 train_mse=0.2582 val=0.3087 CYP1A2_direct=0.8792 CYP2C9_direct=0.6332 CYP2D6_direct=1.0582 CYP3A4_direct=0.3809 CYP1A2_tdic=0.8369 CYP2C9_tdic=0.5339 CYP2D6_tdic=1.1427 CYP3A4_tdic=0.4327 is_TDI_2D6=0.2854 is_TDI_3A4=0.1933 CYP1A2_log2fc=0.8541 CYP2C9_log2fc=0.5420 CYP2D6_log2fc=0.6755 CYP3A4_log2fc=0.4893
[L4_s1] fold 1 done 374s
[L4_s1 fold2] trainable 5.2M
GPU available: True (cuda), used: True
TPU available: False, using: 0 TPU cores
💡 Tip: For seamless cloud logging and experiment tracking, try installing [litlogger](https://pypi.org/project/litlogger/) to enable LitLogger, which logs metrics and artifacts automatically to the Lightning Experiments platform.
Seed set to 1
LOCAL_RANK: 0 - CUDA_VISIBLE_DEVICES: [0]
Loading `train_dataloader` to estimate number of stepping batches.
ep1 train_mse=0.0000 val=0.4218 CYP1A2_direct=0.6820 CYP2C9_direct=0.8078 CYP2D6_direct=1.0653 CYP3A4_direct=1.1662 CYP1A2_tdic=0.6800 CYP2C9_tdic=0.9287 CYP2D6_tdic=1.2354 CYP3A4_tdic=1.0431 is_TDI_2D6=0.2190 is_TDI_3A4=0.1794 CYP1A2_log2fc=1.0172 CYP2C9_log2fc=1.0306 CYP2D6_log2fc=1.1633 CYP3A4_log2fc=1.1297
ep1 train_mse=0.5498 val=0.3899 CYP1A2_direct=1.0428 CYP2C9_direct=0.9128 CYP2D6_direct=1.0693 CYP3A4_direct=1.0821 CYP1A2_tdic=1.0953 CYP2C9_tdic=0.9433 CYP2D6_tdic=1.1068 CYP3A4_tdic=0.9737 is_TDI_2D6=0.1925 is_TDI_3A4=0.2098 CYP1A2_log2fc=0.8658 CYP2C9_log2fc=0.8927 CYP2D6_log2fc=1.1161 CYP3A4_log2fc=0.9876
ep2 train_mse=0.5337 val=0.3684 CYP1A2_direct=0.8893 CYP2C9_direct=0.8495 CYP2D6_direct=1.0668 CYP3A4_direct=0.9719 CYP1A2_tdic=0.9441 CYP2C9_tdic=0.8700 CYP2D6_tdic=1.0984 CYP3A4_tdic=0.9184 is_TDI_2D6=0.1932 is_TDI_3A4=0.2027 CYP1A2_log2fc=0.7608 CYP2C9_log2fc=0.7617 CYP2D6_log2fc=1.0922 CYP3A4_log2fc=0.8734
ep3 train_mse=0.5035 val=0.3480 CYP1A2_direct=0.8407 CYP2C9_direct=0.7341 CYP2D6_direct=1.1437 CYP3A4_direct=0.7601 CYP1A2_tdic=0.8755 CYP2C9_tdic=0.7792 CYP2D6_tdic=1.1547 CYP3A4_tdic=0.7866 is_TDI_2D6=0.1981 is_TDI_3A4=0.2027 CYP1A2_log2fc=0.7207 CYP2C9_log2fc=0.6672 CYP2D6_log2fc=1.0302 CYP3A4_log2fc=0.7948
ep4 train_mse=0.4848 val=0.3357 CYP1A2_direct=0.8259 CYP2C9_direct=0.6763 CYP2D6_direct=1.1069 CYP3A4_direct=0.6628 CYP1A2_tdic=0.8885 CYP2C9_tdic=0.7288 CYP2D6_tdic=1.1177 CYP3A4_tdic=0.7265 is_TDI_2D6=0.1958 is_TDI_3A4=0.1963 CYP1A2_log2fc=0.7191 CYP2C9_log2fc=0.6406 CYP2D6_log2fc=1.0034 CYP3A4_log2fc=0.7334
ep5 train_mse=0.4703 val=0.3195 CYP1A2_direct=0.8000 CYP2C9_direct=0.6131 CYP2D6_direct=1.0386 CYP3A4_direct=0.5497 CYP1A2_tdic=0.8577 CYP2C9_tdic=0.6346 CYP2D6_tdic=1.0575 CYP3A4_tdic=0.5844 is_TDI_2D6=0.1977 is_TDI_3A4=0.1990 CYP1A2_log2fc=0.7324 CYP2C9_log2fc=0.5896 CYP2D6_log2fc=0.9079 CYP3A4_log2fc=0.6630
ep6 train_mse=0.4498 val=0.3128 CYP1A2_direct=0.8102 CYP2C9_direct=0.6146 CYP2D6_direct=0.9271 CYP3A4_direct=0.5990 CYP1A2_tdic=0.8581 CYP2C9_tdic=0.6334 CYP2D6_tdic=0.9413 CYP3A4_tdic=0.6185 is_TDI_2D6=0.1909 is_TDI_3A4=0.2003 CYP1A2_log2fc=0.7325 CYP2C9_log2fc=0.6005 CYP2D6_log2fc=0.8276 CYP3A4_log2fc=0.6817
ep7 train_mse=0.4332 val=0.3257 CYP1A2_direct=0.8681 CYP2C9_direct=0.6895 CYP2D6_direct=0.9341 CYP3A4_direct=0.6754 CYP1A2_tdic=0.9284 CYP2C9_tdic=0.7050 CYP2D6_tdic=0.9480 CYP3A4_tdic=0.6889 is_TDI_2D6=0.1964 is_TDI_3A4=0.2022 CYP1A2_log2fc=0.7877 CYP2C9_log2fc=0.6515 CYP2D6_log2fc=0.7670 CYP3A4_log2fc=0.7100
ep8 train_mse=0.4261 val=0.3271 CYP1A2_direct=0.8101 CYP2C9_direct=0.7162 CYP2D6_direct=0.9008 CYP3A4_direct=0.7702 CYP1A2_tdic=0.8648 CYP2C9_tdic=0.7223 CYP2D6_tdic=0.9124 CYP3A4_tdic=0.7169 is_TDI_2D6=0.1964 is_TDI_3A4=0.1953 CYP1A2_log2fc=0.7426 CYP2C9_log2fc=0.7057 CYP2D6_log2fc=0.7932 CYP3A4_log2fc=0.7689
ep9 train_mse=0.4190 val=0.2983 CYP1A2_direct=0.6488 CYP2C9_direct=0.5701 CYP2D6_direct=0.9383 CYP3A4_direct=0.5129 CYP1A2_tdic=0.6763 CYP2C9_tdic=0.6034 CYP2D6_tdic=0.9674 CYP3A4_tdic=0.5089 is_TDI_2D6=0.1963 is_TDI_3A4=0.1995 CYP1A2_log2fc=0.6611 CYP2C9_log2fc=0.5162 CYP2D6_log2fc=0.7744 CYP3A4_log2fc=0.6448
ep10 train_mse=0.4004 val=0.2916 CYP1A2_direct=0.6542 CYP2C9_direct=0.5664 CYP2D6_direct=0.8845 CYP3A4_direct=0.5050 CYP1A2_tdic=0.6823 CYP2C9_tdic=0.5785 CYP2D6_tdic=0.8932 CYP3A4_tdic=0.5103 is_TDI_2D6=0.1935 is_TDI_3A4=0.2022 CYP1A2_log2fc=0.6701 CYP2C9_log2fc=0.4978 CYP2D6_log2fc=0.7082 CYP3A4_log2fc=0.6255
ep11 train_mse=0.3947 val=0.2828 CYP1A2_direct=0.6194 CYP2C9_direct=0.5644 CYP2D6_direct=0.8681 CYP3A4_direct=0.4813 CYP1A2_tdic=0.6468 CYP2C9_tdic=0.5842 CYP2D6_tdic=0.8719 CYP3A4_tdic=0.5059 is_TDI_2D6=0.1943 is_TDI_3A4=0.2025 CYP1A2_log2fc=0.6381 CYP2C9_log2fc=0.4984 CYP2D6_log2fc=0.6867 CYP3A4_log2fc=0.6157
ep12 train_mse=0.3805 val=0.2802 CYP1A2_direct=0.6193 CYP2C9_direct=0.5778 CYP2D6_direct=0.8278 CYP3A4_direct=0.4545 CYP1A2_tdic=0.6392 CYP2C9_tdic=0.5856 CYP2D6_tdic=0.8401 CYP3A4_tdic=0.4956 is_TDI_2D6=0.1944 is_TDI_3A4=0.2035 CYP1A2_log2fc=0.6370 CYP2C9_log2fc=0.4898 CYP2D6_log2fc=0.6753 CYP3A4_log2fc=0.6027
ep13 train_mse=0.3765 val=0.2822 CYP1A2_direct=0.6095 CYP2C9_direct=0.5738 CYP2D6_direct=0.8824 CYP3A4_direct=0.4649 CYP1A2_tdic=0.6340 CYP2C9_tdic=0.5759 CYP2D6_tdic=0.8777 CYP3A4_tdic=0.5103 is_TDI_2D6=0.1925 is_TDI_3A4=0.2016 CYP1A2_log2fc=0.6327 CYP2C9_log2fc=0.4758 CYP2D6_log2fc=0.6999 CYP3A4_log2fc=0.5958
ep14 train_mse=0.3696 val=0.2761 CYP1A2_direct=0.5864 CYP2C9_direct=0.5596 CYP2D6_direct=0.8306 CYP3A4_direct=0.4412 CYP1A2_tdic=0.6045 CYP2C9_tdic=0.5506 CYP2D6_tdic=0.8428 CYP3A4_tdic=0.4796 is_TDI_2D6=0.1927 is_TDI_3A4=0.2018 CYP1A2_log2fc=0.6299 CYP2C9_log2fc=0.4692 CYP2D6_log2fc=0.6756 CYP3A4_log2fc=0.6006
ep15 train_mse=0.3567 val=0.2899 CYP1A2_direct=0.6410 CYP2C9_direct=0.6120 CYP2D6_direct=0.8478 CYP3A4_direct=0.4678 CYP1A2_tdic=0.6439 CYP2C9_tdic=0.6201 CYP2D6_tdic=0.8380 CYP3A4_tdic=0.5150 is_TDI_2D6=0.1917 is_TDI_3A4=0.2015 CYP1A2_log2fc=0.6446 CYP2C9_log2fc=0.4875 CYP2D6_log2fc=0.6944 CYP3A4_log2fc=0.6324
ep16 train_mse=0.3550 val=0.2707 CYP1A2_direct=0.5917 CYP2C9_direct=0.5369 CYP2D6_direct=0.8131 CYP3A4_direct=0.4407 CYP1A2_tdic=0.6039 CYP2C9_tdic=0.5239 CYP2D6_tdic=0.8123 CYP3A4_tdic=0.4884 is_TDI_2D6=0.1947 is_TDI_3A4=0.2019 CYP1A2_log2fc=0.6188 CYP2C9_log2fc=0.4451 CYP2D6_log2fc=0.6551 CYP3A4_log2fc=0.5896
ep17 train_mse=0.3493 val=0.2894 CYP1A2_direct=0.6701 CYP2C9_direct=0.6345 CYP2D6_direct=0.8732 CYP3A4_direct=0.5046 CYP1A2_tdic=0.6965 CYP2C9_tdic=0.6140 CYP2D6_tdic=0.8691 CYP3A4_tdic=0.5261 is_TDI_2D6=0.1947 is_TDI_3A4=0.1982 CYP1A2_log2fc=0.6625 CYP2C9_log2fc=0.5413 CYP2D6_log2fc=0.6710 CYP3A4_log2fc=0.6401
ep18 train_mse=0.3382 val=0.2707 CYP1A2_direct=0.5931 CYP2C9_direct=0.5580 CYP2D6_direct=0.8397 CYP3A4_direct=0.4380 CYP1A2_tdic=0.6107 CYP2C9_tdic=0.5242 CYP2D6_tdic=0.8363 CYP3A4_tdic=0.4661 is_TDI_2D6=0.1922 is_TDI_3A4=0.2020 CYP1A2_log2fc=0.6236 CYP2C9_log2fc=0.4518 CYP2D6_log2fc=0.6697 CYP3A4_log2fc=0.5893
ep19 train_mse=0.3336 val=0.2712 CYP1A2_direct=0.5741 CYP2C9_direct=0.5952 CYP2D6_direct=0.8378 CYP3A4_direct=0.4267 CYP1A2_tdic=0.5892 CYP2C9_tdic=0.5559 CYP2D6_tdic=0.8287 CYP3A4_tdic=0.4585 is_TDI_2D6=0.1923 is_TDI_3A4=0.2011 CYP1A2_log2fc=0.6202 CYP2C9_log2fc=0.4781 CYP2D6_log2fc=0.6704 CYP3A4_log2fc=0.5880
ep20 train_mse=0.3272 val=0.2720 CYP1A2_direct=0.5725 CYP2C9_direct=0.5651 CYP2D6_direct=0.8383 CYP3A4_direct=0.4442 CYP1A2_tdic=0.5892 CYP2C9_tdic=0.5272 CYP2D6_tdic=0.8274 CYP3A4_tdic=0.4681 is_TDI_2D6=0.1914 is_TDI_3A4=0.2028 CYP1A2_log2fc=0.6216 CYP2C9_log2fc=0.4609 CYP2D6_log2fc=0.6728 CYP3A4_log2fc=0.5805
ep21 train_mse=0.3247 val=0.2722 CYP1A2_direct=0.5782 CYP2C9_direct=0.5705 CYP2D6_direct=0.8837 CYP3A4_direct=0.4272 CYP1A2_tdic=0.5894 CYP2C9_tdic=0.5312 CYP2D6_tdic=0.8701 CYP3A4_tdic=0.4433 is_TDI_2D6=0.1915 is_TDI_3A4=0.2048 CYP1A2_log2fc=0.6189 CYP2C9_log2fc=0.4602 CYP2D6_log2fc=0.6762 CYP3A4_log2fc=0.5756
ep22 train_mse=0.3145 val=0.2712 CYP1A2_direct=0.5758 CYP2C9_direct=0.5979 CYP2D6_direct=0.8719 CYP3A4_direct=0.4257 CYP1A2_tdic=0.5858 CYP2C9_tdic=0.5469 CYP2D6_tdic=0.8438 CYP3A4_tdic=0.4461 is_TDI_2D6=0.1909 is_TDI_3A4=0.2061 CYP1A2_log2fc=0.6202 CYP2C9_log2fc=0.4515 CYP2D6_log2fc=0.6727 CYP3A4_log2fc=0.5739
ep23 train_mse=0.3087 val=0.2784 CYP1A2_direct=0.6059 CYP2C9_direct=0.6330 CYP2D6_direct=0.8797 CYP3A4_direct=0.4834 CYP1A2_tdic=0.6210 CYP2C9_tdic=0.5744 CYP2D6_tdic=0.8623 CYP3A4_tdic=0.4860 is_TDI_2D6=0.1919 is_TDI_3A4=0.2044 CYP1A2_log2fc=0.6497 CYP2C9_log2fc=0.5082 CYP2D6_log2fc=0.6705 CYP3A4_log2fc=0.6194
ep24 train_mse=0.3031 val=0.2747 CYP1A2_direct=0.5755 CYP2C9_direct=0.6018 CYP2D6_direct=0.8861 CYP3A4_direct=0.4592 CYP1A2_tdic=0.5978 CYP2C9_tdic=0.5458 CYP2D6_tdic=0.8427 CYP3A4_tdic=0.4670 is_TDI_2D6=0.1905 is_TDI_3A4=0.2050 CYP1A2_log2fc=0.6463 CYP2C9_log2fc=0.4609 CYP2D6_log2fc=0.6528 CYP3A4_log2fc=0.5712
[L4_s1] fold 2 done 534s
[L4_s1 fold3] trainable 5.2M
GPU available: True (cuda), used: True
TPU available: False, using: 0 TPU cores
💡 Tip: For seamless cloud logging and experiment tracking, try installing [litlogger](https://pypi.org/project/litlogger/) to enable LitLogger, which logs metrics and artifacts automatically to the Lightning Experiments platform.
Seed set to 1
LOCAL_RANK: 0 - CUDA_VISIBLE_DEVICES: [0]
Loading `train_dataloader` to estimate number of stepping batches.
ep1 train_mse=0.0000 val=0.4524 CYP1A2_direct=0.8462 CYP2C9_direct=1.1185 CYP2D6_direct=0.9652 CYP3A4_direct=1.1167 CYP1A2_tdic=0.7905 CYP2C9_tdic=1.1686 CYP2D6_tdic=0.9692 CYP3A4_tdic=1.0211 is_TDI_2D6=0.2643 is_TDI_3A4=0.2347 CYP1A2_log2fc=0.9488 CYP2C9_log2fc=1.0519 CYP2D6_log2fc=0.9921 CYP3A4_log2fc=1.0730
ep1 train_mse=0.5527 val=0.3860 CYP1A2_direct=0.7644 CYP2C9_direct=0.8626 CYP2D6_direct=1.0570 CYP3A4_direct=1.0882 CYP1A2_tdic=0.7636 CYP2C9_tdic=0.8100 CYP2D6_tdic=0.9925 CYP3A4_tdic=0.9772 is_TDI_2D6=0.2028 is_TDI_3A4=0.2155 CYP1A2_log2fc=0.8225 CYP2C9_log2fc=0.9155 CYP2D6_log2fc=0.9673 CYP3A4_log2fc=1.0164
ep2 train_mse=0.5300 val=0.3693 CYP1A2_direct=0.7285 CYP2C9_direct=0.7955 CYP2D6_direct=1.0501 CYP3A4_direct=0.9660 CYP1A2_tdic=0.7174 CYP2C9_tdic=0.7566 CYP2D6_tdic=0.9775 CYP3A4_tdic=0.9078 is_TDI_2D6=0.2050 is_TDI_3A4=0.2201 CYP1A2_log2fc=0.7565 CYP2C9_log2fc=0.8160 CYP2D6_log2fc=0.9256 CYP3A4_log2fc=0.9330
ep3 train_mse=0.5004 val=0.3656 CYP1A2_direct=0.7711 CYP2C9_direct=0.7906 CYP2D6_direct=1.0654 CYP3A4_direct=0.8957 CYP1A2_tdic=0.7449 CYP2C9_tdic=0.7646 CYP2D6_tdic=0.9924 CYP3A4_tdic=0.8560 is_TDI_2D6=0.2023 is_TDI_3A4=0.2269 CYP1A2_log2fc=0.7809 CYP2C9_log2fc=0.8002 CYP2D6_log2fc=0.8963 CYP3A4_log2fc=0.9033
ep4 train_mse=0.4669 val=0.3469 CYP1A2_direct=0.7299 CYP2C9_direct=0.6992 CYP2D6_direct=1.1343 CYP3A4_direct=0.7275 CYP1A2_tdic=0.7190 CYP2C9_tdic=0.6806 CYP2D6_tdic=1.1064 CYP3A4_tdic=0.7692 is_TDI_2D6=0.2013 is_TDI_3A4=0.2291 CYP1A2_log2fc=0.7265 CYP2C9_log2fc=0.6976 CYP2D6_log2fc=0.7579 CYP3A4_log2fc=0.7761
ep5 train_mse=0.4553 val=0.3478 CYP1A2_direct=0.7721 CYP2C9_direct=0.7345 CYP2D6_direct=0.9725 CYP3A4_direct=0.8159 CYP1A2_tdic=0.7800 CYP2C9_tdic=0.7115 CYP2D6_tdic=0.9304 CYP3A4_tdic=0.7776 is_TDI_2D6=0.2040 is_TDI_3A4=0.2219 CYP1A2_log2fc=0.7552 CYP2C9_log2fc=0.7682 CYP2D6_log2fc=0.7692 CYP3A4_log2fc=0.8480
ep6 train_mse=0.4386 val=0.3247 CYP1A2_direct=0.7112 CYP2C9_direct=0.6587 CYP2D6_direct=0.9384 CYP3A4_direct=0.6509 CYP1A2_tdic=0.7122 CYP2C9_tdic=0.6502 CYP2D6_tdic=0.8921 CYP3A4_tdic=0.6851 is_TDI_2D6=0.2074 is_TDI_3A4=0.2229 CYP1A2_log2fc=0.6986 CYP2C9_log2fc=0.6156 CYP2D6_log2fc=0.7341 CYP3A4_log2fc=0.7389
ep7 train_mse=0.4278 val=0.3265 CYP1A2_direct=0.7605 CYP2C9_direct=0.6827 CYP2D6_direct=0.9423 CYP3A4_direct=0.6314 CYP1A2_tdic=0.7593 CYP2C9_tdic=0.6711 CYP2D6_tdic=0.8785 CYP3A4_tdic=0.6896 is_TDI_2D6=0.1991 is_TDI_3A4=0.2302 CYP1A2_log2fc=0.6869 CYP2C9_log2fc=0.6253 CYP2D6_log2fc=0.7090 CYP3A4_log2fc=0.7357
ep8 train_mse=0.4115 val=0.3203 CYP1A2_direct=0.7540 CYP2C9_direct=0.7098 CYP2D6_direct=0.9231 CYP3A4_direct=0.5778 CYP1A2_tdic=0.7527 CYP2C9_tdic=0.7143 CYP2D6_tdic=0.8753 CYP3A4_tdic=0.6430 is_TDI_2D6=0.2020 is_TDI_3A4=0.2289 CYP1A2_log2fc=0.6899 CYP2C9_log2fc=0.6037 CYP2D6_log2fc=0.6476 CYP3A4_log2fc=0.7234
ep9 train_mse=0.4072 val=0.3214 CYP1A2_direct=0.7022 CYP2C9_direct=0.7152 CYP2D6_direct=0.9570 CYP3A4_direct=0.6022 CYP1A2_tdic=0.7064 CYP2C9_tdic=0.7015 CYP2D6_tdic=0.9075 CYP3A4_tdic=0.6180 is_TDI_2D6=0.2032 is_TDI_3A4=0.2263 CYP1A2_log2fc=0.6554 CYP2C9_log2fc=0.5989 CYP2D6_log2fc=0.6446 CYP3A4_log2fc=0.7121
ep10 train_mse=0.3927 val=0.3245 CYP1A2_direct=0.7179 CYP2C9_direct=0.7171 CYP2D6_direct=1.0172 CYP3A4_direct=0.5751 CYP1A2_tdic=0.7198 CYP2C9_tdic=0.7087 CYP2D6_tdic=0.9748 CYP3A4_tdic=0.6117 is_TDI_2D6=0.2014 is_TDI_3A4=0.2297 CYP1A2_log2fc=0.6397 CYP2C9_log2fc=0.5730 CYP2D6_log2fc=0.6073 CYP3A4_log2fc=0.6948
ep11 train_mse=0.3874 val=0.3152 CYP1A2_direct=0.7023 CYP2C9_direct=0.6810 CYP2D6_direct=0.9453 CYP3A4_direct=0.5616 CYP1A2_tdic=0.7025 CYP2C9_tdic=0.6795 CYP2D6_tdic=0.9010 CYP3A4_tdic=0.6018 is_TDI_2D6=0.1993 is_TDI_3A4=0.2306 CYP1A2_log2fc=0.6330 CYP2C9_log2fc=0.5730 CYP2D6_log2fc=0.6197 CYP3A4_log2fc=0.6941
ep12 train_mse=0.3758 val=0.3150 CYP1A2_direct=0.7052 CYP2C9_direct=0.7445 CYP2D6_direct=0.9164 CYP3A4_direct=0.5357 CYP1A2_tdic=0.7108 CYP2C9_tdic=0.7416 CYP2D6_tdic=0.8558 CYP3A4_tdic=0.5517 is_TDI_2D6=0.2000 is_TDI_3A4=0.2292 CYP1A2_log2fc=0.6414 CYP2C9_log2fc=0.6059 CYP2D6_log2fc=0.6421 CYP3A4_log2fc=0.7135
ep13 train_mse=0.3733 val=0.3082 CYP1A2_direct=0.6997 CYP2C9_direct=0.6521 CYP2D6_direct=0.9384 CYP3A4_direct=0.5135 CYP1A2_tdic=0.6980 CYP2C9_tdic=0.6406 CYP2D6_tdic=0.9061 CYP3A4_tdic=0.5656 is_TDI_2D6=0.2004 is_TDI_3A4=0.2308 CYP1A2_log2fc=0.6279 CYP2C9_log2fc=0.5526 CYP2D6_log2fc=0.6039 CYP3A4_log2fc=0.6796
ep14 train_mse=0.3631 val=0.3136 CYP1A2_direct=0.7184 CYP2C9_direct=0.7162 CYP2D6_direct=0.8974 CYP3A4_direct=0.5602 CYP1A2_tdic=0.7182 CYP2C9_tdic=0.6971 CYP2D6_tdic=0.8556 CYP3A4_tdic=0.5641 is_TDI_2D6=0.2012 is_TDI_3A4=0.2270 CYP1A2_log2fc=0.6386 CYP2C9_log2fc=0.6002 CYP2D6_log2fc=0.6284 CYP3A4_log2fc=0.7380
ep15 train_mse=0.3601 val=0.3122 CYP1A2_direct=0.7381 CYP2C9_direct=0.7043 CYP2D6_direct=0.8753 CYP3A4_direct=0.5266 CYP1A2_tdic=0.7369 CYP2C9_tdic=0.6827 CYP2D6_tdic=0.8401 CYP3A4_tdic=0.5837 is_TDI_2D6=0.2026 is_TDI_3A4=0.2326 CYP1A2_log2fc=0.6426 CYP2C9_log2fc=0.5691 CYP2D6_log2fc=0.6178 CYP3A4_log2fc=0.6998
ep16 train_mse=0.3546 val=0.3128 CYP1A2_direct=0.7648 CYP2C9_direct=0.6590 CYP2D6_direct=0.9604 CYP3A4_direct=0.4959 CYP1A2_tdic=0.7587 CYP2C9_tdic=0.6404 CYP2D6_tdic=0.9337 CYP3A4_tdic=0.5466 is_TDI_2D6=0.2013 is_TDI_3A4=0.2296 CYP1A2_log2fc=0.6332 CYP2C9_log2fc=0.5510 CYP2D6_log2fc=0.6044 CYP3A4_log2fc=0.6681
ep17 train_mse=0.3449 val=0.3082 CYP1A2_direct=0.7462 CYP2C9_direct=0.6526 CYP2D6_direct=0.9369 CYP3A4_direct=0.4942 CYP1A2_tdic=0.7404 CYP2C9_tdic=0.6219 CYP2D6_tdic=0.9118 CYP3A4_tdic=0.5371 is_TDI_2D6=0.2036 is_TDI_3A4=0.2285 CYP1A2_log2fc=0.6435 CYP2C9_log2fc=0.5336 CYP2D6_log2fc=0.6088 CYP3A4_log2fc=0.6622
ep18 train_mse=0.3420 val=0.3155 CYP1A2_direct=0.7922 CYP2C9_direct=0.6454 CYP2D6_direct=1.0043 CYP3A4_direct=0.5018 CYP1A2_tdic=0.7889 CYP2C9_tdic=0.6159 CYP2D6_tdic=0.9703 CYP3A4_tdic=0.5409 is_TDI_2D6=0.2009 is_TDI_3A4=0.2271 CYP1A2_log2fc=0.6425 CYP2C9_log2fc=0.5437 CYP2D6_log2fc=0.6005 CYP3A4_log2fc=0.6648
ep19 train_mse=0.3311 val=0.3224 CYP1A2_direct=0.7655 CYP2C9_direct=0.6771 CYP2D6_direct=1.0952 CYP3A4_direct=0.5301 CYP1A2_tdic=0.7551 CYP2C9_tdic=0.6551 CYP2D6_tdic=1.0541 CYP3A4_tdic=0.5668 is_TDI_2D6=0.2013 is_TDI_3A4=0.2307 CYP1A2_log2fc=0.6525 CYP2C9_log2fc=0.5562 CYP2D6_log2fc=0.6132 CYP3A4_log2fc=0.6886
ep20 train_mse=0.3300 val=0.3169 CYP1A2_direct=0.7963 CYP2C9_direct=0.6543 CYP2D6_direct=0.9736 CYP3A4_direct=0.4873 CYP1A2_tdic=0.7875 CYP2C9_tdic=0.6353 CYP2D6_tdic=0.9347 CYP3A4_tdic=0.5256 is_TDI_2D6=0.2001 is_TDI_3A4=0.2321 CYP1A2_log2fc=0.6561 CYP2C9_log2fc=0.5672 CYP2D6_log2fc=0.5954 CYP3A4_log2fc=0.6717
ep21 train_mse=0.3209 val=0.3119 CYP1A2_direct=0.7768 CYP2C9_direct=0.6474 CYP2D6_direct=0.9594 CYP3A4_direct=0.5040 CYP1A2_tdic=0.7704 CYP2C9_tdic=0.6192 CYP2D6_tdic=0.9117 CYP3A4_tdic=0.5416 is_TDI_2D6=0.2003 is_TDI_3A4=0.2285 CYP1A2_log2fc=0.6474 CYP2C9_log2fc=0.5571 CYP2D6_log2fc=0.5867 CYP3A4_log2fc=0.6590
[L4_s1] fold 3 done 674s
[L4_s1 fold4] trainable 5.2M
GPU available: True (cuda), used: True
TPU available: False, using: 0 TPU cores
💡 Tip: For seamless cloud logging and experiment tracking, try installing [litlogger](https://pypi.org/project/litlogger/) to enable LitLogger, which logs metrics and artifacts automatically to the Lightning Experiments platform.
Seed set to 1
LOCAL_RANK: 0 - CUDA_VISIBLE_DEVICES: [0]
Loading `train_dataloader` to estimate number of stepping batches.
ep1 train_mse=0.0000 val=0.4378 CYP1A2_direct=0.9953 CYP2C9_direct=1.1584 CYP2D6_direct=0.8607 CYP3A4_direct=0.9469 CYP1A2_tdic=0.8876 CYP2C9_tdic=1.1775 CYP2D6_tdic=1.0305 CYP3A4_tdic=1.0036 is_TDI_2D6=0.2005 is_TDI_3A4=0.2581 CYP1A2_log2fc=0.9539 CYP2C9_log2fc=1.0142 CYP2D6_log2fc=1.0471 CYP3A4_log2fc=0.9117
ep1 train_mse=0.5548 val=0.3731 CYP1A2_direct=0.7978 CYP2C9_direct=1.1852 CYP2D6_direct=0.7397 CYP3A4_direct=0.9061 CYP1A2_tdic=0.8593 CYP2C9_tdic=1.0263 CYP2D6_tdic=0.9189 CYP3A4_tdic=0.9287 is_TDI_2D6=0.1706 is_TDI_3A4=0.1984 CYP1A2_log2fc=1.1853 CYP2C9_log2fc=0.9213 CYP2D6_log2fc=1.0353 CYP3A4_log2fc=0.9738
ep2 train_mse=0.5293 val=0.3479 CYP1A2_direct=0.7709 CYP2C9_direct=0.9297 CYP2D6_direct=0.7293 CYP3A4_direct=0.7628 CYP1A2_tdic=0.8196 CYP2C9_tdic=0.8882 CYP2D6_tdic=0.9068 CYP3A4_tdic=0.8814 is_TDI_2D6=0.1762 is_TDI_3A4=0.2084 CYP1A2_log2fc=1.1220 CYP2C9_log2fc=0.7857 CYP2D6_log2fc=0.9792 CYP3A4_log2fc=0.8390
ep3 train_mse=0.5065 val=0.3568 CYP1A2_direct=0.7633 CYP2C9_direct=0.9748 CYP2D6_direct=0.7237 CYP3A4_direct=0.8258 CYP1A2_tdic=0.8049 CYP2C9_tdic=0.9443 CYP2D6_tdic=0.9076 CYP3A4_tdic=1.0026 is_TDI_2D6=0.1782 is_TDI_3A4=0.2200 CYP1A2_log2fc=1.2637 CYP2C9_log2fc=0.9469 CYP2D6_log2fc=0.9820 CYP3A4_log2fc=0.9320
ep4 train_mse=0.4852 val=0.3246 CYP1A2_direct=0.7098 CYP2C9_direct=0.8406 CYP2D6_direct=0.7275 CYP3A4_direct=0.5891 CYP1A2_tdic=0.7445 CYP2C9_tdic=0.7918 CYP2D6_tdic=0.9076 CYP3A4_tdic=0.7956 is_TDI_2D6=0.1788 is_TDI_3A4=0.2088 CYP1A2_log2fc=1.0887 CYP2C9_log2fc=0.6733 CYP2D6_log2fc=0.9352 CYP3A4_log2fc=0.7461
ep5 train_mse=0.4595 val=0.3085 CYP1A2_direct=0.7068 CYP2C9_direct=0.7640 CYP2D6_direct=0.6826 CYP3A4_direct=0.5094 CYP1A2_tdic=0.7404 CYP2C9_tdic=0.7245 CYP2D6_tdic=0.8265 CYP3A4_tdic=0.7122 is_TDI_2D6=0.1797 is_TDI_3A4=0.2053 CYP1A2_log2fc=1.1007 CYP2C9_log2fc=0.5943 CYP2D6_log2fc=0.7889 CYP3A4_log2fc=0.6829
ep6 train_mse=0.4357 val=0.3032 CYP1A2_direct=0.7104 CYP2C9_direct=0.7729 CYP2D6_direct=0.6474 CYP3A4_direct=0.4788 CYP1A2_tdic=0.7437 CYP2C9_tdic=0.7351 CYP2D6_tdic=0.8229 CYP3A4_tdic=0.6966 is_TDI_2D6=0.1799 is_TDI_3A4=0.2113 CYP1A2_log2fc=1.0862 CYP2C9_log2fc=0.6126 CYP2D6_log2fc=0.6915 CYP3A4_log2fc=0.6764
ep7 train_mse=0.4246 val=0.3041 CYP1A2_direct=0.7059 CYP2C9_direct=0.8100 CYP2D6_direct=0.6646 CYP3A4_direct=0.4936 CYP1A2_tdic=0.7380 CYP2C9_tdic=0.7520 CYP2D6_tdic=0.8446 CYP3A4_tdic=0.6532 is_TDI_2D6=0.1746 is_TDI_3A4=0.2046 CYP1A2_log2fc=1.0988 CYP2C9_log2fc=0.5640 CYP2D6_log2fc=0.6757 CYP3A4_log2fc=0.6585
ep8 train_mse=0.4137 val=0.2968 CYP1A2_direct=0.6870 CYP2C9_direct=0.7568 CYP2D6_direct=0.6790 CYP3A4_direct=0.4592 CYP1A2_tdic=0.7105 CYP2C9_tdic=0.7269 CYP2D6_tdic=0.8510 CYP3A4_tdic=0.6637 is_TDI_2D6=0.1788 is_TDI_3A4=0.2079 CYP1A2_log2fc=1.0533 CYP2C9_log2fc=0.5616 CYP2D6_log2fc=0.6535 CYP3A4_log2fc=0.6449
ep9 train_mse=0.3995 val=0.2960 CYP1A2_direct=0.7089 CYP2C9_direct=0.7112 CYP2D6_direct=0.7283 CYP3A4_direct=0.4260 CYP1A2_tdic=0.7309 CYP2C9_tdic=0.6853 CYP2D6_tdic=0.8604 CYP3A4_tdic=0.6181 is_TDI_2D6=0.1728 is_TDI_3A4=0.2064 CYP1A2_log2fc=1.0794 CYP2C9_log2fc=0.4954 CYP2D6_log2fc=0.6306 CYP3A4_log2fc=0.6098
ep10 train_mse=0.3938 val=0.3013 CYP1A2_direct=0.7414 CYP2C9_direct=0.7312 CYP2D6_direct=0.7107 CYP3A4_direct=0.4730 CYP1A2_tdic=0.7673 CYP2C9_tdic=0.6987 CYP2D6_tdic=0.8542 CYP3A4_tdic=0.6513 is_TDI_2D6=0.1796 is_TDI_3A4=0.2046 CYP1A2_log2fc=1.0525 CYP2C9_log2fc=0.5046 CYP2D6_log2fc=0.6511 CYP3A4_log2fc=0.6159
ep11 train_mse=0.3837 val=0.2982 CYP1A2_direct=0.7341 CYP2C9_direct=0.7127 CYP2D6_direct=0.7513 CYP3A4_direct=0.4375 CYP1A2_tdic=0.7617 CYP2C9_tdic=0.6832 CYP2D6_tdic=0.9023 CYP3A4_tdic=0.5999 is_TDI_2D6=0.1796 is_TDI_3A4=0.2056 CYP1A2_log2fc=1.0398 CYP2C9_log2fc=0.5006 CYP2D6_log2fc=0.6391 CYP3A4_log2fc=0.5921
ep12 train_mse=0.3750 val=0.2901 CYP1A2_direct=0.6978 CYP2C9_direct=0.6468 CYP2D6_direct=0.7581 CYP3A4_direct=0.4036 CYP1A2_tdic=0.7263 CYP2C9_tdic=0.6306 CYP2D6_tdic=0.8830 CYP3A4_tdic=0.5969 is_TDI_2D6=0.1747 is_TDI_3A4=0.2065 CYP1A2_log2fc=1.0105 CYP2C9_log2fc=0.4771 CYP2D6_log2fc=0.6534 CYP3A4_log2fc=0.5946
ep13 train_mse=0.3642 val=0.2897 CYP1A2_direct=0.6957 CYP2C9_direct=0.6552 CYP2D6_direct=0.7557 CYP3A4_direct=0.3827 CYP1A2_tdic=0.7235 CYP2C9_tdic=0.6409 CYP2D6_tdic=0.8854 CYP3A4_tdic=0.5683 is_TDI_2D6=0.1771 is_TDI_3A4=0.2065 CYP1A2_log2fc=0.9876 CYP2C9_log2fc=0.4495 CYP2D6_log2fc=0.6220 CYP3A4_log2fc=0.5717
ep14 train_mse=0.3593 val=0.2916 CYP1A2_direct=0.6821 CYP2C9_direct=0.6523 CYP2D6_direct=0.8224 CYP3A4_direct=0.3922 CYP1A2_tdic=0.7109 CYP2C9_tdic=0.6423 CYP2D6_tdic=0.9364 CYP3A4_tdic=0.5921 is_TDI_2D6=0.1742 is_TDI_3A4=0.2092 CYP1A2_log2fc=1.0016 CYP2C9_log2fc=0.4874 CYP2D6_log2fc=0.6258 CYP3A4_log2fc=0.5804
ep15 train_mse=0.3521 val=0.2906 CYP1A2_direct=0.7070 CYP2C9_direct=0.6585 CYP2D6_direct=0.7769 CYP3A4_direct=0.3776 CYP1A2_tdic=0.7312 CYP2C9_tdic=0.6416 CYP2D6_tdic=0.9063 CYP3A4_tdic=0.5666 is_TDI_2D6=0.1769 is_TDI_3A4=0.2097 CYP1A2_log2fc=0.9827 CYP2C9_log2fc=0.4467 CYP2D6_log2fc=0.6241 CYP3A4_log2fc=0.5615
ep16 train_mse=0.3437 val=0.2946 CYP1A2_direct=0.7262 CYP2C9_direct=0.7105 CYP2D6_direct=0.7486 CYP3A4_direct=0.3984 CYP1A2_tdic=0.7509 CYP2C9_tdic=0.6951 CYP2D6_tdic=0.8892 CYP3A4_tdic=0.5523 is_TDI_2D6=0.1759 is_TDI_3A4=0.2067 CYP1A2_log2fc=0.9726 CYP2C9_log2fc=0.4898 CYP2D6_log2fc=0.6462 CYP3A4_log2fc=0.6042
ep17 train_mse=0.3385 val=0.2900 CYP1A2_direct=0.6832 CYP2C9_direct=0.6095 CYP2D6_direct=0.8243 CYP3A4_direct=0.3729 CYP1A2_tdic=0.7127 CYP2C9_tdic=0.6065 CYP2D6_tdic=0.9407 CYP3A4_tdic=0.5484 is_TDI_2D6=0.1750 is_TDI_3A4=0.2102 CYP1A2_log2fc=0.9592 CYP2C9_log2fc=0.4468 CYP2D6_log2fc=0.6225 CYP3A4_log2fc=0.5638
ep18 train_mse=0.3321 val=0.2907 CYP1A2_direct=0.7460 CYP2C9_direct=0.6198 CYP2D6_direct=0.7676 CYP3A4_direct=0.3660 CYP1A2_tdic=0.7665 CYP2C9_tdic=0.6153 CYP2D6_tdic=0.9027 CYP3A4_tdic=0.5648 is_TDI_2D6=0.1773 is_TDI_3A4=0.2094 CYP1A2_log2fc=0.9716 CYP2C9_log2fc=0.4436 CYP2D6_log2fc=0.6340 CYP3A4_log2fc=0.5514
ep19 train_mse=0.3279 val=0.2929 CYP1A2_direct=0.7214 CYP2C9_direct=0.6529 CYP2D6_direct=0.7895 CYP3A4_direct=0.3877 CYP1A2_tdic=0.7451 CYP2C9_tdic=0.6350 CYP2D6_tdic=0.9223 CYP3A4_tdic=0.5361 is_TDI_2D6=0.1757 is_TDI_3A4=0.2076 CYP1A2_log2fc=0.9476 CYP2C9_log2fc=0.4511 CYP2D6_log2fc=0.6146 CYP3A4_log2fc=0.5540
ep20 train_mse=0.3196 val=0.2949 CYP1A2_direct=0.7626 CYP2C9_direct=0.6255 CYP2D6_direct=0.8288 CYP3A4_direct=0.3863 CYP1A2_tdic=0.7827 CYP2C9_tdic=0.6154 CYP2D6_tdic=0.9426 CYP3A4_tdic=0.5634 is_TDI_2D6=0.1762 is_TDI_3A4=0.2090 CYP1A2_log2fc=0.9532 CYP2C9_log2fc=0.4402 CYP2D6_log2fc=0.6229 CYP3A4_log2fc=0.5436
ep21 train_mse=0.3133 val=0.2869 CYP1A2_direct=0.7032 CYP2C9_direct=0.6184 CYP2D6_direct=0.7799 CYP3A4_direct=0.3738 CYP1A2_tdic=0.7268 CYP2C9_tdic=0.6189 CYP2D6_tdic=0.9129 CYP3A4_tdic=0.5573 is_TDI_2D6=0.1773 is_TDI_3A4=0.2098 CYP1A2_log2fc=0.9486 CYP2C9_log2fc=0.4462 CYP2D6_log2fc=0.6429 CYP3A4_log2fc=0.5482
ep22 train_mse=0.3109 val=0.2930 CYP1A2_direct=0.8060 CYP2C9_direct=0.6325 CYP2D6_direct=0.7700 CYP3A4_direct=0.3763 CYP1A2_tdic=0.8260 CYP2C9_tdic=0.6246 CYP2D6_tdic=0.8955 CYP3A4_tdic=0.5485 is_TDI_2D6=0.1772 is_TDI_3A4=0.2073 CYP1A2_log2fc=0.9496 CYP2C9_log2fc=0.4471 CYP2D6_log2fc=0.6340 CYP3A4_log2fc=0.5472
ep23 train_mse=0.3029 val=0.2960 CYP1A2_direct=0.7943 CYP2C9_direct=0.6341 CYP2D6_direct=0.8088 CYP3A4_direct=0.3829 CYP1A2_tdic=0.8270 CYP2C9_tdic=0.6295 CYP2D6_tdic=0.9298 CYP3A4_tdic=0.5469 is_TDI_2D6=0.1765 is_TDI_3A4=0.2078 CYP1A2_log2fc=0.9454 CYP2C9_log2fc=0.4333 CYP2D6_log2fc=0.6231 CYP3A4_log2fc=0.5313
ep24 train_mse=0.2966 val=0.2988 CYP1A2_direct=0.7981 CYP2C9_direct=0.6683 CYP2D6_direct=0.8096 CYP3A4_direct=0.4126 CYP1A2_tdic=0.8170 CYP2C9_tdic=0.6565 CYP2D6_tdic=0.9261 CYP3A4_tdic=0.5566 is_TDI_2D6=0.1761 is_TDI_3A4=0.2067 CYP1A2_log2fc=0.9538 CYP2C9_log2fc=0.4634 CYP2D6_log2fc=0.6283 CYP3A4_log2fc=0.5624
ep25 train_mse=0.2900 val=0.2953 CYP1A2_direct=0.8169 CYP2C9_direct=0.6446 CYP2D6_direct=0.8234 CYP3A4_direct=0.3764 CYP1A2_tdic=0.8437 CYP2C9_tdic=0.6240 CYP2D6_tdic=0.9371 CYP3A4_tdic=0.5474 is_TDI_2D6=0.1745 is_TDI_3A4=0.2080 CYP1A2_log2fc=0.9340 CYP2C9_log2fc=0.4422 CYP2D6_log2fc=0.6139 CYP3A4_log2fc=0.5404
ep26 train_mse=0.2859 val=0.2947 CYP1A2_direct=0.8174 CYP2C9_direct=0.6304 CYP2D6_direct=0.8177 CYP3A4_direct=0.3632 CYP1A2_tdic=0.8459 CYP2C9_tdic=0.6317 CYP2D6_tdic=0.9313 CYP3A4_tdic=0.5327 is_TDI_2D6=0.1765 is_TDI_3A4=0.2092 CYP1A2_log2fc=0.9524 CYP2C9_log2fc=0.4405 CYP2D6_log2fc=0.6304 CYP3A4_log2fc=0.5356
ep27 train_mse=0.2793 val=0.2978 CYP1A2_direct=0.8037 CYP2C9_direct=0.6266 CYP2D6_direct=0.8797 CYP3A4_direct=0.3672 CYP1A2_tdic=0.8411 CYP2C9_tdic=0.6252 CYP2D6_tdic=0.9740 CYP3A4_tdic=0.5436 is_TDI_2D6=0.1765 is_TDI_3A4=0.2095 CYP1A2_log2fc=0.9514 CYP2C9_log2fc=0.4408 CYP2D6_log2fc=0.6340 CYP3A4_log2fc=0.5325
ep28 train_mse=0.2739 val=0.2990 CYP1A2_direct=0.8380 CYP2C9_direct=0.6417 CYP2D6_direct=0.7871 CYP3A4_direct=0.3772 CYP1A2_tdic=0.8815 CYP2C9_tdic=0.6322 CYP2D6_tdic=0.9207 CYP3A4_tdic=0.5341 is_TDI_2D6=0.1769 is_TDI_3A4=0.2065 CYP1A2_log2fc=0.9391 CYP2C9_log2fc=0.4451 CYP2D6_log2fc=0.6423 CYP3A4_log2fc=0.5368
ep29 train_mse=0.2682 val=0.3000 CYP1A2_direct=0.8025 CYP2C9_direct=0.6399 CYP2D6_direct=0.8366 CYP3A4_direct=0.3855 CYP1A2_tdic=0.8458 CYP2C9_tdic=0.6296 CYP2D6_tdic=0.9564 CYP3A4_tdic=0.5487 is_TDI_2D6=0.1766 is_TDI_3A4=0.2083 CYP1A2_log2fc=0.9404 CYP2C9_log2fc=0.4489 CYP2D6_log2fc=0.6225 CYP3A4_log2fc=0.5395
[L4_s1] fold 4 done 868s
[L4_s1 all] trainable 5.2M
GPU available: True (cuda), used: True
TPU available: False, using: 0 TPU cores
💡 Tip: For seamless cloud logging and experiment tracking, try installing [litlogger](https://pypi.org/project/litlogger/) to enable LitLogger, which logs metrics and artifacts automatically to the Lightning Experiments platform.
Seed set to 1
LOCAL_RANK: 0 - CUDA_VISIBLE_DEVICES: [0]
Loading `train_dataloader` to estimate number of stepping batches.
ep1 train_mse=0.0000 val=0.4072 CYP1A2_direct=0.7174 CYP2C9_direct=0.8422 CYP2D6_direct=0.9525 CYP3A4_direct=0.8599 CYP1A2_tdic=0.9019 CYP2C9_tdic=0.9001 CYP2D6_tdic=0.8177 CYP3A4_tdic=0.8048 is_TDI_2D6=0.2054 is_TDI_3A4=0.1963 CYP1A2_log2fc=0.9848 CYP2C9_log2fc=1.0708 CYP2D6_log2fc=1.0429 CYP3A4_log2fc=1.0264
ep1 train_mse=0.6050 val=0.3709 CYP1A2_direct=0.9245 CYP2C9_direct=0.8925 CYP2D6_direct=0.8238 CYP3A4_direct=0.9473 CYP1A2_tdic=0.9834 CYP2C9_tdic=0.9726 CYP2D6_tdic=0.8440 CYP3A4_tdic=0.8288 is_TDI_2D6=0.1977 is_TDI_3A4=0.2131 CYP1A2_log2fc=0.9789 CYP2C9_log2fc=0.9609 CYP2D6_log2fc=0.9981 CYP3A4_log2fc=0.9948
ep2 train_mse=0.5771 val=0.3608 CYP1A2_direct=0.8953 CYP2C9_direct=0.8864 CYP2D6_direct=0.8258 CYP3A4_direct=0.8701 CYP1A2_tdic=0.9401 CYP2C9_tdic=0.9779 CYP2D6_tdic=0.8336 CYP3A4_tdic=0.7912 is_TDI_2D6=0.1949 is_TDI_3A4=0.2225 CYP1A2_log2fc=0.9424 CYP2C9_log2fc=0.9338 CYP2D6_log2fc=0.9516 CYP3A4_log2fc=0.9433
ep3 train_mse=0.5451 val=0.3381 CYP1A2_direct=0.8654 CYP2C9_direct=0.7718 CYP2D6_direct=0.7983 CYP3A4_direct=0.6881 CYP1A2_tdic=0.9214 CYP2C9_tdic=0.8485 CYP2D6_tdic=0.8196 CYP3A4_tdic=0.7124 is_TDI_2D6=0.1934 is_TDI_3A4=0.2231 CYP1A2_log2fc=0.9245 CYP2C9_log2fc=0.8119 CYP2D6_log2fc=0.8501 CYP3A4_log2fc=0.7994
ep4 train_mse=0.5055 val=0.3328 CYP1A2_direct=0.8533 CYP2C9_direct=0.7533 CYP2D6_direct=0.7957 CYP3A4_direct=0.6580 CYP1A2_tdic=0.9000 CYP2C9_tdic=0.8200 CYP2D6_tdic=0.8052 CYP3A4_tdic=0.6603 is_TDI_2D6=0.1952 is_TDI_3A4=0.2177 CYP1A2_log2fc=0.9022 CYP2C9_log2fc=0.7823 CYP2D6_log2fc=0.9133 CYP3A4_log2fc=0.7630
ep5 train_mse=0.4867 val=0.3271 CYP1A2_direct=0.8359 CYP2C9_direct=0.7850 CYP2D6_direct=0.8039 CYP3A4_direct=0.6079 CYP1A2_tdic=0.8932 CYP2C9_tdic=0.8270 CYP2D6_tdic=0.8332 CYP3A4_tdic=0.6202 is_TDI_2D6=0.1950 is_TDI_3A4=0.2208 CYP1A2_log2fc=0.8911 CYP2C9_log2fc=0.7083 CYP2D6_log2fc=0.7925 CYP3A4_log2fc=0.7380
ep6 train_mse=0.4722 val=0.3225 CYP1A2_direct=0.8615 CYP2C9_direct=0.7737 CYP2D6_direct=0.7327 CYP3A4_direct=0.6463 CYP1A2_tdic=0.9055 CYP2C9_tdic=0.8299 CYP2D6_tdic=0.7498 CYP3A4_tdic=0.6104 is_TDI_2D6=0.1929 is_TDI_3A4=0.2145 CYP1A2_log2fc=0.8987 CYP2C9_log2fc=0.7121 CYP2D6_log2fc=0.7311 CYP3A4_log2fc=0.7172
ep7 train_mse=0.4547 val=0.3139 CYP1A2_direct=0.8498 CYP2C9_direct=0.7153 CYP2D6_direct=0.7344 CYP3A4_direct=0.5916 CYP1A2_tdic=0.8894 CYP2C9_tdic=0.7639 CYP2D6_tdic=0.7560 CYP3A4_tdic=0.5651 is_TDI_2D6=0.1988 is_TDI_3A4=0.2179 CYP1A2_log2fc=0.8746 CYP2C9_log2fc=0.6897 CYP2D6_log2fc=0.7542 CYP3A4_log2fc=0.7222
ep8 train_mse=0.4450 val=0.3094 CYP1A2_direct=0.8275 CYP2C9_direct=0.6966 CYP2D6_direct=0.7544 CYP3A4_direct=0.5537 CYP1A2_tdic=0.8596 CYP2C9_tdic=0.7416 CYP2D6_tdic=0.7789 CYP3A4_tdic=0.5315 is_TDI_2D6=0.1960 is_TDI_3A4=0.2192 CYP1A2_log2fc=0.8493 CYP2C9_log2fc=0.6512 CYP2D6_log2fc=0.7420 CYP3A4_log2fc=0.6740
ep9 train_mse=0.4352 val=0.3069 CYP1A2_direct=0.8104 CYP2C9_direct=0.7146 CYP2D6_direct=0.7162 CYP3A4_direct=0.5517 CYP1A2_tdic=0.8479 CYP2C9_tdic=0.7517 CYP2D6_tdic=0.7461 CYP3A4_tdic=0.5140 is_TDI_2D6=0.1961 is_TDI_3A4=0.2154 CYP1A2_log2fc=0.8696 CYP2C9_log2fc=0.6564 CYP2D6_log2fc=0.7161 CYP3A4_log2fc=0.6899
ep10 train_mse=0.4310 val=0.3145 CYP1A2_direct=0.8053 CYP2C9_direct=0.8024 CYP2D6_direct=0.7055 CYP3A4_direct=0.5884 CYP1A2_tdic=0.8347 CYP2C9_tdic=0.8343 CYP2D6_tdic=0.7388 CYP3A4_tdic=0.5477 is_TDI_2D6=0.1992 is_TDI_3A4=0.2231 CYP1A2_log2fc=0.8483 CYP2C9_log2fc=0.7068 CYP2D6_log2fc=0.6904 CYP3A4_log2fc=0.6969
ep11 train_mse=0.4213 val=0.3061 CYP1A2_direct=0.7868 CYP2C9_direct=0.6977 CYP2D6_direct=0.7613 CYP3A4_direct=0.5353 CYP1A2_tdic=0.8177 CYP2C9_tdic=0.7190 CYP2D6_tdic=0.7871 CYP3A4_tdic=0.5128 is_TDI_2D6=0.1996 is_TDI_3A4=0.2216 CYP1A2_log2fc=0.8398 CYP2C9_log2fc=0.6816 CYP2D6_log2fc=0.7166 CYP3A4_log2fc=0.6913
ep12 train_mse=0.4092 val=0.3069 CYP1A2_direct=0.8052 CYP2C9_direct=0.7043 CYP2D6_direct=0.7009 CYP3A4_direct=0.5911 CYP1A2_tdic=0.8269 CYP2C9_tdic=0.7121 CYP2D6_tdic=0.7353 CYP3A4_tdic=0.5658 is_TDI_2D6=0.1965 is_TDI_3A4=0.2211 CYP1A2_log2fc=0.8019 CYP2C9_log2fc=0.6633 CYP2D6_log2fc=0.6985 CYP3A4_log2fc=0.7468
ep13 train_mse=0.4045 val=0.2992 CYP1A2_direct=0.8060 CYP2C9_direct=0.6604 CYP2D6_direct=0.6871 CYP3A4_direct=0.4964 CYP1A2_tdic=0.8193 CYP2C9_tdic=0.6960 CYP2D6_tdic=0.7255 CYP3A4_tdic=0.4818 is_TDI_2D6=0.1957 is_TDI_3A4=0.2199 CYP1A2_log2fc=0.8173 CYP2C9_log2fc=0.6114 CYP2D6_log2fc=0.7128 CYP3A4_log2fc=0.6701
ep14 train_mse=0.3957 val=0.2931 CYP1A2_direct=0.7617 CYP2C9_direct=0.6508 CYP2D6_direct=0.6888 CYP3A4_direct=0.4927 CYP1A2_tdic=0.7884 CYP2C9_tdic=0.6750 CYP2D6_tdic=0.7205 CYP3A4_tdic=0.4928 is_TDI_2D6=0.1982 is_TDI_3A4=0.2220 CYP1A2_log2fc=0.7837 CYP2C9_log2fc=0.6028 CYP2D6_log2fc=0.7016 CYP3A4_log2fc=0.6769
ep15 train_mse=0.3857 val=0.2956 CYP1A2_direct=0.7637 CYP2C9_direct=0.6701 CYP2D6_direct=0.7561 CYP3A4_direct=0.4685 CYP1A2_tdic=0.7945 CYP2C9_tdic=0.6898 CYP2D6_tdic=0.7742 CYP3A4_tdic=0.4667 is_TDI_2D6=0.1955 is_TDI_3A4=0.2246 CYP1A2_log2fc=0.7893 CYP2C9_log2fc=0.5850 CYP2D6_log2fc=0.7141 CYP3A4_log2fc=0.6548
ep16 train_mse=0.3788 val=0.2885 CYP1A2_direct=0.7649 CYP2C9_direct=0.6407 CYP2D6_direct=0.6810 CYP3A4_direct=0.4718 CYP1A2_tdic=0.7843 CYP2C9_tdic=0.6682 CYP2D6_tdic=0.7066 CYP3A4_tdic=0.4607 is_TDI_2D6=0.1955 is_TDI_3A4=0.2250 CYP1A2_log2fc=0.7766 CYP2C9_log2fc=0.5679 CYP2D6_log2fc=0.6892 CYP3A4_log2fc=0.6331
ep17 train_mse=0.3724 val=0.2849 CYP1A2_direct=0.7506 CYP2C9_direct=0.6192 CYP2D6_direct=0.6653 CYP3A4_direct=0.4515 CYP1A2_tdic=0.7731 CYP2C9_tdic=0.6541 CYP2D6_tdic=0.6860 CYP3A4_tdic=0.4503 is_TDI_2D6=0.1990 is_TDI_3A4=0.2254 CYP1A2_log2fc=0.7696 CYP2C9_log2fc=0.5613 CYP2D6_log2fc=0.6975 CYP3A4_log2fc=0.6185
ep18 train_mse=0.3647 val=0.2899 CYP1A2_direct=0.7718 CYP2C9_direct=0.6549 CYP2D6_direct=0.7001 CYP3A4_direct=0.4717 CYP1A2_tdic=0.7948 CYP2C9_tdic=0.6738 CYP2D6_tdic=0.7197 CYP3A4_tdic=0.4686 is_TDI_2D6=0.1985 is_TDI_3A4=0.2259 CYP1A2_log2fc=0.7951 CYP2C9_log2fc=0.5879 CYP2D6_log2fc=0.6939 CYP3A4_log2fc=0.6521
ep19 train_mse=0.3620 val=0.2828 CYP1A2_direct=0.7385 CYP2C9_direct=0.6241 CYP2D6_direct=0.6688 CYP3A4_direct=0.4664 CYP1A2_tdic=0.7672 CYP2C9_tdic=0.6463 CYP2D6_tdic=0.6973 CYP3A4_tdic=0.4714 is_TDI_2D6=0.1954 is_TDI_3A4=0.2236 CYP1A2_log2fc=0.7611 CYP2C9_log2fc=0.5498 CYP2D6_log2fc=0.6711 CYP3A4_log2fc=0.6220
ep20 train_mse=0.3587 val=0.2878 CYP1A2_direct=0.7880 CYP2C9_direct=0.6470 CYP2D6_direct=0.6875 CYP3A4_direct=0.4702 CYP1A2_tdic=0.8066 CYP2C9_tdic=0.6638 CYP2D6_tdic=0.7100 CYP3A4_tdic=0.4556 is_TDI_2D6=0.1973 is_TDI_3A4=0.2240 CYP1A2_log2fc=0.7630 CYP2C9_log2fc=0.5632 CYP2D6_log2fc=0.6810 CYP3A4_log2fc=0.6064
ep21 train_mse=0.3474 val=0.2894 CYP1A2_direct=0.8051 CYP2C9_direct=0.5986 CYP2D6_direct=0.7483 CYP3A4_direct=0.4645 CYP1A2_tdic=0.8197 CYP2C9_tdic=0.6185 CYP2D6_tdic=0.7567 CYP3A4_tdic=0.4629 is_TDI_2D6=0.1993 is_TDI_3A4=0.2244 CYP1A2_log2fc=0.7672 CYP2C9_log2fc=0.5559 CYP2D6_log2fc=0.6859 CYP3A4_log2fc=0.6062
ep22 train_mse=0.3413 val=0.2800 CYP1A2_direct=0.7533 CYP2C9_direct=0.5980 CYP2D6_direct=0.7016 CYP3A4_direct=0.4461 CYP1A2_tdic=0.7741 CYP2C9_tdic=0.6200 CYP2D6_tdic=0.7109 CYP3A4_tdic=0.4454 is_TDI_2D6=0.1966 is_TDI_3A4=0.2242 CYP1A2_log2fc=0.7557 CYP2C9_log2fc=0.5319 CYP2D6_log2fc=0.6619 CYP3A4_log2fc=0.5920
ep23 train_mse=0.3326 val=0.2863 CYP1A2_direct=0.7602 CYP2C9_direct=0.6198 CYP2D6_direct=0.7535 CYP3A4_direct=0.4506 CYP1A2_tdic=0.7817 CYP2C9_tdic=0.6395 CYP2D6_tdic=0.7605 CYP3A4_tdic=0.4501 is_TDI_2D6=0.1979 is_TDI_3A4=0.2267 CYP1A2_log2fc=0.7564 CYP2C9_log2fc=0.5374 CYP2D6_log2fc=0.6759 CYP3A4_log2fc=0.5833
ep24 train_mse=0.3308 val=0.2868 CYP1A2_direct=0.7792 CYP2C9_direct=0.6445 CYP2D6_direct=0.6850 CYP3A4_direct=0.4463 CYP1A2_tdic=0.7956 CYP2C9_tdic=0.6693 CYP2D6_tdic=0.6887 CYP3A4_tdic=0.4453 is_TDI_2D6=0.1979 is_TDI_3A4=0.2241 CYP1A2_log2fc=0.7570 CYP2C9_log2fc=0.5390 CYP2D6_log2fc=0.6614 CYP3A4_log2fc=0.5826
ep25 train_mse=0.3264 val=0.2967 CYP1A2_direct=0.7917 CYP2C9_direct=0.6577 CYP2D6_direct=0.7692 CYP3A4_direct=0.5190 CYP1A2_tdic=0.8124 CYP2C9_tdic=0.6768 CYP2D6_tdic=0.7778 CYP3A4_tdic=0.5069 is_TDI_2D6=0.1964 is_TDI_3A4=0.2234 CYP1A2_log2fc=0.7544 CYP2C9_log2fc=0.5613 CYP2D6_log2fc=0.7074 CYP3A4_log2fc=0.6179
ep26 train_mse=0.3180 val=0.2809 CYP1A2_direct=0.7704 CYP2C9_direct=0.6218 CYP2D6_direct=0.6756 CYP3A4_direct=0.4427 CYP1A2_tdic=0.7904 CYP2C9_tdic=0.6388 CYP2D6_tdic=0.6830 CYP3A4_tdic=0.4364 is_TDI_2D6=0.1941 is_TDI_3A4=0.2244 CYP1A2_log2fc=0.7563 CYP2C9_log2fc=0.5389 CYP2D6_log2fc=0.6450 CYP3A4_log2fc=0.5653
ep27 train_mse=0.3135 val=0.2859 CYP1A2_direct=0.8223 CYP2C9_direct=0.5799 CYP2D6_direct=0.7514 CYP3A4_direct=0.4414 CYP1A2_tdic=0.8478 CYP2C9_tdic=0.6090 CYP2D6_tdic=0.7491 CYP3A4_tdic=0.4383 is_TDI_2D6=0.1952 is_TDI_3A4=0.2213 CYP1A2_log2fc=0.7716 CYP2C9_log2fc=0.5376 CYP2D6_log2fc=0.6707 CYP3A4_log2fc=0.5726
ep28 train_mse=0.3062 val=0.2840 CYP1A2_direct=0.7951 CYP2C9_direct=0.5767 CYP2D6_direct=0.7703 CYP3A4_direct=0.4402 CYP1A2_tdic=0.8141 CYP2C9_tdic=0.5950 CYP2D6_tdic=0.7557 CYP3A4_tdic=0.4351 is_TDI_2D6=0.1948 is_TDI_3A4=0.2214 CYP1A2_log2fc=0.7405 CYP2C9_log2fc=0.5136 CYP2D6_log2fc=0.6654 CYP3A4_log2fc=0.5570
ep29 train_mse=0.3002 val=0.2817 CYP1A2_direct=0.7918 CYP2C9_direct=0.5743 CYP2D6_direct=0.7232 CYP3A4_direct=0.4625 CYP1A2_tdic=0.8161 CYP2C9_tdic=0.5929 CYP2D6_tdic=0.7108 CYP3A4_tdic=0.4580 is_TDI_2D6=0.1933 is_TDI_3A4=0.2221 CYP1A2_log2fc=0.7486 CYP2C9_log2fc=0.5156 CYP2D6_log2fc=0.6458 CYP3A4_log2fc=0.5760
ep30 train_mse=0.2930 val=0.2851 CYP1A2_direct=0.7780 CYP2C9_direct=0.5786 CYP2D6_direct=0.7824 CYP3A4_direct=0.4627 CYP1A2_tdic=0.8029 CYP2C9_tdic=0.5999 CYP2D6_tdic=0.7626 CYP3A4_tdic=0.4517 is_TDI_2D6=0.1928 is_TDI_3A4=0.2210 CYP1A2_log2fc=0.7397 CYP2C9_log2fc=0.5184 CYP2D6_log2fc=0.6589 CYP3A4_log2fc=0.5720
DONE L4_s1 1083s
