[L2_ext] rows: challenge 6145; fold col fold_reg; weights=ext
[L2_ext fold0] trainable 17.2M
GPU available: True (cuda), used: True
TPU available: False, using: 0 TPU cores
💡 Tip: For seamless cloud logging and experiment tracking, try installing [litlogger](https://pypi.org/project/litlogger/) to enable LitLogger, which logs metrics and artifacts automatically to the Lightning Experiments platform.
Seed set to 0
LOCAL_RANK: 0 - CUDA_VISIBLE_DEVICES: [0]
Loading `train_dataloader` to estimate number of stepping batches.
ep1 train_mse=0.0000 val=0.9687 CYP1A2_direct=1.0860 CYP2C9_direct=0.9689 CYP2D6_direct=1.0643 CYP3A4_direct=1.0406 CYP1A2_tdic=1.1752 CYP2C9_tdic=1.0485 CYP2D6_tdic=1.1306 CYP3A4_tdic=1.1050 is_TDI_2D6=0.2652 is_TDI_3A4=0.2044 CYP1A2_log2fc=0.7731 CYP2C9_log2fc=1.1335 CYP2D6_log2fc=0.9882 CYP3A4_log2fc=0.9834
ep1 train_mse=0.6169 val=0.6499 CYP1A2_direct=0.7712 CYP2C9_direct=0.8838 CYP2D6_direct=0.7794 CYP3A4_direct=0.3879 CYP1A2_tdic=1.0685 CYP2C9_tdic=1.1421 CYP2D6_tdic=0.9823 CYP3A4_tdic=1.0815 is_TDI_2D6=0.2731 is_TDI_3A4=0.2221 CYP1A2_log2fc=0.8387 CYP2C9_log2fc=1.1171 CYP2D6_log2fc=0.9757 CYP3A4_log2fc=0.9518
ep2 train_mse=0.4780 val=0.7218 CYP1A2_direct=0.8084 CYP2C9_direct=1.0817 CYP2D6_direct=0.7932 CYP3A4_direct=0.4393 CYP1A2_tdic=1.0655 CYP2C9_tdic=1.1307 CYP2D6_tdic=0.9823 CYP3A4_tdic=1.0403 is_TDI_2D6=0.2629 is_TDI_3A4=0.2059 CYP1A2_log2fc=0.8205 CYP2C9_log2fc=1.1311 CYP2D6_log2fc=0.9827 CYP3A4_log2fc=0.9398
ep3 train_mse=0.3767 val=0.7254 CYP1A2_direct=0.7998 CYP2C9_direct=0.9425 CYP2D6_direct=0.8903 CYP3A4_direct=0.5024 CYP1A2_tdic=1.0545 CYP2C9_tdic=1.1298 CYP2D6_tdic=0.9807 CYP3A4_tdic=1.0716 is_TDI_2D6=0.2691 is_TDI_3A4=0.2196 CYP1A2_log2fc=0.8137 CYP2C9_log2fc=1.1182 CYP2D6_log2fc=0.9897 CYP3A4_log2fc=0.9531
ep4 train_mse=0.2815 val=0.7246 CYP1A2_direct=0.8145 CYP2C9_direct=0.9057 CYP2D6_direct=0.9119 CYP3A4_direct=0.5033 CYP1A2_tdic=1.0522 CYP2C9_tdic=1.1211 CYP2D6_tdic=0.9874 CYP3A4_tdic=1.0612 is_TDI_2D6=0.2664 is_TDI_3A4=0.2214 CYP1A2_log2fc=0.8376 CYP2C9_log2fc=1.1213 CYP2D6_log2fc=0.9927 CYP3A4_log2fc=0.9657
ep5 train_mse=0.2015 val=0.7354 CYP1A2_direct=0.9038 CYP2C9_direct=0.8807 CYP2D6_direct=0.9150 CYP3A4_direct=0.4972 CYP1A2_tdic=1.0565 CYP2C9_tdic=1.1107 CYP2D6_tdic=0.9793 CYP3A4_tdic=1.0613 is_TDI_2D6=0.2736 is_TDI_3A4=0.2227 CYP1A2_log2fc=0.8280 CYP2C9_log2fc=1.1354 CYP2D6_log2fc=0.9852 CYP3A4_log2fc=0.9541
ep6 train_mse=0.1468 val=0.6867 CYP1A2_direct=0.8049 CYP2C9_direct=0.8344 CYP2D6_direct=0.8977 CYP3A4_direct=0.4439 CYP1A2_tdic=1.0609 CYP2C9_tdic=1.1189 CYP2D6_tdic=0.9809 CYP3A4_tdic=1.0769 is_TDI_2D6=0.2623 is_TDI_3A4=0.2214 CYP1A2_log2fc=0.8374 CYP2C9_log2fc=1.1299 CYP2D6_log2fc=0.9898 CYP3A4_log2fc=0.9426
ep7 train_mse=0.1022 val=0.7075 CYP1A2_direct=0.8452 CYP2C9_direct=0.8832 CYP2D6_direct=0.9030 CYP3A4_direct=0.4429 CYP1A2_tdic=1.0637 CYP2C9_tdic=1.1269 CYP2D6_tdic=0.9835 CYP3A4_tdic=1.0802 is_TDI_2D6=0.2586 is_TDI_3A4=0.2157 CYP1A2_log2fc=0.8230 CYP2C9_log2fc=1.1310 CYP2D6_log2fc=0.9849 CYP3A4_log2fc=0.9417
ep8 train_mse=0.0716 val=0.7097 CYP1A2_direct=0.8621 CYP2C9_direct=0.8696 CYP2D6_direct=0.8930 CYP3A4_direct=0.4603 CYP1A2_tdic=1.0525 CYP2C9_tdic=1.1254 CYP2D6_tdic=0.9853 CYP3A4_tdic=1.0845 is_TDI_2D6=0.2621 is_TDI_3A4=0.2179 CYP1A2_log2fc=0.8149 CYP2C9_log2fc=1.1273 CYP2D6_log2fc=0.9888 CYP3A4_log2fc=0.9403
ep9 train_mse=0.0534 val=0.7047 CYP1A2_direct=0.8396 CYP2C9_direct=0.8547 CYP2D6_direct=0.9173 CYP3A4_direct=0.4501 CYP1A2_tdic=1.0577 CYP2C9_tdic=1.1191 CYP2D6_tdic=0.9835 CYP3A4_tdic=1.0729 is_TDI_2D6=0.2633 is_TDI_3A4=0.2150 CYP1A2_log2fc=0.8167 CYP2C9_log2fc=1.1246 CYP2D6_log2fc=0.9843 CYP3A4_log2fc=0.9583
[L2_ext] fold 0 done 171s
[L2_ext fold1] trainable 17.2M
GPU available: True (cuda), used: True
TPU available: False, using: 0 TPU cores
💡 Tip: For seamless cloud logging and experiment tracking, try installing [litlogger](https://pypi.org/project/litlogger/) to enable LitLogger, which logs metrics and artifacts automatically to the Lightning Experiments platform.
Seed set to 0
LOCAL_RANK: 0 - CUDA_VISIBLE_DEVICES: [0]
Loading `train_dataloader` to estimate number of stepping batches.
ep1 train_mse=0.0000 val=0.9963 CYP1A2_direct=1.1835 CYP2C9_direct=1.2278 CYP2D6_direct=0.5890 CYP3A4_direct=1.1197 CYP1A2_tdic=1.1557 CYP2C9_tdic=1.1847 CYP2D6_tdic=0.6747 CYP3A4_tdic=0.9636 is_TDI_2D6=0.2511 is_TDI_3A4=0.1815 CYP1A2_log2fc=1.3477 CYP2C9_log2fc=1.0367 CYP2D6_log2fc=1.1706 CYP3A4_log2fc=1.0771
ep1 train_mse=0.6087 val=0.5995 CYP1A2_direct=0.8420 CYP2C9_direct=0.6259 CYP2D6_direct=0.5200 CYP3A4_direct=0.4974 CYP1A2_tdic=1.1885 CYP2C9_tdic=1.1689 CYP2D6_tdic=0.7255 CYP3A4_tdic=0.9238 is_TDI_2D6=0.3007 is_TDI_3A4=0.2218 CYP1A2_log2fc=1.2695 CYP2C9_log2fc=1.0285 CYP2D6_log2fc=1.0474 CYP3A4_log2fc=1.0137
ep2 train_mse=0.4656 val=0.5595 CYP1A2_direct=0.8274 CYP2C9_direct=0.5623 CYP2D6_direct=0.4955 CYP3A4_direct=0.4276 CYP1A2_tdic=1.1995 CYP2C9_tdic=1.1643 CYP2D6_tdic=0.7228 CYP3A4_tdic=0.9258 is_TDI_2D6=0.3116 is_TDI_3A4=0.2227 CYP1A2_log2fc=1.2661 CYP2C9_log2fc=1.0320 CYP2D6_log2fc=1.0297 CYP3A4_log2fc=1.0069
ep3 train_mse=0.3683 val=0.5243 CYP1A2_direct=0.7724 CYP2C9_direct=0.5288 CYP2D6_direct=0.4754 CYP3A4_direct=0.3894 CYP1A2_tdic=1.1987 CYP2C9_tdic=1.1772 CYP2D6_tdic=0.7225 CYP3A4_tdic=0.9098 is_TDI_2D6=0.3012 is_TDI_3A4=0.2263 CYP1A2_log2fc=1.2361 CYP2C9_log2fc=1.0778 CYP2D6_log2fc=1.0249 CYP3A4_log2fc=1.0135
ep4 train_mse=0.2721 val=0.6128 CYP1A2_direct=0.9932 CYP2C9_direct=0.5964 CYP2D6_direct=0.5082 CYP3A4_direct=0.4277 CYP1A2_tdic=1.2177 CYP2C9_tdic=1.1776 CYP2D6_tdic=0.7058 CYP3A4_tdic=0.9007 is_TDI_2D6=0.3135 is_TDI_3A4=0.2230 CYP1A2_log2fc=1.2387 CYP2C9_log2fc=1.0821 CYP2D6_log2fc=1.0273 CYP3A4_log2fc=1.0254
ep5 train_mse=0.1972 val=0.5182 CYP1A2_direct=0.7672 CYP2C9_direct=0.4944 CYP2D6_direct=0.5140 CYP3A4_direct=0.3604 CYP1A2_tdic=1.2103 CYP2C9_tdic=1.1955 CYP2D6_tdic=0.7202 CYP3A4_tdic=0.9060 is_TDI_2D6=0.3182 is_TDI_3A4=0.2239 CYP1A2_log2fc=1.2342 CYP2C9_log2fc=1.0809 CYP2D6_log2fc=1.0148 CYP3A4_log2fc=1.0305
ep6 train_mse=0.1370 val=0.5216 CYP1A2_direct=0.7893 CYP2C9_direct=0.4924 CYP2D6_direct=0.4942 CYP3A4_direct=0.3752 CYP1A2_tdic=1.1990 CYP2C9_tdic=1.1695 CYP2D6_tdic=0.7174 CYP3A4_tdic=0.9483 is_TDI_2D6=0.3106 is_TDI_3A4=0.2164 CYP1A2_log2fc=1.2334 CYP2C9_log2fc=1.0601 CYP2D6_log2fc=1.0183 CYP3A4_log2fc=1.0334
ep7 train_mse=0.0971 val=0.5337 CYP1A2_direct=0.8001 CYP2C9_direct=0.5290 CYP2D6_direct=0.4781 CYP3A4_direct=0.3971 CYP1A2_tdic=1.1983 CYP2C9_tdic=1.1966 CYP2D6_tdic=0.7166 CYP3A4_tdic=0.9350 is_TDI_2D6=0.3075 is_TDI_3A4=0.2263 CYP1A2_log2fc=1.2341 CYP2C9_log2fc=1.0601 CYP2D6_log2fc=1.0178 CYP3A4_log2fc=1.0289
ep8 train_mse=0.0696 val=0.5265 CYP1A2_direct=0.8123 CYP2C9_direct=0.4740 CYP2D6_direct=0.4930 CYP3A4_direct=0.3931 CYP1A2_tdic=1.2076 CYP2C9_tdic=1.1865 CYP2D6_tdic=0.7240 CYP3A4_tdic=0.9251 is_TDI_2D6=0.3078 is_TDI_3A4=0.2203 CYP1A2_log2fc=1.2287 CYP2C9_log2fc=1.0591 CYP2D6_log2fc=1.0190 CYP3A4_log2fc=1.0205
ep9 train_mse=0.0603 val=0.5240 CYP1A2_direct=0.7527 CYP2C9_direct=0.5096 CYP2D6_direct=0.5307 CYP3A4_direct=0.3683 CYP1A2_tdic=1.2002 CYP2C9_tdic=1.1864 CYP2D6_tdic=0.7175 CYP3A4_tdic=0.9281 is_TDI_2D6=0.3107 is_TDI_3A4=0.2259 CYP1A2_log2fc=1.2449 CYP2C9_log2fc=1.0643 CYP2D6_log2fc=1.0192 CYP3A4_log2fc=1.0240
ep10 train_mse=0.0452 val=0.5235 CYP1A2_direct=0.7748 CYP2C9_direct=0.5184 CYP2D6_direct=0.4756 CYP3A4_direct=0.3942 CYP1A2_tdic=1.2071 CYP2C9_tdic=1.1939 CYP2D6_tdic=0.7189 CYP3A4_tdic=0.9170 is_TDI_2D6=0.3121 is_TDI_3A4=0.2255 CYP1A2_log2fc=1.2365 CYP2C9_log2fc=1.0739 CYP2D6_log2fc=1.0234 CYP3A4_log2fc=1.0314
ep11 train_mse=0.0367 val=0.5123 CYP1A2_direct=0.7471 CYP2C9_direct=0.5101 CYP2D6_direct=0.4879 CYP3A4_direct=0.3696 CYP1A2_tdic=1.2033 CYP2C9_tdic=1.1891 CYP2D6_tdic=0.7170 CYP3A4_tdic=0.9273 is_TDI_2D6=0.3079 is_TDI_3A4=0.2213 CYP1A2_log2fc=1.2411 CYP2C9_log2fc=1.0556 CYP2D6_log2fc=1.0214 CYP3A4_log2fc=1.0325
ep12 train_mse=0.0269 val=0.5034 CYP1A2_direct=0.7241 CYP2C9_direct=0.4818 CYP2D6_direct=0.5037 CYP3A4_direct=0.3683 CYP1A2_tdic=1.2075 CYP2C9_tdic=1.1851 CYP2D6_tdic=0.7180 CYP3A4_tdic=0.9260 is_TDI_2D6=0.3003 is_TDI_3A4=0.2245 CYP1A2_log2fc=1.2415 CYP2C9_log2fc=1.0542 CYP2D6_log2fc=1.0207 CYP3A4_log2fc=1.0333
ep13 train_mse=0.0210 val=0.5160 CYP1A2_direct=0.7571 CYP2C9_direct=0.5069 CYP2D6_direct=0.4946 CYP3A4_direct=0.3706 CYP1A2_tdic=1.2049 CYP2C9_tdic=1.1881 CYP2D6_tdic=0.7192 CYP3A4_tdic=0.9255 is_TDI_2D6=0.3031 is_TDI_3A4=0.2245 CYP1A2_log2fc=1.2402 CYP2C9_log2fc=1.0512 CYP2D6_log2fc=1.0198 CYP3A4_log2fc=1.0373
ep14 train_mse=0.0168 val=0.5137 CYP1A2_direct=0.7577 CYP2C9_direct=0.4950 CYP2D6_direct=0.4965 CYP3A4_direct=0.3701 CYP1A2_tdic=1.2029 CYP2C9_tdic=1.1830 CYP2D6_tdic=0.7177 CYP3A4_tdic=0.9313 is_TDI_2D6=0.3024 is_TDI_3A4=0.2239 CYP1A2_log2fc=1.2391 CYP2C9_log2fc=1.0478 CYP2D6_log2fc=1.0244 CYP3A4_log2fc=1.0232
ep15 train_mse=0.0139 val=0.5176 CYP1A2_direct=0.7495 CYP2C9_direct=0.5185 CYP2D6_direct=0.4945 CYP3A4_direct=0.3745 CYP1A2_tdic=1.2065 CYP2C9_tdic=1.1816 CYP2D6_tdic=0.7194 CYP3A4_tdic=0.9244 is_TDI_2D6=0.3029 is_TDI_3A4=0.2218 CYP1A2_log2fc=1.2396 CYP2C9_log2fc=1.0568 CYP2D6_log2fc=1.0220 CYP3A4_log2fc=1.0310
ep16 train_mse=0.0120 val=0.5053 CYP1A2_direct=0.7360 CYP2C9_direct=0.5051 CYP2D6_direct=0.4785 CYP3A4_direct=0.3662 CYP1A2_tdic=1.2040 CYP2C9_tdic=1.1800 CYP2D6_tdic=0.7199 CYP3A4_tdic=0.9280 is_TDI_2D6=0.3038 is_TDI_3A4=0.2219 CYP1A2_log2fc=1.2408 CYP2C9_log2fc=1.0531 CYP2D6_log2fc=1.0216 CYP3A4_log2fc=1.0352
ep17 train_mse=0.0104 val=0.5123 CYP1A2_direct=0.7644 CYP2C9_direct=0.4977 CYP2D6_direct=0.4758 CYP3A4_direct=0.3768 CYP1A2_tdic=1.2046 CYP2C9_tdic=1.1769 CYP2D6_tdic=0.7207 CYP3A4_tdic=0.9299 is_TDI_2D6=0.3018 is_TDI_3A4=0.2220 CYP1A2_log2fc=1.2376 CYP2C9_log2fc=1.0526 CYP2D6_log2fc=1.0238 CYP3A4_log2fc=1.0336
ep18 train_mse=0.0095 val=0.5002 CYP1A2_direct=0.7297 CYP2C9_direct=0.4877 CYP2D6_direct=0.4797 CYP3A4_direct=0.3683 CYP1A2_tdic=1.2014 CYP2C9_tdic=1.1794 CYP2D6_tdic=0.7226 CYP3A4_tdic=0.9332 is_TDI_2D6=0.3008 is_TDI_3A4=0.2229 CYP1A2_log2fc=1.2413 CYP2C9_log2fc=1.0494 CYP2D6_log2fc=1.0226 CYP3A4_log2fc=1.0314
ep19 train_mse=0.0083 val=0.5075 CYP1A2_direct=0.7529 CYP2C9_direct=0.4888 CYP2D6_direct=0.4818 CYP3A4_direct=0.3711 CYP1A2_tdic=1.2051 CYP2C9_tdic=1.1807 CYP2D6_tdic=0.7201 CYP3A4_tdic=0.9276 is_TDI_2D6=0.2997 is_TDI_3A4=0.2221 CYP1A2_log2fc=1.2415 CYP2C9_log2fc=1.0471 CYP2D6_log2fc=1.0224 CYP3A4_log2fc=1.0295
ep20 train_mse=0.0074 val=0.4981 CYP1A2_direct=0.7231 CYP2C9_direct=0.4793 CYP2D6_direct=0.4910 CYP3A4_direct=0.3625 CYP1A2_tdic=1.2043 CYP2C9_tdic=1.1829 CYP2D6_tdic=0.7217 CYP3A4_tdic=0.9306 is_TDI_2D6=0.2986 is_TDI_3A4=0.2219 CYP1A2_log2fc=1.2417 CYP2C9_log2fc=1.0459 CYP2D6_log2fc=1.0224 CYP3A4_log2fc=1.0327
ep21 train_mse=0.0070 val=0.5141 CYP1A2_direct=0.7686 CYP2C9_direct=0.4901 CYP2D6_direct=0.4882 CYP3A4_direct=0.3744 CYP1A2_tdic=1.2063 CYP2C9_tdic=1.1826 CYP2D6_tdic=0.7208 CYP3A4_tdic=0.9269 is_TDI_2D6=0.2989 is_TDI_3A4=0.2220 CYP1A2_log2fc=1.2441 CYP2C9_log2fc=1.0480 CYP2D6_log2fc=1.0218 CYP3A4_log2fc=1.0351
ep22 train_mse=0.0065 val=0.5079 CYP1A2_direct=0.7379 CYP2C9_direct=0.4986 CYP2D6_direct=0.4912 CYP3A4_direct=0.3691 CYP1A2_tdic=1.2010 CYP2C9_tdic=1.1858 CYP2D6_tdic=0.7197 CYP3A4_tdic=0.9281 is_TDI_2D6=0.3003 is_TDI_3A4=0.2214 CYP1A2_log2fc=1.2404 CYP2C9_log2fc=1.0483 CYP2D6_log2fc=1.0225 CYP3A4_log2fc=1.0311
ep23 train_mse=0.0061 val=0.5076 CYP1A2_direct=0.7454 CYP2C9_direct=0.4911 CYP2D6_direct=0.4890 CYP3A4_direct=0.3694 CYP1A2_tdic=1.1994 CYP2C9_tdic=1.1862 CYP2D6_tdic=0.7195 CYP3A4_tdic=0.9262 is_TDI_2D6=0.2972 is_TDI_3A4=0.2210 CYP1A2_log2fc=1.2412 CYP2C9_log2fc=1.0501 CYP2D6_log2fc=1.0216 CYP3A4_log2fc=1.0307
ep24 train_mse=0.0055 val=0.5112 CYP1A2_direct=0.7639 CYP2C9_direct=0.4901 CYP2D6_direct=0.4870 CYP3A4_direct=0.3677 CYP1A2_tdic=1.2019 CYP2C9_tdic=1.1877 CYP2D6_tdic=0.7186 CYP3A4_tdic=0.9267 is_TDI_2D6=0.2997 is_TDI_3A4=0.2211 CYP1A2_log2fc=1.2406 CYP2C9_log2fc=1.0493 CYP2D6_log2fc=1.0212 CYP3A4_log2fc=1.0299
ep25 train_mse=0.0051 val=0.5102 CYP1A2_direct=0.7502 CYP2C9_direct=0.5023 CYP2D6_direct=0.4853 CYP3A4_direct=0.3679 CYP1A2_tdic=1.2020 CYP2C9_tdic=1.1866 CYP2D6_tdic=0.7187 CYP3A4_tdic=0.9245 is_TDI_2D6=0.3007 is_TDI_3A4=0.2220 CYP1A2_log2fc=1.2405 CYP2C9_log2fc=1.0526 CYP2D6_log2fc=1.0212 CYP3A4_log2fc=1.0289
ep26 train_mse=0.0048 val=0.5094 CYP1A2_direct=0.7535 CYP2C9_direct=0.4940 CYP2D6_direct=0.4824 CYP3A4_direct=0.3726 CYP1A2_tdic=1.2017 CYP2C9_tdic=1.1813 CYP2D6_tdic=0.7190 CYP3A4_tdic=0.9292 is_TDI_2D6=0.2980 is_TDI_3A4=0.2217 CYP1A2_log2fc=1.2393 CYP2C9_log2fc=1.0497 CYP2D6_log2fc=1.0223 CYP3A4_log2fc=1.0300
ep27 train_mse=0.0047 val=0.5030 CYP1A2_direct=0.7442 CYP2C9_direct=0.4895 CYP2D6_direct=0.4789 CYP3A4_direct=0.3628 CYP1A2_tdic=1.2039 CYP2C9_tdic=1.1837 CYP2D6_tdic=0.7205 CYP3A4_tdic=0.9259 is_TDI_2D6=0.2985 is_TDI_3A4=0.2220 CYP1A2_log2fc=1.2397 CYP2C9_log2fc=1.0491 CYP2D6_log2fc=1.0226 CYP3A4_log2fc=1.0312
ep28 train_mse=0.0045 val=0.5113 CYP1A2_direct=0.7595 CYP2C9_direct=0.4911 CYP2D6_direct=0.4872 CYP3A4_direct=0.3722 CYP1A2_tdic=1.2027 CYP2C9_tdic=1.1797 CYP2D6_tdic=0.7184 CYP3A4_tdic=0.9294 is_TDI_2D6=0.2978 is_TDI_3A4=0.2215 CYP1A2_log2fc=1.2401 CYP2C9_log2fc=1.0499 CYP2D6_log2fc=1.0210 CYP3A4_log2fc=1.0290
[L2_ext] fold 1 done 672s
[L2_ext fold2] trainable 17.2M
GPU available: True (cuda), used: True
TPU available: False, using: 0 TPU cores
💡 Tip: For seamless cloud logging and experiment tracking, try installing [litlogger](https://pypi.org/project/litlogger/) to enable LitLogger, which logs metrics and artifacts automatically to the Lightning Experiments platform.
Seed set to 0
LOCAL_RANK: 0 - CUDA_VISIBLE_DEVICES: [0]
Loading `train_dataloader` to estimate number of stepping batches.
ep1 train_mse=0.0000 val=1.0210 CYP1A2_direct=1.3075 CYP2C9_direct=0.6916 CYP2D6_direct=1.1569 CYP3A4_direct=1.0642 CYP1A2_tdic=1.1480 CYP2C9_tdic=0.7677 CYP2D6_tdic=1.0130 CYP3A4_tdic=1.0442 is_TDI_2D6=0.1473 is_TDI_3A4=0.2149 CYP1A2_log2fc=0.9672 CYP2C9_log2fc=0.9710 CYP2D6_log2fc=1.1194 CYP3A4_log2fc=0.9927
ep1 train_mse=0.6198 val=0.6529 CYP1A2_direct=0.7405 CYP2C9_direct=0.4962 CYP2D6_direct=1.0390 CYP3A4_direct=0.4391 CYP1A2_tdic=1.0603 CYP2C9_tdic=0.9353 CYP2D6_tdic=1.2124 CYP3A4_tdic=1.0188 is_TDI_2D6=0.1594 is_TDI_3A4=0.1888 CYP1A2_log2fc=1.0712 CYP2C9_log2fc=1.0430 CYP2D6_log2fc=1.1196 CYP3A4_log2fc=1.0382
ep2 train_mse=0.4656 val=0.6730 CYP1A2_direct=0.7411 CYP2C9_direct=0.4919 CYP2D6_direct=1.1365 CYP3A4_direct=0.4272 CYP1A2_tdic=1.0623 CYP2C9_tdic=0.9448 CYP2D6_tdic=1.1957 CYP3A4_tdic=1.0213 is_TDI_2D6=0.1714 is_TDI_3A4=0.1909 CYP1A2_log2fc=1.0712 CYP2C9_log2fc=1.1072 CYP2D6_log2fc=1.1035 CYP3A4_log2fc=1.0525
ep3 train_mse=0.3746 val=0.6961 CYP1A2_direct=0.7023 CYP2C9_direct=0.4883 CYP2D6_direct=1.2264 CYP3A4_direct=0.4796 CYP1A2_tdic=1.0596 CYP2C9_tdic=0.9398 CYP2D6_tdic=1.1875 CYP3A4_tdic=1.0259 is_TDI_2D6=0.1604 is_TDI_3A4=0.1876 CYP1A2_log2fc=1.0776 CYP2C9_log2fc=1.0655 CYP2D6_log2fc=1.1003 CYP3A4_log2fc=1.0645
ep4 train_mse=0.2734 val=0.7202 CYP1A2_direct=0.7411 CYP2C9_direct=0.4848 CYP2D6_direct=1.2609 CYP3A4_direct=0.5082 CYP1A2_tdic=1.0601 CYP2C9_tdic=0.9396 CYP2D6_tdic=1.1782 CYP3A4_tdic=1.0308 is_TDI_2D6=0.1656 is_TDI_3A4=0.1889 CYP1A2_log2fc=1.0727 CYP2C9_log2fc=1.0577 CYP2D6_log2fc=1.1076 CYP3A4_log2fc=1.0611
ep5 train_mse=0.1939 val=0.6802 CYP1A2_direct=0.7253 CYP2C9_direct=0.4415 CYP2D6_direct=1.2077 CYP3A4_direct=0.4499 CYP1A2_tdic=1.0693 CYP2C9_tdic=0.9294 CYP2D6_tdic=1.1763 CYP3A4_tdic=1.0197 is_TDI_2D6=0.1646 is_TDI_3A4=0.1881 CYP1A2_log2fc=1.0790 CYP2C9_log2fc=1.0485 CYP2D6_log2fc=1.1058 CYP3A4_log2fc=1.0713
ep6 train_mse=0.1395 val=0.6898 CYP1A2_direct=0.7201 CYP2C9_direct=0.5048 CYP2D6_direct=1.2021 CYP3A4_direct=0.4420 CYP1A2_tdic=1.0642 CYP2C9_tdic=0.9362 CYP2D6_tdic=1.1741 CYP3A4_tdic=1.0111 is_TDI_2D6=0.1630 is_TDI_3A4=0.1828 CYP1A2_log2fc=1.0837 CYP2C9_log2fc=1.0394 CYP2D6_log2fc=1.1101 CYP3A4_log2fc=1.0719
ep7 train_mse=0.0996 val=0.6639 CYP1A2_direct=0.6929 CYP2C9_direct=0.4588 CYP2D6_direct=1.1426 CYP3A4_direct=0.4668 CYP1A2_tdic=1.0608 CYP2C9_tdic=0.9326 CYP2D6_tdic=1.1873 CYP3A4_tdic=1.0045 is_TDI_2D6=0.1690 is_TDI_3A4=0.1877 CYP1A2_log2fc=1.0802 CYP2C9_log2fc=1.0342 CYP2D6_log2fc=1.1116 CYP3A4_log2fc=1.0650
ep8 train_mse=0.0776 val=0.6771 CYP1A2_direct=0.7338 CYP2C9_direct=0.4851 CYP2D6_direct=1.1276 CYP3A4_direct=0.4690 CYP1A2_tdic=1.0662 CYP2C9_tdic=0.9349 CYP2D6_tdic=1.1839 CYP3A4_tdic=1.0213 is_TDI_2D6=0.1740 is_TDI_3A4=0.1894 CYP1A2_log2fc=1.0814 CYP2C9_log2fc=1.0294 CYP2D6_log2fc=1.1139 CYP3A4_log2fc=1.0649
ep9 train_mse=0.0587 val=0.6576 CYP1A2_direct=0.7109 CYP2C9_direct=0.4793 CYP2D6_direct=1.1050 CYP3A4_direct=0.4394 CYP1A2_tdic=1.0643 CYP2C9_tdic=0.9384 CYP2D6_tdic=1.1903 CYP3A4_tdic=1.0234 is_TDI_2D6=0.1717 is_TDI_3A4=0.1898 CYP1A2_log2fc=1.0830 CYP2C9_log2fc=1.0214 CYP2D6_log2fc=1.1116 CYP3A4_log2fc=1.0576
[L2_ext] fold 2 done 844s
[L2_ext fold3] trainable 17.2M
GPU available: True (cuda), used: True
TPU available: False, using: 0 TPU cores
💡 Tip: For seamless cloud logging and experiment tracking, try installing [litlogger](https://pypi.org/project/litlogger/) to enable LitLogger, which logs metrics and artifacts automatically to the Lightning Experiments platform.
Seed set to 0
LOCAL_RANK: 0 - CUDA_VISIBLE_DEVICES: [0]
Loading `train_dataloader` to estimate number of stepping batches.
ep1 train_mse=0.0000 val=0.7108 CYP1A2_direct=0.8075 CYP2C9_direct=0.4903 CYP2D6_direct=0.5954 CYP3A4_direct=1.0520 CYP1A2_tdic=0.7223 CYP2C9_tdic=0.5031 CYP2D6_tdic=0.6296 CYP3A4_tdic=1.0096 is_TDI_2D6=0.2097 is_TDI_3A4=0.2649 CYP1A2_log2fc=1.0186 CYP2C9_log2fc=0.9440 CYP2D6_log2fc=1.2201 CYP3A4_log2fc=0.9458
ep1 train_mse=0.6269 val=0.5377 CYP1A2_direct=0.5816 CYP2C9_direct=0.5173 CYP2D6_direct=0.5999 CYP3A4_direct=0.5266 CYP1A2_tdic=0.7689 CYP2C9_tdic=0.8365 CYP2D6_tdic=0.9312 CYP3A4_tdic=0.9156 is_TDI_2D6=0.2363 is_TDI_3A4=0.2379 CYP1A2_log2fc=1.0409 CYP2C9_log2fc=1.0490 CYP2D6_log2fc=1.1679 CYP3A4_log2fc=0.9578
ep2 train_mse=0.4770 val=0.5404 CYP1A2_direct=0.5827 CYP2C9_direct=0.5364 CYP2D6_direct=0.6207 CYP3A4_direct=0.4929 CYP1A2_tdic=0.7749 CYP2C9_tdic=0.8216 CYP2D6_tdic=0.9351 CYP3A4_tdic=0.8972 is_TDI_2D6=0.2406 is_TDI_3A4=0.2366 CYP1A2_log2fc=1.0293 CYP2C9_log2fc=1.0345 CYP2D6_log2fc=1.1716 CYP3A4_log2fc=0.9698
ep3 train_mse=0.3772 val=0.5866 CYP1A2_direct=0.6192 CYP2C9_direct=0.7097 CYP2D6_direct=0.6163 CYP3A4_direct=0.4913 CYP1A2_tdic=0.7647 CYP2C9_tdic=0.8304 CYP2D6_tdic=0.9253 CYP3A4_tdic=0.9082 is_TDI_2D6=0.2252 is_TDI_3A4=0.2392 CYP1A2_log2fc=1.0258 CYP2C9_log2fc=1.0477 CYP2D6_log2fc=1.1609 CYP3A4_log2fc=0.9755
ep4 train_mse=0.2827 val=0.5477 CYP1A2_direct=0.6014 CYP2C9_direct=0.5875 CYP2D6_direct=0.6327 CYP3A4_direct=0.4386 CYP1A2_tdic=0.7555 CYP2C9_tdic=0.8265 CYP2D6_tdic=0.9357 CYP3A4_tdic=0.9085 is_TDI_2D6=0.2285 is_TDI_3A4=0.2472 CYP1A2_log2fc=1.0222 CYP2C9_log2fc=1.0390 CYP2D6_log2fc=1.1683 CYP3A4_log2fc=0.9666
ep5 train_mse=0.1996 val=0.5798 CYP1A2_direct=0.6619 CYP2C9_direct=0.6085 CYP2D6_direct=0.5877 CYP3A4_direct=0.5477 CYP1A2_tdic=0.7581 CYP2C9_tdic=0.8329 CYP2D6_tdic=0.9358 CYP3A4_tdic=0.9165 is_TDI_2D6=0.2289 is_TDI_3A4=0.2449 CYP1A2_log2fc=1.0236 CYP2C9_log2fc=1.0357 CYP2D6_log2fc=1.1729 CYP3A4_log2fc=0.9591
ep6 train_mse=0.1455 val=0.5620 CYP1A2_direct=0.6497 CYP2C9_direct=0.5773 CYP2D6_direct=0.6268 CYP3A4_direct=0.4654 CYP1A2_tdic=0.7625 CYP2C9_tdic=0.8386 CYP2D6_tdic=0.9369 CYP3A4_tdic=0.9054 is_TDI_2D6=0.2352 is_TDI_3A4=0.2401 CYP1A2_log2fc=1.0273 CYP2C9_log2fc=1.0637 CYP2D6_log2fc=1.1648 CYP3A4_log2fc=0.9746
ep7 train_mse=0.0991 val=0.5708 CYP1A2_direct=0.6486 CYP2C9_direct=0.5897 CYP2D6_direct=0.6335 CYP3A4_direct=0.4860 CYP1A2_tdic=0.7561 CYP2C9_tdic=0.8355 CYP2D6_tdic=0.9348 CYP3A4_tdic=0.8981 is_TDI_2D6=0.2289 is_TDI_3A4=0.2431 CYP1A2_log2fc=1.0281 CYP2C9_log2fc=1.0502 CYP2D6_log2fc=1.1628 CYP3A4_log2fc=0.9654
ep8 train_mse=0.0707 val=0.5534 CYP1A2_direct=0.6387 CYP2C9_direct=0.5301 CYP2D6_direct=0.6362 CYP3A4_direct=0.4752 CYP1A2_tdic=0.7596 CYP2C9_tdic=0.8417 CYP2D6_tdic=0.9360 CYP3A4_tdic=0.9122 is_TDI_2D6=0.2326 is_TDI_3A4=0.2461 CYP1A2_log2fc=1.0190 CYP2C9_log2fc=1.0486 CYP2D6_log2fc=1.1635 CYP3A4_log2fc=0.9748
ep9 train_mse=0.0531 val=0.5526 CYP1A2_direct=0.6531 CYP2C9_direct=0.5390 CYP2D6_direct=0.6146 CYP3A4_direct=0.4722 CYP1A2_tdic=0.7588 CYP2C9_tdic=0.8407 CYP2D6_tdic=0.9389 CYP3A4_tdic=0.9122 is_TDI_2D6=0.2329 is_TDI_3A4=0.2447 CYP1A2_log2fc=1.0202 CYP2C9_log2fc=1.0403 CYP2D6_log2fc=1.1675 CYP3A4_log2fc=0.9749
[L2_ext] fold 3 done 1016s
[L2_ext fold4] trainable 17.2M
GPU available: True (cuda), used: True
TPU available: False, using: 0 TPU cores
💡 Tip: For seamless cloud logging and experiment tracking, try installing [litlogger](https://pypi.org/project/litlogger/) to enable LitLogger, which logs metrics and artifacts automatically to the Lightning Experiments platform.
Seed set to 0
LOCAL_RANK: 0 - CUDA_VISIBLE_DEVICES: [0]
Loading `train_dataloader` to estimate number of stepping batches.
ep1 train_mse=0.0000 val=0.8764 CYP1A2_direct=0.5307 CYP2C9_direct=0.7471 CYP2D6_direct=1.3783 CYP3A4_direct=1.0060 CYP1A2_tdic=0.5572 CYP2C9_tdic=0.9231 CYP2D6_tdic=1.2231 CYP3A4_tdic=0.8685 is_TDI_2D6=0.1372 is_TDI_3A4=0.2223 CYP1A2_log2fc=0.8167 CYP2C9_log2fc=0.9678 CYP2D6_log2fc=1.0493 CYP3A4_log2fc=0.9607
ep1 train_mse=0.6152 val=0.5525 CYP1A2_direct=0.5009 CYP2C9_direct=0.5477 CYP2D6_direct=0.9219 CYP3A4_direct=0.3605 CYP1A2_tdic=0.8193 CYP2C9_tdic=1.0547 CYP2D6_tdic=1.0831 CYP3A4_tdic=0.8930 is_TDI_2D6=0.1952 is_TDI_3A4=0.2034 CYP1A2_log2fc=1.0276 CYP2C9_log2fc=1.0820 CYP2D6_log2fc=1.0085 CYP3A4_log2fc=1.0146
ep2 train_mse=0.4803 val=0.5873 CYP1A2_direct=0.5354 CYP2C9_direct=0.6639 CYP2D6_direct=0.8501 CYP3A4_direct=0.4412 CYP1A2_tdic=0.8125 CYP2C9_tdic=1.0288 CYP2D6_tdic=1.0793 CYP3A4_tdic=0.8916 is_TDI_2D6=0.1835 is_TDI_3A4=0.2061 CYP1A2_log2fc=1.0175 CYP2C9_log2fc=1.0443 CYP2D6_log2fc=1.0063 CYP3A4_log2fc=1.0225
ep3 train_mse=0.3826 val=0.5876 CYP1A2_direct=0.5812 CYP2C9_direct=0.6595 CYP2D6_direct=0.8998 CYP3A4_direct=0.3584 CYP1A2_tdic=0.8251 CYP2C9_tdic=1.0336 CYP2D6_tdic=1.0768 CYP3A4_tdic=0.8657 is_TDI_2D6=0.1908 is_TDI_3A4=0.1995 CYP1A2_log2fc=1.0311 CYP2C9_log2fc=1.0519 CYP2D6_log2fc=1.0104 CYP3A4_log2fc=1.0312
ep4 train_mse=0.2806 val=0.5526 CYP1A2_direct=0.5750 CYP2C9_direct=0.6194 CYP2D6_direct=0.8167 CYP3A4_direct=0.3436 CYP1A2_tdic=0.8307 CYP2C9_tdic=1.0172 CYP2D6_tdic=1.0642 CYP3A4_tdic=0.8935 is_TDI_2D6=0.1974 is_TDI_3A4=0.1930 CYP1A2_log2fc=1.0374 CYP2C9_log2fc=1.0836 CYP2D6_log2fc=1.0167 CYP3A4_log2fc=1.0513
