[L2_s5] rows: challenge 6145; fold col fold_reg; weights=plan
[L2_s5 fold0] trainable 17.7M
GPU available: True (cuda), used: True
TPU available: False, using: 0 TPU cores
💡 Tip: For seamless cloud logging and experiment tracking, try installing [litlogger](https://pypi.org/project/litlogger/) to enable LitLogger, which logs metrics and artifacts automatically to the Lightning Experiments platform.
Seed set to 5
LOCAL_RANK: 0 - CUDA_VISIBLE_DEVICES: [0]
Loading `train_dataloader` to estimate number of stepping batches.
ep1 train_mse=0.0000 val=0.4774 CYP1A2_direct=1.1430 CYP2C9_direct=1.3077 CYP2D6_direct=1.0257 CYP3A4_direct=1.0106 CYP1A2_tdic=1.1800 CYP2C9_tdic=1.2164 CYP2D6_tdic=0.9451 CYP3A4_tdic=1.0265 is_TDI_2D6=0.1993 is_TDI_3A4=0.2442 CYP1A2_log2fc=1.0577 CYP2C9_log2fc=1.0409 CYP2D6_log2fc=0.8750 CYP3A4_log2fc=0.9700
ep1 train_mse=0.4480 val=0.3017 CYP1A2_direct=0.7754 CYP2C9_direct=0.5346 CYP2D6_direct=0.7570 CYP3A4_direct=0.4593 CYP1A2_tdic=0.7664 CYP2C9_tdic=0.5609 CYP2D6_tdic=0.8388 CYP3A4_tdic=0.5458 is_TDI_2D6=0.2111 is_TDI_3A4=0.2466 CYP1A2_log2fc=0.8086 CYP2C9_log2fc=0.5071 CYP2D6_log2fc=0.6849 CYP3A4_log2fc=0.5436
ep2 train_mse=0.3355 val=0.3034 CYP1A2_direct=0.9013 CYP2C9_direct=0.5619 CYP2D6_direct=0.8530 CYP3A4_direct=0.4503 CYP1A2_tdic=0.8252 CYP2C9_tdic=0.5544 CYP2D6_tdic=0.9158 CYP3A4_tdic=0.4626 is_TDI_2D6=0.2127 is_TDI_3A4=0.2507 CYP1A2_log2fc=0.7471 CYP2C9_log2fc=0.4613 CYP2D6_log2fc=0.6745 CYP3A4_log2fc=0.5186
ep3 train_mse=0.2750 val=0.2894 CYP1A2_direct=0.7805 CYP2C9_direct=0.5245 CYP2D6_direct=0.7965 CYP3A4_direct=0.4854 CYP1A2_tdic=0.7161 CYP2C9_tdic=0.5460 CYP2D6_tdic=0.8927 CYP3A4_tdic=0.5469 is_TDI_2D6=0.2201 is_TDI_3A4=0.2494 CYP1A2_log2fc=0.7209 CYP2C9_log2fc=0.4589 CYP2D6_log2fc=0.7411 CYP3A4_log2fc=0.5442
ep4 train_mse=0.2008 val=0.3112 CYP1A2_direct=0.7120 CYP2C9_direct=0.5633 CYP2D6_direct=0.8570 CYP3A4_direct=0.4727 CYP1A2_tdic=0.6888 CYP2C9_tdic=0.5644 CYP2D6_tdic=0.9124 CYP3A4_tdic=0.5077 is_TDI_2D6=0.2138 is_TDI_3A4=0.2517 CYP1A2_log2fc=0.7189 CYP2C9_log2fc=0.5106 CYP2D6_log2fc=0.6233 CYP3A4_log2fc=0.5123
ep5 train_mse=0.1710 val=0.3055 CYP1A2_direct=0.7918 CYP2C9_direct=0.4645 CYP2D6_direct=0.8137 CYP3A4_direct=0.4038 CYP1A2_tdic=0.7249 CYP2C9_tdic=0.4544 CYP2D6_tdic=0.8955 CYP3A4_tdic=0.4379 is_TDI_2D6=0.2221 is_TDI_3A4=0.2511 CYP1A2_log2fc=0.6630 CYP2C9_log2fc=0.3952 CYP2D6_log2fc=0.6666 CYP3A4_log2fc=0.4561
ep6 train_mse=0.1435 val=0.3816 CYP1A2_direct=0.8087 CYP2C9_direct=0.5619 CYP2D6_direct=0.8759 CYP3A4_direct=0.4333 CYP1A2_tdic=0.7577 CYP2C9_tdic=0.5530 CYP2D6_tdic=0.9257 CYP3A4_tdic=0.4635 is_TDI_2D6=0.2236 is_TDI_3A4=0.2528 CYP1A2_log2fc=0.6712 CYP2C9_log2fc=0.4785 CYP2D6_log2fc=0.6415 CYP3A4_log2fc=0.4615
ep7 train_mse=0.1207 val=0.3893 CYP1A2_direct=0.8141 CYP2C9_direct=0.5084 CYP2D6_direct=0.8271 CYP3A4_direct=0.4538 CYP1A2_tdic=0.7588 CYP2C9_tdic=0.4939 CYP2D6_tdic=0.9606 CYP3A4_tdic=0.4684 is_TDI_2D6=0.2201 is_TDI_3A4=0.2433 CYP1A2_log2fc=0.7200 CYP2C9_log2fc=0.4085 CYP2D6_log2fc=0.6186 CYP3A4_log2fc=0.5118
ep8 train_mse=0.1001 val=0.3756 CYP1A2_direct=0.7666 CYP2C9_direct=0.5190 CYP2D6_direct=0.8524 CYP3A4_direct=0.4341 CYP1A2_tdic=0.7220 CYP2C9_tdic=0.5396 CYP2D6_tdic=0.9314 CYP3A4_tdic=0.4691 is_TDI_2D6=0.2206 is_TDI_3A4=0.2399 CYP1A2_log2fc=0.6431 CYP2C9_log2fc=0.3916 CYP2D6_log2fc=0.6146 CYP3A4_log2fc=0.4490
ep9 train_mse=0.0808 val=0.4137 CYP1A2_direct=0.8584 CYP2C9_direct=0.4885 CYP2D6_direct=0.8105 CYP3A4_direct=0.3806 CYP1A2_tdic=0.8462 CYP2C9_tdic=0.4792 CYP2D6_tdic=0.8862 CYP3A4_tdic=0.4328 is_TDI_2D6=0.2196 is_TDI_3A4=0.2470 CYP1A2_log2fc=0.6853 CYP2C9_log2fc=0.3832 CYP2D6_log2fc=0.5869 CYP3A4_log2fc=0.4259
ep10 train_mse=0.0651 val=0.4148 CYP1A2_direct=0.7751 CYP2C9_direct=0.5069 CYP2D6_direct=0.7738 CYP3A4_direct=0.4056 CYP1A2_tdic=0.7450 CYP2C9_tdic=0.5311 CYP2D6_tdic=0.8851 CYP3A4_tdic=0.4505 is_TDI_2D6=0.2223 is_TDI_3A4=0.2397 CYP1A2_log2fc=0.6608 CYP2C9_log2fc=0.3952 CYP2D6_log2fc=0.5900 CYP3A4_log2fc=0.4313
ep11 train_mse=0.0526 val=0.4190 CYP1A2_direct=0.8012 CYP2C9_direct=0.4889 CYP2D6_direct=0.7762 CYP3A4_direct=0.4013 CYP1A2_tdic=0.7647 CYP2C9_tdic=0.4962 CYP2D6_tdic=0.9714 CYP3A4_tdic=0.4684 is_TDI_2D6=0.2198 is_TDI_3A4=0.2362 CYP1A2_log2fc=0.6647 CYP2C9_log2fc=0.3700 CYP2D6_log2fc=0.5674 CYP3A4_log2fc=0.4325
[L2_s5] fold 0 done 209s
[L2_s5 fold1] trainable 17.7M
GPU available: True (cuda), used: True
TPU available: False, using: 0 TPU cores
💡 Tip: For seamless cloud logging and experiment tracking, try installing [litlogger](https://pypi.org/project/litlogger/) to enable LitLogger, which logs metrics and artifacts automatically to the Lightning Experiments platform.
Seed set to 5
LOCAL_RANK: 0 - CUDA_VISIBLE_DEVICES: [0]
Loading `train_dataloader` to estimate number of stepping batches.
ep1 train_mse=0.0000 val=0.4380 CYP1A2_direct=0.9016 CYP2C9_direct=1.3968 CYP2D6_direct=0.7663 CYP3A4_direct=0.9042 CYP1A2_tdic=0.8789 CYP2C9_tdic=1.4212 CYP2D6_tdic=0.8527 CYP3A4_tdic=0.9758 is_TDI_2D6=0.1996 is_TDI_3A4=0.2380 CYP1A2_log2fc=0.9795 CYP2C9_log2fc=1.0785 CYP2D6_log2fc=0.9972 CYP3A4_log2fc=1.0355
ep1 train_mse=0.4374 val=0.3097 CYP1A2_direct=0.7890 CYP2C9_direct=0.6175 CYP2D6_direct=0.8299 CYP3A4_direct=0.4455 CYP1A2_tdic=0.8081 CYP2C9_tdic=0.6385 CYP2D6_tdic=0.9089 CYP3A4_tdic=0.5174 is_TDI_2D6=0.2201 is_TDI_3A4=0.2724 CYP1A2_log2fc=0.6426 CYP2C9_log2fc=0.5363 CYP2D6_log2fc=0.6122 CYP3A4_log2fc=0.5291
ep2 train_mse=0.3320 val=0.3099 CYP1A2_direct=0.8186 CYP2C9_direct=0.6894 CYP2D6_direct=0.9840 CYP3A4_direct=0.3756 CYP1A2_tdic=0.7542 CYP2C9_tdic=0.8016 CYP2D6_tdic=1.0218 CYP3A4_tdic=0.5296 is_TDI_2D6=0.2087 is_TDI_3A4=0.2556 CYP1A2_log2fc=0.6344 CYP2C9_log2fc=0.5582 CYP2D6_log2fc=0.6686 CYP3A4_log2fc=0.5136
ep3 train_mse=0.2649 val=0.3088 CYP1A2_direct=0.7343 CYP2C9_direct=0.7289 CYP2D6_direct=1.0859 CYP3A4_direct=0.3737 CYP1A2_tdic=0.7024 CYP2C9_tdic=0.7369 CYP2D6_tdic=1.2385 CYP3A4_tdic=0.4671 is_TDI_2D6=0.2246 is_TDI_3A4=0.2758 CYP1A2_log2fc=0.5704 CYP2C9_log2fc=0.5779 CYP2D6_log2fc=0.6619 CYP3A4_log2fc=0.5170
ep4 train_mse=0.2075 val=0.2945 CYP1A2_direct=0.5642 CYP2C9_direct=0.5668 CYP2D6_direct=0.9238 CYP3A4_direct=0.3574 CYP1A2_tdic=0.5664 CYP2C9_tdic=0.6244 CYP2D6_tdic=1.0415 CYP3A4_tdic=0.4761 is_TDI_2D6=0.2089 is_TDI_3A4=0.2646 CYP1A2_log2fc=0.5975 CYP2C9_log2fc=0.5114 CYP2D6_log2fc=0.6175 CYP3A4_log2fc=0.4695
ep5 train_mse=0.1664 val=0.3463 CYP1A2_direct=0.7516 CYP2C9_direct=0.6259 CYP2D6_direct=0.9631 CYP3A4_direct=0.3598 CYP1A2_tdic=0.7290 CYP2C9_tdic=0.6758 CYP2D6_tdic=1.0582 CYP3A4_tdic=0.4663 is_TDI_2D6=0.2153 is_TDI_3A4=0.2663 CYP1A2_log2fc=0.5908 CYP2C9_log2fc=0.5006 CYP2D6_log2fc=0.6275 CYP3A4_log2fc=0.4610
ep6 train_mse=0.1347 val=0.3645 CYP1A2_direct=0.6511 CYP2C9_direct=0.5154 CYP2D6_direct=0.8345 CYP3A4_direct=0.3264 CYP1A2_tdic=0.6452 CYP2C9_tdic=0.5849 CYP2D6_tdic=0.9401 CYP3A4_tdic=0.4455 is_TDI_2D6=0.2071 is_TDI_3A4=0.2626 CYP1A2_log2fc=0.5788 CYP2C9_log2fc=0.5089 CYP2D6_log2fc=0.6079 CYP3A4_log2fc=0.4552
ep7 train_mse=0.1137 val=0.3832 CYP1A2_direct=0.7103 CYP2C9_direct=0.5807 CYP2D6_direct=0.9771 CYP3A4_direct=0.3804 CYP1A2_tdic=0.6847 CYP2C9_tdic=0.6625 CYP2D6_tdic=1.0085 CYP3A4_tdic=0.4474 is_TDI_2D6=0.2155 is_TDI_3A4=0.2617 CYP1A2_log2fc=0.6239 CYP2C9_log2fc=0.5490 CYP2D6_log2fc=0.5873 CYP3A4_log2fc=0.4452
ep8 train_mse=0.0956 val=0.4079 CYP1A2_direct=0.6838 CYP2C9_direct=0.5925 CYP2D6_direct=0.9262 CYP3A4_direct=0.3549 CYP1A2_tdic=0.6708 CYP2C9_tdic=0.6244 CYP2D6_tdic=0.9926 CYP3A4_tdic=0.4404 is_TDI_2D6=0.2047 is_TDI_3A4=0.2540 CYP1A2_log2fc=0.6320 CYP2C9_log2fc=0.5131 CYP2D6_log2fc=0.6202 CYP3A4_log2fc=0.4428
ep9 train_mse=0.0803 val=0.4099 CYP1A2_direct=0.6801 CYP2C9_direct=0.5493 CYP2D6_direct=0.8796 CYP3A4_direct=0.3619 CYP1A2_tdic=0.6733 CYP2C9_tdic=0.6218 CYP2D6_tdic=0.9902 CYP3A4_tdic=0.4402 is_TDI_2D6=0.2118 is_TDI_3A4=0.2607 CYP1A2_log2fc=0.6007 CYP2C9_log2fc=0.4941 CYP2D6_log2fc=0.6045 CYP3A4_log2fc=0.3882
ep10 train_mse=0.0638 val=0.3992 CYP1A2_direct=0.6426 CYP2C9_direct=0.5807 CYP2D6_direct=0.8908 CYP3A4_direct=0.3707 CYP1A2_tdic=0.6245 CYP2C9_tdic=0.6146 CYP2D6_tdic=0.9775 CYP3A4_tdic=0.4370 is_TDI_2D6=0.2112 is_TDI_3A4=0.2584 CYP1A2_log2fc=0.5526 CYP2C9_log2fc=0.4868 CYP2D6_log2fc=0.6198 CYP3A4_log2fc=0.4219
ep11 train_mse=0.0491 val=0.4137 CYP1A2_direct=0.6749 CYP2C9_direct=0.5646 CYP2D6_direct=0.8660 CYP3A4_direct=0.3506 CYP1A2_tdic=0.6538 CYP2C9_tdic=0.6118 CYP2D6_tdic=0.9629 CYP3A4_tdic=0.4266 is_TDI_2D6=0.2108 is_TDI_3A4=0.2648 CYP1A2_log2fc=0.5820 CYP2C9_log2fc=0.4814 CYP2D6_log2fc=0.6302 CYP3A4_log2fc=0.3883
ep12 train_mse=0.0397 val=0.4205 CYP1A2_direct=0.6716 CYP2C9_direct=0.5500 CYP2D6_direct=0.8789 CYP3A4_direct=0.3475 CYP1A2_tdic=0.6596 CYP2C9_tdic=0.5884 CYP2D6_tdic=0.9521 CYP3A4_tdic=0.4104 is_TDI_2D6=0.2122 is_TDI_3A4=0.2653 CYP1A2_log2fc=0.5943 CYP2C9_log2fc=0.4955 CYP2D6_log2fc=0.6269 CYP3A4_log2fc=0.3980
[L2_s5] fold 1 done 434s
[L2_s5 fold2] trainable 17.7M
GPU available: True (cuda), used: True
TPU available: False, using: 0 TPU cores
💡 Tip: For seamless cloud logging and experiment tracking, try installing [litlogger](https://pypi.org/project/litlogger/) to enable LitLogger, which logs metrics and artifacts automatically to the Lightning Experiments platform.
Seed set to 5
LOCAL_RANK: 0 - CUDA_VISIBLE_DEVICES: [0]
Loading `train_dataloader` to estimate number of stepping batches.
ep1 train_mse=0.0000 val=0.4298 CYP1A2_direct=0.9784 CYP2C9_direct=0.8711 CYP2D6_direct=1.0116 CYP3A4_direct=0.9705 CYP1A2_tdic=0.9213 CYP2C9_tdic=0.7187 CYP2D6_tdic=0.9983 CYP3A4_tdic=0.9330 is_TDI_2D6=0.2643 is_TDI_3A4=0.2077 CYP1A2_log2fc=1.0131 CYP2C9_log2fc=1.0861 CYP2D6_log2fc=0.9143 CYP3A4_log2fc=1.1028
ep1 train_mse=0.4460 val=0.3211 CYP1A2_direct=0.5182 CYP2C9_direct=0.6304 CYP2D6_direct=0.9844 CYP3A4_direct=0.8266 CYP1A2_tdic=0.5613 CYP2C9_tdic=0.6962 CYP2D6_tdic=0.8093 CYP3A4_tdic=0.6885 is_TDI_2D6=0.2833 is_TDI_3A4=0.1982 CYP1A2_log2fc=0.7468 CYP2C9_log2fc=0.6665 CYP2D6_log2fc=0.6885 CYP3A4_log2fc=0.7674
ep2 train_mse=0.3381 val=0.2786 CYP1A2_direct=0.5697 CYP2C9_direct=0.5296 CYP2D6_direct=0.9905 CYP3A4_direct=0.4095 CYP1A2_tdic=0.5955 CYP2C9_tdic=0.5443 CYP2D6_tdic=0.7857 CYP3A4_tdic=0.3536 is_TDI_2D6=0.2948 is_TDI_3A4=0.2054 CYP1A2_log2fc=0.6531 CYP2C9_log2fc=0.4425 CYP2D6_log2fc=0.6524 CYP3A4_log2fc=0.5570
ep3 train_mse=0.2760 val=0.2729 CYP1A2_direct=0.4036 CYP2C9_direct=0.5862 CYP2D6_direct=0.9870 CYP3A4_direct=0.4188 CYP1A2_tdic=0.4240 CYP2C9_tdic=0.6224 CYP2D6_tdic=0.7386 CYP3A4_tdic=0.3813 is_TDI_2D6=0.3062 is_TDI_3A4=0.2050 CYP1A2_log2fc=0.5832 CYP2C9_log2fc=0.4526 CYP2D6_log2fc=0.6637 CYP3A4_log2fc=0.5393
ep4 train_mse=0.2125 val=0.2811 CYP1A2_direct=0.5948 CYP2C9_direct=0.6006 CYP2D6_direct=0.9537 CYP3A4_direct=0.3784 CYP1A2_tdic=0.5951 CYP2C9_tdic=0.5866 CYP2D6_tdic=0.7354 CYP3A4_tdic=0.3172 is_TDI_2D6=0.2965 is_TDI_3A4=0.2062 CYP1A2_log2fc=0.6192 CYP2C9_log2fc=0.4128 CYP2D6_log2fc=0.6696 CYP3A4_log2fc=0.5163
ep5 train_mse=0.1721 val=0.3100 CYP1A2_direct=0.5204 CYP2C9_direct=0.5611 CYP2D6_direct=0.9656 CYP3A4_direct=0.3836 CYP1A2_tdic=0.5359 CYP2C9_tdic=0.5447 CYP2D6_tdic=0.7133 CYP3A4_tdic=0.3691 is_TDI_2D6=0.2955 is_TDI_3A4=0.1975 CYP1A2_log2fc=0.5764 CYP2C9_log2fc=0.4367 CYP2D6_log2fc=0.5803 CYP3A4_log2fc=0.5206
ep6 train_mse=0.1471 val=0.3470 CYP1A2_direct=0.4380 CYP2C9_direct=0.5492 CYP2D6_direct=1.0707 CYP3A4_direct=0.3895 CYP1A2_tdic=0.4692 CYP2C9_tdic=0.5460 CYP2D6_tdic=0.8238 CYP3A4_tdic=0.3422 is_TDI_2D6=0.2966 is_TDI_3A4=0.2063 CYP1A2_log2fc=0.5866 CYP2C9_log2fc=0.3927 CYP2D6_log2fc=0.6251 CYP3A4_log2fc=0.5369
ep7 train_mse=0.1191 val=0.3499 CYP1A2_direct=0.5175 CYP2C9_direct=0.5232 CYP2D6_direct=0.9589 CYP3A4_direct=0.3866 CYP1A2_tdic=0.5421 CYP2C9_tdic=0.4998 CYP2D6_tdic=0.7982 CYP3A4_tdic=0.3269 is_TDI_2D6=0.2905 is_TDI_3A4=0.2023 CYP1A2_log2fc=0.5432 CYP2C9_log2fc=0.3940 CYP2D6_log2fc=0.5714 CYP3A4_log2fc=0.4977
ep8 train_mse=0.1007 val=0.3534 CYP1A2_direct=0.4963 CYP2C9_direct=0.5297 CYP2D6_direct=0.9766 CYP3A4_direct=0.3621 CYP1A2_tdic=0.5148 CYP2C9_tdic=0.5375 CYP2D6_tdic=0.7346 CYP3A4_tdic=0.3359 is_TDI_2D6=0.2918 is_TDI_3A4=0.2118 CYP1A2_log2fc=0.5571 CYP2C9_log2fc=0.3879 CYP2D6_log2fc=0.5522 CYP3A4_log2fc=0.4852
ep9 train_mse=0.0824 val=0.3801 CYP1A2_direct=0.5025 CYP2C9_direct=0.5547 CYP2D6_direct=0.9739 CYP3A4_direct=0.3690 CYP1A2_tdic=0.5210 CYP2C9_tdic=0.5417 CYP2D6_tdic=0.7663 CYP3A4_tdic=0.3551 is_TDI_2D6=0.2989 is_TDI_3A4=0.2035 CYP1A2_log2fc=0.5519 CYP2C9_log2fc=0.3981 CYP2D6_log2fc=0.5700 CYP3A4_log2fc=0.4711
ep10 train_mse=0.0673 val=0.3761 CYP1A2_direct=0.4672 CYP2C9_direct=0.5360 CYP2D6_direct=1.0370 CYP3A4_direct=0.3544 CYP1A2_tdic=0.4788 CYP2C9_tdic=0.5282 CYP2D6_tdic=0.7859 CYP3A4_tdic=0.3209 is_TDI_2D6=0.2997 is_TDI_3A4=0.1982 CYP1A2_log2fc=0.5569 CYP2C9_log2fc=0.4050 CYP2D6_log2fc=0.5744 CYP3A4_log2fc=0.5212
ep11 train_mse=0.0550 val=0.3770 CYP1A2_direct=0.5102 CYP2C9_direct=0.5149 CYP2D6_direct=0.9139 CYP3A4_direct=0.3441 CYP1A2_tdic=0.5298 CYP2C9_tdic=0.5117 CYP2D6_tdic=0.7347 CYP3A4_tdic=0.3210 is_TDI_2D6=0.2975 is_TDI_3A4=0.1973 CYP1A2_log2fc=0.5596 CYP2C9_log2fc=0.3872 CYP2D6_log2fc=0.5783 CYP3A4_log2fc=0.4901
[L2_s5] fold 2 done 643s
[L2_s5 fold3] trainable 17.7M
GPU available: True (cuda), used: True
TPU available: False, using: 0 TPU cores
💡 Tip: For seamless cloud logging and experiment tracking, try installing [litlogger](https://pypi.org/project/litlogger/) to enable LitLogger, which logs metrics and artifacts automatically to the Lightning Experiments platform.
Seed set to 5
LOCAL_RANK: 0 - CUDA_VISIBLE_DEVICES: [0]
Loading `train_dataloader` to estimate number of stepping batches.
ep1 train_mse=0.0000 val=0.4259 CYP1A2_direct=1.0630 CYP2C9_direct=0.7637 CYP2D6_direct=0.9143 CYP3A4_direct=0.9775 CYP1A2_tdic=0.8565 CYP2C9_tdic=0.6995 CYP2D6_tdic=0.8116 CYP3A4_tdic=0.9600 is_TDI_2D6=0.2275 is_TDI_3A4=0.1847 CYP1A2_log2fc=0.9959 CYP2C9_log2fc=1.0260 CYP2D6_log2fc=0.9843 CYP3A4_log2fc=1.0589
ep1 train_mse=0.4548 val=0.3225 CYP1A2_direct=0.7293 CYP2C9_direct=0.6757 CYP2D6_direct=1.0644 CYP3A4_direct=0.6086 CYP1A2_tdic=0.5891 CYP2C9_tdic=0.7218 CYP2D6_tdic=0.9885 CYP3A4_tdic=0.5861 is_TDI_2D6=0.2229 is_TDI_3A4=0.2098 CYP1A2_log2fc=0.7204 CYP2C9_log2fc=0.7463 CYP2D6_log2fc=0.7215 CYP3A4_log2fc=0.7025
ep2 train_mse=0.3445 val=0.3100 CYP1A2_direct=0.7481 CYP2C9_direct=0.6237 CYP2D6_direct=1.1065 CYP3A4_direct=0.5338 CYP1A2_tdic=0.5938 CYP2C9_tdic=0.6403 CYP2D6_tdic=0.9555 CYP3A4_tdic=0.5278 is_TDI_2D6=0.2212 is_TDI_3A4=0.2114 CYP1A2_log2fc=0.6811 CYP2C9_log2fc=0.7226 CYP2D6_log2fc=0.7841 CYP3A4_log2fc=0.6847
ep3 train_mse=0.2884 val=0.3052 CYP1A2_direct=0.6867 CYP2C9_direct=0.6611 CYP2D6_direct=1.1830 CYP3A4_direct=0.4837 CYP1A2_tdic=0.5914 CYP2C9_tdic=0.6394 CYP2D6_tdic=1.0755 CYP3A4_tdic=0.5159 is_TDI_2D6=0.2186 is_TDI_3A4=0.2016 CYP1A2_log2fc=0.5864 CYP2C9_log2fc=0.5803 CYP2D6_log2fc=0.7610 CYP3A4_log2fc=0.6567
ep4 train_mse=0.2220 val=0.2923 CYP1A2_direct=0.6503 CYP2C9_direct=0.3944 CYP2D6_direct=1.0366 CYP3A4_direct=0.4492 CYP1A2_tdic=0.5294 CYP2C9_tdic=0.4117 CYP2D6_tdic=0.9013 CYP3A4_tdic=0.4499 is_TDI_2D6=0.2318 is_TDI_3A4=0.2147 CYP1A2_log2fc=0.6557 CYP2C9_log2fc=0.4612 CYP2D6_log2fc=0.6581 CYP3A4_log2fc=0.6008
ep5 train_mse=0.1736 val=0.3169 CYP1A2_direct=0.6599 CYP2C9_direct=0.4124 CYP2D6_direct=1.0740 CYP3A4_direct=0.4848 CYP1A2_tdic=0.5377 CYP2C9_tdic=0.4088 CYP2D6_tdic=0.9445 CYP3A4_tdic=0.4804 is_TDI_2D6=0.2251 is_TDI_3A4=0.2147 CYP1A2_log2fc=0.6181 CYP2C9_log2fc=0.4915 CYP2D6_log2fc=0.6461 CYP3A4_log2fc=0.5893
ep6 train_mse=0.1430 val=0.3445 CYP1A2_direct=0.7089 CYP2C9_direct=0.3951 CYP2D6_direct=1.1340 CYP3A4_direct=0.4049 CYP1A2_tdic=0.6070 CYP2C9_tdic=0.4186 CYP2D6_tdic=1.0329 CYP3A4_tdic=0.4239 is_TDI_2D6=0.2166 is_TDI_3A4=0.2182 CYP1A2_log2fc=0.6097 CYP2C9_log2fc=0.4210 CYP2D6_log2fc=0.6302 CYP3A4_log2fc=0.5322
ep7 train_mse=0.1183 val=0.3707 CYP1A2_direct=0.6390 CYP2C9_direct=0.3719 CYP2D6_direct=1.0585 CYP3A4_direct=0.3978 CYP1A2_tdic=0.5162 CYP2C9_tdic=0.3831 CYP2D6_tdic=0.9415 CYP3A4_tdic=0.4131 is_TDI_2D6=0.2191 is_TDI_3A4=0.2124 CYP1A2_log2fc=0.5721 CYP2C9_log2fc=0.4175 CYP2D6_log2fc=0.6470 CYP3A4_log2fc=0.5394
ep8 train_mse=0.0997 val=0.3722 CYP1A2_direct=0.6068 CYP2C9_direct=0.3641 CYP2D6_direct=1.0705 CYP3A4_direct=0.4194 CYP1A2_tdic=0.4983 CYP2C9_tdic=0.3934 CYP2D6_tdic=0.9626 CYP3A4_tdic=0.4216 is_TDI_2D6=0.2233 is_TDI_3A4=0.2133 CYP1A2_log2fc=0.5597 CYP2C9_log2fc=0.4126 CYP2D6_log2fc=0.6085 CYP3A4_log2fc=0.4734
ep9 train_mse=0.0794 val=0.3895 CYP1A2_direct=0.6206 CYP2C9_direct=0.3703 CYP2D6_direct=1.0399 CYP3A4_direct=0.4275 CYP1A2_tdic=0.5046 CYP2C9_tdic=0.3887 CYP2D6_tdic=0.9417 CYP3A4_tdic=0.4183 is_TDI_2D6=0.2146 is_TDI_3A4=0.2202 CYP1A2_log2fc=0.5545 CYP2C9_log2fc=0.3961 CYP2D6_log2fc=0.5728 CYP3A4_log2fc=0.4585
ep10 train_mse=0.0647 val=0.3867 CYP1A2_direct=0.6533 CYP2C9_direct=0.3684 CYP2D6_direct=1.0301 CYP3A4_direct=0.4119 CYP1A2_tdic=0.5474 CYP2C9_tdic=0.3796 CYP2D6_tdic=0.8945 CYP3A4_tdic=0.4201 is_TDI_2D6=0.2196 is_TDI_3A4=0.2242 CYP1A2_log2fc=0.5523 CYP2C9_log2fc=0.4203 CYP2D6_log2fc=0.5835 CYP3A4_log2fc=0.4566
ep11 train_mse=0.0533 val=0.3879 CYP1A2_direct=0.6671 CYP2C9_direct=0.3654 CYP2D6_direct=0.9925 CYP3A4_direct=0.4028 CYP1A2_tdic=0.5610 CYP2C9_tdic=0.4039 CYP2D6_tdic=0.8645 CYP3A4_tdic=0.4237 is_TDI_2D6=0.2116 is_TDI_3A4=0.2270 CYP1A2_log2fc=0.6184 CYP2C9_log2fc=0.4212 CYP2D6_log2fc=0.5849 CYP3A4_log2fc=0.4629
ep12 train_mse=0.0430 val=0.3973 CYP1A2_direct=0.6333 CYP2C9_direct=0.3836 CYP2D6_direct=1.0257 CYP3A4_direct=0.4073 CYP1A2_tdic=0.5219 CYP2C9_tdic=0.3935 CYP2D6_tdic=0.9636 CYP3A4_tdic=0.4184 is_TDI_2D6=0.2152 is_TDI_3A4=0.2228 CYP1A2_log2fc=0.5782 CYP2C9_log2fc=0.4306 CYP2D6_log2fc=0.6094 CYP3A4_log2fc=0.4562
[L2_s5] fold 3 done 869s
[L2_s5 fold4] trainable 17.7M
GPU available: True (cuda), used: True
TPU available: False, using: 0 TPU cores
💡 Tip: For seamless cloud logging and experiment tracking, try installing [litlogger](https://pypi.org/project/litlogger/) to enable LitLogger, which logs metrics and artifacts automatically to the Lightning Experiments platform.
Seed set to 5
LOCAL_RANK: 0 - CUDA_VISIBLE_DEVICES: [0]
Loading `train_dataloader` to estimate number of stepping batches.
ep1 train_mse=0.0000 val=0.4247 CYP1A2_direct=0.9710 CYP2C9_direct=0.9823 CYP2D6_direct=0.6801 CYP3A4_direct=0.9456 CYP1A2_tdic=1.0209 CYP2C9_tdic=0.9987 CYP2D6_tdic=0.8924 CYP3A4_tdic=0.9739 is_TDI_2D6=0.1517 is_TDI_3A4=0.1503 CYP1A2_log2fc=1.0041 CYP2C9_log2fc=1.0000 CYP2D6_log2fc=0.9472 CYP3A4_log2fc=0.9814
ep1 train_mse=0.4505 val=0.2948 CYP1A2_direct=0.7790 CYP2C9_direct=0.7551 CYP2D6_direct=0.5550 CYP3A4_direct=0.4370 CYP1A2_tdic=0.8387 CYP2C9_tdic=0.6765 CYP2D6_tdic=0.6894 CYP3A4_tdic=0.5196 is_TDI_2D6=0.2095 is_TDI_3A4=0.1918 CYP1A2_log2fc=0.7446 CYP2C9_log2fc=0.6659 CYP2D6_log2fc=0.6847 CYP3A4_log2fc=0.6399
ep2 train_mse=0.3358 val=0.2740 CYP1A2_direct=0.6830 CYP2C9_direct=0.6731 CYP2D6_direct=0.5880 CYP3A4_direct=0.4400 CYP1A2_tdic=0.7447 CYP2C9_tdic=0.5595 CYP2D6_tdic=0.7344 CYP3A4_tdic=0.5523 is_TDI_2D6=0.2150 is_TDI_3A4=0.1889 CYP1A2_log2fc=0.6333 CYP2C9_log2fc=0.5843 CYP2D6_log2fc=0.6393 CYP3A4_log2fc=0.5534
ep3 train_mse=0.2762 val=0.2741 CYP1A2_direct=0.7337 CYP2C9_direct=0.7253 CYP2D6_direct=0.6151 CYP3A4_direct=0.4644 CYP1A2_tdic=0.7741 CYP2C9_tdic=0.6527 CYP2D6_tdic=0.8192 CYP3A4_tdic=0.5338 is_TDI_2D6=0.2162 is_TDI_3A4=0.1997 CYP1A2_log2fc=0.5701 CYP2C9_log2fc=0.4990 CYP2D6_log2fc=0.6983 CYP3A4_log2fc=0.5425
ep4 train_mse=0.2088 val=0.2827 CYP1A2_direct=0.8145 CYP2C9_direct=0.6071 CYP2D6_direct=0.5455 CYP3A4_direct=0.4401 CYP1A2_tdic=0.8684 CYP2C9_tdic=0.5270 CYP2D6_tdic=0.6976 CYP3A4_tdic=0.4818 is_TDI_2D6=0.2133 is_TDI_3A4=0.1992 CYP1A2_log2fc=0.6272 CYP2C9_log2fc=0.4637 CYP2D6_log2fc=0.6144 CYP3A4_log2fc=0.5193
ep5 train_mse=0.1701 val=0.3063 CYP1A2_direct=0.6302 CYP2C9_direct=0.6035 CYP2D6_direct=0.6157 CYP3A4_direct=0.3914 CYP1A2_tdic=0.6574 CYP2C9_tdic=0.5303 CYP2D6_tdic=0.8126 CYP3A4_tdic=0.4715 is_TDI_2D6=0.2185 is_TDI_3A4=0.1961 CYP1A2_log2fc=0.5527 CYP2C9_log2fc=0.4572 CYP2D6_log2fc=0.6375 CYP3A4_log2fc=0.4674
ep6 train_mse=0.1443 val=0.3073 CYP1A2_direct=0.5790 CYP2C9_direct=0.6029 CYP2D6_direct=0.5896 CYP3A4_direct=0.4147 CYP1A2_tdic=0.6455 CYP2C9_tdic=0.5065 CYP2D6_tdic=0.7889 CYP3A4_tdic=0.4771 is_TDI_2D6=0.2131 is_TDI_3A4=0.1970 CYP1A2_log2fc=0.5703 CYP2C9_log2fc=0.4509 CYP2D6_log2fc=0.6123 CYP3A4_log2fc=0.4492
ep7 train_mse=0.1204 val=0.3446 CYP1A2_direct=0.5830 CYP2C9_direct=0.5723 CYP2D6_direct=0.6979 CYP3A4_direct=0.3809 CYP1A2_tdic=0.6362 CYP2C9_tdic=0.4882 CYP2D6_tdic=0.8439 CYP3A4_tdic=0.4508 is_TDI_2D6=0.2114 is_TDI_3A4=0.1965 CYP1A2_log2fc=0.5345 CYP2C9_log2fc=0.4310 CYP2D6_log2fc=0.6014 CYP3A4_log2fc=0.4486
ep8 train_mse=0.0960 val=0.3377 CYP1A2_direct=0.6004 CYP2C9_direct=0.5599 CYP2D6_direct=0.6156 CYP3A4_direct=0.3641 CYP1A2_tdic=0.6520 CYP2C9_tdic=0.4710 CYP2D6_tdic=0.8335 CYP3A4_tdic=0.4351 is_TDI_2D6=0.2133 is_TDI_3A4=0.1979 CYP1A2_log2fc=0.5466 CYP2C9_log2fc=0.4487 CYP2D6_log2fc=0.6336 CYP3A4_log2fc=0.4543
ep9 train_mse=0.0767 val=0.3629 CYP1A2_direct=0.5862 CYP2C9_direct=0.5803 CYP2D6_direct=0.5761 CYP3A4_direct=0.3600 CYP1A2_tdic=0.6335 CYP2C9_tdic=0.5087 CYP2D6_tdic=0.7990 CYP3A4_tdic=0.4480 is_TDI_2D6=0.2149 is_TDI_3A4=0.2023 CYP1A2_log2fc=0.5645 CYP2C9_log2fc=0.4456 CYP2D6_log2fc=0.6112 CYP3A4_log2fc=0.4581
ep10 train_mse=0.0613 val=0.3703 CYP1A2_direct=0.5782 CYP2C9_direct=0.5685 CYP2D6_direct=0.6044 CYP3A4_direct=0.4069 CYP1A2_tdic=0.6325 CYP2C9_tdic=0.5035 CYP2D6_tdic=0.8045 CYP3A4_tdic=0.4641 is_TDI_2D6=0.2140 is_TDI_3A4=0.2021 CYP1A2_log2fc=0.5229 CYP2C9_log2fc=0.4421 CYP2D6_log2fc=0.6465 CYP3A4_log2fc=0.5075
[L2_s5] fold 4 done 1059s
[L2_s5 all] trainable 17.7M
GPU available: True (cuda), used: True
TPU available: False, using: 0 TPU cores
💡 Tip: For seamless cloud logging and experiment tracking, try installing [litlogger](https://pypi.org/project/litlogger/) to enable LitLogger, which logs metrics and artifacts automatically to the Lightning Experiments platform.
Seed set to 5
LOCAL_RANK: 0 - CUDA_VISIBLE_DEVICES: [0]
Loading `train_dataloader` to estimate number of stepping batches.
ep1 train_mse=0.0000 val=0.4511 CYP1A2_direct=1.2591 CYP2C9_direct=0.9941 CYP2D6_direct=0.8764 CYP3A4_direct=0.9594 CYP1A2_tdic=1.2997 CYP2C9_tdic=0.9221 CYP2D6_tdic=0.7314 CYP3A4_tdic=1.0714 is_TDI_2D6=0.1676 is_TDI_3A4=0.2200 CYP1A2_log2fc=1.1623 CYP2C9_log2fc=1.0836 CYP2D6_log2fc=1.0375 CYP3A4_log2fc=1.1248
ep1 train_mse=0.4800 val=0.2890 CYP1A2_direct=0.6837 CYP2C9_direct=0.6230 CYP2D6_direct=0.8582 CYP3A4_direct=0.3394 CYP1A2_tdic=0.7066 CYP2C9_tdic=0.5676 CYP2D6_tdic=0.6420 CYP3A4_tdic=0.3939 is_TDI_2D6=0.2314 is_TDI_3A4=0.2500 CYP1A2_log2fc=0.8148 CYP2C9_log2fc=0.3930 CYP2D6_log2fc=0.7664 CYP3A4_log2fc=0.4793
ep2 train_mse=0.3586 val=0.2794 CYP1A2_direct=0.6519 CYP2C9_direct=0.6887 CYP2D6_direct=0.8411 CYP3A4_direct=0.3422 CYP1A2_tdic=0.6669 CYP2C9_tdic=0.5854 CYP2D6_tdic=0.6498 CYP3A4_tdic=0.3653 is_TDI_2D6=0.2147 is_TDI_3A4=0.2551 CYP1A2_log2fc=0.7906 CYP2C9_log2fc=0.4032 CYP2D6_log2fc=0.7166 CYP3A4_log2fc=0.4253
ep3 train_mse=0.2855 val=0.2840 CYP1A2_direct=0.7705 CYP2C9_direct=0.6517 CYP2D6_direct=0.9007 CYP3A4_direct=0.4244 CYP1A2_tdic=0.7350 CYP2C9_tdic=0.5911 CYP2D6_tdic=0.7159 CYP3A4_tdic=0.3833 is_TDI_2D6=0.2164 is_TDI_3A4=0.2453 CYP1A2_log2fc=0.7572 CYP2C9_log2fc=0.4368 CYP2D6_log2fc=0.6738 CYP3A4_log2fc=0.4694
ep4 train_mse=0.2354 val=0.2711 CYP1A2_direct=0.6071 CYP2C9_direct=0.6378 CYP2D6_direct=0.7658 CYP3A4_direct=0.3225 CYP1A2_tdic=0.6208 CYP2C9_tdic=0.5795 CYP2D6_tdic=0.6750 CYP3A4_tdic=0.3395 is_TDI_2D6=0.2188 is_TDI_3A4=0.2531 CYP1A2_log2fc=0.7352 CYP2C9_log2fc=0.4034 CYP2D6_log2fc=0.7395 CYP3A4_log2fc=0.4613
ep5 train_mse=0.1837 val=0.2856 CYP1A2_direct=0.7290 CYP2C9_direct=0.5693 CYP2D6_direct=0.8062 CYP3A4_direct=0.2868 CYP1A2_tdic=0.7486 CYP2C9_tdic=0.5139 CYP2D6_tdic=0.6565 CYP3A4_tdic=0.3006 is_TDI_2D6=0.2211 is_TDI_3A4=0.2651 CYP1A2_log2fc=0.7856 CYP2C9_log2fc=0.3878 CYP2D6_log2fc=0.6082 CYP3A4_log2fc=0.3758
ep6 train_mse=0.1500 val=0.3057 CYP1A2_direct=0.5939 CYP2C9_direct=0.6673 CYP2D6_direct=0.7443 CYP3A4_direct=0.3164 CYP1A2_tdic=0.6071 CYP2C9_tdic=0.6169 CYP2D6_tdic=0.6070 CYP3A4_tdic=0.3007 is_TDI_2D6=0.2193 is_TDI_3A4=0.2740 CYP1A2_log2fc=0.7271 CYP2C9_log2fc=0.4237 CYP2D6_log2fc=0.5992 CYP3A4_log2fc=0.3843
ep7 train_mse=0.1303 val=0.3182 CYP1A2_direct=0.5986 CYP2C9_direct=0.6370 CYP2D6_direct=0.7759 CYP3A4_direct=0.3422 CYP1A2_tdic=0.6352 CYP2C9_tdic=0.6072 CYP2D6_tdic=0.6182 CYP3A4_tdic=0.3307 is_TDI_2D6=0.2155 is_TDI_3A4=0.2669 CYP1A2_log2fc=0.7000 CYP2C9_log2fc=0.3719 CYP2D6_log2fc=0.5990 CYP3A4_log2fc=0.3627
ep8 train_mse=0.1048 val=0.3226 CYP1A2_direct=0.6431 CYP2C9_direct=0.6352 CYP2D6_direct=0.7172 CYP3A4_direct=0.3029 CYP1A2_tdic=0.6617 CYP2C9_tdic=0.5658 CYP2D6_tdic=0.5857 CYP3A4_tdic=0.2894 is_TDI_2D6=0.2077 is_TDI_3A4=0.2720 CYP1A2_log2fc=0.7435 CYP2C9_log2fc=0.3782 CYP2D6_log2fc=0.5744 CYP3A4_log2fc=0.3575
ep9 train_mse=0.0856 val=0.3391 CYP1A2_direct=0.6287 CYP2C9_direct=0.6419 CYP2D6_direct=0.7218 CYP3A4_direct=0.3113 CYP1A2_tdic=0.6379 CYP2C9_tdic=0.5727 CYP2D6_tdic=0.6509 CYP3A4_tdic=0.3061 is_TDI_2D6=0.2112 is_TDI_3A4=0.2643 CYP1A2_log2fc=0.6906 CYP2C9_log2fc=0.3904 CYP2D6_log2fc=0.5955 CYP3A4_log2fc=0.3692
ep10 train_mse=0.0683 val=0.3346 CYP1A2_direct=0.6274 CYP2C9_direct=0.6131 CYP2D6_direct=0.7044 CYP3A4_direct=0.3131 CYP1A2_tdic=0.6418 CYP2C9_tdic=0.5635 CYP2D6_tdic=0.6089 CYP3A4_tdic=0.2965 is_TDI_2D6=0.2113 is_TDI_3A4=0.2669 CYP1A2_log2fc=0.7238 CYP2C9_log2fc=0.4067 CYP2D6_log2fc=0.5923 CYP3A4_log2fc=0.3764
ep11 train_mse=0.0547 val=0.3440 CYP1A2_direct=0.6501 CYP2C9_direct=0.6881 CYP2D6_direct=0.7142 CYP3A4_direct=0.2975 CYP1A2_tdic=0.6664 CYP2C9_tdic=0.6138 CYP2D6_tdic=0.6320 CYP3A4_tdic=0.3141 is_TDI_2D6=0.2125 is_TDI_3A4=0.2588 CYP1A2_log2fc=0.6883 CYP2C9_log2fc=0.3780 CYP2D6_log2fc=0.6010 CYP3A4_log2fc=0.3651
ep12 train_mse=0.0430 val=0.3444 CYP1A2_direct=0.5940 CYP2C9_direct=0.6235 CYP2D6_direct=0.7342 CYP3A4_direct=0.3009 CYP1A2_tdic=0.6081 CYP2C9_tdic=0.5592 CYP2D6_tdic=0.6256 CYP3A4_tdic=0.3027 is_TDI_2D6=0.2070 is_TDI_3A4=0.2642 CYP1A2_log2fc=0.7079 CYP2C9_log2fc=0.3879 CYP2D6_log2fc=0.5893 CYP3A4_log2fc=0.3672
DONE L2_s5 1295s
