[L3_s1] rows: challenge 6145; fold col fold_reg; weights=plan
[L3_s1 fold0] trainable 6.4M
GPU available: True (cuda), used: True
TPU available: False, using: 0 TPU cores
💡 Tip: For seamless cloud logging and experiment tracking, try installing [litlogger](https://pypi.org/project/litlogger/) to enable LitLogger, which logs metrics and artifacts automatically to the Lightning Experiments platform.
Seed set to 1
LOCAL_RANK: 0 - CUDA_VISIBLE_DEVICES: [0]
Loading `train_dataloader` to estimate number of stepping batches.
ep1 train_mse=0.0000 val=0.4611 CYP1A2_direct=1.0213 CYP2C9_direct=1.1818 CYP2D6_direct=1.1734 CYP3A4_direct=1.0532 CYP1A2_tdic=1.0174 CYP2C9_tdic=1.2301 CYP2D6_tdic=1.0653 CYP3A4_tdic=0.9982 is_TDI_2D6=0.2336 is_TDI_3A4=0.2657 CYP1A2_log2fc=1.1028 CYP2C9_log2fc=0.9652 CYP2D6_log2fc=1.0762 CYP3A4_log2fc=1.0007
ep1 train_mse=0.4514 val=0.3292 CYP1A2_direct=0.9070 CYP2C9_direct=0.6450 CYP2D6_direct=1.0885 CYP3A4_direct=0.4036 CYP1A2_tdic=0.9595 CYP2C9_tdic=0.6064 CYP2D6_tdic=0.9332 CYP3A4_tdic=0.5237 is_TDI_2D6=0.2191 is_TDI_3A4=0.2134 CYP1A2_log2fc=0.7481 CYP2C9_log2fc=0.5529 CYP2D6_log2fc=0.7641 CYP3A4_log2fc=0.5992
ep2 train_mse=0.3752 val=0.3265 CYP1A2_direct=0.9004 CYP2C9_direct=0.7482 CYP2D6_direct=0.9761 CYP3A4_direct=0.4260 CYP1A2_tdic=0.9417 CYP2C9_tdic=0.6636 CYP2D6_tdic=0.9021 CYP3A4_tdic=0.5029 is_TDI_2D6=0.2236 is_TDI_3A4=0.2246 CYP1A2_log2fc=0.7863 CYP2C9_log2fc=0.5588 CYP2D6_log2fc=0.6750 CYP3A4_log2fc=0.5823
ep3 train_mse=0.3410 val=0.3097 CYP1A2_direct=0.8915 CYP2C9_direct=0.6777 CYP2D6_direct=0.9340 CYP3A4_direct=0.3725 CYP1A2_tdic=0.9199 CYP2C9_tdic=0.6182 CYP2D6_tdic=0.8627 CYP3A4_tdic=0.4937 is_TDI_2D6=0.2332 is_TDI_3A4=0.2382 CYP1A2_log2fc=0.7459 CYP2C9_log2fc=0.5311 CYP2D6_log2fc=0.6603 CYP3A4_log2fc=0.5676
ep4 train_mse=0.2887 val=0.3221 CYP1A2_direct=1.1221 CYP2C9_direct=0.6507 CYP2D6_direct=0.9655 CYP3A4_direct=0.4420 CYP1A2_tdic=1.1751 CYP2C9_tdic=0.6213 CYP2D6_tdic=0.8758 CYP3A4_tdic=0.4950 is_TDI_2D6=0.2319 is_TDI_3A4=0.2364 CYP1A2_log2fc=0.8967 CYP2C9_log2fc=0.5886 CYP2D6_log2fc=0.6829 CYP3A4_log2fc=0.5924
ep5 train_mse=0.2541 val=0.3118 CYP1A2_direct=0.8140 CYP2C9_direct=0.6367 CYP2D6_direct=0.9620 CYP3A4_direct=0.4091 CYP1A2_tdic=0.8399 CYP2C9_tdic=0.6162 CYP2D6_tdic=0.9248 CYP3A4_tdic=0.5224 is_TDI_2D6=0.2337 is_TDI_3A4=0.2430 CYP1A2_log2fc=0.6633 CYP2C9_log2fc=0.4968 CYP2D6_log2fc=0.6893 CYP3A4_log2fc=0.5082
ep6 train_mse=0.2201 val=0.3212 CYP1A2_direct=0.9512 CYP2C9_direct=0.6423 CYP2D6_direct=1.0007 CYP3A4_direct=0.4181 CYP1A2_tdic=0.9698 CYP2C9_tdic=0.6117 CYP2D6_tdic=0.9431 CYP3A4_tdic=0.4814 is_TDI_2D6=0.2380 is_TDI_3A4=0.2424 CYP1A2_log2fc=0.6759 CYP2C9_log2fc=0.5094 CYP2D6_log2fc=0.6779 CYP3A4_log2fc=0.5363
ep7 train_mse=0.1934 val=0.3074 CYP1A2_direct=0.8647 CYP2C9_direct=0.5707 CYP2D6_direct=0.9717 CYP3A4_direct=0.3942 CYP1A2_tdic=0.8776 CYP2C9_tdic=0.5256 CYP2D6_tdic=0.8904 CYP3A4_tdic=0.4534 is_TDI_2D6=0.2325 is_TDI_3A4=0.2545 CYP1A2_log2fc=0.6360 CYP2C9_log2fc=0.4497 CYP2D6_log2fc=0.6553 CYP3A4_log2fc=0.4966
ep8 train_mse=0.1708 val=0.3388 CYP1A2_direct=0.8988 CYP2C9_direct=0.6213 CYP2D6_direct=1.0262 CYP3A4_direct=0.4466 CYP1A2_tdic=0.9141 CYP2C9_tdic=0.5961 CYP2D6_tdic=0.9133 CYP3A4_tdic=0.4820 is_TDI_2D6=0.2304 is_TDI_3A4=0.2533 CYP1A2_log2fc=0.6560 CYP2C9_log2fc=0.4722 CYP2D6_log2fc=0.6530 CYP3A4_log2fc=0.5180
ep9 train_mse=0.1546 val=0.3501 CYP1A2_direct=0.9695 CYP2C9_direct=0.6750 CYP2D6_direct=1.1043 CYP3A4_direct=0.4154 CYP1A2_tdic=0.9759 CYP2C9_tdic=0.6011 CYP2D6_tdic=1.0021 CYP3A4_tdic=0.4758 is_TDI_2D6=0.2313 is_TDI_3A4=0.2475 CYP1A2_log2fc=0.6974 CYP2C9_log2fc=0.4936 CYP2D6_log2fc=0.6687 CYP3A4_log2fc=0.5514
ep10 train_mse=0.1393 val=0.3705 CYP1A2_direct=0.9402 CYP2C9_direct=0.6420 CYP2D6_direct=1.0675 CYP3A4_direct=0.4388 CYP1A2_tdic=0.9532 CYP2C9_tdic=0.5808 CYP2D6_tdic=0.9515 CYP3A4_tdic=0.4503 is_TDI_2D6=0.2326 is_TDI_3A4=0.2486 CYP1A2_log2fc=0.6606 CYP2C9_log2fc=0.4646 CYP2D6_log2fc=0.6339 CYP3A4_log2fc=0.4910
ep11 train_mse=0.1267 val=0.3950 CYP1A2_direct=0.9200 CYP2C9_direct=0.6093 CYP2D6_direct=1.0340 CYP3A4_direct=0.4291 CYP1A2_tdic=0.9397 CYP2C9_tdic=0.5574 CYP2D6_tdic=0.9336 CYP3A4_tdic=0.4435 is_TDI_2D6=0.2368 is_TDI_3A4=0.2542 CYP1A2_log2fc=0.6516 CYP2C9_log2fc=0.4649 CYP2D6_log2fc=0.6318 CYP3A4_log2fc=0.4887
ep12 train_mse=0.1172 val=0.4237 CYP1A2_direct=0.9424 CYP2C9_direct=0.6312 CYP2D6_direct=1.0405 CYP3A4_direct=0.4270 CYP1A2_tdic=0.9443 CYP2C9_tdic=0.5803 CYP2D6_tdic=0.9753 CYP3A4_tdic=0.4581 is_TDI_2D6=0.2365 is_TDI_3A4=0.2491 CYP1A2_log2fc=0.6673 CYP2C9_log2fc=0.4692 CYP2D6_log2fc=0.5984 CYP3A4_log2fc=0.5381
ep13 train_mse=0.1044 val=0.3938 CYP1A2_direct=0.9073 CYP2C9_direct=0.6437 CYP2D6_direct=1.0316 CYP3A4_direct=0.4132 CYP1A2_tdic=0.9204 CYP2C9_tdic=0.5879 CYP2D6_tdic=0.9145 CYP3A4_tdic=0.4392 is_TDI_2D6=0.2346 is_TDI_3A4=0.2536 CYP1A2_log2fc=0.6775 CYP2C9_log2fc=0.4721 CYP2D6_log2fc=0.6560 CYP3A4_log2fc=0.5146
ep14 train_mse=0.0956 val=0.4371 CYP1A2_direct=0.9052 CYP2C9_direct=0.6237 CYP2D6_direct=1.0306 CYP3A4_direct=0.4512 CYP1A2_tdic=0.9328 CYP2C9_tdic=0.5670 CYP2D6_tdic=0.9611 CYP3A4_tdic=0.4776 is_TDI_2D6=0.2397 is_TDI_3A4=0.2495 CYP1A2_log2fc=0.7031 CYP2C9_log2fc=0.4990 CYP2D6_log2fc=0.6306 CYP3A4_log2fc=0.5618
ep15 train_mse=0.0883 val=0.4623 CYP1A2_direct=0.9335 CYP2C9_direct=0.5930 CYP2D6_direct=1.0322 CYP3A4_direct=0.4051 CYP1A2_tdic=0.9514 CYP2C9_tdic=0.5483 CYP2D6_tdic=0.9756 CYP3A4_tdic=0.4361 is_TDI_2D6=0.2419 is_TDI_3A4=0.2513 CYP1A2_log2fc=0.6992 CYP2C9_log2fc=0.4947 CYP2D6_log2fc=0.6238 CYP3A4_log2fc=0.5292
[L3_s1] fold 0 done 113s
[L3_s1 fold1] trainable 6.4M
GPU available: True (cuda), used: True
TPU available: False, using: 0 TPU cores
💡 Tip: For seamless cloud logging and experiment tracking, try installing [litlogger](https://pypi.org/project/litlogger/) to enable LitLogger, which logs metrics and artifacts automatically to the Lightning Experiments platform.
Seed set to 1
LOCAL_RANK: 0 - CUDA_VISIBLE_DEVICES: [0]
Loading `train_dataloader` to estimate number of stepping batches.
ep1 train_mse=0.0000 val=0.4961 CYP1A2_direct=0.9047 CYP2C9_direct=1.2468 CYP2D6_direct=1.7334 CYP3A4_direct=1.1384 CYP1A2_tdic=0.8340 CYP2C9_tdic=1.1502 CYP2D6_tdic=1.7384 CYP3A4_tdic=0.9449 is_TDI_2D6=0.3106 is_TDI_3A4=0.1881 CYP1A2_log2fc=1.2090 CYP2C9_log2fc=1.0900 CYP2D6_log2fc=1.0268 CYP3A4_log2fc=1.0997
ep1 train_mse=0.4485 val=0.3370 CYP1A2_direct=0.7921 CYP2C9_direct=0.7728 CYP2D6_direct=1.0898 CYP3A4_direct=0.5205 CYP1A2_tdic=0.7372 CYP2C9_tdic=0.7059 CYP2D6_tdic=1.2159 CYP3A4_tdic=0.5326 is_TDI_2D6=0.2559 is_TDI_3A4=0.1867 CYP1A2_log2fc=0.8498 CYP2C9_log2fc=0.5684 CYP2D6_log2fc=0.7741 CYP3A4_log2fc=0.5673
ep2 train_mse=0.3665 val=0.3350 CYP1A2_direct=0.8205 CYP2C9_direct=0.8865 CYP2D6_direct=1.0992 CYP3A4_direct=0.4386 CYP1A2_tdic=0.7664 CYP2C9_tdic=0.9028 CYP2D6_tdic=1.1896 CYP3A4_tdic=0.4657 is_TDI_2D6=0.2546 is_TDI_3A4=0.1859 CYP1A2_log2fc=0.8496 CYP2C9_log2fc=0.6321 CYP2D6_log2fc=0.8006 CYP3A4_log2fc=0.6142
ep3 train_mse=0.3358 val=0.3087 CYP1A2_direct=0.8100 CYP2C9_direct=0.6115 CYP2D6_direct=0.9769 CYP3A4_direct=0.4111 CYP1A2_tdic=0.7420 CYP2C9_tdic=0.5919 CYP2D6_tdic=1.0782 CYP3A4_tdic=0.4339 is_TDI_2D6=0.2606 is_TDI_3A4=0.1830 CYP1A2_log2fc=0.8418 CYP2C9_log2fc=0.5228 CYP2D6_log2fc=0.7447 CYP3A4_log2fc=0.5172
ep4 train_mse=0.2877 val=0.3025 CYP1A2_direct=0.7826 CYP2C9_direct=0.6010 CYP2D6_direct=1.0679 CYP3A4_direct=0.3814 CYP1A2_tdic=0.7587 CYP2C9_tdic=0.5720 CYP2D6_tdic=1.1510 CYP3A4_tdic=0.4118 is_TDI_2D6=0.2721 is_TDI_3A4=0.1844 CYP1A2_log2fc=0.8603 CYP2C9_log2fc=0.5201 CYP2D6_log2fc=0.6484 CYP3A4_log2fc=0.4871
ep5 train_mse=0.2491 val=0.3014 CYP1A2_direct=0.7807 CYP2C9_direct=0.5631 CYP2D6_direct=1.1252 CYP3A4_direct=0.4751 CYP1A2_tdic=0.7340 CYP2C9_tdic=0.5492 CYP2D6_tdic=1.2235 CYP3A4_tdic=0.4237 is_TDI_2D6=0.2642 is_TDI_3A4=0.1910 CYP1A2_log2fc=0.8099 CYP2C9_log2fc=0.5185 CYP2D6_log2fc=0.6991 CYP3A4_log2fc=0.5209
ep6 train_mse=0.2156 val=0.2983 CYP1A2_direct=0.8841 CYP2C9_direct=0.5545 CYP2D6_direct=1.1093 CYP3A4_direct=0.4032 CYP1A2_tdic=0.8606 CYP2C9_tdic=0.5464 CYP2D6_tdic=1.1635 CYP3A4_tdic=0.4138 is_TDI_2D6=0.2606 is_TDI_3A4=0.1891 CYP1A2_log2fc=0.8319 CYP2C9_log2fc=0.5269 CYP2D6_log2fc=0.6785 CYP3A4_log2fc=0.4966
ep7 train_mse=0.1923 val=0.3201 CYP1A2_direct=0.8195 CYP2C9_direct=0.5560 CYP2D6_direct=1.4299 CYP3A4_direct=0.3430 CYP1A2_tdic=0.7859 CYP2C9_tdic=0.5752 CYP2D6_tdic=1.4248 CYP3A4_tdic=0.3718 is_TDI_2D6=0.2595 is_TDI_3A4=0.1883 CYP1A2_log2fc=0.8047 CYP2C9_log2fc=0.5077 CYP2D6_log2fc=0.7264 CYP3A4_log2fc=0.4684
ep8 train_mse=0.1669 val=0.3067 CYP1A2_direct=0.7867 CYP2C9_direct=0.5830 CYP2D6_direct=1.1836 CYP3A4_direct=0.3348 CYP1A2_tdic=0.7423 CYP2C9_tdic=0.5906 CYP2D6_tdic=1.2568 CYP3A4_tdic=0.3645 is_TDI_2D6=0.2570 is_TDI_3A4=0.1905 CYP1A2_log2fc=0.8162 CYP2C9_log2fc=0.5319 CYP2D6_log2fc=0.6306 CYP3A4_log2fc=0.4961
ep9 train_mse=0.1492 val=0.3304 CYP1A2_direct=0.8295 CYP2C9_direct=0.5761 CYP2D6_direct=1.1479 CYP3A4_direct=0.3487 CYP1A2_tdic=0.8013 CYP2C9_tdic=0.5682 CYP2D6_tdic=1.2179 CYP3A4_tdic=0.3737 is_TDI_2D6=0.2500 is_TDI_3A4=0.1931 CYP1A2_log2fc=0.8065 CYP2C9_log2fc=0.5161 CYP2D6_log2fc=0.6553 CYP3A4_log2fc=0.4411
ep10 train_mse=0.1347 val=0.3349 CYP1A2_direct=0.7923 CYP2C9_direct=0.5845 CYP2D6_direct=1.2725 CYP3A4_direct=0.3551 CYP1A2_tdic=0.7499 CYP2C9_tdic=0.5975 CYP2D6_tdic=1.3035 CYP3A4_tdic=0.3542 is_TDI_2D6=0.2534 is_TDI_3A4=0.1884 CYP1A2_log2fc=0.8253 CYP2C9_log2fc=0.5225 CYP2D6_log2fc=0.6856 CYP3A4_log2fc=0.4586
ep11 train_mse=0.1220 val=0.3408 CYP1A2_direct=0.8245 CYP2C9_direct=0.4987 CYP2D6_direct=1.1313 CYP3A4_direct=0.3522 CYP1A2_tdic=0.7942 CYP2C9_tdic=0.5218 CYP2D6_tdic=1.1962 CYP3A4_tdic=0.3558 is_TDI_2D6=0.2480 is_TDI_3A4=0.1901 CYP1A2_log2fc=0.8387 CYP2C9_log2fc=0.5270 CYP2D6_log2fc=0.6633 CYP3A4_log2fc=0.4649
ep12 train_mse=0.1123 val=0.3515 CYP1A2_direct=0.8081 CYP2C9_direct=0.5943 CYP2D6_direct=1.1996 CYP3A4_direct=0.3602 CYP1A2_tdic=0.7624 CYP2C9_tdic=0.6150 CYP2D6_tdic=1.2615 CYP3A4_tdic=0.3546 is_TDI_2D6=0.2475 is_TDI_3A4=0.1878 CYP1A2_log2fc=0.8458 CYP2C9_log2fc=0.5191 CYP2D6_log2fc=0.6736 CYP3A4_log2fc=0.4599
ep13 train_mse=0.1025 val=0.3667 CYP1A2_direct=0.7783 CYP2C9_direct=0.5668 CYP2D6_direct=1.1395 CYP3A4_direct=0.3279 CYP1A2_tdic=0.7364 CYP2C9_tdic=0.5602 CYP2D6_tdic=1.2594 CYP3A4_tdic=0.3418 is_TDI_2D6=0.2510 is_TDI_3A4=0.1912 CYP1A2_log2fc=0.8379 CYP2C9_log2fc=0.5178 CYP2D6_log2fc=0.6848 CYP3A4_log2fc=0.4606
ep14 train_mse=0.0931 val=0.3658 CYP1A2_direct=0.8195 CYP2C9_direct=0.5790 CYP2D6_direct=1.1930 CYP3A4_direct=0.3438 CYP1A2_tdic=0.7819 CYP2C9_tdic=0.5869 CYP2D6_tdic=1.2651 CYP3A4_tdic=0.3487 is_TDI_2D6=0.2455 is_TDI_3A4=0.1885 CYP1A2_log2fc=0.8685 CYP2C9_log2fc=0.5242 CYP2D6_log2fc=0.6960 CYP3A4_log2fc=0.5066
[L3_s1] fold 1 done 219s
[L3_s1 fold2] trainable 6.4M
GPU available: True (cuda), used: True
TPU available: False, using: 0 TPU cores
💡 Tip: For seamless cloud logging and experiment tracking, try installing [litlogger](https://pypi.org/project/litlogger/) to enable LitLogger, which logs metrics and artifacts automatically to the Lightning Experiments platform.
Seed set to 1
LOCAL_RANK: 0 - CUDA_VISIBLE_DEVICES: [0]
Loading `train_dataloader` to estimate number of stepping batches.
ep1 train_mse=0.0000 val=0.4149 CYP1A2_direct=0.6860 CYP2C9_direct=0.8078 CYP2D6_direct=1.0307 CYP3A4_direct=1.1630 CYP1A2_tdic=0.6830 CYP2C9_tdic=0.9273 CYP2D6_tdic=1.2427 CYP3A4_tdic=1.0426 is_TDI_2D6=0.2219 is_TDI_3A4=0.1817 CYP1A2_log2fc=1.0166 CYP2C9_log2fc=1.0379 CYP2D6_log2fc=1.1656 CYP3A4_log2fc=1.1294
ep1 train_mse=0.4530 val=0.2892 CYP1A2_direct=0.6424 CYP2C9_direct=0.4200 CYP2D6_direct=0.9868 CYP3A4_direct=0.4572 CYP1A2_tdic=0.7326 CYP2C9_tdic=0.4574 CYP2D6_tdic=0.9138 CYP3A4_tdic=0.4620 is_TDI_2D6=0.1883 is_TDI_3A4=0.1964 CYP1A2_log2fc=0.6609 CYP2C9_log2fc=0.4734 CYP2D6_log2fc=0.8677 CYP3A4_log2fc=0.5763
