[L3_s2] rows: challenge 6145; fold col fold_reg; weights=plan
[L3_s2 fold0] trainable 6.4M
GPU available: True (cuda), used: True
TPU available: False, using: 0 TPU cores
💡 Tip: For seamless cloud logging and experiment tracking, try installing [litlogger](https://pypi.org/project/litlogger/) to enable LitLogger, which logs metrics and artifacts automatically to the Lightning Experiments platform.
Seed set to 2
LOCAL_RANK: 0 - CUDA_VISIBLE_DEVICES: [0]
Loading `train_dataloader` to estimate number of stepping batches.
ep1 train_mse=0.0000 val=0.4349 CYP1A2_direct=0.8487 CYP2C9_direct=0.9491 CYP2D6_direct=0.8328 CYP3A4_direct=1.0475 CYP1A2_tdic=0.8939 CYP2C9_tdic=0.9155 CYP2D6_tdic=0.9951 CYP3A4_tdic=0.8851 is_TDI_2D6=0.2150 is_TDI_3A4=0.2790 CYP1A2_log2fc=1.1794 CYP2C9_log2fc=1.1480 CYP2D6_log2fc=0.9935 CYP3A4_log2fc=1.0863
ep1 train_mse=0.4590 val=0.2859 CYP1A2_direct=0.5092 CYP2C9_direct=0.5282 CYP2D6_direct=0.6486 CYP3A4_direct=0.5124 CYP1A2_tdic=0.5704 CYP2C9_tdic=0.5325 CYP2D6_tdic=0.7401 CYP3A4_tdic=0.5183 is_TDI_2D6=0.2521 is_TDI_3A4=0.2301 CYP1A2_log2fc=0.7247 CYP2C9_log2fc=0.4815 CYP2D6_log2fc=0.5845 CYP3A4_log2fc=0.6227
ep2 train_mse=0.3783 val=0.2858 CYP1A2_direct=0.5756 CYP2C9_direct=0.5706 CYP2D6_direct=0.7439 CYP3A4_direct=0.4395 CYP1A2_tdic=0.5879 CYP2C9_tdic=0.5205 CYP2D6_tdic=0.8108 CYP3A4_tdic=0.4533 is_TDI_2D6=0.2302 is_TDI_3A4=0.2350 CYP1A2_log2fc=0.7827 CYP2C9_log2fc=0.5146 CYP2D6_log2fc=0.6439 CYP3A4_log2fc=0.6094
ep3 train_mse=0.3397 val=0.2884 CYP1A2_direct=0.5748 CYP2C9_direct=0.6713 CYP2D6_direct=0.7541 CYP3A4_direct=0.4146 CYP1A2_tdic=0.5891 CYP2C9_tdic=0.6235 CYP2D6_tdic=0.7778 CYP3A4_tdic=0.4151 is_TDI_2D6=0.2184 is_TDI_3A4=0.2458 CYP1A2_log2fc=0.7105 CYP2C9_log2fc=0.5485 CYP2D6_log2fc=0.6531 CYP3A4_log2fc=0.5873
ep4 train_mse=0.3070 val=0.2632 CYP1A2_direct=0.4431 CYP2C9_direct=0.5772 CYP2D6_direct=0.7197 CYP3A4_direct=0.3644 CYP1A2_tdic=0.4864 CYP2C9_tdic=0.5440 CYP2D6_tdic=0.7054 CYP3A4_tdic=0.4011 is_TDI_2D6=0.2410 is_TDI_3A4=0.2603 CYP1A2_log2fc=0.7231 CYP2C9_log2fc=0.4736 CYP2D6_log2fc=0.5627 CYP3A4_log2fc=0.5470
ep5 train_mse=0.2560 val=0.2788 CYP1A2_direct=0.4326 CYP2C9_direct=0.6175 CYP2D6_direct=0.8219 CYP3A4_direct=0.3691 CYP1A2_tdic=0.4481 CYP2C9_tdic=0.5826 CYP2D6_tdic=0.8816 CYP3A4_tdic=0.3882 is_TDI_2D6=0.2201 is_TDI_3A4=0.2387 CYP1A2_log2fc=0.6571 CYP2C9_log2fc=0.5118 CYP2D6_log2fc=0.6663 CYP3A4_log2fc=0.5384
ep6 train_mse=0.2258 val=0.2724 CYP1A2_direct=0.4506 CYP2C9_direct=0.5726 CYP2D6_direct=0.9957 CYP3A4_direct=0.3697 CYP1A2_tdic=0.4613 CYP2C9_tdic=0.5302 CYP2D6_tdic=0.8521 CYP3A4_tdic=0.3832 is_TDI_2D6=0.2314 is_TDI_3A4=0.2440 CYP1A2_log2fc=0.7257 CYP2C9_log2fc=0.4726 CYP2D6_log2fc=0.5858 CYP3A4_log2fc=0.5338
ep7 train_mse=0.1949 val=0.2816 CYP1A2_direct=0.4654 CYP2C9_direct=0.6189 CYP2D6_direct=0.8760 CYP3A4_direct=0.4060 CYP1A2_tdic=0.4922 CYP2C9_tdic=0.5532 CYP2D6_tdic=0.8407 CYP3A4_tdic=0.4096 is_TDI_2D6=0.2230 is_TDI_3A4=0.2391 CYP1A2_log2fc=0.6667 CYP2C9_log2fc=0.5054 CYP2D6_log2fc=0.6499 CYP3A4_log2fc=0.5349
ep8 train_mse=0.1775 val=0.2912 CYP1A2_direct=0.5344 CYP2C9_direct=0.5713 CYP2D6_direct=0.8103 CYP3A4_direct=0.3690 CYP1A2_tdic=0.5392 CYP2C9_tdic=0.5271 CYP2D6_tdic=0.8235 CYP3A4_tdic=0.3859 is_TDI_2D6=0.2331 is_TDI_3A4=0.2460 CYP1A2_log2fc=0.7011 CYP2C9_log2fc=0.5210 CYP2D6_log2fc=0.5559 CYP3A4_log2fc=0.5365
ep9 train_mse=0.1544 val=0.2931 CYP1A2_direct=0.5336 CYP2C9_direct=0.5851 CYP2D6_direct=0.7530 CYP3A4_direct=0.3829 CYP1A2_tdic=0.5318 CYP2C9_tdic=0.5173 CYP2D6_tdic=0.7667 CYP3A4_tdic=0.3995 is_TDI_2D6=0.2277 is_TDI_3A4=0.2406 CYP1A2_log2fc=0.6989 CYP2C9_log2fc=0.4755 CYP2D6_log2fc=0.5511 CYP3A4_log2fc=0.5004
ep10 train_mse=0.1387 val=0.3156 CYP1A2_direct=0.5045 CYP2C9_direct=0.5498 CYP2D6_direct=0.7854 CYP3A4_direct=0.3258 CYP1A2_tdic=0.5214 CYP2C9_tdic=0.5063 CYP2D6_tdic=0.8109 CYP3A4_tdic=0.3427 is_TDI_2D6=0.2258 is_TDI_3A4=0.2446 CYP1A2_log2fc=0.6925 CYP2C9_log2fc=0.4333 CYP2D6_log2fc=0.6040 CYP3A4_log2fc=0.4798
ep11 train_mse=0.1262 val=0.3441 CYP1A2_direct=0.5459 CYP2C9_direct=0.5731 CYP2D6_direct=0.7777 CYP3A4_direct=0.3716 CYP1A2_tdic=0.5384 CYP2C9_tdic=0.5105 CYP2D6_tdic=0.7832 CYP3A4_tdic=0.3800 is_TDI_2D6=0.2326 is_TDI_3A4=0.2461 CYP1A2_log2fc=0.6905 CYP2C9_log2fc=0.4892 CYP2D6_log2fc=0.5574 CYP3A4_log2fc=0.5019
ep12 train_mse=0.1150 val=0.3413 CYP1A2_direct=0.5033 CYP2C9_direct=0.5662 CYP2D6_direct=0.7714 CYP3A4_direct=0.3627 CYP1A2_tdic=0.5085 CYP2C9_tdic=0.5179 CYP2D6_tdic=0.7708 CYP3A4_tdic=0.3713 is_TDI_2D6=0.2302 is_TDI_3A4=0.2443 CYP1A2_log2fc=0.6842 CYP2C9_log2fc=0.4486 CYP2D6_log2fc=0.5703 CYP3A4_log2fc=0.5293
[L3_s2] fold 0 done 95s
[L3_s2 fold1] trainable 6.4M
GPU available: True (cuda), used: True
TPU available: False, using: 0 TPU cores
💡 Tip: For seamless cloud logging and experiment tracking, try installing [litlogger](https://pypi.org/project/litlogger/) to enable LitLogger, which logs metrics and artifacts automatically to the Lightning Experiments platform.
Seed set to 2
LOCAL_RANK: 0 - CUDA_VISIBLE_DEVICES: [0]
Loading `train_dataloader` to estimate number of stepping batches.
ep1 train_mse=0.0000 val=0.4759 CYP1A2_direct=1.3569 CYP2C9_direct=1.3424 CYP2D6_direct=0.9785 CYP3A4_direct=1.0085 CYP1A2_tdic=1.2242 CYP2C9_tdic=1.4688 CYP2D6_tdic=0.8882 CYP3A4_tdic=1.0345 is_TDI_2D6=0.2456 is_TDI_3A4=0.1913 CYP1A2_log2fc=1.0442 CYP2C9_log2fc=1.0713 CYP2D6_log2fc=0.9517 CYP3A4_log2fc=1.0443
ep1 train_mse=0.4489 val=0.3209 CYP1A2_direct=0.9143 CYP2C9_direct=0.8616 CYP2D6_direct=0.7412 CYP3A4_direct=0.4342 CYP1A2_tdic=0.9401 CYP2C9_tdic=0.9395 CYP2D6_tdic=0.8507 CYP3A4_tdic=0.5711 is_TDI_2D6=0.2431 is_TDI_3A4=0.2037 CYP1A2_log2fc=0.7658 CYP2C9_log2fc=0.5871 CYP2D6_log2fc=0.6455 CYP3A4_log2fc=0.5972
ep2 train_mse=0.3755 val=0.3031 CYP1A2_direct=0.8778 CYP2C9_direct=0.6909 CYP2D6_direct=0.7198 CYP3A4_direct=0.3610 CYP1A2_tdic=0.8720 CYP2C9_tdic=0.8002 CYP2D6_tdic=0.8143 CYP3A4_tdic=0.5349 is_TDI_2D6=0.2151 is_TDI_3A4=0.2015 CYP1A2_log2fc=0.7274 CYP2C9_log2fc=0.5185 CYP2D6_log2fc=0.6329 CYP3A4_log2fc=0.5835
ep3 train_mse=0.3404 val=0.2756 CYP1A2_direct=0.8289 CYP2C9_direct=0.5656 CYP2D6_direct=0.6885 CYP3A4_direct=0.3257 CYP1A2_tdic=0.8744 CYP2C9_tdic=0.6831 CYP2D6_tdic=0.8064 CYP3A4_tdic=0.4453 is_TDI_2D6=0.2145 is_TDI_3A4=0.2060 CYP1A2_log2fc=0.6373 CYP2C9_log2fc=0.4732 CYP2D6_log2fc=0.5850 CYP3A4_log2fc=0.5095
ep4 train_mse=0.3001 val=0.2782 CYP1A2_direct=0.8289 CYP2C9_direct=0.5816 CYP2D6_direct=0.6797 CYP3A4_direct=0.3809 CYP1A2_tdic=0.8654 CYP2C9_tdic=0.7005 CYP2D6_tdic=0.8067 CYP3A4_tdic=0.5204 is_TDI_2D6=0.2154 is_TDI_3A4=0.2008 CYP1A2_log2fc=0.6449 CYP2C9_log2fc=0.4652 CYP2D6_log2fc=0.6356 CYP3A4_log2fc=0.5219
ep5 train_mse=0.2622 val=0.2778 CYP1A2_direct=0.8701 CYP2C9_direct=0.5975 CYP2D6_direct=0.7827 CYP3A4_direct=0.3514 CYP1A2_tdic=0.9115 CYP2C9_tdic=0.7186 CYP2D6_tdic=0.8596 CYP3A4_tdic=0.4322 is_TDI_2D6=0.2044 is_TDI_3A4=0.2009 CYP1A2_log2fc=0.6481 CYP2C9_log2fc=0.4527 CYP2D6_log2fc=0.5909 CYP3A4_log2fc=0.4762
ep6 train_mse=0.2240 val=0.2803 CYP1A2_direct=0.8478 CYP2C9_direct=0.5504 CYP2D6_direct=0.7452 CYP3A4_direct=0.3231 CYP1A2_tdic=0.8764 CYP2C9_tdic=0.6484 CYP2D6_tdic=0.8498 CYP3A4_tdic=0.4123 is_TDI_2D6=0.2126 is_TDI_3A4=0.1968 CYP1A2_log2fc=0.6585 CYP2C9_log2fc=0.4337 CYP2D6_log2fc=0.5544 CYP3A4_log2fc=0.4565
ep7 train_mse=0.1919 val=0.2821 CYP1A2_direct=0.8675 CYP2C9_direct=0.5434 CYP2D6_direct=0.7717 CYP3A4_direct=0.3562 CYP1A2_tdic=0.8913 CYP2C9_tdic=0.6756 CYP2D6_tdic=0.8816 CYP3A4_tdic=0.4525 is_TDI_2D6=0.2066 is_TDI_3A4=0.1971 CYP1A2_log2fc=0.6193 CYP2C9_log2fc=0.4100 CYP2D6_log2fc=0.6067 CYP3A4_log2fc=0.4358
ep8 train_mse=0.1739 val=0.2883 CYP1A2_direct=0.9336 CYP2C9_direct=0.5149 CYP2D6_direct=0.7691 CYP3A4_direct=0.3375 CYP1A2_tdic=0.9702 CYP2C9_tdic=0.6290 CYP2D6_tdic=0.8787 CYP3A4_tdic=0.4111 is_TDI_2D6=0.2093 is_TDI_3A4=0.1985 CYP1A2_log2fc=0.6229 CYP2C9_log2fc=0.4309 CYP2D6_log2fc=0.5943 CYP3A4_log2fc=0.4654
ep9 train_mse=0.1546 val=0.3104 CYP1A2_direct=0.7953 CYP2C9_direct=0.5844 CYP2D6_direct=0.8417 CYP3A4_direct=0.3472 CYP1A2_tdic=0.8162 CYP2C9_tdic=0.6890 CYP2D6_tdic=0.9614 CYP3A4_tdic=0.4197 is_TDI_2D6=0.2098 is_TDI_3A4=0.2003 CYP1A2_log2fc=0.5893 CYP2C9_log2fc=0.3881 CYP2D6_log2fc=0.6058 CYP3A4_log2fc=0.4805
ep10 train_mse=0.1388 val=0.3211 CYP1A2_direct=0.9611 CYP2C9_direct=0.5483 CYP2D6_direct=0.8373 CYP3A4_direct=0.3500 CYP1A2_tdic=0.9763 CYP2C9_tdic=0.6604 CYP2D6_tdic=0.8635 CYP3A4_tdic=0.4282 is_TDI_2D6=0.2079 is_TDI_3A4=0.1991 CYP1A2_log2fc=0.6062 CYP2C9_log2fc=0.3935 CYP2D6_log2fc=0.5991 CYP3A4_log2fc=0.4528
ep11 train_mse=0.1238 val=0.3262 CYP1A2_direct=0.8619 CYP2C9_direct=0.5854 CYP2D6_direct=0.8273 CYP3A4_direct=0.3466 CYP1A2_tdic=0.8822 CYP2C9_tdic=0.6734 CYP2D6_tdic=0.9254 CYP3A4_tdic=0.4325 is_TDI_2D6=0.2087 is_TDI_3A4=0.1987 CYP1A2_log2fc=0.6052 CYP2C9_log2fc=0.3946 CYP2D6_log2fc=0.6195 CYP3A4_log2fc=0.4212
[L3_s2] fold 1 done 182s
[L3_s2 fold2] trainable 6.4M
GPU available: True (cuda), used: True
TPU available: False, using: 0 TPU cores
💡 Tip: For seamless cloud logging and experiment tracking, try installing [litlogger](https://pypi.org/project/litlogger/) to enable LitLogger, which logs metrics and artifacts automatically to the Lightning Experiments platform.
Seed set to 2
LOCAL_RANK: 0 - CUDA_VISIBLE_DEVICES: [0]
Loading `train_dataloader` to estimate number of stepping batches.
ep1 train_mse=0.0000 val=0.4188 CYP1A2_direct=1.0474 CYP2C9_direct=0.7472 CYP2D6_direct=0.7519 CYP3A4_direct=1.0360 CYP1A2_tdic=0.9604 CYP2C9_tdic=0.8209 CYP2D6_tdic=0.8669 CYP3A4_tdic=0.9424 is_TDI_2D6=0.2079 is_TDI_3A4=0.2501 CYP1A2_log2fc=1.0012 CYP2C9_log2fc=1.0493 CYP2D6_log2fc=1.0851 CYP3A4_log2fc=1.1501
ep1 train_mse=0.4423 val=0.3058 CYP1A2_direct=0.7020 CYP2C9_direct=0.4497 CYP2D6_direct=0.6882 CYP3A4_direct=0.7397 CYP1A2_tdic=0.7816 CYP2C9_tdic=0.5399 CYP2D6_tdic=0.7902 CYP3A4_tdic=0.7507 is_TDI_2D6=0.2154 is_TDI_3A4=0.2324 CYP1A2_log2fc=0.6829 CYP2C9_log2fc=0.6375 CYP2D6_log2fc=0.6988 CYP3A4_log2fc=0.6850
ep2 train_mse=0.3761 val=0.2965 CYP1A2_direct=0.6735 CYP2C9_direct=0.4996 CYP2D6_direct=0.7599 CYP3A4_direct=0.6467 CYP1A2_tdic=0.6750 CYP2C9_tdic=0.5764 CYP2D6_tdic=0.8251 CYP3A4_tdic=0.6069 is_TDI_2D6=0.2219 is_TDI_3A4=0.2222 CYP1A2_log2fc=0.6352 CYP2C9_log2fc=0.5875 CYP2D6_log2fc=0.8126 CYP3A4_log2fc=0.6368
ep3 train_mse=0.3372 val=0.2998 CYP1A2_direct=0.8376 CYP2C9_direct=0.5770 CYP2D6_direct=0.6805 CYP3A4_direct=0.6473 CYP1A2_tdic=0.8359 CYP2C9_tdic=0.7081 CYP2D6_tdic=0.7834 CYP3A4_tdic=0.6299 is_TDI_2D6=0.2210 is_TDI_3A4=0.2239 CYP1A2_log2fc=0.6899 CYP2C9_log2fc=0.5976 CYP2D6_log2fc=0.7241 CYP3A4_log2fc=0.7091
ep4 train_mse=0.2884 val=0.2841 CYP1A2_direct=0.7428 CYP2C9_direct=0.4568 CYP2D6_direct=0.8751 CYP3A4_direct=0.5465 CYP1A2_tdic=0.7523 CYP2C9_tdic=0.5304 CYP2D6_tdic=0.9209 CYP3A4_tdic=0.5704 is_TDI_2D6=0.2235 is_TDI_3A4=0.2289 CYP1A2_log2fc=0.6490 CYP2C9_log2fc=0.5595 CYP2D6_log2fc=0.6952 CYP3A4_log2fc=0.5748
ep5 train_mse=0.2554 val=0.2820 CYP1A2_direct=0.6637 CYP2C9_direct=0.5009 CYP2D6_direct=0.8500 CYP3A4_direct=0.5295 CYP1A2_tdic=0.7014 CYP2C9_tdic=0.5961 CYP2D6_tdic=0.9016 CYP3A4_tdic=0.5716 is_TDI_2D6=0.2196 is_TDI_3A4=0.2327 CYP1A2_log2fc=0.6213 CYP2C9_log2fc=0.5508 CYP2D6_log2fc=0.6796 CYP3A4_log2fc=0.5680
ep6 train_mse=0.2201 val=0.3086 CYP1A2_direct=0.8030 CYP2C9_direct=0.5833 CYP2D6_direct=0.8124 CYP3A4_direct=0.6084 CYP1A2_tdic=0.8034 CYP2C9_tdic=0.6735 CYP2D6_tdic=0.8776 CYP3A4_tdic=0.6039 is_TDI_2D6=0.2252 is_TDI_3A4=0.2327 CYP1A2_log2fc=0.6925 CYP2C9_log2fc=0.5559 CYP2D6_log2fc=0.7511 CYP3A4_log2fc=0.6301
ep7 train_mse=0.1902 val=0.3023 CYP1A2_direct=0.7924 CYP2C9_direct=0.4604 CYP2D6_direct=0.8097 CYP3A4_direct=0.6028 CYP1A2_tdic=0.8278 CYP2C9_tdic=0.5634 CYP2D6_tdic=0.9138 CYP3A4_tdic=0.6642 is_TDI_2D6=0.2194 is_TDI_3A4=0.2355 CYP1A2_log2fc=0.6131 CYP2C9_log2fc=0.5483 CYP2D6_log2fc=0.6559 CYP3A4_log2fc=0.5629
ep8 train_mse=0.1682 val=0.3362 CYP1A2_direct=0.7981 CYP2C9_direct=0.4304 CYP2D6_direct=1.0274 CYP3A4_direct=0.5672 CYP1A2_tdic=0.7934 CYP2C9_tdic=0.5074 CYP2D6_tdic=1.0926 CYP3A4_tdic=0.5726 is_TDI_2D6=0.2153 is_TDI_3A4=0.2301 CYP1A2_log2fc=0.6657 CYP2C9_log2fc=0.5736 CYP2D6_log2fc=0.6974 CYP3A4_log2fc=0.5698
ep9 train_mse=0.1488 val=0.3628 CYP1A2_direct=0.7814 CYP2C9_direct=0.5372 CYP2D6_direct=0.9195 CYP3A4_direct=0.5959 CYP1A2_tdic=0.8009 CYP2C9_tdic=0.6097 CYP2D6_tdic=1.0167 CYP3A4_tdic=0.6127 is_TDI_2D6=0.2168 is_TDI_3A4=0.2339 CYP1A2_log2fc=0.6061 CYP2C9_log2fc=0.5816 CYP2D6_log2fc=0.6774 CYP3A4_log2fc=0.6189
ep10 train_mse=0.1346 val=0.3654 CYP1A2_direct=0.8125 CYP2C9_direct=0.4846 CYP2D6_direct=0.9483 CYP3A4_direct=0.5751 CYP1A2_tdic=0.8063 CYP2C9_tdic=0.6067 CYP2D6_tdic=1.0691 CYP3A4_tdic=0.6249 is_TDI_2D6=0.2220 is_TDI_3A4=0.2406 CYP1A2_log2fc=0.6299 CYP2C9_log2fc=0.5885 CYP2D6_log2fc=0.6875 CYP3A4_log2fc=0.5729
ep11 train_mse=0.1230 val=0.3714 CYP1A2_direct=0.7904 CYP2C9_direct=0.4796 CYP2D6_direct=0.8660 CYP3A4_direct=0.6462 CYP1A2_tdic=0.8158 CYP2C9_tdic=0.5553 CYP2D6_tdic=0.9423 CYP3A4_tdic=0.6656 is_TDI_2D6=0.2208 is_TDI_3A4=0.2443 CYP1A2_log2fc=0.6435 CYP2C9_log2fc=0.5669 CYP2D6_log2fc=0.6506 CYP3A4_log2fc=0.5835
ep12 train_mse=0.1117 val=0.4013 CYP1A2_direct=0.8274 CYP2C9_direct=0.4367 CYP2D6_direct=0.8886 CYP3A4_direct=0.5541 CYP1A2_tdic=0.8308 CYP2C9_tdic=0.5053 CYP2D6_tdic=0.9896 CYP3A4_tdic=0.5698 is_TDI_2D6=0.2185 is_TDI_3A4=0.2389 CYP1A2_log2fc=0.6376 CYP2C9_log2fc=0.5591 CYP2D6_log2fc=0.6336 CYP3A4_log2fc=0.5459
ep13 train_mse=0.1040 val=0.4066 CYP1A2_direct=0.7479 CYP2C9_direct=0.5453 CYP2D6_direct=0.9051 CYP3A4_direct=0.5972 CYP1A2_tdic=0.7588 CYP2C9_tdic=0.5850 CYP2D6_tdic=1.0410 CYP3A4_tdic=0.5886 is_TDI_2D6=0.2185 is_TDI_3A4=0.2400 CYP1A2_log2fc=0.6730 CYP2C9_log2fc=0.6041 CYP2D6_log2fc=0.6779 CYP3A4_log2fc=0.5786
[L3_s2] fold 2 done 282s
[L3_s2 fold3] trainable 6.4M
GPU available: True (cuda), used: True
TPU available: False, using: 0 TPU cores
💡 Tip: For seamless cloud logging and experiment tracking, try installing [litlogger](https://pypi.org/project/litlogger/) to enable LitLogger, which logs metrics and artifacts automatically to the Lightning Experiments platform.
Seed set to 2
LOCAL_RANK: 0 - CUDA_VISIBLE_DEVICES: [0]
Loading `train_dataloader` to estimate number of stepping batches.
ep1 train_mse=0.0000 val=0.4427 CYP1A2_direct=1.0428 CYP2C9_direct=0.7043 CYP2D6_direct=1.2007 CYP3A4_direct=1.0528 CYP1A2_tdic=1.0693 CYP2C9_tdic=0.7927 CYP2D6_tdic=1.1978 CYP3A4_tdic=1.2778 is_TDI_2D6=0.2155 is_TDI_3A4=0.1842 CYP1A2_log2fc=0.9959 CYP2C9_log2fc=0.9535 CYP2D6_log2fc=1.0281 CYP3A4_log2fc=1.0793
ep1 train_mse=0.4536 val=0.3045 CYP1A2_direct=0.6362 CYP2C9_direct=0.5292 CYP2D6_direct=0.8436 CYP3A4_direct=0.4908 CYP1A2_tdic=0.7466 CYP2C9_tdic=0.5122 CYP2D6_tdic=0.9625 CYP3A4_tdic=0.6715 is_TDI_2D6=0.2562 is_TDI_3A4=0.2148 CYP1A2_log2fc=0.7351 CYP2C9_log2fc=0.5714 CYP2D6_log2fc=0.6591 CYP3A4_log2fc=0.6698
ep2 train_mse=0.3869 val=0.3291 CYP1A2_direct=0.9904 CYP2C9_direct=0.5187 CYP2D6_direct=1.0830 CYP3A4_direct=0.4642 CYP1A2_tdic=0.9409 CYP2C9_tdic=0.5365 CYP2D6_tdic=1.2008 CYP3A4_tdic=0.5924 is_TDI_2D6=0.2473 is_TDI_3A4=0.2251 CYP1A2_log2fc=0.8493 CYP2C9_log2fc=0.5047 CYP2D6_log2fc=0.7487 CYP3A4_log2fc=0.5791
ep3 train_mse=0.3484 val=0.3139 CYP1A2_direct=0.7618 CYP2C9_direct=0.6605 CYP2D6_direct=1.0559 CYP3A4_direct=0.4156 CYP1A2_tdic=0.7660 CYP2C9_tdic=0.7407 CYP2D6_tdic=1.1884 CYP3A4_tdic=0.4919 is_TDI_2D6=0.2432 is_TDI_3A4=0.2155 CYP1A2_log2fc=0.7337 CYP2C9_log2fc=0.5871 CYP2D6_log2fc=0.7065 CYP3A4_log2fc=0.5922
ep4 train_mse=0.3052 val=0.2819 CYP1A2_direct=0.5847 CYP2C9_direct=0.5130 CYP2D6_direct=0.9492 CYP3A4_direct=0.3869 CYP1A2_tdic=0.6107 CYP2C9_tdic=0.5545 CYP2D6_tdic=1.1283 CYP3A4_tdic=0.4682 is_TDI_2D6=0.2541 is_TDI_3A4=0.2135 CYP1A2_log2fc=0.6106 CYP2C9_log2fc=0.4994 CYP2D6_log2fc=0.7162 CYP3A4_log2fc=0.5381
ep5 train_mse=0.2671 val=0.2864 CYP1A2_direct=0.5758 CYP2C9_direct=0.5914 CYP2D6_direct=0.8963 CYP3A4_direct=0.4091 CYP1A2_tdic=0.6075 CYP2C9_tdic=0.5928 CYP2D6_tdic=1.0540 CYP3A4_tdic=0.5109 is_TDI_2D6=0.2504 is_TDI_3A4=0.2163 CYP1A2_log2fc=0.5838 CYP2C9_log2fc=0.4375 CYP2D6_log2fc=0.7152 CYP3A4_log2fc=0.5258
ep6 train_mse=0.2270 val=0.3120 CYP1A2_direct=0.8108 CYP2C9_direct=0.5316 CYP2D6_direct=1.0050 CYP3A4_direct=0.4145 CYP1A2_tdic=0.8555 CYP2C9_tdic=0.5538 CYP2D6_tdic=1.1841 CYP3A4_tdic=0.4775 is_TDI_2D6=0.2463 is_TDI_3A4=0.2147 CYP1A2_log2fc=0.6436 CYP2C9_log2fc=0.4932 CYP2D6_log2fc=0.6402 CYP3A4_log2fc=0.5233
ep7 train_mse=0.2036 val=0.2948 CYP1A2_direct=0.6785 CYP2C9_direct=0.4607 CYP2D6_direct=0.9418 CYP3A4_direct=0.3725 CYP1A2_tdic=0.7001 CYP2C9_tdic=0.4720 CYP2D6_tdic=1.0931 CYP3A4_tdic=0.4809 is_TDI_2D6=0.2398 is_TDI_3A4=0.2215 CYP1A2_log2fc=0.6288 CYP2C9_log2fc=0.4068 CYP2D6_log2fc=0.6954 CYP3A4_log2fc=0.4706
ep8 train_mse=0.1857 val=0.3351 CYP1A2_direct=0.7502 CYP2C9_direct=0.5514 CYP2D6_direct=1.2338 CYP3A4_direct=0.4091 CYP1A2_tdic=0.7820 CYP2C9_tdic=0.5921 CYP2D6_tdic=1.3702 CYP3A4_tdic=0.4808 is_TDI_2D6=0.2416 is_TDI_3A4=0.2163 CYP1A2_log2fc=0.6348 CYP2C9_log2fc=0.4318 CYP2D6_log2fc=0.6898 CYP3A4_log2fc=0.4718
ep9 train_mse=0.1642 val=0.3293 CYP1A2_direct=0.7119 CYP2C9_direct=0.4697 CYP2D6_direct=1.1340 CYP3A4_direct=0.3985 CYP1A2_tdic=0.7647 CYP2C9_tdic=0.4887 CYP2D6_tdic=1.2392 CYP3A4_tdic=0.4743 is_TDI_2D6=0.2461 is_TDI_3A4=0.2121 CYP1A2_log2fc=0.7029 CYP2C9_log2fc=0.4070 CYP2D6_log2fc=0.6400 CYP3A4_log2fc=0.4583
ep10 train_mse=0.1459 val=0.3466 CYP1A2_direct=0.7693 CYP2C9_direct=0.4893 CYP2D6_direct=0.9675 CYP3A4_direct=0.4059 CYP1A2_tdic=0.7986 CYP2C9_tdic=0.5129 CYP2D6_tdic=1.1240 CYP3A4_tdic=0.4682 is_TDI_2D6=0.2468 is_TDI_3A4=0.2113 CYP1A2_log2fc=0.6130 CYP2C9_log2fc=0.4067 CYP2D6_log2fc=0.6286 CYP3A4_log2fc=0.4795
ep11 train_mse=0.1284 val=0.3713 CYP1A2_direct=0.7153 CYP2C9_direct=0.5121 CYP2D6_direct=1.0543 CYP3A4_direct=0.3870 CYP1A2_tdic=0.7597 CYP2C9_tdic=0.5354 CYP2D6_tdic=1.1981 CYP3A4_tdic=0.4601 is_TDI_2D6=0.2459 is_TDI_3A4=0.2146 CYP1A2_log2fc=0.6128 CYP2C9_log2fc=0.4080 CYP2D6_log2fc=0.6532 CYP3A4_log2fc=0.4630
ep12 train_mse=0.1207 val=0.3759 CYP1A2_direct=0.7230 CYP2C9_direct=0.4603 CYP2D6_direct=1.0134 CYP3A4_direct=0.3961 CYP1A2_tdic=0.7684 CYP2C9_tdic=0.4943 CYP2D6_tdic=1.1362 CYP3A4_tdic=0.4408 is_TDI_2D6=0.2485 is_TDI_3A4=0.2167 CYP1A2_log2fc=0.6362 CYP2C9_log2fc=0.3981 CYP2D6_log2fc=0.6338 CYP3A4_log2fc=0.4857
[L3_s2] fold 3 done 375s
[L3_s2 fold4] trainable 6.4M
GPU available: True (cuda), used: True
TPU available: False, using: 0 TPU cores
💡 Tip: For seamless cloud logging and experiment tracking, try installing [litlogger](https://pypi.org/project/litlogger/) to enable LitLogger, which logs metrics and artifacts automatically to the Lightning Experiments platform.
Seed set to 2
LOCAL_RANK: 0 - CUDA_VISIBLE_DEVICES: [0]
Loading `train_dataloader` to estimate number of stepping batches.
ep1 train_mse=0.0000 val=0.4411 CYP1A2_direct=0.9481 CYP2C9_direct=1.0432 CYP2D6_direct=1.0350 CYP3A4_direct=1.0148 CYP1A2_tdic=0.8744 CYP2C9_tdic=1.0651 CYP2D6_tdic=0.8236 CYP3A4_tdic=1.1609 is_TDI_2D6=0.1619 is_TDI_3A4=0.2125 CYP1A2_log2fc=0.8655 CYP2C9_log2fc=1.0185 CYP2D6_log2fc=0.9767 CYP3A4_log2fc=0.9759
ep1 train_mse=0.4472 val=0.3037 CYP1A2_direct=0.7624 CYP2C9_direct=0.6603 CYP2D6_direct=0.8840 CYP3A4_direct=0.4964 CYP1A2_tdic=0.7291 CYP2C9_tdic=0.6530 CYP2D6_tdic=0.7766 CYP3A4_tdic=0.5732 is_TDI_2D6=0.2164 is_TDI_3A4=0.1956 CYP1A2_log2fc=0.7746 CYP2C9_log2fc=0.5174 CYP2D6_log2fc=0.6985 CYP3A4_log2fc=0.5656
ep2 train_mse=0.3759 val=0.3056 CYP1A2_direct=0.7963 CYP2C9_direct=0.7227 CYP2D6_direct=0.8596 CYP3A4_direct=0.5477 CYP1A2_tdic=0.7214 CYP2C9_tdic=0.6985 CYP2D6_tdic=0.7682 CYP3A4_tdic=0.5773 is_TDI_2D6=0.2231 is_TDI_3A4=0.1963 CYP1A2_log2fc=0.7652 CYP2C9_log2fc=0.5111 CYP2D6_log2fc=0.6765 CYP3A4_log2fc=0.5540
ep3 train_mse=0.3450 val=0.2916 CYP1A2_direct=0.7381 CYP2C9_direct=0.7283 CYP2D6_direct=0.8312 CYP3A4_direct=0.5125 CYP1A2_tdic=0.6827 CYP2C9_tdic=0.7255 CYP2D6_tdic=0.6958 CYP3A4_tdic=0.5641 is_TDI_2D6=0.2079 is_TDI_3A4=0.1980 CYP1A2_log2fc=0.7385 CYP2C9_log2fc=0.5314 CYP2D6_log2fc=0.6416 CYP3A4_log2fc=0.5682
ep4 train_mse=0.3038 val=0.2855 CYP1A2_direct=0.6924 CYP2C9_direct=0.7014 CYP2D6_direct=0.8601 CYP3A4_direct=0.4604 CYP1A2_tdic=0.6341 CYP2C9_tdic=0.6913 CYP2D6_tdic=0.7525 CYP3A4_tdic=0.4822 is_TDI_2D6=0.2324 is_TDI_3A4=0.1963 CYP1A2_log2fc=0.7331 CYP2C9_log2fc=0.5107 CYP2D6_log2fc=0.6181 CYP3A4_log2fc=0.5426
ep5 train_mse=0.2572 val=0.2956 CYP1A2_direct=0.8034 CYP2C9_direct=0.6725 CYP2D6_direct=0.9219 CYP3A4_direct=0.4939 CYP1A2_tdic=0.7384 CYP2C9_tdic=0.6429 CYP2D6_tdic=0.7592 CYP3A4_tdic=0.5199 is_TDI_2D6=0.2090 is_TDI_3A4=0.2003 CYP1A2_log2fc=0.7684 CYP2C9_log2fc=0.4870 CYP2D6_log2fc=0.5649 CYP3A4_log2fc=0.5498
ep6 train_mse=0.2240 val=0.3027 CYP1A2_direct=0.7784 CYP2C9_direct=0.6270 CYP2D6_direct=0.9392 CYP3A4_direct=0.4387 CYP1A2_tdic=0.7453 CYP2C9_tdic=0.6137 CYP2D6_tdic=0.7331 CYP3A4_tdic=0.5023 is_TDI_2D6=0.2049 is_TDI_3A4=0.1958 CYP1A2_log2fc=0.7454 CYP2C9_log2fc=0.5010 CYP2D6_log2fc=0.5758 CYP3A4_log2fc=0.5076
ep7 train_mse=0.1970 val=0.3060 CYP1A2_direct=0.7229 CYP2C9_direct=0.6962 CYP2D6_direct=0.8919 CYP3A4_direct=0.4956 CYP1A2_tdic=0.6596 CYP2C9_tdic=0.7034 CYP2D6_tdic=0.7233 CYP3A4_tdic=0.5164 is_TDI_2D6=0.2183 is_TDI_3A4=0.1988 CYP1A2_log2fc=0.7315 CYP2C9_log2fc=0.4991 CYP2D6_log2fc=0.5871 CYP3A4_log2fc=0.5142
ep8 train_mse=0.1731 val=0.3320 CYP1A2_direct=0.8327 CYP2C9_direct=0.7084 CYP2D6_direct=0.9903 CYP3A4_direct=0.4833 CYP1A2_tdic=0.7747 CYP2C9_tdic=0.7025 CYP2D6_tdic=0.8012 CYP3A4_tdic=0.4951 is_TDI_2D6=0.2286 is_TDI_3A4=0.2022 CYP1A2_log2fc=0.8031 CYP2C9_log2fc=0.5295 CYP2D6_log2fc=0.5429 CYP3A4_log2fc=0.5345
ep9 train_mse=0.1561 val=0.3429 CYP1A2_direct=0.7274 CYP2C9_direct=0.7090 CYP2D6_direct=0.9945 CYP3A4_direct=0.5060 CYP1A2_tdic=0.6893 CYP2C9_tdic=0.6826 CYP2D6_tdic=0.7641 CYP3A4_tdic=0.4926 is_TDI_2D6=0.2105 is_TDI_3A4=0.1951 CYP1A2_log2fc=0.7226 CYP2C9_log2fc=0.5203 CYP2D6_log2fc=0.5574 CYP3A4_log2fc=0.5314
ep10 train_mse=0.1363 val=0.3739 CYP1A2_direct=0.7828 CYP2C9_direct=0.6589 CYP2D6_direct=0.9776 CYP3A4_direct=0.4691 CYP1A2_tdic=0.7341 CYP2C9_tdic=0.6609 CYP2D6_tdic=0.7452 CYP3A4_tdic=0.4841 is_TDI_2D6=0.2197 is_TDI_3A4=0.1988 CYP1A2_log2fc=0.7325 CYP2C9_log2fc=0.5150 CYP2D6_log2fc=0.5537 CYP3A4_log2fc=0.5095
ep11 train_mse=0.1245 val=0.3559 CYP1A2_direct=0.8021 CYP2C9_direct=0.7015 CYP2D6_direct=0.9638 CYP3A4_direct=0.4732 CYP1A2_tdic=0.7409 CYP2C9_tdic=0.6939 CYP2D6_tdic=0.7456 CYP3A4_tdic=0.4777 is_TDI_2D6=0.2243 is_TDI_3A4=0.1976 CYP1A2_log2fc=0.7365 CYP2C9_log2fc=0.5145 CYP2D6_log2fc=0.5931 CYP3A4_log2fc=0.4949
ep12 train_mse=0.1126 val=0.3927 CYP1A2_direct=0.7651 CYP2C9_direct=0.7175 CYP2D6_direct=0.9493 CYP3A4_direct=0.4967 CYP1A2_tdic=0.7242 CYP2C9_tdic=0.7121 CYP2D6_tdic=0.7696 CYP3A4_tdic=0.4822 is_TDI_2D6=0.2243 is_TDI_3A4=0.2014 CYP1A2_log2fc=0.7288 CYP2C9_log2fc=0.5062 CYP2D6_log2fc=0.5687 CYP3A4_log2fc=0.5216
[L3_s2] fold 4 done 469s
[L3_s2 all] trainable 6.4M
GPU available: True (cuda), used: True
TPU available: False, using: 0 TPU cores
💡 Tip: For seamless cloud logging and experiment tracking, try installing [litlogger](https://pypi.org/project/litlogger/) to enable LitLogger, which logs metrics and artifacts automatically to the Lightning Experiments platform.
Seed set to 2
LOCAL_RANK: 0 - CUDA_VISIBLE_DEVICES: [0]
Loading `train_dataloader` to estimate number of stepping batches.
ep1 train_mse=0.0000 val=0.4114 CYP1A2_direct=1.0453 CYP2C9_direct=0.6142 CYP2D6_direct=1.1269 CYP3A4_direct=0.8277 CYP1A2_tdic=1.0709 CYP2C9_tdic=0.5529 CYP2D6_tdic=1.1649 CYP3A4_tdic=0.9544 is_TDI_2D6=0.2237 is_TDI_3A4=0.2519 CYP1A2_log2fc=0.9375 CYP2C9_log2fc=0.9549 CYP2D6_log2fc=0.9067 CYP3A4_log2fc=1.0265
ep1 train_mse=0.4940 val=0.3276 CYP1A2_direct=0.9112 CYP2C9_direct=0.5681 CYP2D6_direct=1.0104 CYP3A4_direct=0.4967 CYP1A2_tdic=0.8852 CYP2C9_tdic=0.4965 CYP2D6_tdic=0.9263 CYP3A4_tdic=0.6067 is_TDI_2D6=0.2368 is_TDI_3A4=0.2350 CYP1A2_log2fc=0.6593 CYP2C9_log2fc=0.5623 CYP2D6_log2fc=0.7337 CYP3A4_log2fc=0.6442
ep2 train_mse=0.4119 val=0.3194 CYP1A2_direct=0.8587 CYP2C9_direct=0.6527 CYP2D6_direct=1.0967 CYP3A4_direct=0.3456 CYP1A2_tdic=0.8898 CYP2C9_tdic=0.5393 CYP2D6_tdic=0.9861 CYP3A4_tdic=0.4419 is_TDI_2D6=0.2375 is_TDI_3A4=0.2374 CYP1A2_log2fc=0.7387 CYP2C9_log2fc=0.5601 CYP2D6_log2fc=0.6849 CYP3A4_log2fc=0.5763
ep3 train_mse=0.3807 val=0.2910 CYP1A2_direct=0.7770 CYP2C9_direct=0.5177 CYP2D6_direct=1.0040 CYP3A4_direct=0.3243 CYP1A2_tdic=0.7945 CYP2C9_tdic=0.4694 CYP2D6_tdic=0.9297 CYP3A4_tdic=0.4151 is_TDI_2D6=0.2396 is_TDI_3A4=0.2406 CYP1A2_log2fc=0.5893 CYP2C9_log2fc=0.4646 CYP2D6_log2fc=0.7269 CYP3A4_log2fc=0.5149
ep4 train_mse=0.3310 val=0.2977 CYP1A2_direct=0.9671 CYP2C9_direct=0.5496 CYP2D6_direct=0.9894 CYP3A4_direct=0.3177 CYP1A2_tdic=0.9882 CYP2C9_tdic=0.4805 CYP2D6_tdic=0.8872 CYP3A4_tdic=0.3967 is_TDI_2D6=0.2358 is_TDI_3A4=0.2455 CYP1A2_log2fc=0.6978 CYP2C9_log2fc=0.4720 CYP2D6_log2fc=0.6748 CYP3A4_log2fc=0.5370
ep5 train_mse=0.2918 val=0.2932 CYP1A2_direct=0.7985 CYP2C9_direct=0.5548 CYP2D6_direct=1.0024 CYP3A4_direct=0.3295 CYP1A2_tdic=0.8156 CYP2C9_tdic=0.5004 CYP2D6_tdic=0.9017 CYP3A4_tdic=0.3942 is_TDI_2D6=0.2267 is_TDI_3A4=0.2423 CYP1A2_log2fc=0.6059 CYP2C9_log2fc=0.5051 CYP2D6_log2fc=0.6672 CYP3A4_log2fc=0.5519
ep6 train_mse=0.2482 val=0.3123 CYP1A2_direct=0.7610 CYP2C9_direct=0.4997 CYP2D6_direct=1.1920 CYP3A4_direct=0.3854 CYP1A2_tdic=0.7671 CYP2C9_tdic=0.4412 CYP2D6_tdic=1.0099 CYP3A4_tdic=0.4036 is_TDI_2D6=0.2287 is_TDI_3A4=0.2400 CYP1A2_log2fc=0.5827 CYP2C9_log2fc=0.4404 CYP2D6_log2fc=0.6402 CYP3A4_log2fc=0.5113
ep7 train_mse=0.2151 val=0.3114 CYP1A2_direct=0.8375 CYP2C9_direct=0.5595 CYP2D6_direct=1.0213 CYP3A4_direct=0.3379 CYP1A2_tdic=0.8484 CYP2C9_tdic=0.5162 CYP2D6_tdic=0.9275 CYP3A4_tdic=0.3817 is_TDI_2D6=0.2365 is_TDI_3A4=0.2474 CYP1A2_log2fc=0.6031 CYP2C9_log2fc=0.4644 CYP2D6_log2fc=0.6908 CYP3A4_log2fc=0.5016
ep8 train_mse=0.1906 val=0.3345 CYP1A2_direct=0.8370 CYP2C9_direct=0.4868 CYP2D6_direct=1.0254 CYP3A4_direct=0.3300 CYP1A2_tdic=0.8392 CYP2C9_tdic=0.4361 CYP2D6_tdic=0.8890 CYP3A4_tdic=0.3859 is_TDI_2D6=0.2367 is_TDI_3A4=0.2464 CYP1A2_log2fc=0.5858 CYP2C9_log2fc=0.4618 CYP2D6_log2fc=0.6487 CYP3A4_log2fc=0.4953
ep9 train_mse=0.1658 val=0.3335 CYP1A2_direct=0.7223 CYP2C9_direct=0.5021 CYP2D6_direct=1.1916 CYP3A4_direct=0.3269 CYP1A2_tdic=0.7370 CYP2C9_tdic=0.4520 CYP2D6_tdic=0.9560 CYP3A4_tdic=0.3531 is_TDI_2D6=0.2374 is_TDI_3A4=0.2434 CYP1A2_log2fc=0.5642 CYP2C9_log2fc=0.4470 CYP2D6_log2fc=0.6438 CYP3A4_log2fc=0.4985
ep10 train_mse=0.1473 val=0.3678 CYP1A2_direct=0.7808 CYP2C9_direct=0.5306 CYP2D6_direct=1.0224 CYP3A4_direct=0.3307 CYP1A2_tdic=0.7665 CYP2C9_tdic=0.4632 CYP2D6_tdic=0.8897 CYP3A4_tdic=0.3526 is_TDI_2D6=0.2377 is_TDI_3A4=0.2464 CYP1A2_log2fc=0.5523 CYP2C9_log2fc=0.4494 CYP2D6_log2fc=0.6532 CYP3A4_log2fc=0.4907
ep11 train_mse=0.1330 val=0.4082 CYP1A2_direct=0.7468 CYP2C9_direct=0.5157 CYP2D6_direct=1.2910 CYP3A4_direct=0.3130 CYP1A2_tdic=0.7481 CYP2C9_tdic=0.4696 CYP2D6_tdic=1.1398 CYP3A4_tdic=0.3429 is_TDI_2D6=0.2344 is_TDI_3A4=0.2388 CYP1A2_log2fc=0.5871 CYP2C9_log2fc=0.4534 CYP2D6_log2fc=0.6650 CYP3A4_log2fc=0.4800
DONE L3_s2 560s
