[L1] rows: challenge 6145; fold col fold_reg; weights=plan
[L1 fold0] trainable 17.7M
GPU available: True (cuda), used: True
TPU available: False, using: 0 TPU cores
💡 Tip: For seamless cloud logging and experiment tracking, try installing [litlogger](https://pypi.org/project/litlogger/) to enable LitLogger, which logs metrics and artifacts automatically to the Lightning Experiments platform.
Seed set to 0
LOCAL_RANK: 0 - CUDA_VISIBLE_DEVICES: [0]
Loading `train_dataloader` to estimate number of stepping batches.
ep1 train_mse=0.0000 val=0.4440 CYP1A2_direct=1.0919 CYP2C9_direct=0.9710 CYP2D6_direct=1.0606 CYP3A4_direct=1.0378 CYP1A2_tdic=1.1701 CYP2C9_tdic=1.0455 CYP2D6_tdic=1.1301 CYP3A4_tdic=1.1050 is_TDI_2D6=0.2655 is_TDI_3A4=0.2072 CYP1A2_log2fc=0.7802 CYP2C9_log2fc=1.1340 CYP2D6_log2fc=0.9874 CYP3A4_log2fc=0.9807
ep1 train_mse=0.4899 val=0.3384 CYP1A2_direct=0.8264 CYP2C9_direct=1.0627 CYP2D6_direct=0.9748 CYP3A4_direct=0.5392 CYP1A2_tdic=0.8399 CYP2C9_tdic=0.9878 CYP2D6_tdic=0.9287 CYP3A4_tdic=0.5231 is_TDI_2D6=0.2704 is_TDI_3A4=0.2404 CYP1A2_log2fc=0.6341 CYP2C9_log2fc=0.6580 CYP2D6_log2fc=0.8040 CYP3A4_log2fc=0.5846
ep2 train_mse=0.4041 val=0.3198 CYP1A2_direct=0.7159 CYP2C9_direct=0.9467 CYP2D6_direct=0.8972 CYP3A4_direct=0.5141 CYP1A2_tdic=0.7834 CYP2C9_tdic=0.8328 CYP2D6_tdic=0.8264 CYP3A4_tdic=0.5074 is_TDI_2D6=0.2781 is_TDI_3A4=0.2429 CYP1A2_log2fc=0.5481 CYP2C9_log2fc=0.6449 CYP2D6_log2fc=0.6928 CYP3A4_log2fc=0.5572
ep3 train_mse=0.3541 val=0.3115 CYP1A2_direct=0.7836 CYP2C9_direct=0.8526 CYP2D6_direct=0.9723 CYP3A4_direct=0.5554 CYP1A2_tdic=0.8422 CYP2C9_tdic=0.7708 CYP2D6_tdic=0.9281 CYP3A4_tdic=0.5491 is_TDI_2D6=0.2765 is_TDI_3A4=0.2485 CYP1A2_log2fc=0.6267 CYP2C9_log2fc=0.6729 CYP2D6_log2fc=0.7932 CYP3A4_log2fc=0.5663
ep4 train_mse=0.3062 val=0.3013 CYP1A2_direct=0.7157 CYP2C9_direct=0.8705 CYP2D6_direct=0.8276 CYP3A4_direct=0.5000 CYP1A2_tdic=0.7644 CYP2C9_tdic=0.7516 CYP2D6_tdic=0.8071 CYP3A4_tdic=0.5021 is_TDI_2D6=0.2909 is_TDI_3A4=0.2493 CYP1A2_log2fc=0.5490 CYP2C9_log2fc=0.5619 CYP2D6_log2fc=0.6987 CYP3A4_log2fc=0.4999
ep5 train_mse=0.2523 val=0.3100 CYP1A2_direct=0.8528 CYP2C9_direct=0.8124 CYP2D6_direct=0.8599 CYP3A4_direct=0.4350 CYP1A2_tdic=0.8900 CYP2C9_tdic=0.7247 CYP2D6_tdic=0.8009 CYP3A4_tdic=0.4426 is_TDI_2D6=0.2867 is_TDI_3A4=0.2389 CYP1A2_log2fc=0.5815 CYP2C9_log2fc=0.5406 CYP2D6_log2fc=0.6855 CYP3A4_log2fc=0.4722
ep6 train_mse=0.2147 val=0.3245 CYP1A2_direct=0.8179 CYP2C9_direct=0.8995 CYP2D6_direct=0.9330 CYP3A4_direct=0.4429 CYP1A2_tdic=0.8629 CYP2C9_tdic=0.8118 CYP2D6_tdic=0.8298 CYP3A4_tdic=0.4670 is_TDI_2D6=0.2835 is_TDI_3A4=0.2540 CYP1A2_log2fc=0.5488 CYP2C9_log2fc=0.5357 CYP2D6_log2fc=0.7166 CYP3A4_log2fc=0.4760
ep7 train_mse=0.1824 val=0.3838 CYP1A2_direct=0.9231 CYP2C9_direct=0.9040 CYP2D6_direct=0.9735 CYP3A4_direct=0.4802 CYP1A2_tdic=0.9680 CYP2C9_tdic=0.8191 CYP2D6_tdic=0.8796 CYP3A4_tdic=0.5420 is_TDI_2D6=0.2849 is_TDI_3A4=0.2621 CYP1A2_log2fc=0.5972 CYP2C9_log2fc=0.5516 CYP2D6_log2fc=0.6237 CYP3A4_log2fc=0.5267
ep8 train_mse=0.1602 val=0.3792 CYP1A2_direct=0.8777 CYP2C9_direct=0.7781 CYP2D6_direct=0.9028 CYP3A4_direct=0.4915 CYP1A2_tdic=0.9029 CYP2C9_tdic=0.6873 CYP2D6_tdic=0.8224 CYP3A4_tdic=0.4511 is_TDI_2D6=0.2866 is_TDI_3A4=0.2515 CYP1A2_log2fc=0.5510 CYP2C9_log2fc=0.4791 CYP2D6_log2fc=0.6249 CYP3A4_log2fc=0.4414
ep9 train_mse=0.1378 val=0.4335 CYP1A2_direct=0.8280 CYP2C9_direct=0.8687 CYP2D6_direct=0.8279 CYP3A4_direct=0.4785 CYP1A2_tdic=0.8868 CYP2C9_tdic=0.7682 CYP2D6_tdic=0.7775 CYP3A4_tdic=0.4530 is_TDI_2D6=0.2792 is_TDI_3A4=0.2553 CYP1A2_log2fc=0.5530 CYP2C9_log2fc=0.5000 CYP2D6_log2fc=0.6306 CYP3A4_log2fc=0.4527
ep10 train_mse=0.1180 val=0.4539 CYP1A2_direct=0.8752 CYP2C9_direct=0.8353 CYP2D6_direct=0.9381 CYP3A4_direct=0.4401 CYP1A2_tdic=0.8809 CYP2C9_tdic=0.7493 CYP2D6_tdic=0.8915 CYP3A4_tdic=0.4109 is_TDI_2D6=0.2841 is_TDI_3A4=0.2517 CYP1A2_log2fc=0.6126 CYP2C9_log2fc=0.4718 CYP2D6_log2fc=0.6356 CYP3A4_log2fc=0.4089
ep11 train_mse=0.0996 val=0.4411 CYP1A2_direct=0.8482 CYP2C9_direct=0.8101 CYP2D6_direct=0.8427 CYP3A4_direct=0.4689 CYP1A2_tdic=0.8855 CYP2C9_tdic=0.7246 CYP2D6_tdic=0.7955 CYP3A4_tdic=0.4218 is_TDI_2D6=0.2697 is_TDI_3A4=0.2501 CYP1A2_log2fc=0.5716 CYP2C9_log2fc=0.4646 CYP2D6_log2fc=0.6090 CYP3A4_log2fc=0.4290
ep12 train_mse=0.0874 val=0.4374 CYP1A2_direct=0.8367 CYP2C9_direct=0.7908 CYP2D6_direct=0.8521 CYP3A4_direct=0.4606 CYP1A2_tdic=0.8888 CYP2C9_tdic=0.6937 CYP2D6_tdic=0.8159 CYP3A4_tdic=0.4108 is_TDI_2D6=0.2863 is_TDI_3A4=0.2519 CYP1A2_log2fc=0.6161 CYP2C9_log2fc=0.4375 CYP2D6_log2fc=0.6029 CYP3A4_log2fc=0.4064
[L1] fold 0 done 226s
[L1 fold1] trainable 17.7M
GPU available: True (cuda), used: True
TPU available: False, using: 0 TPU cores
💡 Tip: For seamless cloud logging and experiment tracking, try installing [litlogger](https://pypi.org/project/litlogger/) to enable LitLogger, which logs metrics and artifacts automatically to the Lightning Experiments platform.
Seed set to 0
LOCAL_RANK: 0 - CUDA_VISIBLE_DEVICES: [0]
Loading `train_dataloader` to estimate number of stepping batches.
ep1 train_mse=0.0000 val=0.4549 CYP1A2_direct=1.1942 CYP2C9_direct=1.2168 CYP2D6_direct=0.5928 CYP3A4_direct=1.1200 CYP1A2_tdic=1.1735 CYP2C9_tdic=1.1780 CYP2D6_tdic=0.6905 CYP3A4_tdic=0.9627 is_TDI_2D6=0.2641 is_TDI_3A4=0.1738 CYP1A2_log2fc=1.3545 CYP2C9_log2fc=1.0283 CYP2D6_log2fc=1.1715 CYP3A4_log2fc=1.0730
ep1 train_mse=0.4903 val=0.3413 CYP1A2_direct=0.9533 CYP2C9_direct=0.8568 CYP2D6_direct=0.5682 CYP3A4_direct=0.7357 CYP1A2_tdic=0.9532 CYP2C9_tdic=0.7923 CYP2D6_tdic=0.6675 CYP3A4_tdic=0.6668 is_TDI_2D6=0.3420 is_TDI_3A4=0.2078 CYP1A2_log2fc=1.0082 CYP2C9_log2fc=0.7248 CYP2D6_log2fc=0.8503 CYP3A4_log2fc=0.7312
ep2 train_mse=0.3929 val=0.3089 CYP1A2_direct=0.9330 CYP2C9_direct=0.7141 CYP2D6_direct=0.5387 CYP3A4_direct=0.5521 CYP1A2_tdic=0.8877 CYP2C9_tdic=0.6517 CYP2D6_tdic=0.6631 CYP3A4_tdic=0.5314 is_TDI_2D6=0.3242 is_TDI_3A4=0.2040 CYP1A2_log2fc=1.0310 CYP2C9_log2fc=0.6734 CYP2D6_log2fc=0.7956 CYP3A4_log2fc=0.6606
ep3 train_mse=0.3465 val=0.3019 CYP1A2_direct=1.0351 CYP2C9_direct=0.6319 CYP2D6_direct=0.5246 CYP3A4_direct=0.4690 CYP1A2_tdic=1.0272 CYP2C9_tdic=0.5897 CYP2D6_tdic=0.7057 CYP3A4_tdic=0.4420 is_TDI_2D6=0.3454 is_TDI_3A4=0.2119 CYP1A2_log2fc=1.0401 CYP2C9_log2fc=0.5674 CYP2D6_log2fc=0.9068 CYP3A4_log2fc=0.5851
ep4 train_mse=0.2833 val=0.2926 CYP1A2_direct=0.7506 CYP2C9_direct=0.6661 CYP2D6_direct=0.5576 CYP3A4_direct=0.4346 CYP1A2_tdic=0.7597 CYP2C9_tdic=0.6091 CYP2D6_tdic=0.6774 CYP3A4_tdic=0.4196 is_TDI_2D6=0.3434 is_TDI_3A4=0.2080 CYP1A2_log2fc=0.9120 CYP2C9_log2fc=0.5442 CYP2D6_log2fc=0.7836 CYP3A4_log2fc=0.5687
ep5 train_mse=0.2354 val=0.3299 CYP1A2_direct=0.7921 CYP2C9_direct=0.5835 CYP2D6_direct=0.8782 CYP3A4_direct=0.4018 CYP1A2_tdic=0.7799 CYP2C9_tdic=0.5062 CYP2D6_tdic=0.9028 CYP3A4_tdic=0.3652 is_TDI_2D6=0.3323 is_TDI_3A4=0.2101 CYP1A2_log2fc=0.9721 CYP2C9_log2fc=0.5257 CYP2D6_log2fc=0.8048 CYP3A4_log2fc=0.5371
ep6 train_mse=0.1996 val=0.3270 CYP1A2_direct=0.7838 CYP2C9_direct=0.7026 CYP2D6_direct=0.6450 CYP3A4_direct=0.4351 CYP1A2_tdic=0.7628 CYP2C9_tdic=0.5855 CYP2D6_tdic=0.7451 CYP3A4_tdic=0.4087 is_TDI_2D6=0.3587 is_TDI_3A4=0.2033 CYP1A2_log2fc=0.9709 CYP2C9_log2fc=0.5911 CYP2D6_log2fc=0.7885 CYP3A4_log2fc=0.6263
ep7 train_mse=0.1744 val=0.3656 CYP1A2_direct=0.8719 CYP2C9_direct=0.6124 CYP2D6_direct=0.7083 CYP3A4_direct=0.4745 CYP1A2_tdic=0.8505 CYP2C9_tdic=0.5639 CYP2D6_tdic=0.7290 CYP3A4_tdic=0.4025 is_TDI_2D6=0.3571 is_TDI_3A4=0.1985 CYP1A2_log2fc=0.9633 CYP2C9_log2fc=0.5185 CYP2D6_log2fc=0.7809 CYP3A4_log2fc=0.5434
ep8 train_mse=0.1516 val=0.3671 CYP1A2_direct=0.7768 CYP2C9_direct=0.5850 CYP2D6_direct=0.5954 CYP3A4_direct=0.4424 CYP1A2_tdic=0.7666 CYP2C9_tdic=0.5389 CYP2D6_tdic=0.7956 CYP3A4_tdic=0.3980 is_TDI_2D6=0.3676 is_TDI_3A4=0.2088 CYP1A2_log2fc=0.9093 CYP2C9_log2fc=0.4915 CYP2D6_log2fc=0.8039 CYP3A4_log2fc=0.5369
ep9 train_mse=0.1321 val=0.4225 CYP1A2_direct=0.7737 CYP2C9_direct=0.6393 CYP2D6_direct=0.5974 CYP3A4_direct=0.4646 CYP1A2_tdic=0.7472 CYP2C9_tdic=0.5782 CYP2D6_tdic=0.7631 CYP3A4_tdic=0.4014 is_TDI_2D6=0.3610 is_TDI_3A4=0.2106 CYP1A2_log2fc=0.9244 CYP2C9_log2fc=0.4851 CYP2D6_log2fc=0.7791 CYP3A4_log2fc=0.5514
ep10 train_mse=0.1137 val=0.4101 CYP1A2_direct=0.8998 CYP2C9_direct=0.5700 CYP2D6_direct=0.7015 CYP3A4_direct=0.4287 CYP1A2_tdic=0.8558 CYP2C9_tdic=0.5452 CYP2D6_tdic=0.8560 CYP3A4_tdic=0.3814 is_TDI_2D6=0.3651 is_TDI_3A4=0.2179 CYP1A2_log2fc=0.9179 CYP2C9_log2fc=0.4993 CYP2D6_log2fc=0.7898 CYP3A4_log2fc=0.5003
ep11 train_mse=0.0930 val=0.4402 CYP1A2_direct=0.7740 CYP2C9_direct=0.5707 CYP2D6_direct=0.6371 CYP3A4_direct=0.4087 CYP1A2_tdic=0.7562 CYP2C9_tdic=0.5207 CYP2D6_tdic=0.8106 CYP3A4_tdic=0.3788 is_TDI_2D6=0.3697 is_TDI_3A4=0.2189 CYP1A2_log2fc=0.9196 CYP2C9_log2fc=0.4963 CYP2D6_log2fc=0.7575 CYP3A4_log2fc=0.5252
ep12 train_mse=0.0759 val=0.4038 CYP1A2_direct=0.7699 CYP2C9_direct=0.5457 CYP2D6_direct=0.6026 CYP3A4_direct=0.4066 CYP1A2_tdic=0.7476 CYP2C9_tdic=0.5185 CYP2D6_tdic=0.8295 CYP3A4_tdic=0.3642 is_TDI_2D6=0.3520 is_TDI_3A4=0.2194 CYP1A2_log2fc=0.8871 CYP2C9_log2fc=0.4719 CYP2D6_log2fc=0.7759 CYP3A4_log2fc=0.4962
[L1] fold 1 done 452s
[L1 fold2] trainable 17.7M
GPU available: True (cuda), used: True
TPU available: False, using: 0 TPU cores
💡 Tip: For seamless cloud logging and experiment tracking, try installing [litlogger](https://pypi.org/project/litlogger/) to enable LitLogger, which logs metrics and artifacts automatically to the Lightning Experiments platform.
Seed set to 0
LOCAL_RANK: 0 - CUDA_VISIBLE_DEVICES: [0]
Loading `train_dataloader` to estimate number of stepping batches.
ep1 train_mse=0.0000 val=0.4558 CYP1A2_direct=1.3017 CYP2C9_direct=0.7036 CYP2D6_direct=1.1635 CYP3A4_direct=1.0623 CYP1A2_tdic=1.1495 CYP2C9_tdic=0.7627 CYP2D6_tdic=1.0232 CYP3A4_tdic=1.0414 is_TDI_2D6=0.1560 is_TDI_3A4=0.2211 CYP1A2_log2fc=0.9720 CYP2C9_log2fc=0.9721 CYP2D6_log2fc=1.1153 CYP3A4_log2fc=0.9937
ep1 train_mse=0.4909 val=0.3160 CYP1A2_direct=0.7611 CYP2C9_direct=0.5191 CYP2D6_direct=1.2647 CYP3A4_direct=0.4572 CYP1A2_tdic=0.7891 CYP2C9_tdic=0.6046 CYP2D6_tdic=1.1281 CYP3A4_tdic=0.5176 is_TDI_2D6=0.2007 is_TDI_3A4=0.2025 CYP1A2_log2fc=0.7285 CYP2C9_log2fc=0.5601 CYP2D6_log2fc=0.9680 CYP3A4_log2fc=0.5731
ep2 train_mse=0.3985 val=0.3125 CYP1A2_direct=0.8230 CYP2C9_direct=0.5442 CYP2D6_direct=1.1920 CYP3A4_direct=0.5125 CYP1A2_tdic=0.8281 CYP2C9_tdic=0.6084 CYP2D6_tdic=1.0429 CYP3A4_tdic=0.5510 is_TDI_2D6=0.1881 is_TDI_3A4=0.2009 CYP1A2_log2fc=0.8226 CYP2C9_log2fc=0.6050 CYP2D6_log2fc=0.8983 CYP3A4_log2fc=0.6491
ep3 train_mse=0.3460 val=0.3128 CYP1A2_direct=0.9120 CYP2C9_direct=0.4532 CYP2D6_direct=1.2198 CYP3A4_direct=0.4904 CYP1A2_tdic=0.9046 CYP2C9_tdic=0.4967 CYP2D6_tdic=1.0469 CYP3A4_tdic=0.4940 is_TDI_2D6=0.1836 is_TDI_3A4=0.1920 CYP1A2_log2fc=0.9047 CYP2C9_log2fc=0.4964 CYP2D6_log2fc=0.8097 CYP3A4_log2fc=0.5264
ep4 train_mse=0.3042 val=0.3137 CYP1A2_direct=0.7972 CYP2C9_direct=0.5306 CYP2D6_direct=1.2667 CYP3A4_direct=0.4829 CYP1A2_tdic=0.7885 CYP2C9_tdic=0.5863 CYP2D6_tdic=1.1104 CYP3A4_tdic=0.4714 is_TDI_2D6=0.1821 is_TDI_3A4=0.2024 CYP1A2_log2fc=0.6880 CYP2C9_log2fc=0.4898 CYP2D6_log2fc=0.8233 CYP3A4_log2fc=0.5162
ep5 train_mse=0.2425 val=0.3248 CYP1A2_direct=0.7521 CYP2C9_direct=0.5839 CYP2D6_direct=1.3841 CYP3A4_direct=0.4665 CYP1A2_tdic=0.7728 CYP2C9_tdic=0.6573 CYP2D6_tdic=1.1514 CYP3A4_tdic=0.4665 is_TDI_2D6=0.1816 is_TDI_3A4=0.2002 CYP1A2_log2fc=0.6720 CYP2C9_log2fc=0.4749 CYP2D6_log2fc=0.8565 CYP3A4_log2fc=0.5047
ep6 train_mse=0.2060 val=0.3464 CYP1A2_direct=0.8081 CYP2C9_direct=0.4698 CYP2D6_direct=1.2928 CYP3A4_direct=0.4699 CYP1A2_tdic=0.8128 CYP2C9_tdic=0.5315 CYP2D6_tdic=1.0364 CYP3A4_tdic=0.4545 is_TDI_2D6=0.1875 is_TDI_3A4=0.2038 CYP1A2_log2fc=0.6713 CYP2C9_log2fc=0.4657 CYP2D6_log2fc=0.8325 CYP3A4_log2fc=0.5136
ep7 train_mse=0.1822 val=0.3795 CYP1A2_direct=0.8390 CYP2C9_direct=0.4255 CYP2D6_direct=1.3925 CYP3A4_direct=0.4845 CYP1A2_tdic=0.8546 CYP2C9_tdic=0.4995 CYP2D6_tdic=1.1930 CYP3A4_tdic=0.4755 is_TDI_2D6=0.2004 is_TDI_3A4=0.2014 CYP1A2_log2fc=0.6449 CYP2C9_log2fc=0.4472 CYP2D6_log2fc=0.8580 CYP3A4_log2fc=0.4977
ep8 train_mse=0.1575 val=0.4037 CYP1A2_direct=0.8384 CYP2C9_direct=0.4278 CYP2D6_direct=1.2515 CYP3A4_direct=0.4207 CYP1A2_tdic=0.8243 CYP2C9_tdic=0.4885 CYP2D6_tdic=1.0895 CYP3A4_tdic=0.4105 is_TDI_2D6=0.1929 is_TDI_3A4=0.1983 CYP1A2_log2fc=0.6715 CYP2C9_log2fc=0.4483 CYP2D6_log2fc=0.7808 CYP3A4_log2fc=0.4473
ep9 train_mse=0.1338 val=0.4087 CYP1A2_direct=0.8328 CYP2C9_direct=0.4161 CYP2D6_direct=1.3383 CYP3A4_direct=0.4581 CYP1A2_tdic=0.8316 CYP2C9_tdic=0.4800 CYP2D6_tdic=1.1748 CYP3A4_tdic=0.4828 is_TDI_2D6=0.1843 is_TDI_3A4=0.1999 CYP1A2_log2fc=0.5884 CYP2C9_log2fc=0.4506 CYP2D6_log2fc=0.7497 CYP3A4_log2fc=0.4848
ep10 train_mse=0.1139 val=0.4673 CYP1A2_direct=0.7980 CYP2C9_direct=0.4769 CYP2D6_direct=1.3605 CYP3A4_direct=0.4264 CYP1A2_tdic=0.7739 CYP2C9_tdic=0.5395 CYP2D6_tdic=1.1830 CYP3A4_tdic=0.4301 is_TDI_2D6=0.1839 is_TDI_3A4=0.2010 CYP1A2_log2fc=0.6149 CYP2C9_log2fc=0.4275 CYP2D6_log2fc=0.7503 CYP3A4_log2fc=0.4486
[L1] fold 2 done 642s
[L1 fold3] trainable 17.7M
GPU available: True (cuda), used: True
TPU available: False, using: 0 TPU cores
💡 Tip: For seamless cloud logging and experiment tracking, try installing [litlogger](https://pypi.org/project/litlogger/) to enable LitLogger, which logs metrics and artifacts automatically to the Lightning Experiments platform.
Seed set to 0
LOCAL_RANK: 0 - CUDA_VISIBLE_DEVICES: [0]
Loading `train_dataloader` to estimate number of stepping batches.
ep1 train_mse=0.0000 val=0.3820 CYP1A2_direct=0.8140 CYP2C9_direct=0.4996 CYP2D6_direct=0.5899 CYP3A4_direct=1.0475 CYP1A2_tdic=0.7206 CYP2C9_tdic=0.5060 CYP2D6_tdic=0.6422 CYP3A4_tdic=1.0100 is_TDI_2D6=0.2128 is_TDI_3A4=0.2659 CYP1A2_log2fc=1.0167 CYP2C9_log2fc=0.9423 CYP2D6_log2fc=1.2182 CYP3A4_log2fc=0.9440
ep1 train_mse=0.4985 val=0.3092 CYP1A2_direct=0.6606 CYP2C9_direct=0.6320 CYP2D6_direct=0.7139 CYP3A4_direct=0.6418 CYP1A2_tdic=0.6527 CYP2C9_tdic=0.5892 CYP2D6_tdic=0.8530 CYP3A4_tdic=0.5970 is_TDI_2D6=0.2757 is_TDI_3A4=0.2384 CYP1A2_log2fc=0.8377 CYP2C9_log2fc=0.6748 CYP2D6_log2fc=0.9222 CYP3A4_log2fc=0.6898
ep2 train_mse=0.4007 val=0.2940 CYP1A2_direct=0.6273 CYP2C9_direct=0.5568 CYP2D6_direct=0.7370 CYP3A4_direct=0.6411 CYP1A2_tdic=0.6295 CYP2C9_tdic=0.5473 CYP2D6_tdic=0.8227 CYP3A4_tdic=0.6106 is_TDI_2D6=0.2545 is_TDI_3A4=0.2352 CYP1A2_log2fc=0.8183 CYP2C9_log2fc=0.5979 CYP2D6_log2fc=0.9398 CYP3A4_log2fc=0.6217
ep3 train_mse=0.3444 val=0.2945 CYP1A2_direct=0.6192 CYP2C9_direct=0.5977 CYP2D6_direct=0.7675 CYP3A4_direct=0.5531 CYP1A2_tdic=0.6230 CYP2C9_tdic=0.5419 CYP2D6_tdic=0.9279 CYP3A4_tdic=0.5706 is_TDI_2D6=0.2458 is_TDI_3A4=0.2298 CYP1A2_log2fc=0.7570 CYP2C9_log2fc=0.6289 CYP2D6_log2fc=0.9367 CYP3A4_log2fc=0.6047
ep4 train_mse=0.2902 val=0.3010 CYP1A2_direct=0.7160 CYP2C9_direct=0.6130 CYP2D6_direct=0.6919 CYP3A4_direct=0.6376 CYP1A2_tdic=0.7072 CYP2C9_tdic=0.5742 CYP2D6_tdic=0.8218 CYP3A4_tdic=0.5916 is_TDI_2D6=0.2659 is_TDI_3A4=0.2406 CYP1A2_log2fc=0.7353 CYP2C9_log2fc=0.6011 CYP2D6_log2fc=0.7854 CYP3A4_log2fc=0.6537
ep5 train_mse=0.2476 val=0.3020 CYP1A2_direct=0.6626 CYP2C9_direct=0.6029 CYP2D6_direct=0.6741 CYP3A4_direct=0.5793 CYP1A2_tdic=0.6558 CYP2C9_tdic=0.5797 CYP2D6_tdic=0.7506 CYP3A4_tdic=0.5562 is_TDI_2D6=0.2474 is_TDI_3A4=0.2450 CYP1A2_log2fc=0.7205 CYP2C9_log2fc=0.6080 CYP2D6_log2fc=0.9536 CYP3A4_log2fc=0.6124
ep6 train_mse=0.2090 val=0.3250 CYP1A2_direct=0.6873 CYP2C9_direct=0.6379 CYP2D6_direct=0.7047 CYP3A4_direct=0.7381 CYP1A2_tdic=0.6878 CYP2C9_tdic=0.5856 CYP2D6_tdic=0.7469 CYP3A4_tdic=0.6551 is_TDI_2D6=0.2543 is_TDI_3A4=0.2479 CYP1A2_log2fc=0.6918 CYP2C9_log2fc=0.6969 CYP2D6_log2fc=0.8034 CYP3A4_log2fc=0.6663
ep7 train_mse=0.1767 val=0.3434 CYP1A2_direct=0.7117 CYP2C9_direct=0.5727 CYP2D6_direct=0.7542 CYP3A4_direct=0.6105 CYP1A2_tdic=0.6897 CYP2C9_tdic=0.5373 CYP2D6_tdic=0.7881 CYP3A4_tdic=0.5679 is_TDI_2D6=0.2580 is_TDI_3A4=0.2333 CYP1A2_log2fc=0.6792 CYP2C9_log2fc=0.5698 CYP2D6_log2fc=0.8044 CYP3A4_log2fc=0.5672
ep8 train_mse=0.1575 val=0.3753 CYP1A2_direct=0.6712 CYP2C9_direct=0.5857 CYP2D6_direct=0.6613 CYP3A4_direct=0.5477 CYP1A2_tdic=0.6420 CYP2C9_tdic=0.5465 CYP2D6_tdic=0.6778 CYP3A4_tdic=0.5232 is_TDI_2D6=0.2500 is_TDI_3A4=0.2385 CYP1A2_log2fc=0.6918 CYP2C9_log2fc=0.5603 CYP2D6_log2fc=0.7261 CYP3A4_log2fc=0.5469
ep9 train_mse=0.1354 val=0.4124 CYP1A2_direct=0.6542 CYP2C9_direct=0.6038 CYP2D6_direct=0.6325 CYP3A4_direct=0.6260 CYP1A2_tdic=0.6384 CYP2C9_tdic=0.5802 CYP2D6_tdic=0.6828 CYP3A4_tdic=0.5488 is_TDI_2D6=0.2528 is_TDI_3A4=0.2323 CYP1A2_log2fc=0.6576 CYP2C9_log2fc=0.5492 CYP2D6_log2fc=0.7382 CYP3A4_log2fc=0.5619
ep10 train_mse=0.1160 val=0.4226 CYP1A2_direct=0.6412 CYP2C9_direct=0.5060 CYP2D6_direct=0.6243 CYP3A4_direct=0.6053 CYP1A2_tdic=0.6344 CYP2C9_tdic=0.4799 CYP2D6_tdic=0.6600 CYP3A4_tdic=0.5058 is_TDI_2D6=0.2527 is_TDI_3A4=0.2296 CYP1A2_log2fc=0.6907 CYP2C9_log2fc=0.5437 CYP2D6_log2fc=0.7323 CYP3A4_log2fc=0.5400
[L1] fold 3 done 832s
[L1 fold4] trainable 17.7M
GPU available: True (cuda), used: True
TPU available: False, using: 0 TPU cores
💡 Tip: For seamless cloud logging and experiment tracking, try installing [litlogger](https://pypi.org/project/litlogger/) to enable LitLogger, which logs metrics and artifacts automatically to the Lightning Experiments platform.
Seed set to 0
LOCAL_RANK: 0 - CUDA_VISIBLE_DEVICES: [0]
Loading `train_dataloader` to estimate number of stepping batches.
ep1 train_mse=0.0000 val=0.4199 CYP1A2_direct=0.5308 CYP2C9_direct=0.7293 CYP2D6_direct=1.3774 CYP3A4_direct=1.0112 CYP1A2_tdic=0.5570 CYP2C9_tdic=0.9148 CYP2D6_tdic=1.2182 CYP3A4_tdic=0.8676 is_TDI_2D6=0.1391 is_TDI_3A4=0.2230 CYP1A2_log2fc=0.8182 CYP2C9_log2fc=0.9690 CYP2D6_log2fc=1.0492 CYP3A4_log2fc=0.9616
ep1 train_mse=0.4986 val=0.3092 CYP1A2_direct=0.6104 CYP2C9_direct=0.6256 CYP2D6_direct=1.0865 CYP3A4_direct=0.5656 CYP1A2_tdic=0.7109 CYP2C9_tdic=0.7580 CYP2D6_tdic=1.0081 CYP3A4_tdic=0.4989 is_TDI_2D6=0.2154 is_TDI_3A4=0.2107 CYP1A2_log2fc=0.8063 CYP2C9_log2fc=0.6552 CYP2D6_log2fc=0.8665 CYP3A4_log2fc=0.6317
ep2 train_mse=0.3988 val=0.2883 CYP1A2_direct=0.6042 CYP2C9_direct=0.6872 CYP2D6_direct=0.9562 CYP3A4_direct=0.4789 CYP1A2_tdic=0.6530 CYP2C9_tdic=0.7375 CYP2D6_tdic=0.9102 CYP3A4_tdic=0.4705 is_TDI_2D6=0.2031 is_TDI_3A4=0.2097 CYP1A2_log2fc=0.8670 CYP2C9_log2fc=0.6302 CYP2D6_log2fc=0.8157 CYP3A4_log2fc=0.6345
ep3 train_mse=0.3499 val=0.2896 CYP1A2_direct=0.5686 CYP2C9_direct=0.7919 CYP2D6_direct=0.9565 CYP3A4_direct=0.5342 CYP1A2_tdic=0.6316 CYP2C9_tdic=0.8421 CYP2D6_tdic=0.9422 CYP3A4_tdic=0.4779 is_TDI_2D6=0.2173 is_TDI_3A4=0.1862 CYP1A2_log2fc=0.7403 CYP2C9_log2fc=0.5570 CYP2D6_log2fc=0.8019 CYP3A4_log2fc=0.5946
ep4 train_mse=0.2938 val=0.2756 CYP1A2_direct=0.6022 CYP2C9_direct=0.6431 CYP2D6_direct=0.9256 CYP3A4_direct=0.4332 CYP1A2_tdic=0.6528 CYP2C9_tdic=0.6819 CYP2D6_tdic=0.8693 CYP3A4_tdic=0.4417 is_TDI_2D6=0.2107 is_TDI_3A4=0.1872 CYP1A2_log2fc=0.7483 CYP2C9_log2fc=0.5132 CYP2D6_log2fc=0.7539 CYP3A4_log2fc=0.5275
ep5 train_mse=0.2576 val=0.2744 CYP1A2_direct=0.5386 CYP2C9_direct=0.6573 CYP2D6_direct=1.0185 CYP3A4_direct=0.3626 CYP1A2_tdic=0.5961 CYP2C9_tdic=0.6703 CYP2D6_tdic=0.9847 CYP3A4_tdic=0.3724 is_TDI_2D6=0.2100 is_TDI_3A4=0.1904 CYP1A2_log2fc=0.7058 CYP2C9_log2fc=0.4683 CYP2D6_log2fc=0.7894 CYP3A4_log2fc=0.5034
ep6 train_mse=0.2062 val=0.2901 CYP1A2_direct=0.5262 CYP2C9_direct=0.6520 CYP2D6_direct=0.9770 CYP3A4_direct=0.4257 CYP1A2_tdic=0.5792 CYP2C9_tdic=0.6365 CYP2D6_tdic=0.8721 CYP3A4_tdic=0.4161 is_TDI_2D6=0.2137 is_TDI_3A4=0.1996 CYP1A2_log2fc=0.6690 CYP2C9_log2fc=0.5002 CYP2D6_log2fc=0.7265 CYP3A4_log2fc=0.5515
ep7 train_mse=0.1766 val=0.3070 CYP1A2_direct=0.5909 CYP2C9_direct=0.5696 CYP2D6_direct=0.8571 CYP3A4_direct=0.4146 CYP1A2_tdic=0.6534 CYP2C9_tdic=0.6276 CYP2D6_tdic=0.7917 CYP3A4_tdic=0.3882 is_TDI_2D6=0.2068 is_TDI_3A4=0.1897 CYP1A2_log2fc=0.7175 CYP2C9_log2fc=0.4833 CYP2D6_log2fc=0.6774 CYP3A4_log2fc=0.5188
ep8 train_mse=0.1592 val=0.3594 CYP1A2_direct=0.6123 CYP2C9_direct=0.7509 CYP2D6_direct=1.0249 CYP3A4_direct=0.4077 CYP1A2_tdic=0.6656 CYP2C9_tdic=0.7397 CYP2D6_tdic=0.9837 CYP3A4_tdic=0.3890 is_TDI_2D6=0.2176 is_TDI_3A4=0.1955 CYP1A2_log2fc=0.7267 CYP2C9_log2fc=0.5216 CYP2D6_log2fc=0.7601 CYP3A4_log2fc=0.4989
ep9 train_mse=0.1368 val=0.3495 CYP1A2_direct=0.6225 CYP2C9_direct=0.5069 CYP2D6_direct=0.9211 CYP3A4_direct=0.4143 CYP1A2_tdic=0.6718 CYP2C9_tdic=0.5496 CYP2D6_tdic=0.8066 CYP3A4_tdic=0.3849 is_TDI_2D6=0.2037 is_TDI_3A4=0.1891 CYP1A2_log2fc=0.7830 CYP2C9_log2fc=0.4889 CYP2D6_log2fc=0.6723 CYP3A4_log2fc=0.5339
ep10 train_mse=0.1144 val=0.3664 CYP1A2_direct=0.6579 CYP2C9_direct=0.5657 CYP2D6_direct=0.8740 CYP3A4_direct=0.4054 CYP1A2_tdic=0.7235 CYP2C9_tdic=0.5929 CYP2D6_tdic=0.8099 CYP3A4_tdic=0.3780 is_TDI_2D6=0.2095 is_TDI_3A4=0.1923 CYP1A2_log2fc=0.7000 CYP2C9_log2fc=0.4868 CYP2D6_log2fc=0.6808 CYP3A4_log2fc=0.5161
ep11 train_mse=0.0991 val=0.3734 CYP1A2_direct=0.6049 CYP2C9_direct=0.5942 CYP2D6_direct=0.9091 CYP3A4_direct=0.4027 CYP1A2_tdic=0.6610 CYP2C9_tdic=0.5947 CYP2D6_tdic=0.8867 CYP3A4_tdic=0.3718 is_TDI_2D6=0.2135 is_TDI_3A4=0.1938 CYP1A2_log2fc=0.7160 CYP2C9_log2fc=0.4529 CYP2D6_log2fc=0.7042 CYP3A4_log2fc=0.4871
ep12 train_mse=0.0841 val=0.3735 CYP1A2_direct=0.6086 CYP2C9_direct=0.5550 CYP2D6_direct=0.9438 CYP3A4_direct=0.3864 CYP1A2_tdic=0.6635 CYP2C9_tdic=0.5875 CYP2D6_tdic=0.8811 CYP3A4_tdic=0.3623 is_TDI_2D6=0.2048 is_TDI_3A4=0.1891 CYP1A2_log2fc=0.7000 CYP2C9_log2fc=0.4650 CYP2D6_log2fc=0.7206 CYP3A4_log2fc=0.4952
ep13 train_mse=0.0692 val=0.3819 CYP1A2_direct=0.6189 CYP2C9_direct=0.5781 CYP2D6_direct=0.8997 CYP3A4_direct=0.4048 CYP1A2_tdic=0.6657 CYP2C9_tdic=0.6003 CYP2D6_tdic=0.8415 CYP3A4_tdic=0.3691 is_TDI_2D6=0.2081 is_TDI_3A4=0.1950 CYP1A2_log2fc=0.7157 CYP2C9_log2fc=0.4582 CYP2D6_log2fc=0.6856 CYP3A4_log2fc=0.4903
[L1] fold 4 done 1074s
[L1 all] trainable 17.7M
GPU available: True (cuda), used: True
TPU available: False, using: 0 TPU cores
💡 Tip: For seamless cloud logging and experiment tracking, try installing [litlogger](https://pypi.org/project/litlogger/) to enable LitLogger, which logs metrics and artifacts automatically to the Lightning Experiments platform.
Seed set to 0
LOCAL_RANK: 0 - CUDA_VISIBLE_DEVICES: [0]
Loading `train_dataloader` to estimate number of stepping batches.
ep1 train_mse=0.0000 val=0.4559 CYP1A2_direct=1.4824 CYP2C9_direct=0.9701 CYP2D6_direct=0.6894 CYP3A4_direct=1.1821 CYP1A2_tdic=1.4899 CYP2C9_tdic=0.9635 CYP2D6_tdic=0.7429 CYP3A4_tdic=1.1046 is_TDI_2D6=0.2035 is_TDI_3A4=0.2374 CYP1A2_log2fc=0.9515 CYP2C9_log2fc=0.9199 CYP2D6_log2fc=0.8936 CYP3A4_log2fc=1.0545
ep1 train_mse=0.5416 val=0.3163 CYP1A2_direct=1.0368 CYP2C9_direct=0.6585 CYP2D6_direct=0.8383 CYP3A4_direct=0.6224 CYP1A2_tdic=1.0318 CYP2C9_tdic=0.5931 CYP2D6_tdic=0.7815 CYP3A4_tdic=0.5718 is_TDI_2D6=0.1891 is_TDI_3A4=0.2238 CYP1A2_log2fc=0.7020 CYP2C9_log2fc=0.5701 CYP2D6_log2fc=0.7302 CYP3A4_log2fc=0.6668
ep2 train_mse=0.4367 val=0.2915 CYP1A2_direct=0.9961 CYP2C9_direct=0.6164 CYP2D6_direct=0.7994 CYP3A4_direct=0.5183 CYP1A2_tdic=0.9614 CYP2C9_tdic=0.5242 CYP2D6_tdic=0.7253 CYP3A4_tdic=0.4851 is_TDI_2D6=0.1785 is_TDI_3A4=0.2177 CYP1A2_log2fc=0.6393 CYP2C9_log2fc=0.5369 CYP2D6_log2fc=0.6919 CYP3A4_log2fc=0.6418
ep3 train_mse=0.3746 val=0.2843 CYP1A2_direct=0.9012 CYP2C9_direct=0.5240 CYP2D6_direct=0.8409 CYP3A4_direct=0.4938 CYP1A2_tdic=0.8813 CYP2C9_tdic=0.4535 CYP2D6_tdic=0.7506 CYP3A4_tdic=0.4749 is_TDI_2D6=0.1795 is_TDI_3A4=0.2147 CYP1A2_log2fc=0.6135 CYP2C9_log2fc=0.5151 CYP2D6_log2fc=0.6687 CYP3A4_log2fc=0.6468
ep4 train_mse=0.3191 val=0.3033 CYP1A2_direct=0.9180 CYP2C9_direct=0.6024 CYP2D6_direct=0.9757 CYP3A4_direct=0.4864 CYP1A2_tdic=0.8952 CYP2C9_tdic=0.5187 CYP2D6_tdic=0.8083 CYP3A4_tdic=0.4587 is_TDI_2D6=0.1743 is_TDI_3A4=0.2093 CYP1A2_log2fc=0.6204 CYP2C9_log2fc=0.5223 CYP2D6_log2fc=0.6672 CYP3A4_log2fc=0.5559
ep5 train_mse=0.2614 val=0.3021 CYP1A2_direct=0.8606 CYP2C9_direct=0.5646 CYP2D6_direct=0.9638 CYP3A4_direct=0.4686 CYP1A2_tdic=0.8469 CYP2C9_tdic=0.4980 CYP2D6_tdic=0.8584 CYP3A4_tdic=0.4504 is_TDI_2D6=0.1841 is_TDI_3A4=0.2155 CYP1A2_log2fc=0.5924 CYP2C9_log2fc=0.5097 CYP2D6_log2fc=0.6678 CYP3A4_log2fc=0.5633
ep6 train_mse=0.2243 val=0.3192 CYP1A2_direct=0.9654 CYP2C9_direct=0.5428 CYP2D6_direct=0.9621 CYP3A4_direct=0.5126 CYP1A2_tdic=0.9575 CYP2C9_tdic=0.4817 CYP2D6_tdic=0.9298 CYP3A4_tdic=0.4808 is_TDI_2D6=0.1842 is_TDI_3A4=0.2188 CYP1A2_log2fc=0.5718 CYP2C9_log2fc=0.4755 CYP2D6_log2fc=0.7411 CYP3A4_log2fc=0.5794
ep7 train_mse=0.1972 val=0.3567 CYP1A2_direct=0.8292 CYP2C9_direct=0.5669 CYP2D6_direct=0.9055 CYP3A4_direct=0.4650 CYP1A2_tdic=0.8150 CYP2C9_tdic=0.4807 CYP2D6_tdic=0.8208 CYP3A4_tdic=0.4356 is_TDI_2D6=0.1830 is_TDI_3A4=0.2146 CYP1A2_log2fc=0.5621 CYP2C9_log2fc=0.4852 CYP2D6_log2fc=0.5956 CYP3A4_log2fc=0.5138
ep8 train_mse=0.1714 val=0.3537 CYP1A2_direct=0.8172 CYP2C9_direct=0.5600 CYP2D6_direct=0.9248 CYP3A4_direct=0.5098 CYP1A2_tdic=0.7911 CYP2C9_tdic=0.4794 CYP2D6_tdic=0.8128 CYP3A4_tdic=0.4663 is_TDI_2D6=0.1909 is_TDI_3A4=0.2038 CYP1A2_log2fc=0.5626 CYP2C9_log2fc=0.4739 CYP2D6_log2fc=0.6312 CYP3A4_log2fc=0.5821
ep9 train_mse=0.1426 val=0.3905 CYP1A2_direct=0.8275 CYP2C9_direct=0.6188 CYP2D6_direct=0.9334 CYP3A4_direct=0.5194 CYP1A2_tdic=0.8133 CYP2C9_tdic=0.5314 CYP2D6_tdic=0.8118 CYP3A4_tdic=0.4694 is_TDI_2D6=0.1848 is_TDI_3A4=0.2037 CYP1A2_log2fc=0.6003 CYP2C9_log2fc=0.4963 CYP2D6_log2fc=0.5836 CYP3A4_log2fc=0.5681
ep10 train_mse=0.1218 val=0.3956 CYP1A2_direct=0.8153 CYP2C9_direct=0.5802 CYP2D6_direct=0.9149 CYP3A4_direct=0.4598 CYP1A2_tdic=0.7934 CYP2C9_tdic=0.5044 CYP2D6_tdic=0.8103 CYP3A4_tdic=0.4282 is_TDI_2D6=0.1921 is_TDI_3A4=0.1997 CYP1A2_log2fc=0.5894 CYP2C9_log2fc=0.4939 CYP2D6_log2fc=0.6546 CYP3A4_log2fc=0.4986
ep11 train_mse=0.1029 val=0.4027 CYP1A2_direct=0.8037 CYP2C9_direct=0.6067 CYP2D6_direct=0.8601 CYP3A4_direct=0.4578 CYP1A2_tdic=0.7990 CYP2C9_tdic=0.5467 CYP2D6_tdic=0.7605 CYP3A4_tdic=0.4375 is_TDI_2D6=0.1850 is_TDI_3A4=0.1973 CYP1A2_log2fc=0.5932 CYP2C9_log2fc=0.5372 CYP2D6_log2fc=0.6153 CYP3A4_log2fc=0.5388
DONE L1 1290s
